=== elite-00: smooth 600 ===
epoch=0 loss=0.543027
  shape=     0.06664 grad= -6.5363e+00
  pw=     0.41362 grad=  8.7206e-01
  fBase=    94.64538 grad=  2.2605e+00
  fAmt=     0.00944 grad=  2.4504e-03
  fDecay=     0.01463 grad=  1.1250e-05
  res=     4.21299 grad=  1.0933e+00
  attackTime=     0.00135 grad= -6.1223e-03
  decayTime=     0.28916 grad= -4.0724e-03
  sustain=     0.39339 grad= -1.6322e-01
  releaseTime=     0.01855 grad= -2.3596e-01
  drive=     2.20576 grad=  1.0641e-01
  outGain=     0.42540 grad= -3.6053e-03
epoch=200 loss=0.376426
  shape=     0.05944 grad= -1.2447e+00
  pw=     0.39247 grad= -2.3625e-01
  fBase=    95.67102 grad=  1.2950e+00
  fAmt=     0.62097 grad= -1.5182e-02
  fDecay=     0.09590 grad=  1.8268e-04
  res=     3.30672 grad=  3.7146e-01
  attackTime=     0.00299 grad= -3.5794e-02
  decayTime=     0.27846 grad=  7.0709e-02
  sustain=     0.45577 grad=  2.3726e-01
  releaseTime=     0.02150 grad=  3.5849e-03
  drive=     2.16091 grad=  2.8771e-01
  outGain=     0.46230 grad=  1.3508e-01
epoch=400 loss=0.361123
  shape=     0.05445 grad=  6.6413e-02
  pw=     0.38262 grad=  1.5618e-02
  fBase=    95.12252 grad= -1.0358e-02
  fAmt=     1.45761 grad= -5.9099e-03
  fDecay=     0.11784 grad= -4.9475e-04
  res=     3.19540 grad=  1.8644e-02
  attackTime=     0.00410 grad= -3.2120e-03
  decayTime=     0.25907 grad=  2.6241e-03
  sustain=     0.47805 grad= -1.2663e-02
  releaseTime=     0.02124 grad=  2.8007e-04
  drive=     2.10291 grad= -1.0708e-03
  outGain=     0.47809 grad= -9.8729e-03
epoch=599 loss=0.359974
  shape=     0.05272 grad=  7.5855e-03
  pw=     0.38002 grad=  4.2741e-02
  fBase=    94.89388 grad= -1.3789e-02
  fAmt=     1.64837 grad= -7.4803e-03
  fDecay=     0.12080 grad= -3.8090e-04
  res=     3.17556 grad=  1.5052e-02
  attackTime=     0.00427 grad= -2.5324e-03
  decayTime=     0.25469 grad=  2.5108e-03
  sustain=     0.48293 grad= -9.9005e-03
  releaseTime=     0.02124 grad=  2.0457e-03
  drive=     2.10409 grad= -1.9259e-04
  outGain=     0.48149 grad= -7.1156e-03
=== elite-00: production 800 ===
epoch=0 loss=0.774473
  shape=     0.05310 grad= -5.3975e+00
  pw=     0.38060 grad=  4.7065e-01
  fBase=    94.94049 grad=  5.0907e+00
  fAmt=     1.61091 grad=  2.0722e-03
  fDecay=     0.12016 grad=  1.4179e-02
  res=     3.17671 grad=  3.1883e-01
  attackTime=     0.00424 grad=  6.0198e-03
  decayTime=     0.25547 grad=  3.0133e-02
  sustain=     0.48205 grad=  8.4197e-02
  releaseTime=     0.02122 grad= -2.3083e-02
  drive=     2.10418 grad=  7.9722e-02
  outGain=     0.48099 grad= -1.3756e-01
epoch=200 loss=0.689759
  shape=     0.04521 grad= -6.4220e+00
  pw=     0.40932 grad=  1.2113e+00
  fBase=    95.44357 grad=  1.2080e+01
  fAmt=     4.75079 grad=  2.3918e-01
  fDecay=     0.15239 grad=  1.4656e-01
  res=     2.74280 grad= -4.0886e-01
  attackTime=     0.00294 grad= -4.6234e-05
  decayTime=     0.25559 grad=  4.7182e-02
  sustain=     0.53622 grad=  2.2761e-01
  releaseTime=     0.02088 grad= -1.6380e-02
  drive=     1.89132 grad=  2.2550e-01
  outGain=     0.55103 grad=  8.9687e-02
epoch=400 loss=0.682546
  shape=     0.04615 grad= -1.9599e+00
  pw=     0.40994 grad=  5.6365e-01
  fBase=    95.43892 grad=  6.6077e+00
  fAmt=     4.70446 grad=  1.6675e-01
  fDecay=     0.15624 grad=  8.5043e-02
  res=     2.74714 grad= -5.4001e-01
  attackTime=     0.00298 grad=  4.5470e-05
  decayTime=     0.25255 grad=  1.2081e-02
  sustain=     0.53373 grad=  5.1032e-02
  releaseTime=     0.02102 grad=  3.6594e-05
  drive=     1.89224 grad=  6.1207e-02
  outGain=     0.55327 grad=  5.1968e-02
epoch=600 loss=0.683574
  shape=     0.04613 grad= -1.2267e+00
  pw=     0.40981 grad=  3.6189e-01
  fBase=    95.42040 grad=  4.1788e+00
  fAmt=     4.68691 grad=  8.3777e-02
  fDecay=     0.15708 grad=  4.8287e-02
  res=     2.74531 grad= -3.7361e-01
  attackTime=     0.00300 grad= -1.4093e-05
  decayTime=     0.25141 grad=  3.4110e-03
  sustain=     0.53410 grad=  9.7842e-03
  releaseTime=     0.02101 grad=  1.0840e-03
  drive=     1.89347 grad=  1.5110e-02
  outGain=     0.55337 grad=  1.6196e-02
epoch=799 loss=0.681737
  shape=     0.04598 grad=  3.7573e-01
  pw=     0.40887 grad= -7.4867e-02
  fBase=    95.40771 grad= -1.4482e+00
  fAmt=     4.69308 grad= -2.7581e-02
  fDecay=     0.15582 grad= -1.8003e-02
  res=     2.74365 grad=  1.7588e-01
  attackTime=     0.00302 grad= -2.2310e-05
  decayTime=     0.25124 grad= -1.6380e-03
  sustain=     0.53446 grad= -1.1123e-02
  releaseTime=     0.02101 grad=  9.2276e-04
  drive=     1.89417 grad= -8.9267e-03
  outGain=     0.55313 grad= -4.3133e-03
=== elite-01: smooth 600 ===
epoch=0 loss=1.264822
  shape=     0.73867 grad=  5.1626e+00
  pw=     0.49263 grad=  1.3853e+02
  fBase=    69.21918 grad=  1.1165e+00
  fAmt=     0.71111 grad= -5.9077e-03
  fDecay=     0.01490 grad= -2.3764e-03
  res=     1.13280 grad=  7.3957e-01
  attackTime=     0.01190 grad=  1.3692e-01
  decayTime=     0.28101 grad= -1.8856e-02
  sustain=     0.62789 grad=  3.4012e-01
  releaseTime=     0.08384 grad=  5.4650e-01
  drive=     4.65271 grad= -3.5893e-01
  outGain=     0.61908 grad= -7.2477e-02
epoch=200 loss=0.110637
  shape=     0.74154 grad=  1.5686e-01
  pw=     0.48391 grad=  3.1371e+00
  fBase=    72.57619 grad=  1.0479e-01
  fAmt=     7.47366 grad=  3.7192e-03
  fDecay=     0.10223 grad= -1.3949e-03
  res=     1.40732 grad=  4.5511e-02
  attackTime=     0.00885 grad=  5.9309e-03
  decayTime=     0.29585 grad= -4.7548e-04
  sustain=     0.47724 grad= -4.6675e-02
  releaseTime=     0.02151 grad=  2.4457e-02
  drive=     4.72658 grad=  2.4628e-02
  outGain=     0.49434 grad=  1.5081e-02
epoch=400 loss=0.102452
  shape=     0.75793 grad= -2.7712e-02
  pw=     0.48267 grad=  7.0679e-01
  fBase=    72.00096 grad=  6.1444e-02
  fAmt=     8.15436 grad=  3.8479e-03
  fDecay=     0.14284 grad=  2.3827e-04
  res=     1.41654 grad=  1.7737e-03
  attackTime=     0.00796 grad=  2.3451e-03
  decayTime=     0.29762 grad=  3.3838e-03
  sustain=     0.52825 grad= -9.8192e-03
  releaseTime=     0.02094 grad= -1.2732e-04
  drive=     4.33758 grad=  1.5511e-02
  outGain=     0.48931 grad=  2.9160e-03
epoch=599 loss=0.102236
  shape=     0.76296 grad= -8.4451e-02
  pw=     0.48229 grad= -6.9759e-02
  fBase=    72.03603 grad= -2.1663e-03
  fAmt=     8.03936 grad=  5.9204e-04
  fDecay=     0.14612 grad= -8.0442e-04
  res=     1.42433 grad= -4.4897e-03
  attackTime=     0.00781 grad=  9.2198e-04
  decayTime=     0.29018 grad=  1.9246e-03
  sustain=     0.53430 grad= -1.2404e-02
  releaseTime=     0.02095 grad=  7.2871e-05
  drive=     4.26182 grad=  6.1936e-03
  outGain=     0.48965 grad= -1.9518e-03
=== elite-01: production 800 ===
epoch=0 loss=0.357990
  shape=     0.75725 grad=  1.8831e+00
  pw=     0.48275 grad=  4.3746e+01
  fBase=    71.96877 grad= -8.2588e+00
  fAmt=     8.20096 grad= -1.6118e-01
  fDecay=     0.14271 grad= -1.8740e-01
  res=     1.41487 grad=  3.8837e+00
  attackTime=     0.00799 grad= -1.1954e-02
  decayTime=     0.29854 grad=  1.2475e-02
  sustain=     0.52717 grad= -1.6966e-01
  releaseTime=     0.02094 grad= -3.2820e-02
  drive=     4.34989 grad=  2.3793e-01
  outGain=     0.48933 grad= -1.5623e-01
epoch=200 loss=0.415355
  shape=     0.75592 grad=  2.4502e+00
  pw=     0.48145 grad=  6.4903e+01
  fBase=    75.68382 grad= -7.5121e+00
  fAmt=     8.85204 grad= -3.0906e-01
  fDecay=     0.12723 grad= -2.3649e-01
  res=     1.40121 grad=  3.2217e+00
  attackTime=     0.00796 grad=  4.3396e-04
  decayTime=     0.28813 grad= -5.1480e-02
  sustain=     0.55744 grad= -2.0551e-01
  releaseTime=     0.02093 grad= -3.2048e-03
  drive=     3.61859 grad= -2.5505e-01
  outGain=     0.54466 grad= -2.0317e-01
epoch=400 loss=0.411241
  shape=     0.75561 grad= -1.3965e+00
  pw=     0.48129 grad= -2.9233e+01
  fBase=    75.80679 grad=  3.1280e+00
  fAmt=     8.86280 grad=  1.5263e-01
  fDecay=     0.12683 grad=  1.6008e-01
  res=     1.39837 grad= -1.5038e+00
  attackTime=     0.00791 grad=  4.6952e-04
  decayTime=     0.29874 grad=  1.9667e-02
  sustain=     0.55385 grad=  8.4194e-02
  releaseTime=     0.02095 grad=  2.3446e-03
  drive=     3.61260 grad=  1.0178e-01
  outGain=     0.54488 grad=  9.1593e-02
epoch=600 loss=0.405991
  shape=     0.75867 grad=  9.1517e-01
  pw=     0.48132 grad=  1.3928e+01
  fBase=    75.78085 grad=  1.4045e+00
  fAmt=     8.84788 grad=  3.5447e-02
  fDecay=     0.12115 grad=  6.1653e-02
  res=     1.39240 grad= -1.5825e-02
  attackTime=     0.00796 grad= -1.5512e-04
  decayTime=     0.30202 grad=  1.0597e-02
  sustain=     0.55072 grad=  5.4297e-02
  releaseTime=     0.02094 grad= -8.6958e-04
  drive=     3.60886 grad=  5.7508e-02
  outGain=     0.54479 grad=  3.7822e-02
epoch=799 loss=0.400619
  shape=     0.76089 grad= -9.1250e-01
  pw=     0.48115 grad= -1.2489e+01
  fBase=    75.77235 grad=  1.9374e-01
  fAmt=     8.91229 grad=  1.8176e-02
  fDecay=     0.11971 grad=  1.9532e-02
  res=     1.39273 grad= -4.3685e-01
  attackTime=     0.00795 grad=  2.8187e-04
  decayTime=     0.30299 grad= -5.6542e-03
  sustain=     0.54976 grad= -1.8850e-02
  releaseTime=     0.02093 grad=  3.7694e-04
  drive=     3.59033 grad= -1.7966e-02
  outGain=     0.54475 grad= -1.7331e-02
=== elite-02: smooth 600 ===
epoch=0 loss=0.959822
  shape=     0.05896 grad=  2.3279e+00
  pw=     0.55888 grad=  5.9232e-01
  fBase=   123.17807 grad=  6.2649e+00
  fAmt=     1.02391 grad=  7.7140e-04
  fDecay=     0.00672 grad=  8.8036e-04
  res=     3.94880 grad= -4.1460e-02
  attackTime=     0.00101 grad= -7.4961e-03
  decayTime=     0.19375 grad=  1.7682e-02
  sustain=     0.40223 grad=  4.9673e-02
  releaseTime=     0.03859 grad=  4.5438e-01
  drive=     1.36003 grad=  1.9257e-01
  outGain=     0.53151 grad=  1.7418e-01
epoch=200 loss=0.780907
  shape=     0.06629 grad= -2.3688e+00
  pw=     0.56633 grad= -8.3434e-01
  fBase=   122.00545 grad= -2.4024e+00
  fAmt=     0.00000 grad=  4.4572e-04
  fDecay=     0.00500 grad=  0.0000e+00
  res=     4.12676 grad=  3.1276e-01
  attackTime=     0.00150 grad=  4.2667e-03
  decayTime=     0.18479 grad= -6.4782e-02
  sustain=     0.44342 grad= -2.8739e-01
  releaseTime=     0.02140 grad=  5.3284e-02
  drive=     1.27336 grad= -2.3286e-01
  outGain=     0.51613 grad= -6.7714e-02
epoch=400 loss=0.772876
  shape=     0.07027 grad=  5.4759e-01
  pw=     0.55904 grad=  2.9367e-01
  fBase=   121.99469 grad=  1.6416e+00
  fAmt=     0.00000 grad=  3.5936e-04
  fDecay=     0.00500 grad=  0.0000e+00
  res=     3.75844 grad=  6.0798e-02
  attackTime=     0.00151 grad= -4.0031e-03
  decayTime=     0.18162 grad=  8.7195e-04
  sustain=     0.44599 grad=  4.9812e-03
  releaseTime=     0.02128 grad=  2.2398e-03
  drive=     1.33310 grad=  3.8073e-04
  outGain=     0.54446 grad= -9.8671e-03
epoch=599 loss=0.772556
  shape=     0.07058 grad= -5.5268e-01
  pw=     0.55796 grad= -2.3539e-01
  fBase=   121.95543 grad= -1.3984e+00
  fAmt=     0.00000 grad=  3.2530e-04
  fDecay=     0.00500 grad=  0.0000e+00
  res=     3.75010 grad= -5.9868e-02
  attackTime=     0.00154 grad= -3.3629e-03
  decayTime=     0.18075 grad=  5.9583e-04
  sustain=     0.44677 grad= -7.5696e-03
  releaseTime=     0.02123 grad= -1.0912e-03
  drive=     1.33592 grad= -2.7567e-03
  outGain=     0.54609 grad=  2.6191e-03
=== elite-02: production 800 ===
epoch=0 loss=1.135045
  shape=     0.07060 grad= -3.4556e+00
  pw=     0.55800 grad= -1.4535e+00
  fBase=   121.97025 grad= -8.8383e+00
  fAmt=     0.00000 grad=  2.4263e-04
  fDecay=     0.00500 grad=  0.0000e+00
  res=     3.74982 grad= -1.8785e-01
  attackTime=     0.00154 grad= -3.7834e-03
  decayTime=     0.18081 grad= -8.8781e-02
  sustain=     0.44676 grad= -5.8911e-01
  releaseTime=     0.02123 grad=  6.8938e-03
  drive=     1.33589 grad= -3.1149e-01
  outGain=     0.54605 grad= -2.6585e-01
epoch=200 loss=1.116946
  shape=     0.06734 grad= -4.4331e-01
  pw=     0.55790 grad= -4.4430e-01
  fBase=   122.42493 grad= -2.1940e+00
  fAmt=     0.19188 grad= -5.6048e-04
  fDecay=     0.00500 grad=  1.0296e-05
  res=     3.59814 grad= -2.6513e-01
  attackTime=     0.00249 grad=  3.6231e-05
  decayTime=     0.18927 grad= -9.2611e-03
  sustain=     0.47083 grad= -3.3092e-02
  releaseTime=     0.02098 grad=  1.2458e-03
  drive=     1.27616 grad= -3.2076e-02
  outGain=     0.58366 grad= -2.0839e-02
epoch=400 loss=1.115346
  shape=     0.06477 grad=  5.0007e-01
  pw=     0.55874 grad=  3.2354e-01
  fBase=   122.58147 grad=  3.6376e+00
  fAmt=     0.11821 grad=  3.0384e-04
  fDecay=     0.00500 grad=  1.4508e-04
  res=     3.60054 grad=  2.4906e-01
  attackTime=     0.00248 grad= -9.2835e-05
  decayTime=     0.19221 grad=  5.5461e-03
  sustain=     0.47107 grad=  3.3657e-02
  releaseTime=     0.02095 grad= -2.3666e-03
  drive=     1.26531 grad=  2.5735e-02
  outGain=     0.58352 grad=  1.0004e-02
epoch=600 loss=1.113416
  shape=     0.06939 grad=  9.0185e-01
  pw=     0.56177 grad=  4.0294e-01
  fBase=   122.27348 grad=  3.8625e+00
  fAmt=     0.17108 grad=  6.3831e-05
  fDecay=     0.00500 grad=  1.6691e-04
  res=     3.65326 grad=  1.7734e-01
  attackTime=     0.00245 grad=  4.9410e-05
  decayTime=     0.19263 grad= -9.3453e-03
  sustain=     0.47098 grad= -5.2852e-02
  releaseTime=     0.02099 grad=  1.3968e-03
  drive=     1.26445 grad= -3.7318e-02
  outGain=     0.58372 grad= -2.3994e-02
epoch=799 loss=1.113945
  shape=     0.07021 grad= -1.1692e+00
  pw=     0.56005 grad= -4.6275e-01
  fBase=   122.24211 grad= -3.5750e+00
  fAmt=     0.18138 grad=  2.5869e-05
  fDecay=     0.00500 grad=  1.5492e-04
  res=     3.66052 grad= -2.6752e-01
  attackTime=     0.00244 grad=  2.4938e-05
  decayTime=     0.19292 grad=  9.1154e-03
  sustain=     0.47123 grad=  5.4760e-02
  releaseTime=     0.02099 grad= -2.2302e-04
  drive=     1.26698 grad=  3.4251e-02
  outGain=     0.58372 grad=  2.4760e-02
=== elite-03: smooth 600 ===
epoch=0 loss=1.143404
  shape=     0.98108 grad= -2.1100e-01
  pw=     0.52992 grad=  4.4114e+01
  fBase=   131.89160 grad=  1.9655e+00
  fAmt=    23.39183 grad=  6.4697e-02
  fDecay=     0.04399 grad=  3.6741e-02
  res=     0.83594 grad= -6.3546e-01
  attackTime=     0.00158 grad= -2.0527e-02
  decayTime=     0.37470 grad= -1.0488e-01
  sustain=     0.35537 grad= -3.8669e-01
  releaseTime=     0.01102 grad= -7.5472e-01
  drive=     1.43226 grad= -1.2711e-01
  outGain=     0.70482 grad= -6.8518e-02
epoch=200 loss=0.376949
  shape=     1.00000 grad= -1.5369e-02
  pw=     0.53092 grad= -5.5951e-01
  fBase=    80.55759 grad=  4.9842e-02
  fAmt=    16.82568 grad= -3.1696e-02
  fDecay=     0.02617 grad=  6.2064e-03
  res=     1.31256 grad= -6.5791e-02
  attackTime=     0.00912 grad= -1.2240e-03
  decayTime=     0.41892 grad=  4.1431e-03
  sustain=     0.39709 grad= -2.0640e-03
  releaseTime=     0.02025 grad= -4.4824e-03
  drive=     2.15001 grad= -3.3242e-03
  outGain=     0.59478 grad=  2.7401e-02
epoch=400 loss=0.367111
  shape=     1.00000 grad= -1.6438e-02
  pw=     0.53269 grad=  3.8318e-01
  fBase=    81.75298 grad= -1.1560e-01
  fAmt=    19.11764 grad= -2.9445e-03
  fDecay=     0.02381 grad= -4.1797e-03
  res=     1.36443 grad=  1.3898e-02
  attackTime=     0.00958 grad= -2.3476e-04
  decayTime=     0.36948 grad=  2.2317e-03
  sustain=     0.42771 grad= -7.2742e-03
  releaseTime=     0.02075 grad= -2.8123e-04
  drive=     2.18548 grad= -7.0011e-03
  outGain=     0.52749 grad=  7.6944e-03
epoch=599 loss=0.366819
  shape=     1.00000 grad= -3.6154e-03
  pw=     0.53275 grad=  5.1009e-02
  fBase=    81.78105 grad=  6.4233e-03
  fAmt=    19.10159 grad=  2.1760e-04
  fDecay=     0.02382 grad= -3.2054e-04
  res=     1.36510 grad= -1.9040e-03
  attackTime=     0.00964 grad= -4.1089e-04
  decayTime=     0.35454 grad=  3.7008e-03
  sustain=     0.43560 grad= -1.6885e-03
  releaseTime=     0.02075 grad= -2.0046e-06
  drive=     2.21035 grad= -8.7745e-05
  outGain=     0.51984 grad=  7.4782e-03
=== elite-03: production 800 ===
epoch=0 loss=0.775178
  shape=     1.00000 grad= -1.9502e-01
  pw=     0.53272 grad= -1.3303e+01
  fBase=    81.76214 grad= -1.5699e+00
  fAmt=    19.11461 grad= -7.5031e-02
  fDecay=     0.02381 grad= -8.2574e-02
  res=     1.36472 grad=  1.0642e+00
  attackTime=     0.00960 grad= -4.5750e-03
  decayTime=     0.36346 grad=  8.3811e-03
  sustain=     0.43105 grad= -1.1134e-02
  releaseTime=     0.02075 grad= -6.9365e-03
  drive=     2.19671 grad= -1.0508e-03
  outGain=     0.52398 grad= -1.0327e-01
epoch=200 loss=0.768239
  shape=     0.99954 grad=  2.2873e-01
  pw=     0.53430 grad= -1.0542e+01
  fBase=    83.14857 grad=  2.9494e+00
  fAmt=    19.58853 grad=  7.0807e-03
  fDecay=     0.02743 grad=  1.6504e-03
  res=     1.38945 grad= -2.9127e-01
  attackTime=     0.01011 grad= -1.9244e-03
  decayTime=     0.31607 grad=  4.2243e-02
  sustain=     0.46245 grad=  1.2971e-01
  releaseTime=     0.02072 grad= -2.6218e-03
  drive=     2.07365 grad=  1.5343e-01
  outGain=     0.54081 grad=  8.7766e-02
epoch=400 loss=0.761405
  shape=     0.99387 grad=  1.0936e-01
  pw=     0.53764 grad= -3.9534e+00
  fBase=    85.00154 grad=  8.9021e-01
  fAmt=    18.53498 grad=  1.6514e-04
  fDecay=     0.03093 grad= -1.1981e-03
  res=     1.48915 grad=  3.3181e-02
  attackTime=     0.00957 grad= -1.0177e-03
  decayTime=     0.30025 grad=  1.5511e-02
  sustain=     0.47851 grad=  5.6287e-02
  releaseTime=     0.02079 grad= -2.5937e-03
  drive=     1.88114 grad=  7.7950e-02
  outGain=     0.54270 grad=  4.5822e-02
epoch=600 loss=0.764247
  shape=     0.99133 grad= -3.0242e-02
  pw=     0.53878 grad=  6.8863e-01
  fBase=    85.54845 grad= -5.2099e-01
  fAmt=    17.97995 grad= -9.9618e-03
  fDecay=     0.03124 grad= -1.5976e-02
  res=     1.51995 grad=  1.1710e-01
  attackTime=     0.00930 grad=  9.1236e-05
  decayTime=     0.30353 grad= -2.7751e-03
  sustain=     0.47883 grad= -6.4356e-03
  releaseTime=     0.02084 grad= -2.6447e-04
  drive=     1.82153 grad= -6.1982e-03
  outGain=     0.54326 grad= -8.7717e-03
epoch=799 loss=0.764270
  shape=     0.99175 grad=  9.1557e-03
  pw=     0.53879 grad= -1.6425e+00
  fBase=    85.56183 grad=  3.1132e-01
  fAmt=    17.95642 grad=  7.2715e-03
  fDecay=     0.03128 grad=  4.9746e-03
  res=     1.52054 grad=  1.5178e-02
  attackTime=     0.00927 grad=  2.2232e-04
  decayTime=     0.30491 grad=  2.7847e-03
  sustain=     0.47823 grad=  1.5199e-02
  releaseTime=     0.02084 grad= -2.6202e-04
  drive=     1.81808 grad=  1.2903e-02
  outGain=     0.54326 grad=  1.1255e-02
=== elite-04: smooth 600 ===
epoch=0 loss=1.499720
  shape=     0.37692 grad= -2.2640e+00
  pw=     0.28902 grad=  1.4403e+01
  fBase=   245.26210 grad=  1.3932e+00
  fAmt=     1.01292 grad=  1.0463e-03
  fDecay=     0.01214 grad=  9.4007e-06
  res=     0.67361 grad=  6.9582e-02
  attackTime=     0.00412 grad= -4.4800e-02
  decayTime=     0.17344 grad=  6.6539e-02
  sustain=     0.32400 grad=  6.6046e-01
  releaseTime=     0.01454 grad= -2.5899e-01
  drive=     6.53727 grad=  2.0480e-01
  outGain=     0.50259 grad=  1.1595e-01
epoch=200 loss=1.295974
  shape=     0.38298 grad=  2.0407e+00
  pw=     0.28696 grad= -1.6483e+00
  fBase=   220.66148 grad= -2.0283e-01
  fAmt=     0.00000 grad=  2.1926e-04
  fDecay=     0.01227 grad=  0.0000e+00
  res=     0.66217 grad= -1.9451e-01
  attackTime=     0.01270 grad= -1.7069e-03
  decayTime=     0.25116 grad= -1.9880e-03
  sustain=     0.08200 grad= -2.5622e-03
  releaseTime=     0.01897 grad= -9.9027e-04
  drive=     8.00000 grad= -6.3312e-03
  outGain=     0.61845 grad= -3.3248e-03
epoch=400 loss=1.295777
  shape=     0.38251 grad=  1.0284e-01
  pw=     0.28707 grad= -7.3159e-02
  fBase=   220.31674 grad= -9.6746e-03
  fAmt=     0.00000 grad=  2.3144e-04
  fDecay=     0.01227 grad=  0.0000e+00
  res=     0.66058 grad= -1.0668e-02
  attackTime=     0.01304 grad= -5.8441e-05
  decayTime=     0.25175 grad=  7.3219e-05
  sustain=     0.07995 grad= -3.2773e-04
  releaseTime=     0.01899 grad= -7.1465e-06
  drive=     8.00000 grad= -2.6868e-03
  outGain=     0.62502 grad= -3.0164e-04
epoch=599 loss=1.295766
  shape=     0.38250 grad= -3.2520e-03
  pw=     0.28707 grad=  6.5801e-03
  fBase=   220.30928 grad=  5.2627e-04
  fAmt=     0.00000 grad=  2.3261e-04
  fDecay=     0.01227 grad=  0.0000e+00
  res=     0.66056 grad=  2.0097e-04
  attackTime=     0.01305 grad= -3.9563e-05
  decayTime=     0.25145 grad= -1.2666e-05
  sustain=     0.08018 grad= -4.8006e-04
  releaseTime=     0.01899 grad= -4.5510e-06
  drive=     8.00000 grad= -2.7224e-03
  outGain=     0.62540 grad= -3.2544e-04
=== elite-04: production 800 ===
epoch=0 loss=1.835491
  shape=     0.38250 grad= -1.6635e+00
  pw=     0.28707 grad=  5.2905e+00
  fBase=   220.30949 grad= -1.4439e-01
  fAmt=     0.00000 grad=  8.2507e-05
  fDecay=     0.01227 grad=  0.0000e+00
  res=     0.66056 grad= -5.2180e-02
  attackTime=     0.01305 grad=  5.8985e-03
  decayTime=     0.25152 grad= -1.3970e-01
  sustain=     0.08013 grad= -2.6650e-01
  releaseTime=     0.01899 grad=  9.3775e-02
  drive=     8.00000 grad= -1.9138e-01
  outGain=     0.62533 grad= -1.7509e-01
epoch=200 loss=1.809508
  shape=     0.37993 grad= -1.9299e+00
  pw=     0.28523 grad=  1.4727e+00
  fBase=   226.21339 grad=  1.3171e-01
  fAmt=     0.00000 grad=  1.4690e-04
  fDecay=     0.01227 grad=  0.0000e+00
  res=     0.63525 grad=  2.0120e-01
  attackTime=     0.01103 grad= -1.1045e-04
  decayTime=     0.34636 grad= -1.8422e-04
  sustain=     0.00000 grad=  2.7761e-02
  releaseTime=     0.01680 grad= -1.5237e-04
  drive=     8.00000 grad= -4.4249e-02
  outGain=     0.59643 grad= -9.8518e-04
epoch=400 loss=1.809396
  shape=     0.38035 grad= -9.5865e-02
  pw=     0.28520 grad= -3.8973e-03
  fBase=   226.27574 grad= -2.5243e-03
  fAmt=     0.00000 grad=  1.1297e-04
  fDecay=     0.01227 grad=  0.0000e+00
  res=     0.63707 grad=  1.2840e-02
  attackTime=     0.01105 grad=  5.0827e-06
  decayTime=     0.34631 grad=  1.0434e-04
  sustain=     0.00000 grad=  2.7882e-02
  releaseTime=     0.01681 grad=  2.9225e-04
  drive=     8.00000 grad= -4.3599e-02
  outGain=     0.59472 grad= -2.6494e-04
epoch=600 loss=1.809389
  shape=     0.38035 grad= -1.3753e-01
  pw=     0.28520 grad=  9.5790e-03
  fBase=   226.26840 grad=  5.2914e-03
  fAmt=     0.00000 grad=  1.1483e-04
  fDecay=     0.01227 grad=  0.0000e+00
  res=     0.63699 grad=  1.6165e-02
  attackTime=     0.01106 grad=  1.7782e-07
  decayTime=     0.34620 grad= -7.0035e-05
  sustain=     0.00000 grad=  2.7292e-02
  releaseTime=     0.01681 grad=  7.0458e-05
  drive=     8.00000 grad= -4.3426e-02
  outGain=     0.59489 grad= -6.3032e-05
epoch=799 loss=1.809403
  shape=     0.38034 grad= -3.5683e-02
  pw=     0.28520 grad=  4.0610e-02
  fBase=   226.27596 grad=  2.7321e-03
  fAmt=     0.00000 grad=  1.1246e-04
  fDecay=     0.01227 grad=  0.0000e+00
  res=     0.63698 grad=  3.2850e-03
  attackTime=     0.01106 grad=  4.9953e-06
  decayTime=     0.34622 grad= -2.4381e-05
  sustain=     0.00000 grad=  2.7473e-02
  releaseTime=     0.01681 grad=  7.6627e-05
  drive=     8.00000 grad= -4.3568e-02
  outGain=     0.59490 grad= -1.6528e-04
=== elite-05: smooth 600 ===
epoch=0 loss=1.293453
  shape=     0.99900 grad= -1.3447e+00
  pw=     0.47635 grad= -3.0666e+01
  fBase=   289.82761 grad= -4.2595e-01
  fAmt=    55.74229 grad= -2.4072e-02
  fDecay=     0.02755 grad= -1.4422e-02
  res=     1.06971 grad= -2.6608e-01
  attackTime=     0.01866 grad=  1.1448e-01
  decayTime=     0.09295 grad= -2.2754e-01
  sustain=     0.39937 grad= -1.3659e+00
  releaseTime=     0.02674 grad=  5.8856e-01
  drive=     0.99166 grad= -9.1046e-01
  outGain=     0.45602 grad= -3.0355e-01
epoch=200 loss=0.834261
  shape=     0.99213 grad= -2.2715e-01
  pw=     0.47592 grad=  2.9519e+00
  fBase=   192.31465 grad= -1.5279e-01
  fAmt=   237.12448 grad= -8.1295e-03
  fDecay=     0.00964 grad= -5.8867e-04
  res=     1.66010 grad= -1.1687e-01
  attackTime=     0.01322 grad= -1.1724e-02
  decayTime=     0.18608 grad= -2.2938e-02
  sustain=     0.42867 grad= -1.1370e-01
  releaseTime=     0.01901 grad= -3.7336e-04
  drive=     1.24854 grad= -7.5917e-02
  outGain=     0.41563 grad= -4.6088e-02
epoch=400 loss=0.826043
  shape=     1.00000 grad= -1.8473e-01
  pw=     0.47388 grad=  1.5348e-01
  fBase=   186.38451 grad= -9.6496e-03
  fAmt=   279.15009 grad= -8.5518e-05
  fDecay=     0.00875 grad= -1.6952e-06
  res=     1.74845 grad=  5.9496e-04
  attackTime=     0.01472 grad= -1.3148e-03
  decayTime=     0.17925 grad=  1.6236e-03
  sustain=     0.42594 grad=  6.7366e-04
  releaseTime=     0.01910 grad=  1.4705e-04
  drive=     1.26406 grad= -1.6885e-03
  outGain=     0.41630 grad=  1.8892e-04
epoch=599 loss=0.826027
  shape=     1.00000 grad= -1.7550e-01
  pw=     0.47386 grad= -5.9595e-03
  fBase=   186.34550 grad=  4.5601e-04
  fAmt=   279.64304 grad= -4.2590e-05
  fDecay=     0.00874 grad=  9.6056e-06
  res=     1.74880 grad= -5.6306e-04
  attackTime=     0.01485 grad= -9.1533e-04
  decayTime=     0.17628 grad=  1.5172e-03
  sustain=     0.42542 grad=  1.8302e-03
  releaseTime=     0.01910 grad=  1.1806e-04
  drive=     1.27107 grad= -5.9336e-04
  outGain=     0.41609 grad=  7.4919e-04
=== elite-05: production 800 ===
epoch=0 loss=1.263335
  shape=     1.00000 grad= -2.3299e+00
  pw=     0.47387 grad=  4.0599e+01
  fBase=   186.34781 grad= -2.9770e+00
  fAmt=   279.63489 grad= -1.3423e-02
  fDecay=     0.00874 grad= -9.9134e-03
  res=     1.74881 grad=  1.8551e-01
  attackTime=     0.01485 grad= -5.5517e-03
  decayTime=     0.17633 grad= -3.3618e-02
  sustain=     0.42542 grad= -1.7342e-01
  releaseTime=     0.01910 grad=  5.4716e-02
  drive=     1.27093 grad= -8.6279e-02
  outGain=     0.41609 grad= -1.1896e-01
epoch=200 loss=1.239413
  shape=     1.00000 grad=  8.8560e-01
  pw=     0.47341 grad= -2.1527e+01
  fBase=   186.88199 grad=  1.9032e+00
  fAmt=   264.88290 grad= -1.8552e-02
  fDecay=     0.00966 grad= -2.1624e-02
  res=     1.74551 grad= -1.5576e-01
  attackTime=     0.01474 grad=  2.6272e-03
  decayTime=     0.20599 grad= -2.4776e-02
  sustain=     0.42950 grad= -1.0776e-01
  releaseTime=     0.01739 grad=  2.8827e-03
  drive=     1.06696 grad= -7.2848e-02
  outGain=     0.53202 grad= -5.2367e-02
epoch=400 loss=1.237401
  shape=     1.00000 grad=  5.5488e-01
  pw=     0.47343 grad= -1.6351e+01
  fBase=   186.81401 grad=  1.6689e+00
  fAmt=   266.26755 grad=  2.7280e-02
  fDecay=     0.00968 grad=  1.9330e-02
  res=     1.75580 grad=  3.4921e-02
  attackTime=     0.01418 grad= -1.8133e-03
  decayTime=     0.22069 grad= -1.7445e-02
  sustain=     0.42626 grad= -7.6113e-02
  releaseTime=     0.01728 grad=  1.3955e-03
  drive=     1.01285 grad= -4.6810e-02
  outGain=     0.56783 grad= -2.8529e-02
epoch=600 loss=1.234985
  shape=     1.00000 grad= -1.0268e-01
  pw=     0.47297 grad= -2.8653e+00
  fBase=   185.55069 grad=  2.9090e-01
  fAmt=   264.00626 grad= -1.2884e-04
  fDecay=     0.00964 grad=  1.1505e-03
  res=     1.76097 grad= -4.5257e-02
  attackTime=     0.01410 grad= -3.6663e-04
  decayTime=     0.22509 grad= -2.9426e-03
  sustain=     0.42603 grad= -1.2919e-02
  releaseTime=     0.01729 grad=  2.0274e-04
  drive=     1.00013 grad= -4.6897e-03
  outGain=     0.57702 grad= -4.2781e-03
epoch=799 loss=1.233282
  shape=     1.00000 grad= -3.7107e-01
  pw=     0.47178 grad=  3.2886e+00
  fBase=   183.06622 grad= -1.6435e-01
  fAmt=   260.78598 grad= -1.0951e-02
  fDecay=     0.00924 grad=  4.5028e-03
  res=     1.78341 grad=  2.4061e-04
  attackTime=     0.01380 grad=  4.3191e-04
  decayTime=     0.22625 grad=  3.3038e-03
  sustain=     0.42795 grad=  6.0248e-03
  releaseTime=     0.01739 grad= -5.1820e-04
  drive=     0.99502 grad=  1.1813e-02
  outGain=     0.57885 grad=  2.0209e-03
=== elite-06: smooth 600 ===
epoch=0 loss=2.056957
  shape=     0.44212 grad= -4.8029e-01
  pw=     0.59874 grad= -2.1145e+00
  fBase=   528.19745 grad= -7.0118e-02
  fAmt=   101.59251 grad= -1.3664e-02
  fDecay=     0.01789 grad=  3.3953e-03
  res=     0.50124 grad= -3.1179e-01
  attackTime=     0.01534 grad=  1.0793e-01
  decayTime=     0.63986 grad= -1.9146e-01
  sustain=     0.03618 grad= -2.8672e-01
  releaseTime=     0.01093 grad= -6.1562e-01
  drive=     3.56601 grad= -6.8038e-01
  outGain=     0.25962 grad= -5.3608e-01
epoch=200 loss=1.497983
  shape=     0.44676 grad= -8.5057e-03
  pw=     0.58946 grad= -2.6190e-02
  fBase=   349.14185 grad=  1.8973e-02
  fAmt=   252.67445 grad= -1.0996e-03
  fDecay=     0.01792 grad=  6.2809e-03
  res=     0.55678 grad= -2.3028e-02
  attackTime=     0.01210 grad= -7.0037e-04
  decayTime=     0.60436 grad=  2.9068e-03
  sustain=     0.01806 grad=  4.9492e-03
  releaseTime=     0.01783 grad=  1.0511e-03
  drive=     4.26245 grad=  2.2381e-02
  outGain=     0.38418 grad= -1.0658e-01
epoch=400 loss=1.475247
  shape=     0.44706 grad=  8.3147e-02
  pw=     0.58854 grad= -2.6107e-01
  fBase=   337.47943 grad=  2.3889e-02
  fAmt=   282.41266 grad=  6.0720e-05
  fDecay=     0.01301 grad=  2.5201e-04
  res=     0.58312 grad=  4.6575e-03
  attackTime=     0.01209 grad= -4.0007e-04
  decayTime=     0.58725 grad=  5.4834e-04
  sustain=     0.00879 grad=  2.5513e-03
  releaseTime=     0.01781 grad=  1.0512e-03
  drive=     3.76665 grad=  1.0585e-02
  outGain=     0.46905 grad= -5.4556e-02
epoch=599 loss=1.473430
  shape=     0.44704 grad= -2.3302e-02
  pw=     0.58840 grad=  5.6704e-02
  fBase=   336.01468 grad= -8.0432e-04
  fAmt=   282.90634 grad= -1.6850e-04
  fDecay=     0.01296 grad=  6.0707e-05
  res=     0.58571 grad= -3.2729e-03
  attackTime=     0.01216 grad= -4.5670e-04
  decayTime=     0.58762 grad=  3.8395e-04
  sustain=     0.00529 grad=  3.2987e-03
  releaseTime=     0.01777 grad=  6.5576e-04
  drive=     3.69464 grad=  6.3128e-03
  outGain=     0.48557 grad= -4.0681e-02
=== elite-06: production 800 ===
epoch=0 loss=1.844584
  shape=     0.44705 grad= -4.6102e-01
  pw=     0.58840 grad=  4.4050e+00
  fBase=   336.02255 grad= -4.1199e-01
  fAmt=   282.89917 grad= -3.7078e-02
  fDecay=     0.01296 grad= -4.9545e-02
  res=     0.58571 grad= -4.8090e-01
  attackTime=     0.01216 grad=  4.4851e-03
  decayTime=     0.58763 grad= -1.1025e-01
  sustain=     0.00532 grad= -1.3934e-01
  releaseTime=     0.01778 grad=  1.4100e-01
  drive=     3.69503 grad= -2.3602e-01
  outGain=     0.48548 grad= -1.3145e-01
epoch=200 loss=1.810213
  shape=     0.44792 grad= -2.5527e-01
  pw=     0.58511 grad= -3.3852e+00
  fBase=   310.51721 grad=  3.4232e-01
  fAmt=   228.88707 grad=  8.1984e-03
  fDecay=     0.01373 grad=  2.1065e-02
  res=     0.67514 grad=  1.4173e-01
  attackTime=     0.01118 grad=  1.8661e-03
  decayTime=     0.67550 grad= -7.2643e-07
  sustain=     0.06910 grad= -2.6359e-03
  releaseTime=     0.01458 grad= -1.9670e-04
  drive=     3.44472 grad= -1.9448e-03
  outGain=     0.44150 grad= -4.2344e-03
epoch=400 loss=1.809785
  shape=     0.44794 grad= -1.1683e-01
  pw=     0.58506 grad=  2.4488e+00
  fBase=   308.29443 grad= -1.9066e-01
  fAmt=   228.39563 grad= -9.6385e-03
  fDecay=     0.01365 grad= -1.5085e-02
  res=     0.68408 grad= -8.2681e-02
  attackTime=     0.01113 grad=  3.0181e-04
  decayTime=     0.62805 grad= -7.2548e-04
  sustain=     0.10911 grad= -3.4746e-03
  releaseTime=     0.01457 grad=  6.7789e-05
  drive=     3.39467 grad= -6.9043e-03
  outGain=     0.45176 grad= -3.4727e-03
epoch=600 loss=1.809660
  shape=     0.44794 grad=  1.5005e-03
  pw=     0.58501 grad=  9.0973e-02
  fBase=   308.23828 grad= -6.4042e-03
  fAmt=   228.54991 grad= -5.4210e-04
  fDecay=     0.01364 grad= -5.9785e-04
  res=     0.68434 grad= -2.6260e-03
  attackTime=     0.01119 grad= -3.6815e-05
  decayTime=     0.59924 grad=  7.3734e-04
  sustain=     0.13337 grad= -1.3289e-03
  releaseTime=     0.01456 grad=  3.5224e-05
  drive=     3.40905 grad= -7.3623e-05
  outGain=     0.45130 grad=  2.2115e-04
epoch=799 loss=1.809634
  shape=     0.44794 grad= -1.0705e-03
  pw=     0.58502 grad=  2.0344e-02
  fBase=   308.23593 grad= -2.5944e-03
  fAmt=   228.57860 grad= -1.7416e-04
  fDecay=     0.01364 grad= -2.7260e-04
  res=     0.68444 grad= -1.3297e-03
  attackTime=     0.01121 grad=  8.6973e-06
  decayTime=     0.58953 grad=  5.7328e-04
  sustain=     0.14168 grad= -1.6496e-03
  releaseTime=     0.01456 grad=  3.0646e-05
  drive=     3.41377 grad= -3.3790e-04
  outGain=     0.45104 grad=  1.0226e-05
=== elite-07: smooth 600 ===
epoch=0 loss=1.906201
  shape=     0.89784 grad=  1.3421e+00
  pw=     0.46670 grad= -4.7916e+01
  fBase=   484.88965 grad= -3.8863e-01
  fAmt=     8.49798 grad= -2.6951e-03
  fDecay=     0.04049 grad= -3.7144e-03
  res=     0.50124 grad= -1.0379e-01
  attackTime=     0.00102 grad= -2.6123e-02
  decayTime=     0.02298 grad= -5.8235e-02
  sustain=     0.39038 grad=  2.0924e-01
  releaseTime=     0.02080 grad=  3.6503e-01
  drive=     0.45501 grad=  7.4280e-02
  outGain=     0.88210 grad= -1.2759e-01
epoch=200 loss=0.957997
  shape=     0.82439 grad=  2.8563e-01
  pw=     0.47779 grad=  1.5786e+01
  fBase=   440.09677 grad= -1.7658e-01
  fAmt=    61.51413 grad= -2.2897e-02
  fDecay=     0.26927 grad= -9.4295e-03
  res=     0.50000 grad= -1.7524e-01
  attackTime=     0.00671 grad= -1.5824e-01
  decayTime=     0.15027 grad= -4.8234e-02
  sustain=     0.21440 grad=  1.3033e-02
  releaseTime=     0.01909 grad= -5.3900e-03
  drive=     0.43345 grad=  5.9261e-02
  outGain=     1.35529 grad= -7.3167e-02
epoch=400 loss=0.912425
  shape=     0.83228 grad= -9.3235e-03
  pw=     0.47762 grad=  1.2763e-02
  fBase=   406.63596 grad=  9.6898e-03
  fAmt=    80.80309 grad= -7.0793e-04
  fDecay=     0.39088 grad= -1.7929e-03
  res=     0.52868 grad= -1.0328e-02
  attackTime=     0.01222 grad= -4.5182e-03
  decayTime=     0.21884 grad= -9.8039e-03
  sustain=     0.17781 grad=  8.5409e-03
  releaseTime=     0.01987 grad= -7.6645e-04
  drive=     0.32880 grad=  5.7233e-03
  outGain=     1.63048 grad= -7.1139e-02
epoch=599 loss=0.907606
  shape=     0.83422 grad= -5.4719e-03
  pw=     0.47761 grad= -7.9916e-03
  fBase=   398.94702 grad=  1.1180e-02
  fAmt=    82.31447 grad= -3.8276e-04
  fDecay=     0.41534 grad= -1.2840e-03
  res=     0.53674 grad= -6.0865e-03
  attackTime=     0.01265 grad= -1.4491e-03
  decayTime=     0.22916 grad= -7.2570e-03
  sustain=     0.17019 grad=  5.8429e-03
  releaseTime=     0.01996 grad= -4.7052e-04
  drive=     0.31178 grad=  5.1481e-03
  outGain=     1.71569 grad= -6.7897e-02
=== elite-07: production 800 ===
epoch=0 loss=1.470813
  shape=     0.83422 grad= -3.5936e-01
  pw=     0.47761 grad=  1.3166e+01
  fBase=   398.94702 grad= -4.2541e-01
  fAmt=    82.31447 grad= -6.7801e-02
  fDecay=     0.41534 grad= -1.8330e-02
  res=     0.53674 grad=  1.8104e-02
  attackTime=     0.01265 grad=  2.8734e-03
  decayTime=     0.22916 grad= -1.3963e-01
  sustain=     0.17019 grad= -3.1571e-01
  releaseTime=     0.01996 grad=  1.3245e-01
  drive=     0.31178 grad= -1.9768e-01
  outGain=     1.71569 grad= -2.9910e-01
epoch=200 loss=1.374114
  shape=     0.83155 grad= -3.3501e-02
  pw=     0.47758 grad=  1.2190e+01
  fBase=   309.11774 grad= -7.9956e-03
  fAmt=   146.53610 grad= -8.5578e-03
  fDecay=     0.25165 grad= -2.8927e-03
  res=     0.50000 grad=  2.0492e-01
  attackTime=     0.01393 grad=  5.3897e-04
  decayTime=     0.40518 grad= -1.7703e-02
  sustain=     0.13851 grad= -1.3027e-02
  releaseTime=     0.01608 grad= -1.4457e-03
  drive=     0.33391 grad= -1.6793e-02
  outGain=     2.00000 grad= -1.0553e-01
epoch=400 loss=1.364971
  shape=     0.84362 grad= -3.0532e-03
  pw=     0.47746 grad=  2.1179e+00
  fBase=   267.84549 grad=  9.0060e-03
  fAmt=   188.86714 grad= -2.2214e-03
  fDecay=     0.33350 grad= -1.6616e-03
  res=     0.50000 grad=  1.9013e-01
  attackTime=     0.01278 grad=  2.9513e-05
  decayTime=     0.56725 grad= -1.2766e-03
  sustain=     0.09278 grad=  7.7165e-03
  releaseTime=     0.01609 grad= -1.0916e-04
  drive=     0.30961 grad=  4.2967e-04
  outGain=     2.00000 grad= -9.4814e-02
epoch=600 loss=1.364103
  shape=     0.84682 grad= -1.0330e-03
  pw=     0.47742 grad= -4.5914e-02
  fBase=   257.33243 grad=  1.9310e-03
  fAmt=   198.03220 grad= -1.3103e-03
  fDecay=     0.37958 grad= -2.0456e-03
  res=     0.50000 grad=  1.7065e-01
  attackTime=     0.01255 grad=  1.2568e-06
  decayTime=     0.60026 grad= -1.2052e-03
  sustain=     0.06098 grad=  5.3733e-03
  releaseTime=     0.01621 grad= -1.1448e-04
  drive=     0.30510 grad=  1.0211e-04
  outGain=     2.00000 grad= -9.2205e-02
epoch=799 loss=1.363942
  shape=     0.84709 grad= -9.4923e-04
  pw=     0.47742 grad=  4.4448e-02
  fBase=   254.89243 grad= -6.8177e-05
  fAmt=   200.09457 grad= -1.6907e-03
  fDecay=     0.39025 grad= -2.0629e-03
  res=     0.50000 grad=  1.6529e-01
  attackTime=     0.01245 grad=  8.6020e-06
  decayTime=     0.61021 grad= -1.0586e-03
  sustain=     0.05182 grad=  5.1328e-03
  releaseTime=     0.01624 grad= -7.0225e-05
  drive=     0.30423 grad=  2.0777e-04
  outGain=     2.00000 grad= -9.1366e-02
=== elite-08: smooth 600 ===
epoch=0 loss=2.990959
  shape=     0.43735 grad=  2.8320e+00
  pw=     0.96906 grad= -3.7721e+00
  fBase=   990.21588 grad=  8.9081e-01
  fAmt= 11887.80273 grad=  1.3810e-01
  fDecay=     0.00503 grad=  2.0009e-01
  res=     0.50124 grad=  7.8256e-02
  attackTime=     0.04873 grad=  4.7737e-02
  decayTime=     0.15112 grad=  1.5474e-03
  sustain=     0.14323 grad=  2.8848e+00
  releaseTime=     0.02998 grad=  9.4755e-01
  drive=     5.88631 grad=  2.7939e-01
  outGain=     0.28873 grad=  9.8678e-02
epoch=200 loss=1.923487
  shape=     0.39500 grad= -4.3468e-03
  pw=     0.96523 grad= -7.3166e-02
  fBase=   554.76910 grad=  4.5470e-02
  fAmt=  3677.12842 grad=  2.1410e-02
  fDecay=     0.00500 grad=  1.8335e-02
  res=     0.66127 grad= -6.6689e-02
  attackTime=     0.01912 grad=  1.8698e-02
  decayTime=     0.33887 grad= -2.2923e-02
  sustain=     0.12833 grad= -4.7124e-02
  releaseTime=     0.01725 grad= -2.6753e-03
  drive=     2.88402 grad=  3.9984e-02
  outGain=     0.42619 grad= -8.3969e-02
epoch=400 loss=1.811323
  shape=     0.40490 grad=  2.6569e-01
  pw=     0.94739 grad= -8.3722e-02
  fBase=   454.43475 grad=  1.0974e-01
  fAmt=  2687.39966 grad=  2.8734e-02
  fDecay=     0.00500 grad=  4.8503e-02
  res=     0.93562 grad= -5.3613e-02
  attackTime=     0.01226 grad=  1.4299e-02
  decayTime=     0.43497 grad=  4.8273e-03
  sustain=     0.17291 grad=  3.9776e-03
  releaseTime=     0.01765 grad=  1.1410e-03
  drive=     1.83928 grad=  2.0740e-02
  outGain=     0.49422 grad= -6.5564e-02
epoch=599 loss=1.790291
  shape=     0.40624 grad= -3.8360e-03
  pw=     0.94410 grad=  3.1905e-03
  fBase=   429.57962 grad=  3.2027e-02
  fAmt=  2376.55981 grad=  1.8380e-02
  fDecay=     0.00500 grad=  2.9849e-02
  res=     1.04396 grad= -7.2559e-02
  attackTime=     0.01106 grad=  1.1138e-02
  decayTime=     0.44339 grad= -3.9763e-03
  sustain=     0.18006 grad= -2.4225e-02
  releaseTime=     0.01775 grad= -3.0358e-03
  drive=     1.68349 grad=  2.2488e-02
  outGain=     0.52184 grad= -6.3370e-02
=== elite-08: production 800 ===
epoch=0 loss=2.053034
  shape=     0.40624 grad=  5.9801e-01
  pw=     0.94410 grad= -7.6394e-01
  fBase=   429.57962 grad=  3.9249e-01
  fAmt=  2376.55981 grad=  3.5533e-02
  fDecay=     0.00500 grad=  6.2663e-02
  res=     1.04396 grad=  3.6865e-02
  attackTime=     0.01106 grad=  1.1674e-02
  decayTime=     0.44339 grad=  7.2562e-03
  sustain=     0.18006 grad=  1.5993e-02
  releaseTime=     0.01775 grad=  1.2421e-01
  drive=     1.68349 grad=  1.7395e-02
  outGain=     0.52184 grad=  8.6551e-02
epoch=200 loss=1.927946
  shape=     0.40122 grad= -1.0153e-01
  pw=     0.92851 grad=  6.4154e-01
  fBase=   303.55630 grad= -6.2640e-02
  fAmt=   933.91357 grad= -7.3224e-03
  fDecay=     0.00562 grad= -1.5505e-02
  res=     2.20146 grad= -1.3489e-02
  attackTime=     0.00718 grad= -5.1834e-04
  decayTime=     0.32988 grad=  3.0892e-03
  sustain=     0.35633 grad= -9.9150e-03
  releaseTime=     0.01696 grad= -1.6157e-04
  drive=     1.44252 grad= -2.6785e-03
  outGain=     0.50236 grad= -4.1613e-03
epoch=400 loss=1.926695
  shape=     0.40081 grad=  2.6703e-02
  pw=     0.92847 grad= -2.7517e-01
  fBase=   304.11655 grad=  1.8498e-02
  fAmt=   942.31659 grad=  2.9028e-03
  fDecay=     0.00559 grad=  5.5181e-03
  res=     2.20701 grad=  4.2796e-03
  attackTime=     0.00789 grad=  2.0577e-04
  decayTime=     0.23776 grad=  1.8051e-04
  sustain=     0.40513 grad= -2.1785e-03
  releaseTime=     0.01682 grad=  4.8934e-05
  drive=     1.50549 grad= -2.3440e-03
  outGain=     0.50793 grad= -5.2687e-04
epoch=600 loss=1.926675
  shape=     0.40079 grad= -3.8797e-03
  pw=     0.92848 grad= -2.1160e-02
  fBase=   304.09915 grad=  6.3974e-04
  fAmt=   941.89294 grad= -3.7088e-04
  fDecay=     0.00559 grad= -9.0865e-04
  res=     2.20586 grad= -2.3647e-05
  attackTime=     0.00797 grad= -8.8168e-07
  decayTime=     0.23152 grad= -3.2343e-05
  sustain=     0.40758 grad= -7.3606e-04
  releaseTime=     0.01682 grad= -1.8410e-05
  drive=     1.51704 grad= -6.2232e-04
  outGain=     0.50590 grad= -2.4846e-04
epoch=799 loss=1.926672
  shape=     0.40080 grad= -5.2731e-03
  pw=     0.92848 grad=  1.9752e-02
  fBase=   304.10046 grad= -1.3653e-03
  fAmt=   941.74640 grad= -2.1305e-04
  fDecay=     0.00559 grad= -4.2378e-04
  res=     2.20574 grad= -3.1480e-04
  attackTime=     0.00798 grad= -1.1925e-05
  decayTime=     0.23093 grad=  1.7091e-04
  sustain=     0.40782 grad=  3.6462e-04
  releaseTime=     0.01682 grad=  1.0155e-04
  drive=     1.51814 grad=  3.8791e-04
  outGain=     0.50577 grad=  2.9670e-04
=== elite-09: smooth 600 ===
epoch=0 loss=2.803855
  shape=     0.50112 grad= -5.6595e+00
  pw=     0.88602 grad=  2.5986e+00
  fBase=   986.97363 grad=  3.9362e-01
  fAmt=  4768.99414 grad=  1.3427e-01
  fDecay=     0.00859 grad=  7.0815e-02
  res=     0.52833 grad=  5.6942e-02
  attackTime=     0.06180 grad=  2.7778e-02
  decayTime=     0.12341 grad= -3.8837e-02
  sustain=     0.07636 grad=  3.1326e+00
  releaseTime=     0.02684 grad=  6.5350e-01
  drive=     7.16241 grad=  1.7619e-01
  outGain=     0.24861 grad= -3.2217e-01
epoch=200 loss=1.862391
  shape=     0.52369 grad=  7.6077e-02
  pw=     0.81704 grad= -1.1189e-01
  fBase=   593.19452 grad=  6.1364e-03
  fAmt=  1947.51050 grad=  1.2442e-02
  fDecay=     0.00500 grad= -3.9037e-03
  res=     0.50000 grad=  1.1679e-01
  attackTime=     0.02349 grad=  1.2064e-02
  decayTime=     0.24061 grad=  1.5985e-02
  sustain=     0.00000 grad=  2.7689e-01
  releaseTime=     0.01992 grad= -3.6793e-03
  drive=     6.23906 grad=  4.1421e-02
  outGain=     0.40930 grad= -2.6589e-01
epoch=400 loss=1.800422
  shape=     0.52557 grad= -1.4097e-02
  pw=     0.81694 grad= -9.6560e-06
  fBase=   572.61005 grad=  1.4252e-02
  fAmt=  1297.13025 grad=  1.4191e-02
  fDecay=     0.00538 grad= -2.8377e-03
  res=     0.51406 grad= -1.9630e-02
  attackTime=     0.01998 grad=  8.4920e-04
  decayTime=     0.22925 grad= -8.1460e-04
  sustain=     0.00000 grad=  2.4667e-01
  releaseTime=     0.02072 grad= -1.1483e-03
  drive=     5.10271 grad=  1.4281e-02
  outGain=     0.50893 grad= -1.7379e-01
epoch=599 loss=1.788210
  shape=     0.52607 grad=  8.6135e-03
  pw=     0.81706 grad= -3.1153e-03
  fBase=   561.51068 grad=  1.0938e-02
  fAmt=  1123.02368 grad=  1.5961e-02
  fDecay=     0.00541 grad= -4.2967e-03
  res=     0.52364 grad= -1.6922e-02
  attackTime=     0.01925 grad=  7.4192e-03
  decayTime=     0.22958 grad= -1.4777e-03
  sustain=     0.00000 grad=  2.2223e-01
  releaseTime=     0.02078 grad= -1.1420e-03
  drive=     4.83445 grad=  1.4119e-02
  outGain=     0.53404 grad= -1.5270e-01
=== elite-09: production 800 ===
epoch=0 loss=2.057353
  shape=     0.52607 grad= -4.5981e-01
  pw=     0.81706 grad=  1.9948e+00
  fBase=   561.51068 grad= -1.4493e-01
  fAmt=  1123.02368 grad=  3.1620e-02
  fDecay=     0.00541 grad=  4.6319e-02
  res=     0.52364 grad= -6.2069e-02
  attackTime=     0.01925 grad=  1.1339e-03
  decayTime=     0.22958 grad=  1.6237e-01
  sustain=     0.00000 grad=  1.0337e+00
  releaseTime=     0.02078 grad=  1.3267e-01
  drive=     4.83445 grad=  9.8963e-02
  outGain=     0.53404 grad=  4.0747e-02
epoch=200 loss=2.027658
  shape=     0.52889 grad=  9.9376e-01
  pw=     0.81641 grad= -3.5061e+00
  fBase=   569.25116 grad=  3.2786e-01
  fAmt=   876.33832 grad=  3.1422e-03
  fDecay=     0.00621 grad=  6.4259e-03
  res=     0.51077 grad=  3.3101e-01
  attackTime=     0.01699 grad= -7.1562e-04
  decayTime=     0.20785 grad=  2.8789e-03
  sustain=     0.00000 grad=  2.2405e-01
  releaseTime=     0.01696 grad=  8.7435e-06
  drive=     4.36839 grad=  7.5122e-03
  outGain=     0.60856 grad=  4.1596e-03
epoch=400 loss=2.027313
  shape=     0.53035 grad=  5.4855e-01
  pw=     0.81649 grad= -2.1336e+00
  fBase=   563.74225 grad=  1.7138e-01
  fAmt=   873.43225 grad=  6.9538e-04
  fDecay=     0.00619 grad=  2.3404e-03
  res=     0.51346 grad=  1.7206e-01
  attackTime=     0.01683 grad= -4.7515e-04
  decayTime=     0.21009 grad=  1.8125e-03
  sustain=     0.00000 grad=  2.1193e-01
  releaseTime=     0.01692 grad=  4.3085e-05
  drive=     4.23689 grad=  4.4112e-03
  outGain=     0.61641 grad=  2.9027e-03
epoch=600 loss=2.027218
  shape=     0.53067 grad= -1.9801e-02
  pw=     0.81664 grad=  4.0296e-02
  fBase=   562.04456 grad= -3.9847e-03
  fAmt=   875.57764 grad= -1.6594e-04
  fDecay=     0.00618 grad= -3.4540e-04
  res=     0.51494 grad= -5.4574e-03
  attackTime=     0.01679 grad=  3.3048e-05
  decayTime=     0.21105 grad= -2.1642e-04
  sustain=     0.00000 grad=  2.0365e-01
  releaseTime=     0.01691 grad=  1.9767e-05
  drive=     4.19440 grad= -1.2981e-04
  outGain=     0.61765 grad= -3.2750e-04
epoch=799 loss=2.027199
  shape=     0.53074 grad=  1.1506e-02
  pw=     0.81665 grad= -3.5796e-02
  fBase=   561.73724 grad=  4.9113e-03
  fAmt=   875.06659 grad=  2.7638e-04
  fDecay=     0.00619 grad=  3.4701e-04
  res=     0.51514 grad=  4.0076e-03
  attackTime=     0.01678 grad=  3.3351e-05
  decayTime=     0.21125 grad= -1.4767e-05
  sustain=     0.00000 grad=  2.0392e-01
  releaseTime=     0.01690 grad= -2.3128e-06
  drive=     4.18648 grad=  5.3644e-07
  outGain=     0.61799 grad= -2.5913e-04
=== elite-10: smooth 600 ===
epoch=0 loss=0.749391
  shape=     0.16988 grad= -6.9594e+00
  pw=     0.53254 grad=  1.4862e+01
  fBase=    99.23969 grad=  1.2970e+01
  fAmt=     0.31155 grad=  4.7403e-03
  fDecay=     0.00978 grad=  1.3077e-03
  res=     4.56298 grad=  6.4192e-01
  attackTime=     0.00101 grad= -7.6089e-03
  decayTime=     0.28146 grad=  1.7372e-01
  sustain=     0.43360 grad=  6.4472e-01
  releaseTime=     0.03110 grad=  3.1712e-01
  drive=     2.69740 grad=  6.9555e-01
  outGain=     0.43812 grad=  3.7242e-01
epoch=200 loss=0.371681
  shape=     0.16331 grad=  4.4319e-01
  pw=     0.52276 grad= -1.4713e+00
  fBase=    96.61035 grad= -5.3962e-01
  fAmt=     0.00322 grad= -4.5785e-04
  fDecay=     0.01042 grad= -4.1552e-06
  res=     3.68751 grad= -3.3472e-02
  attackTime=     0.00323 grad= -4.5649e-04
  decayTime=     0.28149 grad=  5.4245e-03
  sustain=     0.45559 grad= -2.8679e-03
  releaseTime=     0.02117 grad= -1.4584e-03
  drive=     3.01836 grad= -7.6004e-03
  outGain=     0.47264 grad= -2.8450e-02
epoch=400 loss=0.357529
  shape=     0.15684 grad=  4.7702e-02
  pw=     0.52422 grad=  2.3695e-02
  fBase=    96.05435 grad=  2.1544e-01
  fAmt=     1.46295 grad= -1.4349e-02
  fDecay=     0.06328 grad= -7.4872e-03
  res=     3.52691 grad= -2.8054e-02
  attackTime=     0.00378 grad= -6.3036e-04
  decayTime=     0.26510 grad= -1.7529e-03
  sustain=     0.47073 grad= -2.6020e-02
  releaseTime=     0.02103 grad=  1.7638e-03
  drive=     3.00829 grad=  4.5383e-04
  outGain=     0.48535 grad= -3.4240e-03
epoch=599 loss=0.350601
  shape=     0.15620 grad=  4.1227e-02
  pw=     0.52481 grad= -2.1627e-02
  fBase=    95.65191 grad=  1.2113e-01
  fAmt=     2.34251 grad= -5.4167e-03
  fDecay=     0.09240 grad= -3.7150e-03
  res=     3.48989 grad=  7.8423e-03
  attackTime=     0.00383 grad=  7.4404e-04
  decayTime=     0.26912 grad= -2.3626e-03
  sustain=     0.48718 grad= -2.9068e-02
  releaseTime=     0.02103 grad=  3.8541e-04
  drive=     2.99095 grad=  2.6455e-03
  outGain=     0.48452 grad=  3.4217e-03
=== elite-10: production 800 ===
epoch=0 loss=0.751212
  shape=     0.15628 grad= -2.4588e+00
  pw=     0.52475 grad=  3.8441e+00
  fBase=    95.66477 grad= -1.6292e+00
  fAmt=     2.32776 grad= -8.5906e-02
  fDecay=     0.09196 grad= -2.7907e-02
  res=     3.49035 grad=  5.8649e-01
  attackTime=     0.00384 grad=  5.5701e-03
  decayTime=     0.26902 grad= -1.3253e-02
  sustain=     0.48684 grad= -7.1768e-02
  releaseTime=     0.02104 grad= -1.1081e-02
  drive=     2.99073 grad= -6.6292e-02
  outGain=     0.48452 grad= -1.9868e-01
epoch=200 loss=0.679910
  shape=     0.15811 grad=  1.5504e+00
  pw=     0.52620 grad= -3.3970e+00
  fBase=    95.37941 grad= -5.5290e+00
  fAmt=     4.26479 grad= -9.9217e-02
  fDecay=     0.12349 grad= -3.4891e-02
  res=     3.24844 grad=  2.6459e-01
  attackTime=     0.00292 grad= -4.8397e-04
  decayTime=     0.27862 grad= -5.8361e-02
  sustain=     0.52909 grad= -2.2695e-01
  releaseTime=     0.02080 grad=  6.7220e-03
  drive=     2.75681 grad= -2.6325e-01
  outGain=     0.55556 grad= -1.8507e-01
epoch=400 loss=0.675740
  shape=     0.15614 grad= -3.8083e-01
  pw=     0.52556 grad= -4.7947e+00
  fBase=    95.39429 grad= -9.0496e+00
  fAmt=     4.38981 grad= -1.4119e-01
  fDecay=     0.11996 grad= -7.0002e-02
  res=     3.24218 grad=  8.8692e-01
  attackTime=     0.00299 grad= -8.7016e-05
  decayTime=     0.28678 grad= -2.1400e-02
  sustain=     0.52466 grad= -7.5666e-02
  releaseTime=     0.02079 grad=  9.1769e-04
  drive=     2.73018 grad= -9.1607e-02
  outGain=     0.55664 grad= -6.8907e-02
epoch=600 loss=0.674088
  shape=     0.15593 grad= -4.1501e-01
  pw=     0.52560 grad= -2.0312e+00
  fBase=    95.41030 grad= -4.3142e+00
  fAmt=     4.41518 grad= -6.3193e-02
  fDecay=     0.11731 grad= -3.6420e-02
  res=     3.23774 grad=  4.5938e-01
  attackTime=     0.00300 grad= -6.1440e-05
  decayTime=     0.29049 grad= -7.1455e-03
  sustain=     0.52276 grad= -1.6061e-02
  releaseTime=     0.02078 grad= -8.7019e-04
  drive=     2.72935 grad= -2.9308e-02
  outGain=     0.55665 grad= -1.3908e-02
epoch=799 loss=0.672589
  shape=     0.15670 grad= -3.2923e-01
  pw=     0.52610 grad= -7.6189e-01
  fBase=    95.37309 grad= -1.9381e+00
  fAmt=     4.43237 grad= -3.7981e-02
  fDecay=     0.11733 grad= -2.1474e-02
  res=     3.23539 grad=  2.0837e-01
  attackTime=     0.00298 grad= -1.7793e-04
  decayTime=     0.29235 grad= -4.2023e-03
  sustain=     0.52250 grad= -7.0917e-03
  releaseTime=     0.02078 grad= -9.4884e-05
  drive=     2.74233 grad= -1.3867e-02
  outGain=     0.55678 grad=  1.9811e-03
=== elite-11: smooth 600 ===
epoch=0 loss=0.578261
  shape=     0.17583 grad=  8.2038e+00
  pw=     0.48385 grad= -4.4736e+00
  fBase=    95.18214 grad= -5.2361e+00
  fAmt=     0.26962 grad=  2.3402e-03
  fDecay=     0.00732 grad=  9.0584e-04
  res=     5.18778 grad= -3.4023e-01
  attackTime=     0.00101 grad= -4.6291e-03
  decayTime=     0.36577 grad= -9.4059e-03
  sustain=     0.45252 grad= -2.1461e-02
  releaseTime=     0.02433 grad=  1.3390e-01
  drive=     2.77360 grad= -7.1974e-02
  outGain=     0.46519 grad= -2.9920e-02
epoch=200 loss=0.378880
  shape=     0.15022 grad=  9.0879e-01
  pw=     0.51279 grad= -1.0869e+00
  fBase=    96.69593 grad= -1.3251e+00
  fAmt=     0.05623 grad= -1.8037e-03
  fDecay=     0.00502 grad= -6.7761e-05
  res=     3.95861 grad= -5.6112e-02
  attackTime=     0.00301 grad= -1.1978e-04
  decayTime=     0.31647 grad= -2.2017e-02
  sustain=     0.44578 grad= -8.8528e-02
  releaseTime=     0.02140 grad=  2.8619e-03
  drive=     2.58449 grad= -1.3371e-01
  outGain=     0.48587 grad= -8.2914e-02
epoch=400 loss=0.375307
  shape=     0.15049 grad= -1.4457e-01
  pw=     0.51541 grad=  2.7287e-01
  fBase=    96.89246 grad=  2.9536e-01
  fAmt=     0.31732 grad= -6.8241e-04
  fDecay=     0.00548 grad=  1.9944e-05
  res=     3.77441 grad=  1.4631e-02
  attackTime=     0.00317 grad= -3.3339e-04
  decayTime=     0.28361 grad=  9.5982e-03
  sustain=     0.45439 grad=  7.7740e-03
  releaseTime=     0.02132 grad=  4.0786e-04
  drive=     2.67208 grad=  1.7338e-02
  outGain=     0.49886 grad=  1.9274e-04
epoch=599 loss=0.375447
  shape=     0.14939 grad=  7.2592e-02
  pw=     0.51526 grad= -1.2381e-01
  fBase=    96.87897 grad= -9.8312e-02
  fAmt=     0.37316 grad= -8.4344e-04
  fDecay=     0.00542 grad= -2.3174e-05
  res=     3.75825 grad=  4.9103e-03
  attackTime=     0.00325 grad= -2.2718e-04
  decayTime=     0.27379 grad=  2.9358e-03
  sustain=     0.45929 grad= -1.3668e-02
  releaseTime=     0.02125 grad=  3.8564e-05
  drive=     2.66591 grad= -5.3983e-03
  outGain=     0.50283 grad= -1.1012e-02
=== elite-11: production 800 ===
epoch=0 loss=0.801913
  shape=     0.14942 grad= -3.0338e+00
  pw=     0.51530 grad=  5.7192e+00
  fBase=    96.87080 grad=  2.3195e+00
  fAmt=     0.35647 grad=  3.2751e-05
  fDecay=     0.00543 grad=  3.6777e-04
  res=     3.75535 grad=  4.2061e-01
  attackTime=     0.00323 grad=  2.4872e-03
  decayTime=     0.27633 grad=  3.3620e-03
  sustain=     0.45809 grad= -3.0793e-02
  releaseTime=     0.02127 grad=  2.4831e-03
  drive=     2.66761 grad= -4.7440e-02
  outGain=     0.50188 grad= -1.8331e-01
epoch=200 loss=0.759045
  shape=     0.16524 grad=  2.3491e+00
  pw=     0.51479 grad= -3.3906e+00
  fBase=    97.81799 grad= -3.6969e+00
  fAmt=     1.03211 grad= -9.0836e-04
  fDecay=     0.00500 grad=  3.2677e-04
  res=     3.71516 grad= -6.2373e-02
  attackTime=     0.00259 grad= -2.4217e-05
  decayTime=     0.23968 grad= -5.4103e-02
  sustain=     0.46862 grad= -2.7790e-01
  releaseTime=     0.02091 grad=  2.6227e-03
  drive=     2.69380 grad= -2.3058e-01
  outGain=     0.55698 grad= -1.7038e-01
epoch=400 loss=0.758129
  shape=     0.16352 grad= -2.1472e+00
  pw=     0.51633 grad=  2.8524e+00
  fBase=    97.78455 grad=  6.6015e+00
  fAmt=     1.14936 grad= -1.6251e-03
  fDecay=     0.00500 grad= -7.1851e-05
  res=     3.66515 grad= -2.5068e-01
  attackTime=     0.00280 grad= -4.0604e-04
  decayTime=     0.23038 grad=  7.7857e-02
  sustain=     0.47205 grad=  3.4200e-01
  releaseTime=     0.02094 grad= -3.1362e-04
  drive=     2.74499 grad=  3.0358e-01
  outGain=     0.55802 grad=  2.2911e-01
epoch=600 loss=0.756966
  shape=     0.16630 grad=  3.4811e-01
  pw=     0.51571 grad= -5.7934e-01
  fBase=    97.85783 grad= -2.2347e+00
  fAmt=     0.99951 grad= -6.9184e-04
  fDecay=     0.00500 grad= -5.7757e-04
  res=     3.72688 grad=  1.9338e-01
  attackTime=     0.00272 grad=  1.5124e-04
  decayTime=     0.22755 grad= -2.9367e-02
  sustain=     0.47191 grad= -1.4471e-01
  releaseTime=     0.02095 grad=  1.0868e-03
  drive=     2.73266 grad= -1.0834e-01
  outGain=     0.55749 grad= -9.3509e-02
epoch=799 loss=0.757964
  shape=     0.16629 grad= -3.9612e-01
  pw=     0.51542 grad=  2.6243e+00
  fBase=    97.95923 grad=  4.8878e+00
  fAmt=     0.90389 grad=  3.6872e-03
  fDecay=     0.00502 grad=  2.0731e-03
  res=     3.72741 grad= -3.0886e-01
  attackTime=     0.00263 grad=  2.2376e-04
  decayTime=     0.22744 grad=  2.6024e-02
  sustain=     0.47279 grad=  1.1213e-01
  releaseTime=     0.02095 grad= -2.1520e-03
  drive=     2.72875 grad=  9.5578e-02
  outGain=     0.55804 grad=  7.2279e-02

=== summary (gate: finalLoss / coldBaseline <= 0.02) ===
elite-01: finalLoss=0.357990 ratio=14.3067% FAIL
elite-10: finalLoss=0.671282 ratio=26.8270% FAIL
elite-00: finalLoss=0.680764 ratio=27.2059% FAIL
elite-11: finalLoss=0.755429 ratio=30.1898% FAIL
elite-03: finalLoss=0.758847 ratio=30.3264% FAIL
elite-02: finalLoss=1.112783 ratio=44.4711% FAIL
elite-05: finalLoss=1.232924 ratio=49.2724% FAIL
elite-07: finalLoss=1.363929 ratio=54.5078% FAIL
elite-04: finalLoss=1.809380 ratio=72.3097% FAIL
elite-06: finalLoss=1.809627 ratio=72.3196% FAIL
elite-08: finalLoss=1.926648 ratio=76.9962% FAIL
elite-09: finalLoss=2.027184 ratio=81.0140% FAIL

best: elite-01 finalLoss=0.357990 ratio=14.3067%
