basin-search v2: round 0 uniform count=8192 searchSeed=10372713005375821582
  round 0 batch 8/32 best=0.108593 elapsed=1.6s
  round 0 batch 16/32 best=0.094155 elapsed=3.1s
  round 0 batch 24/32 best=0.094155 elapsed=4.8s
  round 0 batch 32/32 best=0.094155 elapsed=6.4s
round 1: resampling 7680 children (sigma=0.080 of span)
  round 1 batch 8/30 best=0.068328 elapsed=1.7s
  round 1 batch 16/30 best=0.068328 elapsed=3.5s
  round 1 batch 24/30 best=0.068328 elapsed=5.9s
  round 1 batch 30/30 best=0.068328 elapsed=7.7s
round 2: resampling 7680 children (sigma=0.040 of span)
  round 2 batch 8/30 best=0.056067 elapsed=2.1s
  round 2 batch 16/30 best=0.056067 elapsed=5.0s
  round 2 batch 24/30 best=0.056067 elapsed=7.1s
  round 2 batch 30/30 best=0.056067 elapsed=8.7s

stratified elites (post-resampling):
  fBase[60,120)/shape<0.5: score=0.091439 fBase=96.69 shape=0.4849 pw=0.6840 res=1.424 fAmt=239.2 fDecay=0.3543
  fBase[60,120)/shape>=0.5: score=0.063369 fBase=71.60 shape=0.7850 pw=0.6839 res=1.062 fAmt=181.7 fDecay=0.8807
  fBase[120,240)/shape<0.5: score=0.072108 fBase=171.16 shape=0.4896 pw=0.6588 res=1.431 fAmt=6.2 fDecay=1.5825
  fBase[120,240)/shape>=0.5: score=0.056067 fBase=179.46 shape=0.5490 pw=0.6536 res=1.264 fAmt=25.8 fDecay=0.2737
  fBase[240,480)/shape<0.5: score=0.087097 fBase=245.61 shape=0.4917 pw=0.7103 res=0.942 fAmt=50.3 fDecay=0.1942
  fBase[240,480)/shape>=0.5: score=0.067343 fBase=252.00 shape=0.7423 pw=0.6720 res=0.524 fAmt=9.9 fDecay=0.0393
  fBase[480,960)/shape<0.5: score=0.122672 fBase=481.75 shape=0.4749 pw=0.7987 res=0.509 fAmt=9.9 fDecay=0.3207
  fBase[480,960)/shape>=0.5: score=0.123807 fBase=499.98 shape=0.6121 pw=0.6641 res=0.501 fAmt=1095.0 fDecay=0.0511
  fBase[960,2000)/shape<0.5: score=0.165152 fBase=1012.73 shape=0.4693 pw=0.9410 res=0.501 fAmt=448.3 fDecay=0.1063
  fBase[960,2000)/shape>=0.5: score=0.175193 fBase=1032.47 shape=0.5008 pw=0.8676 res=0.501 fAmt=248.3 fDecay=0.1364

wrote 12 elites to /Users/alecresende/code/swift/dgen/output/schedule_spec_e3/seed-9/basin/elites
wrote /Users/alecresende/code/swift/dgen/output/schedule_spec_e3/seed-9/basin/basin_search_report.json
