basin-search v2: round 0 uniform count=8192 searchSeed=17418742259762174713
  round 0 batch 8/32 best=0.132825 elapsed=1.9s
  round 0 batch 16/32 best=0.132825 elapsed=4.1s
  round 0 batch 24/32 best=0.132825 elapsed=6.2s
  round 0 batch 32/32 best=0.132825 elapsed=8.3s
round 1: resampling 7680 children (sigma=0.080 of span)
  round 1 batch 8/30 best=0.208512 elapsed=2.2s
  round 1 batch 16/30 best=0.132750 elapsed=4.8s
  round 1 batch 24/30 best=0.098135 elapsed=7.6s
  round 1 batch 30/30 best=0.098135 elapsed=10.5s
round 2: resampling 7680 children (sigma=0.040 of span)
  round 2 batch 8/30 best=0.109771 elapsed=3.5s
  round 2 batch 16/30 best=0.099404 elapsed=6.8s
  round 2 batch 24/30 best=0.072938 elapsed=10.0s
  round 2 batch 30/30 best=0.065949 elapsed=12.5s

stratified elites (post-resampling):
  fBase[60,120)/shape<0.5: score=0.137575 fBase=90.15 shape=0.4570 pw=0.5529 res=0.673 fAmt=1169.3 fDecay=1.9881
  fBase[60,120)/shape>=0.5: score=0.125051 fBase=74.71 shape=0.6069 pw=0.5700 res=0.506 fAmt=1901.3 fDecay=0.8739
  fBase[120,240)/shape<0.5: score=0.129110 fBase=225.32 shape=0.4654 pw=0.5995 res=1.160 fAmt=1366.1 fDecay=0.9538
  fBase[120,240)/shape>=0.5: score=0.109771 fBase=206.88 shape=0.5461 pw=0.5709 res=1.173 fAmt=1356.8 fDecay=0.5655
  fBase[240,480)/shape<0.5: score=0.147264 fBase=241.39 shape=0.4575 pw=0.5671 res=1.092 fAmt=1232.5 fDecay=1.0243
  fBase[240,480)/shape>=0.5: score=0.085244 fBase=431.87 shape=0.5576 pw=0.5639 res=0.957 fAmt=718.1 fDecay=1.9881
  fBase[480,960)/shape<0.5: score=0.122249 fBase=942.68 shape=0.4352 pw=0.5384 res=1.113 fAmt=2.5 fDecay=0.1143
  fBase[480,960)/shape>=0.5: score=0.072938 fBase=848.91 shape=0.6167 pw=0.5675 res=1.512 fAmt=13.7 fDecay=0.0124
  fBase[960,2000)/shape<0.5: score=0.113277 fBase=1104.88 shape=0.4625 pw=0.6097 res=0.803 fAmt=17.7 fDecay=1.9881
  fBase[960,2000)/shape>=0.5: score=0.065949 fBase=1118.39 shape=0.6061 pw=0.5720 res=1.385 fAmt=6.0 fDecay=0.0391

wrote 12 elites to /Users/alecresende/code/swift/dgen/output/schedule_spec_e3/seed-8/basin/elites
wrote /Users/alecresende/code/swift/dgen/output/schedule_spec_e3/seed-8/basin/basin_search_report.json
