epoch=0 loss=1.618238
  shape=     0.99900 grad= -1.2342e+00
  pw=     0.45831 grad= -1.3547e+01
  fBase=    31.16904 grad= -2.9083e-01
  fAmt=   834.30627 grad= -1.1536e+00
  fDecay=     0.17184 grad= -1.8196e+00
  res=     1.57405 grad=  1.5837e-02
  attackTime=     0.00390 grad=  4.3684e-03
  decayTime=     0.88435 grad= -8.0847e-02
  sustain=     0.60578 grad= -2.5307e-01
  releaseTime=     0.02016 grad= -6.7987e-02
  drive=     6.64519 grad= -9.0801e-01
  outGain=     0.31515 grad= -1.2062e+00
  vco2Level=     0.25915 grad= -7.1201e-01
  vco2Detune=     0.43565 grad= -5.9541e-01
  satGain=     0.66607 grad= -9.8272e-01
  satBias=    -0.39920 grad=  2.5774e-01
  satA2=     0.50476 grad=  5.7933e-01
  satA3=     0.59716 grad= -7.5831e-01
  satA5=    -0.05546 grad= -8.6079e-01
  filtSat=     3.78021 grad=  6.4727e-02
epoch=10 loss=1.310522
  shape=     1.00000 grad=  3.2642e-01
  pw=     0.45905 grad=  7.8735e+00
  fBase=    34.14738 grad=  1.8434e-02
  fAmt=   913.08936 grad=  3.9017e-01
  fDecay=     0.18897 grad=  2.2656e-01
  res=     1.43002 grad=  1.8238e-02
  attackTime=     0.00414 grad= -1.4592e-02
  decayTime=     0.96633 grad=  9.8408e-03
  sustain=     0.63253 grad=  2.9908e-02
  releaseTime=     0.02220 grad= -2.8562e-02
  drive=     7.26859 grad=  1.3467e-01
  outGain=     0.32393 grad=  1.0750e-01
  vco2Level=     0.28896 grad= -1.1299e+00
  vco2Detune=     0.43997 grad= -6.5821e-01
  satGain=     0.72989 grad=  1.1316e-01
  satBias=    -0.40000 grad= -1.6489e-02
  satA2=     0.49568 grad= -1.3007e-01
  satA3=     0.60651 grad= -7.1335e-03
  satA5=    -0.04599 grad= -1.1096e-01
  filtSat=     3.69033 grad=  1.0242e-02
epoch=20 loss=1.269171
  shape=     0.99798 grad=  3.4493e-01
  pw=     0.45886 grad= -1.6804e+01
  fBase=    34.94386 grad=  3.1662e-02
  fAmt=   899.65009 grad=  4.0379e-01
  fDecay=     0.19047 grad=  3.0436e-01
  res=     1.28610 grad=  2.1585e-02
  attackTime=     0.00459 grad= -1.1206e-03
  decayTime=     0.97778 grad=  1.3892e-02
  sustain=     0.63628 grad=  4.4227e-02
  releaseTime=     0.02349 grad=  2.5724e-03
  drive=     7.32904 grad=  1.7273e-01
  outGain=     0.32557 grad=  1.3609e-01
  vco2Level=     0.32072 grad= -9.9660e-01
  vco2Detune=     0.44420 grad= -7.9492e-01
  satGain=     0.74116 grad=  1.3306e-01
  satBias=    -0.40000 grad= -4.1710e-02
  satA2=     0.49401 grad= -1.5031e-01
  satA3=     0.61096 grad=  2.6079e-02
  satA5=    -0.04043 grad= -5.2746e-02
  filtSat=     3.63751 grad=  2.9898e-03
epoch=30 loss=1.203376
  shape=     0.99471 grad= -1.4443e-01
  pw=     0.45828 grad=  7.1180e-01
  fBase=    34.85629 grad= -5.8114e-02
  fAmt=   856.15375 grad=  4.5201e-02
  fDecay=     0.18598 grad= -3.1382e-01
  res=     1.15528 grad=  2.2978e-02
  attackTime=     0.00507 grad= -9.1668e-03
  decayTime=     0.96146 grad= -1.1499e-02
  sustain=     0.63139 grad= -3.8548e-02
  releaseTime=     0.02396 grad=  6.1921e-03
  drive=     7.17332 grad= -1.5018e-01
  outGain=     0.32511 grad= -3.1937e-01
  vco2Level=     0.35262 grad= -1.2616e+00
  vco2Detune=     0.44880 grad=  7.5174e-01
  satGain=     0.73459 grad= -1.9478e-01
  satBias=    -0.39869 grad=  1.6292e-01
  satA2=     0.49728 grad=  7.5513e-02
  satA3=     0.61126 grad= -2.9375e-01
  satA5=    -0.03819 grad= -5.2229e-01
  filtSat=     3.59919 grad=  3.6739e-02
epoch=40 loss=1.148905
  shape=     0.99597 grad= -6.4265e-02
  pw=     0.45766 grad= -8.4354e-01
  fBase=    35.90027 grad= -2.0598e-02
  fAmt=   835.33734 grad=  1.8414e-02
  fDecay=     0.19006 grad= -7.5916e-02
  res=     1.03714 grad=  2.1238e-02
  attackTime=     0.00553 grad= -8.5325e-03
  decayTime=     0.97351 grad= -1.2155e-04
  sustain=     0.63559 grad= -2.5315e-04
  releaseTime=     0.02391 grad=  2.0968e-03
  drive=     7.27614 grad= -3.2704e-02
  outGain=     0.32915 grad= -1.4269e-01
  vco2Level=     0.38411 grad= -7.0467e-01
  vco2Detune=     0.44993 grad= -1.7601e-01
  satGain=     0.75512 grad= -1.1715e-01
  satBias=    -0.39810 grad= -4.4457e-02
  satA2=     0.49940 grad= -4.3754e-02
  satA3=     0.61304 grad= -7.5758e-02
  satA5=    -0.03401 grad= -1.6238e-01
  filtSat=     3.51655 grad=  7.3627e-03
epoch=50 loss=1.125855
  shape=     0.99728 grad=  1.0074e-01
  pw=     0.45767 grad= -3.0661e+00
  fBase=    36.67399 grad=  1.2618e-02
  fAmt=   820.67328 grad=  1.0298e-01
  fDecay=     0.19278 grad=  1.2540e-01
  res=     0.93328 grad=  2.0020e-02
  attackTime=     0.00603 grad= -1.0422e-02
  decayTime=     0.97515 grad=  9.1891e-03
  sustain=     0.63618 grad=  3.0993e-02
  releaseTime=     0.02368 grad=  6.6056e-03
  drive=     7.33803 grad=  7.9585e-02
  outGain=     0.33278 grad=  1.9410e-02
  vco2Level=     0.41151 grad= -3.8987e-01
  vco2Detune=     0.45059 grad= -1.3110e-01
  satGain=     0.77634 grad=  3.7384e-03
  satBias=    -0.39722 grad= -5.9568e-02
  satA2=     0.50119 grad= -7.5633e-02
  satA3=     0.61484 grad=  1.3899e-02
  satA5=    -0.03014 grad=  4.0922e-03
  filtSat=     3.46514 grad= -8.9112e-03
epoch=60 loss=1.116607
  shape=     0.99691 grad= -2.4795e-02
  pw=     0.45792 grad= -4.2779e+00
  fBase=    36.78588 grad= -1.3898e-02
  fAmt=   807.31592 grad= -8.7850e-02
  fDecay=     0.19126 grad= -3.2822e-02
  res=     0.84694 grad=  1.3221e-02
  attackTime=     0.00660 grad= -9.6682e-03
  decayTime=     0.95435 grad=  3.6383e-03
  sustain=     0.62934 grad=  1.2567e-02
  releaseTime=     0.02331 grad= -2.4962e-03
  drive=     7.25584 grad=  8.9053e-04
  outGain=     0.33425 grad= -5.9814e-02
  vco2Level=     0.43028 grad= -6.3154e-02
  vco2Detune=     0.45116 grad=  8.9074e-02
  satGain=     0.78813 grad= -9.1280e-02
  satBias=    -0.39602 grad=  1.2630e-02
  satA2=     0.50303 grad=  2.3806e-02
  satA3=     0.61562 grad= -5.5428e-02
  satA5=    -0.02822 grad= -4.6204e-02
  filtSat=     3.47359 grad= -1.3277e-02
epoch=70 loss=1.111908
  shape=     0.99686 grad=  6.2223e-02
  pw=     0.45800 grad=  3.8813e+00
  fBase=    37.09481 grad= -7.1107e-04
  fAmt=   811.11133 grad= -2.0912e-02
  fDecay=     0.19070 grad=  5.9764e-02
  res=     0.78451 grad=  8.4321e-03
  attackTime=     0.00719 grad= -6.6420e-03
  decayTime=     0.93323 grad=  6.6067e-03
  sustain=     0.62222 grad=  2.1726e-02
  releaseTime=     0.02326 grad= -5.1936e-03
  drive=     7.20370 grad=  2.7104e-02
  outGain=     0.33571 grad= -5.0818e-03
  vco2Level=     0.43953 grad= -1.2595e-02
  vco2Detune=     0.45127 grad=  4.7458e-03
  satGain=     0.80589 grad= -2.5943e-02
  satBias=    -0.39557 grad= -1.3144e-02
  satA2=     0.50353 grad= -7.9153e-03
  satA3=     0.61668 grad= -4.5161e-03
  satA5=    -0.02700 grad=  2.9541e-02
  filtSat=     3.51502 grad= -9.9862e-03
epoch=80 loss=1.108727
  shape=     0.99585 grad=  4.2863e-02
  pw=     0.45780 grad= -2.9725e+00
  fBase=    37.27755 grad= -7.9743e-03
  fAmt=   815.04828 grad= -2.0715e-02
  fDecay=     0.18881 grad=  1.8737e-02
  res=     0.73786 grad=  1.2889e-02
  attackTime=     0.00772 grad= -4.0674e-03
  decayTime=     0.90703 grad=  4.7384e-03
  sustain=     0.61337 grad=  1.5051e-02
  releaseTime=     0.02349 grad= -5.9289e-03
  drive=     7.13339 grad=  1.8067e-02
  outGain=     0.33650 grad= -2.5463e-02
  vco2Level=     0.44425 grad= -5.0176e-02
  vco2Detune=     0.45119 grad=  3.6803e-02
  satGain=     0.81806 grad= -3.1297e-02
  satBias=    -0.39498 grad= -5.2276e-02
  satA2=     0.50403 grad= -2.9507e-02
  satA3=     0.61715 grad=  1.5163e-02
  satA5=    -0.02692 grad=  4.8858e-02
  filtSat=     3.55986 grad= -7.6682e-03
epoch=90 loss=1.106220
  shape=     0.99462 grad=  6.2478e-02
  pw=     0.45779 grad= -1.2381e+00
  fBase=    37.63694 grad= -8.7483e-03
  fAmt=   820.74811 grad= -1.7012e-02
  fDecay=     0.18761 grad=  1.4507e-02
  res=     0.69837 grad=  1.0949e-02
  attackTime=     0.00808 grad= -6.1365e-04
  decayTime=     0.88361 grad=  4.5868e-03
  sustain=     0.60542 grad=  1.4219e-02
  releaseTime=     0.02384 grad= -1.3121e-03
  drive=     7.08293 grad=  1.2914e-02
  outGain=     0.33735 grad= -2.1803e-02
  vco2Level=     0.44655 grad=  3.9086e-03
  vco2Detune=     0.45073 grad=  2.8850e-02
  satGain=     0.82935 grad= -2.3143e-02
  satBias=    -0.39356 grad= -3.4125e-02
  satA2=     0.50493 grad= -1.7979e-02
  satA3=     0.61692 grad=  1.2087e-02
  satA5=    -0.02795 grad=  5.6856e-02
  filtSat=     3.60001 grad= -6.1402e-03
epoch=100 loss=1.104543
  shape=     0.99275 grad=  7.9095e-02
  pw=     0.45774 grad= -1.4586e+00
  fBase=    38.10728 grad= -7.8947e-03
  fAmt=   825.98401 grad= -1.0952e-03
  fDecay=     0.18676 grad=  2.0639e-02
  res=     0.66038 grad=  8.9959e-03
  attackTime=     0.00824 grad=  1.9479e-03
  decayTime=     0.86111 grad=  4.6409e-03
  sustain=     0.59782 grad=  1.4052e-02
  releaseTime=     0.02399 grad=  2.0696e-04
  drive=     7.03821 grad=  9.8421e-03
  outGain=     0.33815 grad= -1.7195e-02
  vco2Level=     0.44690 grad= -6.8530e-03
  vco2Detune=     0.45054 grad=  6.5058e-02
  satGain=     0.83871 grad= -1.2073e-02
  satBias=    -0.39292 grad= -3.3953e-02
  satA2=     0.50528 grad= -2.1945e-02
  satA3=     0.61696 grad=  1.6846e-02
  satA5=    -0.02892 grad=  5.9180e-02
  filtSat=     3.63662 grad= -3.1419e-03
epoch=110 loss=1.105972
  shape=     0.98996 grad=  1.6960e-01
  pw=     0.45818 grad=  2.1229e+01
  fBase=    38.74404 grad= -9.6630e-03
  fAmt=   830.62610 grad= -6.1623e-03
  fDecay=     0.18654 grad=  2.8296e-02
  res=     0.63143 grad=  2.3660e-03
  attackTime=     0.00819 grad=  2.2717e-03
  decayTime=     0.84027 grad=  5.0362e-03
  sustain=     0.59092 grad=  1.4122e-02
  releaseTime=     0.02384 grad=  7.7583e-03
  drive=     7.00092 grad=  8.5033e-03
  outGain=     0.33876 grad=  4.0995e-04
  vco2Level=     0.44443 grad=  5.9883e-02
  vco2Detune=     0.45031 grad=  3.2727e-01
  satGain=     0.84567 grad= -8.2288e-03
  satBias=    -0.39341 grad=  3.4209e-01
  satA2=     0.50446 grad=  1.8964e-01
  satA3=     0.61778 grad= -2.1929e-01
  satA5=    -0.02949 grad= -2.8982e-01
  filtSat=     3.67055 grad= -2.7845e-03
epoch=120 loss=1.102330
  shape=     0.98687 grad=  6.1135e-02
  pw=     0.45798 grad=  6.2778e+00
  fBase=    39.30491 grad= -1.2655e-02
  fAmt=   831.98383 grad= -1.1973e-02
  fDecay=     0.18575 grad= -8.2949e-03
  res=     0.61110 grad=  3.6257e-03
  attackTime=     0.00800 grad=  3.5208e-03
  decayTime=     0.81785 grad=  3.2206e-03
  sustain=     0.58342 grad=  9.3190e-03
  releaseTime=     0.02380 grad= -3.8758e-03
  drive=     6.96671 grad= -9.5733e-03
  outGain=     0.33911 grad= -2.6933e-02
  vco2Level=     0.44280 grad= -4.3175e-02
  vco2Detune=     0.45034 grad= -4.8617e-02
  satGain=     0.84929 grad= -2.3458e-02
  satBias=    -0.39339 grad= -3.5745e-02
  satA2=     0.50430 grad= -2.1917e-02
  satA3=     0.61798 grad=  1.0215e-02
  satA5=    -0.03054 grad=  4.3215e-02
  filtSat=     3.69221 grad=  1.0522e-03
epoch=130 loss=1.101142
  shape=     0.98430 grad=  8.6704e-02
  pw=     0.45783 grad= -1.3095e+00
  fBase=    39.97778 grad= -8.3973e-03
  fAmt=   833.37756 grad=  9.1999e-03
  fDecay=     0.18554 grad=  1.2627e-02
  res=     0.59369 grad=  5.6095e-03
  attackTime=     0.00776 grad=  1.6037e-03
  decayTime=     0.79873 grad=  4.3791e-03
  sustain=     0.57692 grad=  1.2663e-02
  releaseTime=     0.02398 grad= -9.6171e-05
  drive=     6.96514 grad=  5.0354e-03
  outGain=     0.33983 grad= -1.1271e-02
  vco2Level=     0.44368 grad= -3.6916e-02
  vco2Detune=     0.45027 grad=  1.8066e-02
  satGain=     0.85508 grad= -5.5541e-03
  satBias=    -0.39262 grad= -1.4467e-02
  satA2=     0.50486 grad= -1.5960e-02
  satA3=     0.61779 grad=  6.0892e-03
  satA5=    -0.03175 grad=  3.9280e-02
  filtSat=     3.69736 grad=  1.6571e-04
epoch=140 loss=1.100322
  shape=     0.98140 grad=  8.7764e-02
  pw=     0.45788 grad=  6.4537e-01
  fBase=    40.63839 grad= -1.1360e-02
  fAmt=   833.48700 grad= -1.0298e-02
  fDecay=     0.18520 grad= -3.3387e-03
  res=     0.57876 grad=  4.7623e-04
  attackTime=     0.00759 grad=  3.0496e-04
  decayTime=     0.77912 grad=  3.6998e-03
  sustain=     0.57016 grad=  1.0534e-02
  releaseTime=     0.02402 grad=  1.2336e-03
  drive=     6.95989 grad= -1.6682e-03
  outGain=     0.34041 grad= -9.6789e-03
  vco2Level=     0.44475 grad=  2.0671e-02
  vco2Detune=     0.45033 grad=  4.5491e-02
  satGain=     0.85951 grad= -1.2086e-02
  satBias=    -0.39256 grad=  6.0435e-03
  satA2=     0.50508 grad=  1.9459e-03
  satA3=     0.61795 grad= -5.7269e-03
  satA5=    -0.03253 grad=  3.5239e-02
  filtSat=     3.69878 grad= -5.7072e-04
epoch=150 loss=1.099577
  shape=     0.97843 grad=  9.1278e-02
  pw=     0.45786 grad=  1.1322e+00
  fBase=    41.33432 grad= -1.1326e-02
  fAmt=   834.13623 grad= -9.3345e-03
  fDecay=     0.18497 grad= -2.0867e-03
  res=     0.56822 grad=  1.0666e-03
  attackTime=     0.00751 grad= -6.8457e-05
  decayTime=     0.76024 grad=  3.7307e-03
  sustain=     0.56354 grad=  1.0416e-02
  releaseTime=     0.02397 grad=  1.4954e-03
  drive=     6.95681 grad= -1.5310e-03
  outGain=     0.34092 grad= -1.0351e-02
  vco2Level=     0.44491 grad=  2.2692e-02
  vco2Detune=     0.45031 grad= -5.5444e-03
  satGain=     0.86348 grad= -1.1430e-02
  satBias=    -0.39239 grad=  3.4071e-02
  satA2=     0.50535 grad=  1.7356e-02
  satA3=     0.61795 grad= -2.3663e-02
  satA5=    -0.03366 grad=  9.4222e-03
  filtSat=     3.70037 grad= -4.1184e-04
epoch=160 loss=1.098687
  shape=     0.97540 grad=  8.5765e-02
  pw=     0.45778 grad= -6.1908e-01
  fBase=    42.04085 grad= -9.2632e-03
  fAmt=   834.36725 grad=  1.4223e-02
  fDecay=     0.18468 grad=  1.2509e-02
  res=     0.55678 grad=  7.4733e-03
  attackTime=     0.00748 grad=  1.8652e-04
  decayTime=     0.74161 grad=  3.9137e-03
  sustain=     0.55694 grad=  1.0608e-02
  releaseTime=     0.02390 grad= -8.7891e-05
  drive=     6.95337 grad=  1.9974e-03
  outGain=     0.34145 grad= -1.8316e-02
  vco2Level=     0.44492 grad= -3.8262e-02
  vco2Detune=     0.45065 grad=  3.2968e-02
  satGain=     0.86698 grad= -3.8557e-03
  satBias=    -0.39236 grad= -2.1100e-02
  satA2=     0.50557 grad= -2.1114e-02
  satA3=     0.61800 grad=  1.1563e-02
  satA5=    -0.03476 grad=  4.7195e-02
  filtSat=     3.70078 grad=  1.4513e-03
epoch=170 loss=1.098391
  shape=     0.97240 grad=  5.2719e-02
  pw=     0.45766 grad= -8.8925e+00
  fBase=    42.81187 grad= -1.0969e-02
  fAmt=   833.63544 grad= -6.7772e-03
  fDecay=     0.18442 grad= -2.3234e-03
  res=     0.54056 grad=  2.7803e-03
  attackTime=     0.00746 grad= -1.6437e-04
  decayTime=     0.72448 grad=  3.0544e-03
  sustain=     0.55091 grad=  8.3447e-03
  releaseTime=     0.02385 grad= -1.8205e-04
  drive=     6.95630 grad= -8.4075e-03
  outGain=     0.34220 grad= -2.4857e-02
  vco2Level=     0.44556 grad= -1.0955e-02
  vco2Detune=     0.45065 grad= -5.7827e-02
  satGain=     0.87063 grad= -1.5835e-02
  satBias=    -0.39239 grad= -8.2380e-02
  satA2=     0.50578 grad= -4.9775e-02
  satA3=     0.61813 grad=  4.8175e-02
  satA5=    -0.03568 grad=  1.0245e-01
  filtSat=     3.69645 grad=  1.3907e-03
epoch=180 loss=1.097056
  shape=     0.96942 grad=  7.8519e-02
  pw=     0.45777 grad= -1.3801e+00
  fBase=    43.62908 grad= -7.4261e-03
  fAmt=   834.09363 grad=  4.0509e-03
  fDecay=     0.18425 grad=  1.6463e-02
  res=     0.52958 grad=  1.5245e-03
  attackTime=     0.00746 grad= -1.6731e-04
  decayTime=     0.70821 grad=  4.3418e-03
  sustain=     0.54516 grad=  1.1867e-02
  releaseTime=     0.02376 grad=  1.0471e-04
  drive=     6.96725 grad=  1.7993e-04
  outGain=     0.34297 grad= -9.7386e-03
  vco2Level=     0.44534 grad=  2.1065e-03
  vco2Detune=     0.45064 grad=  2.9981e-02
  satGain=     0.87466 grad= -3.1096e-03
  satBias=    -0.39246 grad= -4.9963e-02
  satA2=     0.50591 grad= -3.4984e-02
  satA3=     0.61825 grad=  3.5312e-02
  satA5=    -0.03670 grad=  9.0217e-02
  filtSat=     3.69188 grad=  9.7440e-04
epoch=190 loss=1.096376
  shape=     0.96642 grad=  8.8290e-02
  pw=     0.45784 grad=  2.4256e+00
  fBase=    44.37751 grad= -1.0963e-02
  fAmt=   834.59711 grad= -7.2445e-03
  fDecay=     0.18378 grad=  2.6133e-03
  res=     0.52356 grad=  6.3387e-04
  attackTime=     0.00747 grad= -1.1854e-04
  decayTime=     0.69086 grad=  3.7554e-03
  sustain=     0.53888 grad=  9.7925e-03
  releaseTime=     0.02369 grad=  9.2641e-04
  drive=     6.97585 grad= -4.8847e-03
  outGain=     0.34357 grad= -1.3571e-02
  vco2Level=     0.44476 grad=  1.4660e-02
  vco2Detune=     0.45065 grad= -1.8252e-02
  satGain=     0.87782 grad= -1.0299e-02
  satBias=    -0.39240 grad=  5.1252e-02
  satA2=     0.50615 grad=  2.6423e-02
  satA3=     0.61820 grad= -3.5624e-02
  satA5=    -0.03796 grad= -1.1141e-02
  filtSat=     3.68715 grad=  9.3680e-04
epoch=200 loss=1.095314
  shape=     0.96341 grad=  1.0142e-01
  pw=     0.45774 grad= -2.5254e+00
  fBase=    45.30860 grad= -1.5945e-02
  fAmt=   835.73462 grad=  1.0666e-02
  fDecay=     0.18370 grad= -1.7147e-03
  res=     0.52018 grad=  1.3366e-03
  attackTime=     0.00748 grad=  5.7929e-05
  decayTime=     0.67335 grad=  5.8714e-03
  sustain=     0.53240 grad=  1.6001e-02
  releaseTime=     0.02387 grad= -8.3275e-03
  drive=     6.98630 grad=  7.9991e-03
  outGain=     0.34415 grad= -1.9591e-03
  vco2Level=     0.44364 grad=  4.7825e-02
  vco2Detune=     0.45065 grad=  3.1899e-02
  satGain=     0.88166 grad= -7.3620e-04
  satBias=    -0.39290 grad=  5.1336e-03
  satA2=     0.50595 grad= -1.5934e-03
  satA3=     0.61853 grad=  4.2657e-03
  satA5=    -0.03887 grad=  5.7420e-02
  filtSat=     3.68466 grad= -1.7084e-03
epoch=210 loss=1.094074
  shape=     0.96007 grad=  8.5705e-02
  pw=     0.45785 grad=  1.3980e+00
  fBase=    46.42195 grad= -1.4612e-02
  fAmt=   834.66003 grad= -3.5776e-03
  fDecay=     0.18375 grad= -8.6403e-03
  res=     0.51626 grad=  1.6542e-03
  attackTime=     0.00747 grad=  1.0698e-03
  decayTime=     0.65164 grad=  5.6469e-03
  sustain=     0.52399 grad=  1.5711e-02
  releaseTime=     0.02429 grad=  2.7940e-03
  drive=     6.97356 grad= -4.0850e-04
  outGain=     0.34446 grad= -1.3153e-02
  vco2Level=     0.44162 grad=  2.7290e-02
  vco2Detune=     0.45069 grad= -7.8798e-02
  satGain=     0.88369 grad= -1.2113e-02
  satBias=    -0.39344 grad=  2.2058e-02
  satA2=     0.50574 grad=  1.0514e-02
  satA3=     0.61874 grad= -1.4505e-02
  satA5=    -0.04011 grad=  2.8424e-02
  filtSat=     3.69017 grad= -8.6439e-04
epoch=220 loss=1.092972
  shape=     0.95702 grad=  8.1051e-02
  pw=     0.45783 grad= -5.0564e-01
  fBase=    47.53612 grad= -1.1297e-02
  fAmt=   834.08368 grad=  6.7776e-03
  fDecay=     0.18397 grad=  3.0995e-03
  res=     0.51066 grad=  2.9975e-03
  attackTime=     0.00741 grad=  1.2703e-03
  decayTime=     0.62918 grad=  6.3768e-03
  sustain=     0.51478 grad=  1.7827e-02
  releaseTime=     0.02430 grad=  3.4738e-03
  drive=     6.96798 grad=  1.1235e-03
  outGain=     0.34494 grad= -1.3567e-02
  vco2Level=     0.44039 grad= -6.0504e-03
  vco2Detune=     0.45081 grad=  3.5326e-02
  satGain=     0.88729 grad= -7.7953e-03
  satBias=    -0.39386 grad= -3.2951e-03
  satA2=     0.50562 grad= -7.8747e-03
  satA3=     0.61896 grad=  2.4333e-03
  satA5=    -0.04128 grad=  4.5192e-02
  filtSat=     3.69418 grad=  2.1948e-04
epoch=230 loss=1.091904
  shape=     0.95416 grad=  7.5240e-02
  pw=     0.45785 grad= -5.2306e-01
  fBase=    48.57206 grad= -1.2246e-02
  fAmt=   833.37158 grad=  2.2840e-03
  fDecay=     0.18406 grad= -3.2776e-04
  res=     0.50387 grad=  2.1718e-03
  attackTime=     0.00732 grad=  9.4345e-04
  decayTime=     0.60621 grad=  6.0807e-03
  sustain=     0.50496 grad=  1.6766e-02
  releaseTime=     0.02410 grad=  7.2600e-05
  drive=     6.96641 grad= -2.4270e-03
  outGain=     0.34553 grad= -1.6302e-02
  vco2Level=     0.43986 grad=  8.3485e-04
  vco2Detune=     0.45088 grad=  3.1710e-02
  satGain=     0.89128 grad= -1.0362e-02
  satBias=    -0.39406 grad= -3.4916e-03
  satA2=     0.50566 grad= -6.4052e-03
  satA3=     0.61908 grad=  2.0660e-03
  satA5=    -0.04248 grad=  4.5276e-02
  filtSat=     3.69561 grad=  4.9146e-04
epoch=240 loss=1.090886
  shape=     0.95146 grad=  8.1172e-02
  pw=     0.45789 grad= -2.0427e-01
  fBase=    49.59948 grad= -1.1663e-02
  fAmt=   832.94995 grad=  5.5726e-03
  fDecay=     0.18413 grad=  2.9172e-03
  res=     0.50000 grad=  2.2457e-03
  attackTime=     0.00724 grad=  4.1076e-04
  decayTime=     0.58409 grad=  6.3863e-03
  sustain=     0.49519 grad=  1.7306e-02
  releaseTime=     0.02402 grad= -9.4276e-04
  drive=     6.97126 grad= -8.9645e-04
  outGain=     0.34618 grad= -1.3764e-02
  vco2Level=     0.43947 grad=  6.9027e-04
  vco2Detune=     0.45095 grad= -7.6729e-03
  satGain=     0.89559 grad= -7.2160e-03
  satBias=    -0.39417 grad=  5.7196e-03
  satA2=     0.50576 grad= -1.8562e-03
  satA3=     0.61915 grad= -2.7231e-03
  satA5=    -0.04370 grad=  3.6547e-02
  filtSat=     3.69500 grad=  5.7515e-04
epoch=250 loss=1.089910
  shape=     0.94878 grad=  8.0286e-02
  pw=     0.45792 grad=  6.3738e-03
  fBase=    50.61268 grad= -1.2630e-02
  fAmt=   832.09064 grad=  4.1676e-03
  fDecay=     0.18412 grad= -1.3302e-03
  res=     0.50000 grad=  2.8375e-03
  attackTime=     0.00719 grad=  2.7888e-05
  decayTime=     0.56276 grad=  6.1296e-03
  sustain=     0.48552 grad=  1.6395e-02
  releaseTime=     0.02404 grad= -3.8671e-04
  drive=     6.97697 grad= -2.5964e-03
  outGain=     0.34682 grad= -1.6577e-02
  vco2Level=     0.43923 grad= -5.3667e-04
  vco2Detune=     0.45109 grad= -2.1696e-02
  satGain=     0.89942 grad= -9.0099e-03
  satBias=    -0.39441 grad=  1.1348e-02
  satA2=     0.50579 grad=  2.3291e-03
  satA3=     0.61930 grad= -7.9274e-03
  satA5=    -0.04476 grad=  2.6947e-02
  filtSat=     3.69279 grad=  6.9748e-04
epoch=260 loss=1.088459
  shape=     0.94611 grad=  1.0214e-01
  pw=     0.45787 grad= -6.4602e-02
  fBase=    51.63663 grad= -9.8370e-03
  fAmt=   830.70941 grad=  2.5014e-02
  fDecay=     0.18412 grad=  1.5104e-02
  res=     0.50000 grad=  9.6965e-03
  attackTime=     0.00717 grad= -1.2043e-04
  decayTime=     0.54265 grad=  6.7192e-03
  sustain=     0.47616 grad=  1.7580e-02
  releaseTime=     0.02407 grad= -4.9472e-04
  drive=     6.98402 grad=  1.8151e-03
  outGain=     0.34752 grad= -2.1246e-02
  vco2Level=     0.43921 grad= -3.5264e-02
  vco2Detune=     0.45163 grad= -9.2529e-01
  satGain=     0.90300 grad= -2.2572e-04
  satBias=    -0.39473 grad= -3.3271e-03
  satA2=     0.50576 grad= -1.3611e-02
  satA3=     0.61951 grad=  3.6875e-03
  satA5=    -0.04566 grad=  3.8867e-02
  filtSat=     3.68901 grad=  2.3545e-03
epoch=270 loss=1.075872
  shape=     0.94338 grad=  9.2707e-02
  pw=     0.45807 grad=  1.0211e+00
  fBase=    52.70732 grad= -1.7199e-02
  fAmt=   828.13275 grad= -4.1752e-03
  fDecay=     0.18416 grad= -1.3218e-02
  res=     0.50000 grad= -3.0182e-03
  attackTime=     0.00716 grad=  7.8915e-04
  decayTime=     0.52505 grad=  3.6036e-03
  sustain=     0.46780 grad=  9.0655e-03
  releaseTime=     0.02410 grad=  2.4487e-03
  drive=     7.00133 grad= -2.3066e-02
  outGain=     0.34847 grad= -3.0427e-02
  vco2Level=     0.43967 grad= -1.4093e-02
  vco2Detune=     0.45602 grad= -8.2888e-01
  satGain=     0.90654 grad= -2.1773e-02
  satBias=    -0.39489 grad=  7.6284e-02
  satA2=     0.50590 grad=  4.3714e-02
  satA3=     0.61964 grad= -6.3368e-02
  satA5=    -0.04657 grad= -5.3966e-02
  filtSat=     3.67849 grad=  4.7663e-03
epoch=280 loss=1.063604
  shape=     0.94073 grad=  3.9489e-02
  pw=     0.45809 grad= -2.1306e+00
  fBase=    53.81716 grad= -2.1896e-02
  fAmt=   823.82428 grad= -1.0441e-03
  fDecay=     0.18412 grad= -4.0231e-02
  res=     0.50000 grad= -1.6086e-03
  attackTime=     0.00712 grad=  1.1938e-03
  decayTime=     0.50989 grad=  2.7566e-03
  sustain=     0.46050 grad=  6.1065e-03
  releaseTime=     0.02401 grad=  1.4686e-03
  drive=     7.04131 grad= -1.8154e-02
  outGain=     0.34952 grad= -2.6133e-02
  vco2Level=     0.44150 grad=  7.6673e-02
  vco2Detune=     0.46136 grad= -7.9026e-01
  satGain=     0.91009 grad= -1.5877e-02
  satBias=    -0.39506 grad= -1.5308e-01
  satA2=     0.50607 grad= -8.5478e-02
  satA3=     0.61991 grad=  1.1167e-01
  satA5=    -0.04706 grad=  1.9378e-01
  filtSat=     3.65434 grad=  1.1048e-03
epoch=290 loss=1.047003
  shape=     0.93892 grad=  1.6701e-02
  pw=     0.45823 grad=  1.0142e+01
  fBase=    55.03392 grad= -8.1694e-03
  fAmt=   817.67047 grad=  3.2841e-02
  fDecay=     0.18456 grad=  1.0206e-02
  res=     0.50000 grad=  4.1164e-03
  attackTime=     0.00706 grad= -2.6592e-04
  decayTime=     0.49670 grad=  7.2387e-03
  sustain=     0.45419 grad=  2.0147e-02
  releaseTime=     0.02394 grad= -3.7349e-03
  drive=     7.08147 grad= -1.0048e-02
  outGain=     0.35048 grad= -2.8709e-02
  vco2Level=     0.44290 grad= -1.9575e-01
  vco2Detune=     0.46726 grad= -1.3246e+00
  satGain=     0.91290 grad= -1.3944e-02
  satBias=    -0.39231 grad= -1.5729e-01
  satA2=     0.50861 grad= -1.0926e-01
  satA3=     0.61772 grad=  8.9295e-02
  satA5=    -0.04985 grad=  1.0314e-01
  filtSat=     3.63134 grad=  6.5060e-03
epoch=300 loss=1.025272
  shape=     0.93724 grad=  1.7083e-02
  pw=     0.45806 grad=  2.2301e+00
  fBase=    55.95024 grad= -2.0034e-02
  fAmt=   809.96393 grad= -6.8795e-03
  fDecay=     0.18444 grad= -3.0619e-02
  res=     0.50000 grad=  4.6635e-03
  attackTime=     0.00701 grad=  3.0878e-04
  decayTime=     0.47937 grad=  3.9114e-03
  sustain=     0.44490 grad=  1.2114e-02
  releaseTime=     0.02414 grad= -1.2422e-03
  drive=     7.11989 grad= -3.3304e-02
  outGain=     0.35169 grad= -5.7986e-02
  vco2Level=     0.44902 grad= -1.6549e-01
  vco2Detune=     0.47305 grad= -7.5988e-01
  satGain=     0.91501 grad= -3.8477e-02
  satBias=    -0.39047 grad=  3.8030e-02
  satA2=     0.51032 grad=  2.3333e-02
  satA3=     0.61665 grad= -6.5110e-02
  satA5=    -0.05098 grad= -1.0616e-01
  filtSat=     3.59867 grad=  7.4259e-03
epoch=310 loss=1.004666
  shape=     0.93550 grad=  6.8504e-02
  pw=     0.45807 grad= -5.3306e+00
  fBase=    57.05172 grad= -3.3615e-03
  fAmt=   805.88300 grad=  3.7903e-02
  fDecay=     0.18465 grad=  3.2866e-02
  res=     0.50000 grad=  4.7827e-03
  attackTime=     0.00704 grad= -3.1577e-03
  decayTime=     0.46266 grad=  9.7075e-03
  sustain=     0.43527 grad=  2.7453e-02
  releaseTime=     0.02428 grad=  8.7555e-04
  drive=     7.17608 grad= -1.4971e-04
  outGain=     0.35333 grad= -1.4310e-02
  vco2Level=     0.45709 grad= -1.2140e-01
  vco2Detune=     0.47826 grad= -2.0742e+00
  satGain=     0.92030 grad= -3.4909e-03
  satBias=    -0.39223 grad= -1.2002e-01
  satA2=     0.50885 grad= -9.0670e-02
  satA3=     0.61893 grad=  7.8650e-02
  satA5=    -0.04860 grad=  1.3011e-01
  filtSat=     3.56289 grad=  4.9985e-03
epoch=320 loss=0.998205
  shape=     0.93410 grad=  6.4446e-02
  pw=     0.45830 grad=  1.6019e+01
  fBase=    58.02514 grad= -1.3776e-02
  fAmt=   802.44257 grad= -3.6748e-02
  fDecay=     0.18453 grad=  4.3298e-04
  res=     0.50071 grad= -1.3250e-02
  attackTime=     0.00723 grad= -1.3375e-02
  decayTime=     0.44576 grad=  7.3222e-03
  sustain=     0.42503 grad=  2.1848e-02
  releaseTime=     0.02429 grad=  4.2059e-04
  drive=     7.20970 grad= -1.2779e-02
  outGain=     0.35432 grad= -6.1270e-03
  vco2Level=     0.46176 grad=  1.1118e-01
  vco2Detune=     0.48227 grad= -6.5717e-01
  satGain=     0.92625 grad= -2.6684e-02
  satBias=    -0.39168 grad=  7.1602e-02
  satA2=     0.50936 grad=  5.4258e-02
  satA3=     0.61901 grad= -5.2515e-02
  satA5=    -0.04894 grad= -2.5721e-02
  filtSat=     3.54183 grad= -2.7126e-03
epoch=330 loss=0.994407
  shape=     0.93232 grad=  9.9811e-02
  pw=     0.45819 grad= -2.0064e+00
  fBase=    59.06145 grad= -1.3947e-02
  fAmt=   804.55707 grad=  6.3648e-03
  fDecay=     0.18451 grad= -4.4189e-03
  res=     0.51392 grad= -6.8075e-03
  attackTime=     0.00766 grad= -7.7198e-04
  decayTime=     0.42972 grad=  9.4349e-03
  sustain=     0.41479 grad=  2.5863e-02
  releaseTime=     0.02425 grad=  8.5555e-04
  drive=     7.23822 grad= -6.0756e-03
  outGain=     0.35472 grad=  2.1181e-03
  vco2Level=     0.46089 grad=  7.8708e-02
  vco2Detune=     0.48464 grad= -1.8383e-01
  satGain=     0.93289 grad= -9.6013e-03
  satBias=    -0.39211 grad= -6.1518e-02
  satA2=     0.50894 grad= -3.9404e-02
  satA3=     0.61949 grad=  5.5186e-02
  satA5=    -0.04912 grad=  1.4296e-01
  filtSat=     3.54175 grad=  1.0202e-04
epoch=340 loss=0.992074
  shape=     0.93015 grad=  6.7985e-02
  pw=     0.45824 grad=  1.2204e+00
  fBase=    60.11272 grad= -1.8350e-02
  fAmt=   803.70020 grad=  2.1189e-02
  fDecay=     0.18462 grad= -1.6536e-02
  res=     0.52781 grad= -3.0848e-03
  attackTime=     0.00785 grad=  5.3715e-05
  decayTime=     0.41393 grad=  6.5216e-03
  sustain=     0.40464 grad=  1.7426e-02
  releaseTime=     0.02420 grad= -5.7735e-04
  drive=     7.26263 grad= -1.5815e-02
  outGain=     0.35487 grad= -1.5162e-02
  vco2Level=     0.45899 grad=  6.2433e-03
  vco2Detune=     0.48608 grad= -1.4081e-01
  satGain=     0.93710 grad= -1.1350e-02
  satBias=    -0.39154 grad= -4.5774e-02
  satA2=     0.50940 grad= -3.3172e-02
  satA3=     0.61896 grad=  3.5154e-02
  satA5=    -0.05070 grad=  9.4457e-02
  filtSat=     3.53852 grad=  4.2172e-03
epoch=350 loss=0.991104
  shape=     0.92823 grad=  8.1014e-02
  pw=     0.45817 grad= -8.7189e+00
  fBase=    61.40093 grad= -1.4659e-02
  fAmt=   801.49457 grad=  3.7948e-02
  fDecay=     0.18525 grad= -4.8771e-03
  res=     0.53708 grad= -4.4478e-04
  attackTime=     0.00802 grad= -2.1568e-04
  decayTime=     0.40127 grad=  9.2902e-03
  sustain=     0.39638 grad=  2.4811e-02
  releaseTime=     0.02420 grad=  4.4250e-04
  drive=     7.29487 grad= -6.7933e-03
  outGain=     0.35520 grad= -7.9307e-03
  vco2Level=     0.45771 grad=  1.0321e-02
  vco2Detune=     0.48669 grad=  9.4741e-03
  satGain=     0.94124 grad=  5.4203e-04
  satBias=    -0.39125 grad= -4.1980e-02
  satA2=     0.50965 grad= -3.4734e-02
  satA3=     0.61869 grad=  4.0618e-02
  satA5=    -0.05182 grad=  1.0302e-01
  filtSat=     3.53120 grad=  3.5564e-03
epoch=360 loss=0.988608
  shape=     0.92629 grad=  5.5404e-02
  pw=     0.45828 grad=  6.9464e+00
  fBase=    62.56632 grad= -1.6907e-02
  fAmt=   796.92224 grad=  1.8304e-02
  fDecay=     0.18562 grad= -1.2700e-02
  res=     0.54139 grad= -1.0721e-03
  attackTime=     0.00816 grad=  8.6968e-04
  decayTime=     0.38849 grad=  6.9036e-03
  sustain=     0.38784 grad=  1.8804e-02
  releaseTime=     0.02419 grad= -3.3083e-04
  drive=     7.32042 grad= -2.0736e-02
  outGain=     0.35554 grad= -2.5630e-02
  vco2Level=     0.45691 grad= -1.5666e-02
  vco2Detune=     0.48736 grad= -1.2038e+00
  satGain=     0.94331 grad= -1.6110e-02
  satBias=    -0.39116 grad= -4.3335e-02
  satA2=     0.50982 grad= -3.2129e-02
  satA3=     0.61852 grad=  2.8029e-02
  satA5=    -0.05272 grad=  7.6870e-02
  filtSat=     3.52090 grad=  5.5370e-03
epoch=370 loss=0.980913
  shape=     0.92489 grad=  5.5470e-02
  pw=     0.45821 grad= -6.2710e+00
  fBase=    63.70081 grad= -1.4566e-02
  fAmt=   792.80127 grad=  1.5271e-02
  fDecay=     0.18603 grad= -3.7008e-03
  res=     0.54250 grad=  7.0223e-04
  attackTime=     0.00820 grad= -6.1517e-04
  decayTime=     0.37776 grad=  8.0433e-03
  sustain=     0.38042 grad=  2.1483e-02
  releaseTime=     0.02420 grad= -6.0853e-04
  drive=     7.36208 grad= -1.5168e-02
  outGain=     0.35617 grad= -2.4615e-02
  vco2Level=     0.45720 grad= -3.4372e-02
  vco2Detune=     0.48977 grad= -1.4170e+00
  satGain=     0.94689 grad= -1.0408e-02
  satBias=    -0.39054 grad= -4.0783e-02
  satA2=     0.51041 grad= -2.9884e-02
  satA3=     0.61806 grad=  2.3129e-02
  satA5=    -0.05382 grad=  4.3684e-02
  filtSat=     3.50364 grad=  4.7821e-03
epoch=380 loss=0.972280
  shape=     0.92364 grad=  7.7760e-02
  pw=     0.45825 grad= -2.6961e+00
  fBase=    64.74651 grad= -1.0284e-02
  fAmt=   790.40057 grad=  1.6328e-02
  fDecay=     0.18631 grad=  1.1383e-02
  res=     0.54406 grad= -2.3184e-03
  attackTime=     0.00825 grad= -3.4993e-03
  decayTime=     0.36761 grad=  9.4770e-03
  sustain=     0.37320 grad=  2.6021e-02
  releaseTime=     0.02422 grad= -3.7819e-04
  drive=     7.40408 grad= -1.0329e-02
  outGain=     0.35685 grad= -1.3433e-02
  vco2Level=     0.45791 grad= -3.9780e-02
  vco2Detune=     0.49271 grad= -1.5685e-01
  satGain=     0.95090 grad= -6.1544e-03
  satBias=    -0.39022 grad=  4.0017e-02
  satA2=     0.51073 grad=  2.2247e-02
  satA3=     0.61793 grad= -3.7775e-02
  satA5=    -0.05428 grad= -5.2879e-02
  filtSat=     3.48777 grad=  3.5555e-03
epoch=390 loss=0.966946
  shape=     0.92223 grad=  6.7746e-02
  pw=     0.45828 grad=  1.1157e+01
  fBase=    65.58652 grad= -8.5801e-03
  fAmt=   788.61163 grad=  1.7997e-02
  fDecay=     0.18626 grad=  1.6237e-02
  res=     0.54821 grad= -6.2949e-04
  attackTime=     0.00838 grad= -3.7420e-03
  decayTime=     0.35743 grad=  9.8986e-03
  sustain=     0.36562 grad=  2.6883e-02
  releaseTime=     0.02423 grad= -1.2399e-04
  drive=     7.43693 grad= -1.0590e-02
  outGain=     0.35735 grad= -1.4852e-02
  vco2Level=     0.45904 grad= -1.0173e-01
  vco2Detune=     0.49496 grad= -2.2661e+00
  satGain=     0.95421 grad= -1.0929e-02
  satBias=    -0.39066 grad= -6.4411e-03
  satA2=     0.51042 grad= -9.0392e-03
  satA3=     0.61847 grad= -1.4727e-02
  satA5=    -0.05374 grad= -4.1340e-02
  filtSat=     3.47538 grad=  4.6391e-03
epoch=400 loss=0.958557
  shape=     0.92108 grad=  3.8158e-02
  pw=     0.45826 grad=  1.4991e+01
  fBase=    66.26379 grad= -1.6161e-02
  fAmt=   785.49835 grad=  2.9685e-02
  fDecay=     0.18595 grad= -1.5086e-03
  res=     0.54805 grad=  4.8699e-05
  attackTime=     0.00847 grad=  9.6094e-04
  decayTime=     0.34793 grad=  4.1833e-03
  sustain=     0.35848 grad=  9.7073e-03
  releaseTime=     0.02425 grad= -2.0799e-03
  drive=     7.46332 grad= -2.5771e-02
  outGain=     0.35783 grad= -3.5381e-02
  vco2Level=     0.46194 grad= -1.9187e-01
  vco2Detune=     0.49738 grad= -3.9771e-01
  satGain=     0.95723 grad= -2.2880e-02
  satBias=    -0.39059 grad= -4.8406e-02
  satA2=     0.51059 grad= -3.8843e-02
  satA3=     0.61872 grad=  3.2845e-03
  satA5=    -0.05328 grad= -1.9553e-02
  filtSat=     3.45967 grad=  9.6533e-03
epoch=410 loss=0.952463
  shape=     0.92049 grad=  1.0253e-02
  pw=     0.45843 grad=  9.9632e+00
  fBase=    67.02577 grad= -2.1301e-02
  fAmt=   780.83331 grad=  4.8957e-03
  fDecay=     0.18581 grad= -1.9142e-02
  res=     0.54229 grad= -1.4313e-04
  attackTime=     0.00844 grad=  2.4510e-03
  decayTime=     0.34168 grad=  4.5006e-03
  sustain=     0.35406 grad=  1.0301e-02
  releaseTime=     0.02434 grad= -2.1921e-03
  drive=     7.49959 grad= -2.3692e-02
  outGain=     0.35857 grad= -2.9468e-02
  vco2Level=     0.46674 grad= -7.1550e-02
  vco2Detune=     0.49943 grad= -1.8613e+00
  satGain=     0.96131 grad= -2.5869e-02
  satBias=    -0.38963 grad= -1.0092e-01
  satA2=     0.51151 grad= -6.6336e-02
  satA3=     0.61840 grad=  5.8118e-02
  satA5=    -0.05336 grad=  9.8627e-02
  filtSat=     3.43599 grad=  5.8927e-03
epoch=420 loss=0.943005
  shape=     0.92018 grad=  4.9178e-02
  pw=     0.45827 grad= -7.0125e+00
  fBase=    67.88554 grad= -1.5911e-02
  fAmt=   776.55927 grad=  3.9004e-02
  fDecay=     0.18594 grad= -3.3694e-03
  res=     0.53756 grad=  6.2062e-03
  attackTime=     0.00830 grad=  2.5920e-03
  decayTime=     0.33634 grad=  9.0343e-03
  sustain=     0.35037 grad=  2.1805e-02
  releaseTime=     0.02443 grad=  3.9882e-05
  drive=     7.53979 grad= -5.2238e-03
  outGain=     0.35925 grad= -1.9954e-02
  vco2Level=     0.47053 grad= -1.1987e-01
  vco2Detune=     0.50155 grad= -1.1764e+00
  satGain=     0.96523 grad= -1.0814e-03
  satBias=    -0.38805 grad= -2.7749e-02
  satA2=     0.51293 grad= -2.8602e-02
  satA3=     0.61743 grad=  7.9448e-03
  satA5=    -0.05441 grad= -3.1199e-03
  filtSat=     3.41244 grad=  5.5946e-03
epoch=430 loss=0.941056
  shape=     0.91964 grad=  3.3510e-02
  pw=     0.45829 grad=  2.2223e+00
  fBase=    68.76027 grad= -2.0677e-02
  fAmt=   772.72351 grad=  1.9287e-02
  fDecay=     0.18613 grad= -1.6332e-02
  res=     0.53199 grad=  3.8514e-03
  attackTime=     0.00822 grad=  1.0070e-04
  decayTime=     0.33011 grad=  7.8006e-03
  sustain=     0.34585 grad=  1.9484e-02
  releaseTime=     0.02445 grad=  1.1160e-03
  drive=     7.56386 grad= -9.1202e-03
  outGain=     0.35978 grad= -2.0657e-02
  vco2Level=     0.47334 grad= -7.4833e-02
  vco2Detune=     0.50304 grad=  1.0185e-01
  satGain=     0.96720 grad= -7.6071e-03
  satBias=    -0.38752 grad=  1.5850e-02
  satA2=     0.51348 grad=  7.1457e-03
  satA3=     0.61722 grad= -2.3723e-02
  satA5=    -0.05456 grad= -4.2124e-02
  filtSat=     3.39632 grad=  3.4721e-03
epoch=440 loss=0.940243
  shape=     0.91918 grad=  1.8332e-02
  pw=     0.45826 grad=  1.3088e+00
  fBase=    69.70265 grad= -2.2578e-02
  fAmt=   769.88275 grad=  8.4925e-03
  fDecay=     0.18650 grad= -2.3736e-02
  res=     0.52705 grad=  1.8068e-03
  attackTime=     0.00819 grad= -6.4844e-04
  decayTime=     0.32435 grad=  8.0531e-03
  sustain=     0.34150 grad=  2.0466e-02
  releaseTime=     0.02443 grad=  1.1136e-03
  drive=     7.58208 grad= -6.4729e-03
  outGain=     0.36022 grad= -1.4380e-02
  vco2Level=     0.47529 grad= -4.7871e-03
  vco2Detune=     0.50350 grad= -6.2781e-02
  satGain=     0.96884 grad= -1.0046e-02
  satBias=    -0.38737 grad= -3.1673e-02
  satA2=     0.51366 grad= -1.9178e-02
  satA3=     0.61726 grad=  1.9714e-02
  satA5=    -0.05444 grad=  3.7868e-02
  filtSat=     3.38578 grad=  7.2521e-04
epoch=450 loss=0.939483
  shape=     0.91884 grad=  3.5423e-02
  pw=     0.45820 grad= -3.2622e+00
  fBase=    70.65098 grad= -1.8762e-02
  fAmt=   768.03491 grad=  1.8552e-02
  fDecay=     0.18698 grad= -1.2819e-02
  res=     0.52375 grad=  1.5612e-03
  attackTime=     0.00819 grad= -2.3149e-04
  decayTime=     0.31892 grad=  9.6590e-03
  sustain=     0.33724 grad=  2.4878e-02
  releaseTime=     0.02440 grad=  7.1688e-04
  drive=     7.59441 grad= -2.6753e-03
  outGain=     0.36054 grad= -9.0688e-03
  vco2Level=     0.47608 grad=  8.7537e-04
  vco2Detune=     0.50378 grad= -3.8755e-01
  satGain=     0.97035 grad= -1.7897e-04
  satBias=    -0.38708 grad= -3.1251e-02
  satA2=     0.51392 grad= -2.3020e-02
  satA3=     0.61711 grad=  2.5667e-02
  satA5=    -0.05464 grad=  4.7534e-02
  filtSat=     3.38065 grad=  1.5190e-03
epoch=460 loss=0.938275
  shape=     0.91848 grad=  3.4918e-02
  pw=     0.45822 grad= -1.1695e+00
  fBase=    71.51334 grad= -2.0756e-02
  fAmt=   766.62146 grad=  6.5864e-03
  fDecay=     0.18741 grad= -2.0222e-02
  res=     0.52214 grad= -8.8991e-04
  attackTime=     0.00820 grad= -6.2520e-04
  decayTime=     0.31356 grad=  8.9625e-03
  sustain=     0.33285 grad=  2.3698e-02
  releaseTime=     0.02437 grad=  3.8006e-04
  drive=     7.60217 grad= -6.3204e-03
  outGain=     0.36076 grad= -1.0846e-02
  vco2Level=     0.47623 grad=  1.4339e-02
  vco2Detune=     0.50431 grad= -6.5195e-01
  satGain=     0.97121 grad= -5.3991e-03
  satBias=    -0.38688 grad= -4.5794e-03
  satA2=     0.51410 grad= -2.7823e-03
  satA3=     0.61696 grad=  2.9752e-03
  satA5=    -0.05487 grad=  1.5486e-02
  filtSat=     3.37777 grad=  1.1401e-03
epoch=470 loss=0.936514
  shape=     0.91809 grad=  4.1274e-02
  pw=     0.45822 grad= -5.8555e-01
  fBase=    72.32100 grad= -1.8585e-02
  fAmt=   765.79504 grad=  9.9407e-03
  fDecay=     0.18785 grad= -1.5391e-02
  res=     0.52227 grad= -2.7659e-03
  attackTime=     0.00821 grad= -2.3854e-04
  decayTime=     0.30874 grad=  9.0116e-03
  sustain=     0.32874 grad=  2.4393e-02
  releaseTime=     0.02435 grad= -1.8114e-04
  drive=     7.61046 grad= -7.8428e-03
  outGain=     0.36094 grad= -1.0257e-02
  vco2Level=     0.47608 grad=  1.5608e-02
  vco2Detune=     0.50512 grad= -7.3714e-01
  satGain=     0.97205 grad= -3.4522e-03
  satBias=    -0.38682 grad= -3.2056e-03
  satA2=     0.51415 grad= -3.2398e-03
  satA3=     0.61693 grad=  3.7439e-03
  satA5=    -0.05500 grad=  1.9338e-02
  filtSat=     3.37562 grad=  2.0532e-03
epoch=480 loss=0.934794
  shape=     0.91771 grad=  3.7368e-02
  pw=     0.45822 grad= -3.0767e-01
  fBase=    73.01213 grad= -1.5220e-02
  fAmt=   764.83368 grad=  2.7413e-02
  fDecay=     0.18818 grad= -3.4494e-03
  res=     0.52361 grad= -1.7437e-04
  attackTime=     0.00822 grad=  1.2685e-04
  decayTime=     0.30444 grad=  8.8495e-03
  sustain=     0.32495 grad=  2.3628e-02
  releaseTime=     0.02435 grad= -6.9834e-04
  drive=     7.61966 grad= -7.3270e-03
  outGain=     0.36110 grad= -1.3192e-02
  vco2Level=     0.47596 grad= -4.4154e-02
  vco2Detune=     0.50602 grad= -6.9755e-01
  satGain=     0.97261 grad=  5.8051e-04
  satBias=    -0.38679 grad= -7.0232e-03
  satA2=     0.51419 grad= -1.3358e-02
  satA3=     0.61690 grad=  3.9803e-03
  satA5=    -0.05512 grad=  1.6829e-02
  filtSat=     3.37227 grad=  4.8311e-03
epoch=490 loss=0.932944
  shape=     0.91737 grad=  3.0448e-02
  pw=     0.45823 grad=  1.5305e-01
  fBase=    73.57459 grad= -1.9617e-02
  fAmt=   763.17865 grad=  1.7821e-02
  fDecay=     0.18835 grad= -1.5722e-02
  res=     0.52396 grad=  1.0496e-03
  attackTime=     0.00822 grad=  1.9619e-04
  decayTime=     0.30069 grad=  7.0317e-03
  sustain=     0.32160 grad=  1.8231e-02
  releaseTime=     0.02436 grad= -1.8312e-04
  drive=     7.62873 grad= -1.1258e-02
  outGain=     0.36128 grad= -2.0958e-02
  vco2Level=     0.47633 grad= -3.7877e-02
  vco2Detune=     0.50689 grad= -7.9203e-01
  satGain=     0.97282 grad= -6.5844e-03
  satBias=    -0.38676 grad=  8.8312e-03
  satA2=     0.51427 grad=  8.3425e-04
  satA3=     0.61688 grad= -1.2779e-02
  satA5=    -0.05521 grad= -9.7616e-03
  filtSat=     3.36634 grad=  4.2891e-03
epoch=500 loss=0.929996
  shape=     0.91706 grad=  5.9098e-02
  pw=     0.45822 grad=  6.5217e-02
  fBase=    74.11694 grad= -1.9012e-02
  fAmt=   761.67157 grad=  1.3332e-02
  fDecay=     0.18854 grad= -1.4252e-02
  res=     0.52335 grad=  1.2103e-03
  attackTime=     0.00822 grad=  2.0010e-04
  decayTime=     0.29771 grad=  7.0402e-03
  sustain=     0.31896 grad=  1.8269e-02
  releaseTime=     0.02436 grad=  2.5618e-04
  drive=     7.63916 grad= -1.0794e-02
  outGain=     0.36151 grad= -2.2559e-02
  vco2Level=     0.47686 grad= -5.9901e-02
  vco2Detune=     0.50778 grad= -2.2527e+00
  satGain=     0.97330 grad= -1.0580e-02
  satBias=    -0.38677 grad= -5.9480e-03
  satA2=     0.51431 grad= -9.6256e-03
  satA3=     0.61693 grad= -7.1321e-03
  satA5=    -0.05521 grad= -6.6151e-03
  filtSat=     3.36008 grad=  4.4057e-03
epoch=510 loss=0.925371
  shape=     0.91672 grad=  3.9862e-02
  pw=     0.45824 grad=  3.1073e-01
  fBase=    74.65747 grad= -2.1050e-02
  fAmt=   760.79669 grad=  4.4364e-04
  fDecay=     0.18880 grad= -2.1999e-02
  res=     0.52300 grad=  3.9326e-05
  attackTime=     0.00822 grad= -3.5354e-04
  decayTime=     0.29527 grad=  8.0442e-03
  sustain=     0.31679 grad=  2.0781e-02
  releaseTime=     0.02436 grad=  2.4072e-04
  drive=     7.64998 grad= -7.6152e-03
  outGain=     0.36174 grad= -1.6782e-02
  vco2Level=     0.47728 grad=  2.2090e-02
  vco2Detune=     0.50866 grad= -2.2305e+00
  satGain=     0.97433 grad= -1.3800e-02
  satBias=    -0.38674 grad= -1.6832e-02
  satA2=     0.51437 grad= -1.2845e-02
  satA3=     0.61696 grad=  1.1851e-02
  satA5=    -0.05524 grad=  5.0655e-02
  filtSat=     3.35500 grad=  1.0436e-03
epoch=520 loss=0.922322
  shape=     0.91643 grad=  3.5945e-02
  pw=     0.45824 grad=  1.4470e-01
  fBase=    75.15283 grad= -1.6200e-02
  fAmt=   760.40088 grad=  8.8613e-03
  fDecay=     0.18906 grad= -7.3099e-03
  res=     0.52272 grad=  1.1537e-03
  attackTime=     0.00822 grad= -6.3075e-04
  decayTime=     0.29289 grad=  9.6754e-03
  sustain=     0.31465 grad=  2.5434e-02
  releaseTime=     0.02436 grad= -3.6518e-04
  drive=     7.65771 grad= -4.0534e-03
  outGain=     0.36192 grad= -1.1086e-02
  vco2Level=     0.47730 grad=  1.6661e-02
  vco2Detune=     0.50946 grad= -1.1330e+00
  satGain=     0.97549 grad= -8.0581e-03
  satBias=    -0.38666 grad= -2.3860e-02
  satA2=     0.51446 grad= -1.9870e-02
  satA3=     0.61691 grad=  2.1418e-02
  satA5=    -0.05541 grad=  6.6661e-02
  filtSat=     3.35236 grad=  1.1315e-03
epoch=530 loss=0.921237
  shape=     0.91620 grad=  2.7584e-02
  pw=     0.45825 grad=  9.5869e-02
  fBase=    75.55025 grad= -1.6294e-02
  fAmt=   759.97400 grad=  7.1694e-03
  fDecay=     0.18921 grad= -7.2285e-03
  res=     0.52233 grad= -9.9873e-04
  attackTime=     0.00823 grad= -7.9035e-04
  decayTime=     0.29052 grad=  8.5494e-03
  sustain=     0.31247 grad=  2.2409e-02
  releaseTime=     0.02436 grad= -1.0052e-03
  drive=     7.66280 grad= -7.9539e-03
  outGain=     0.36205 grad= -1.2020e-02
  vco2Level=     0.47721 grad=  3.7120e-03
  vco2Detune=     0.51011 grad= -3.0932e-01
  satGain=     0.97639 grad= -9.6501e-03
  satBias=    -0.38656 grad= -1.4227e-02
  satA2=     0.51457 grad= -1.2875e-02
  satA3=     0.61682 grad=  1.1833e-02
  satA5=    -0.05566 grad=  4.9411e-02
  filtSat=     3.35060 grad=  2.0388e-03
epoch=540 loss=0.920811
  shape=     0.91602 grad=  2.7946e-02
  pw=     0.45825 grad= -3.8614e-02
  fBase=    75.89349 grad= -1.6102e-02
  fAmt=   759.57898 grad=  1.0982e-02
  fDecay=     0.18931 grad= -6.0304e-03
  res=     0.52241 grad=  8.4045e-04
  attackTime=     0.00823 grad= -9.2643e-04
  decayTime=     0.28844 grad=  8.7497e-03
  sustain=     0.31054 grad=  2.1990e-02
  releaseTime=     0.02438 grad= -1.1503e-03
  drive=     7.66814 grad= -6.6115e-03
  outGain=     0.36216 grad= -1.3364e-02
  vco2Level=     0.47718 grad= -2.0308e-02
  vco2Detune=     0.51046 grad= -3.6019e-01
  satGain=     0.97718 grad= -7.7500e-03
  satBias=    -0.38648 grad= -1.4609e-04
  satA2=     0.51466 grad= -5.2743e-03
  satA3=     0.61675 grad= -1.3855e-03
  satA5=    -0.05587 grad=  2.2322e-02
  filtSat=     3.34871 grad=  2.4872e-03
epoch=550 loss=0.920336
  shape=     0.91587 grad=  2.6614e-02
  pw=     0.45825 grad=  6.4642e-02
  fBase=    76.20325 grad= -1.8560e-02
  fAmt=   759.14789 grad=  7.0243e-03
  fDecay=     0.18939 grad= -1.3467e-02
  res=     0.52215 grad=  2.1073e-03
  attackTime=     0.00824 grad= -1.0021e-03
  decayTime=     0.28657 grad=  8.6031e-03
  sustain=     0.30885 grad=  2.0662e-02
  releaseTime=     0.02439 grad= -1.0102e-03
  drive=     7.67282 grad= -5.6170e-03
  outGain=     0.36226 grad= -1.5016e-02
  vco2Level=     0.47727 grad= -1.1176e-02
  vco2Detune=     0.51073 grad= -6.8844e-01
  satGain=     0.97784 grad= -1.0077e-02
  satBias=    -0.38646 grad=  3.4097e-03
  satA2=     0.51470 grad= -1.6250e-03
  satA3=     0.61674 grad= -4.7435e-03
  satA5=    -0.05599 grad=  1.8831e-02
  filtSat=     3.34673 grad=  1.5318e-03
epoch=560 loss=0.919655
  shape=     0.91574 grad=  3.5127e-02
  pw=     0.45824 grad= -3.1414e-02
  fBase=    76.51441 grad= -2.1618e-02
  fAmt=   758.84924 grad= -1.3619e-03
  fDecay=     0.18951 grad= -2.3421e-02
  res=     0.52158 grad=  3.4713e-04
  attackTime=     0.00825 grad= -1.0562e-03
  decayTime=     0.28492 grad=  8.1544e-03
  sustain=     0.30739 grad=  1.9236e-02
  releaseTime=     0.02441 grad= -6.6146e-04
  drive=     7.67674 grad= -6.0036e-03
  outGain=     0.36236 grad= -1.4521e-02
  vco2Level=     0.47734 grad=  2.1232e-02
  vco2Detune=     0.51105 grad= -7.4618e-01
  satGain=     0.97855 grad= -1.3982e-02
  satBias=    -0.38646 grad=  8.3037e-03
  satA2=     0.51472 grad=  4.6839e-03
  satA3=     0.61674 grad= -6.7202e-03
  satA5=    -0.05607 grad=  2.4433e-02
  filtSat=     3.34536 grad=  5.1284e-05
epoch=570 loss=0.919014
  shape=     0.91559 grad=  5.8711e-02
  pw=     0.45824 grad= -3.9132e-02
  fBase=    76.83601 grad= -2.0747e-02
  fAmt=   758.76556 grad=  7.4770e-04
  fDecay=     0.18968 grad= -2.1153e-02
  res=     0.52132 grad= -9.3046e-04
  attackTime=     0.00826 grad= -1.1344e-03
  decayTime=     0.28343 grad=  8.7928e-03
  sustain=     0.30610 grad=  2.0936e-02
  releaseTime=     0.02442 grad= -2.6550e-04
  drive=     7.68020 grad= -4.0226e-03
  outGain=     0.36246 grad= -1.0975e-02
  vco2Level=     0.47726 grad=  2.8586e-02
  vco2Detune=     0.51139 grad= -5.5337e-01
  satGain=     0.97936 grad= -1.1288e-02
  satBias=    -0.38648 grad=  1.5497e-02
  satA2=     0.51471 grad=  8.5596e-03
  satA3=     0.61677 grad= -9.4824e-03
  satA5=    -0.05615 grad=  2.3177e-02
  filtSat=     3.34487 grad= -2.2637e-04
epoch=580 loss=0.918566
  shape=     0.91538 grad=  6.8559e-02
  pw=     0.45823 grad=  5.8917e-02
  fBase=    77.14612 grad= -2.1931e-02
  fAmt=   758.71667 grad=  2.1237e-03
  fDecay=     0.18987 grad= -2.3622e-02
  res=     0.52148 grad= -2.2021e-03
  attackTime=     0.00827 grad= -1.1607e-03
  decayTime=     0.28201 grad=  9.2041e-03
  sustain=     0.30485 grad=  2.2154e-02
  releaseTime=     0.02442 grad=  1.6269e-05
  drive=     7.68279 grad= -2.6440e-03
  outGain=     0.36253 grad= -8.0315e-03
  vco2Level=     0.47710 grad=  4.2851e-02
  vco2Detune=     0.51166 grad= -3.8661e-01
  satGain=     0.98008 grad= -1.0344e-02
  satBias=    -0.38653 grad=  1.2402e-02
  satA2=     0.51469 grad=  6.5729e-03
  satA3=     0.61680 grad= -4.1528e-03
  satA5=    -0.05623 grad=  3.6404e-02
  filtSat=     3.34483 grad= -7.6741e-04
epoch=590 loss=0.918101
  shape=     0.91514 grad=  5.0604e-02
  pw=     0.45823 grad= -3.0571e-02
  fBase=    77.46146 grad= -2.5034e-02
  fAmt=   758.66089 grad=  1.5318e-03
  fDecay=     0.19006 grad= -3.0769e-02
  res=     0.52204 grad= -1.7748e-03
  attackTime=     0.00827 grad= -1.1212e-03
  decayTime=     0.28060 grad=  1.0050e-02
  sustain=     0.30360 grad=  2.4738e-02
  releaseTime=     0.02442 grad=  2.3019e-04
  drive=     7.68454 grad= -5.4457e-04
  outGain=     0.36259 grad= -5.9738e-03
  vco2Level=     0.47685 grad=  7.4985e-02
  vco2Detune=     0.51187 grad= -6.9862e-01
  satGain=     0.98075 grad= -1.1136e-02
  satBias=    -0.38656 grad= -1.8167e-04
  satA2=     0.51466 grad=  7.2020e-04
  satA3=     0.61681 grad=  8.9368e-03
  satA5=    -0.05633 grad=  6.1533e-02
  filtSat=     3.34528 grad= -2.4071e-03
epoch=599 loss=0.917434
  shape=     0.91495 grad=  4.4215e-02
  pw=     0.45824 grad=  4.0472e-03
  fBase=    77.75990 grad= -2.0975e-02
  fAmt=   758.59277 grad=  8.3889e-03
  fDecay=     0.19027 grad= -2.0241e-02
  res=     0.52252 grad=  5.4846e-04
  attackTime=     0.00828 grad= -1.1305e-03
  decayTime=     0.27927 grad=  1.1185e-02
  sustain=     0.30239 grad=  2.7989e-02
  releaseTime=     0.02442 grad=  3.3410e-04
  drive=     7.68521 grad=  1.8352e-03
  outGain=     0.36263 grad= -5.0170e-03
  vco2Level=     0.47650 grad=  5.2159e-02
  vco2Detune=     0.51211 grad= -9.8681e-01
  satGain=     0.98132 grad= -6.3534e-03
  satBias=    -0.38658 grad=  1.5249e-03
  satA2=     0.51465 grad= -4.2263e-04
  satA3=     0.61680 grad=  6.7116e-03
  satA5=    -0.05646 grad=  4.8589e-02
  filtSat=     3.34629 grad= -1.7533e-03
