epoch=0 loss=2.145271
  shape=     0.59979 grad= -3.8079e+00
  pw=     0.45809 grad= -1.2966e+01
  fBase=    92.57861 grad= -6.6511e-01
  fAmt=   881.99115 grad= -8.5835e-01
  fDecay=     0.12078 grad= -1.2445e+00
  res=     0.71775 grad= -3.7997e-02
  attackTime=     0.00741 grad=  2.4693e-02
  decayTime=     0.24569 grad= -1.6816e-01
  sustain=     0.51230 grad= -6.5095e-01
  releaseTime=     0.03214 grad=  4.0850e-02
  drive=     0.97115 grad= -8.0741e-01
  outGain=     1.99264 grad= -8.2607e-01
  vco2Level=     1.47259 grad= -8.0079e-02
  vco2Detune=     0.08825 grad= -1.1490e-01
  satGain=     1.15874 grad= -8.1699e-01
  satBias=    -0.33775 grad= -1.6390e-01
  satA2=    -0.10755 grad=  8.9695e-01
  satA3=    -0.44987 grad= -8.9607e-01
  satA5=     0.18834 grad= -9.3494e-01
  filtSat=     1.98513 grad=  2.0322e-02
epoch=10 loss=1.809061
  shape=     0.60979 grad= -1.3069e+00
  pw=     0.45965 grad=  2.1728e+01
  fBase=   101.91283 grad= -1.8748e-01
  fAmt=   968.76495 grad= -2.7821e-02
  fDecay=     0.13320 grad= -3.8643e-01
  res=     0.74902 grad=  5.9002e-02
  attackTime=     0.00675 grad= -1.5668e-03
  decayTime=     0.26958 grad= -1.7140e-02
  sustain=     0.54036 grad= -8.7449e-02
  releaseTime=     0.02907 grad=  5.1302e-02
  drive=     1.06352 grad=  4.3638e-02
  outGain=     2.00000 grad=  3.2823e-02
  vco2Level=     1.50000 grad= -1.0353e-02
  vco2Detune=     0.08879 grad= -7.8097e-03
  satGain=     1.27558 grad= -1.6755e-01
  satBias=    -0.32972 grad= -2.3682e-02
  satA2=    -0.11708 grad=  1.1212e-01
  satA3=    -0.44032 grad= -8.7839e-02
  satA5=     0.19796 grad= -9.6658e-02
  filtSat=     2.03044 grad= -9.4101e-02
epoch=20 loss=1.788890
  shape=     0.61753 grad=  2.2413e-01
  pw=     0.46008 grad= -3.9206e+01
  fBase=   107.64993 grad=  1.0480e-01
  fAmt=   983.21021 grad=  6.0434e-01
  fDecay=     0.14110 grad=  1.9131e-01
  res=     0.68400 grad=  9.8109e-02
  attackTime=     0.00665 grad= -1.1691e-02
  decayTime=     0.27910 grad=  4.6831e-02
  sustain=     0.55207 grad=  1.6605e-01
  releaseTime=     0.02622 grad=  5.0570e-02
  drive=     1.07403 grad=  4.2176e-01
  outGain=     1.99450 grad=  4.0117e-01
  vco2Level=     1.50000 grad= -4.6263e-02
  vco2Detune=     0.08929 grad= -4.8614e-02
  satGain=     1.32226 grad=  4.2435e-01
  satBias=    -0.32204 grad= -1.8662e-01
  satA2=    -0.12006 grad= -4.8049e-01
  satA3=    -0.43799 grad=  6.2682e-01
  satA5=     0.19979 grad=  8.7328e-01
  filtSat=     2.13272 grad= -6.7428e-02
epoch=30 loss=1.734913
  shape=     0.62148 grad= -9.2905e-01
  pw=     0.46138 grad=  1.1909e+01
  fBase=   108.76571 grad= -1.0153e-01
  fAmt=   933.02374 grad= -7.3625e-03
  fDecay=     0.14270 grad= -2.0959e-01
  res=     0.61404 grad=  5.2479e-02
  attackTime=     0.00682 grad=  7.4478e-03
  decayTime=     0.27315 grad= -3.3384e-03
  sustain=     0.54733 grad= -2.4803e-02
  releaseTime=     0.02375 grad=  2.4632e-02
  drive=     1.01657 grad=  5.1222e-02
  outGain=     1.96354 grad=  4.4905e-02
  vco2Level=     1.50000 grad= -2.8471e-02
  vco2Detune=     0.08946 grad= -1.1703e-03
  satGain=     1.28858 grad= -1.1638e-01
  satBias=    -0.31251 grad= -1.8412e-02
  satA2=    -0.11704 grad=  8.7625e-02
  satA3=    -0.44217 grad= -6.9195e-02
  satA5=     0.19466 grad= -8.3154e-02
  filtSat=     2.23476 grad= -6.6245e-02
epoch=40 loss=1.683384
  shape=     0.63007 grad= -9.2554e-01
  pw=     0.45830 grad=  1.3966e+01
  fBase=   111.69806 grad= -9.1272e-02
  fAmt=   913.89301 grad= -4.2276e-02
  fDecay=     0.14706 grad= -1.8059e-01
  res=     0.56112 grad=  4.2797e-02
  attackTime=     0.00655 grad=  1.3417e-02
  decayTime=     0.27122 grad= -3.8929e-03
  sustain=     0.54680 grad= -2.1667e-02
  releaseTime=     0.02211 grad=  1.6909e-03
  drive=     0.98464 grad=  1.0551e-02
  outGain=     1.94616 grad=  3.9008e-03
  vco2Level=     1.50000 grad= -3.9042e-02
  vco2Detune=     0.08947 grad= -4.9980e-02
  satGain=     1.29797 grad= -1.2321e-01
  satBias=    -0.30657 grad= -1.9895e-02
  satA2=    -0.11708 grad=  7.3292e-02
  satA3=    -0.44311 grad= -4.9681e-02
  satA5=     0.19320 grad= -5.6728e-02
  filtSat=     2.32789 grad= -5.1234e-02
epoch=50 loss=1.653072
  shape=     0.63974 grad= -5.2911e-01
  pw=     0.45712 grad= -1.3445e+01
  fBase=   115.01745 grad=  5.8946e-03
  fAmt=   907.41107 grad=  1.0361e-01
  fDecay=     0.15201 grad=  1.0990e-03
  res=     0.51765 grad=  5.0143e-02
  attackTime=     0.00602 grad=  1.4083e-02
  decayTime=     0.27039 grad=  1.6026e-02
  sustain=     0.54701 grad=  6.3822e-02
  releaseTime=     0.02146 grad= -6.9829e-03
  drive=     0.96634 grad=  9.6300e-02
  outGain=     1.93663 grad=  8.7277e-02
  vco2Level=     1.50000 grad= -5.0222e-02
  vco2Detune=     0.08932 grad=  5.4427e-02
  satGain=     1.32306 grad=  3.5646e-02
  satBias=    -0.30206 grad= -5.2926e-02
  satA2=    -0.11762 grad= -1.1552e-01
  satA3=    -0.44355 grad=  1.7905e-01
  satA5=     0.19243 grad=  2.4721e-01
  filtSat=     2.40723 grad= -3.7262e-02
epoch=60 loss=1.642867
  shape=     0.64795 grad= -4.8147e-01
  pw=     0.45640 grad= -2.2710e+01
  fBase=   116.48077 grad=  2.3247e-03
  fAmt=   894.29645 grad=  6.3092e-02
  fDecay=     0.15439 grad= -1.3272e-02
  res=     0.50000 grad=  3.8870e-02
  attackTime=     0.00543 grad=  1.7784e-02
  decayTime=     0.26529 grad=  9.3331e-03
  sustain=     0.54151 grad=  4.6250e-02
  releaseTime=     0.02149 grad= -6.9569e-03
  drive=     0.94152 grad=  3.4839e-02
  outGain=     1.92303 grad=  2.4934e-02
  vco2Level=     1.50000 grad= -4.9975e-02
  vco2Detune=     0.08912 grad=  5.1327e-02
  satGain=     1.33294 grad=  1.5788e-03
  satBias=    -0.29717 grad= -4.0872e-02
  satA2=    -0.11661 grad= -6.0811e-02
  satA3=    -0.44566 grad=  1.0982e-01
  satA5=     0.18995 grad=  1.5685e-01
  filtSat=     2.47621 grad= -1.9991e-02
epoch=70 loss=1.629718
  shape=     0.65539 grad= -5.5507e-01
  pw=     0.45707 grad=  8.9493e+00
  fBase=   117.21205 grad= -2.1147e-02
  fAmt=   884.27783 grad= -3.4675e-02
  fDecay=     0.15588 grad= -4.9630e-02
  res=     0.50000 grad=  3.4047e-02
  attackTime=     0.00484 grad=  1.8926e-02
  decayTime=     0.26030 grad=  1.7285e-03
  sustain=     0.53483 grad=  2.4072e-02
  releaseTime=     0.02188 grad= -4.5532e-03
  drive=     0.92455 grad= -1.5463e-02
  outGain=     1.91440 grad= -2.6004e-02
  vco2Level=     1.50000 grad= -4.7699e-02
  vco2Detune=     0.08910 grad=  1.0786e-02
  satGain=     1.34362 grad= -7.4578e-02
  satBias=    -0.29318 grad= -1.9541e-02
  satA2=    -0.11536 grad=  2.2547e-02
  satA3=    -0.44795 grad=  6.4735e-03
  satA5=     0.18737 grad=  1.3342e-02
  filtSat=     2.52934 grad= -2.1739e-02
epoch=80 loss=1.622873
  shape=     0.66218 grad= -4.1644e-01
  pw=     0.45704 grad=  2.0364e+01
  fBase=   117.84263 grad= -8.6266e-04
  fAmt=   878.99084 grad= -3.1480e-02
  fDecay=     0.15747 grad= -1.3032e-02
  res=     0.50000 grad=  3.8401e-02
  attackTime=     0.00441 grad= -3.4011e-03
  decayTime=     0.25698 grad=  5.6951e-03
  sustain=     0.52874 grad=  4.3993e-02
  releaseTime=     0.02222 grad=  3.7431e-03
  drive=     0.91650 grad=  2.7022e-02
  outGain=     1.91163 grad=  1.8805e-02
  vco2Level=     1.50000 grad= -4.7017e-02
  vco2Detune=     0.08910 grad=  1.2933e-02
  satGain=     1.35934 grad= -6.8670e-02
  satBias=    -0.29004 grad= -1.5844e-02
  satA2=    -0.11437 grad=  3.6577e-02
  satA3=    -0.44988 grad= -1.1018e-02
  satA5=     0.18517 grad= -2.0648e-02
  filtSat=     2.57103 grad= -3.1712e-02
epoch=90 loss=1.624299
  shape=     0.66776 grad= -3.0118e-01
  pw=     0.45644 grad= -2.0318e+01
  fBase=   117.76859 grad=  2.0724e-03
  fAmt=   872.23096 grad=  4.1900e-02
  fDecay=     0.15836 grad= -2.5317e-02
  res=     0.50000 grad=  3.4116e-02
  attackTime=     0.00433 grad= -3.0736e-03
  decayTime=     0.25333 grad=  2.4139e-04
  sustain=     0.52116 grad=  2.3664e-02
  releaseTime=     0.02223 grad= -4.8391e-04
  drive=     0.90515 grad= -2.1459e-03
  outGain=     1.90685 grad= -1.4656e-02
  vco2Level=     1.50000 grad= -4.7897e-02
  vco2Detune=     0.08908 grad=  5.7491e-02
  satGain=     1.37205 grad= -6.7288e-03
  satBias=    -0.28719 grad= -1.4937e-02
  satA2=    -0.11345 grad= -5.9483e-02
  satA3=    -0.45170 grad=  9.0927e-02
  satA5=     0.18310 grad=  1.2963e-01
  filtSat=     2.61206 grad= -7.5930e-03
epoch=100 loss=1.616746
  shape=     0.67283 grad= -3.3222e-01
  pw=     0.45779 grad=  2.2944e+01
  fBase=   117.77403 grad= -4.5223e-03
  fAmt=   866.45319 grad= -2.8765e-02
  fDecay=     0.15955 grad= -2.3422e-02
  res=     0.50000 grad=  3.2564e-02
  attackTime=     0.00436 grad= -8.8180e-04
  decayTime=     0.25168 grad=  5.4014e-05
  sustain=     0.51518 grad=  2.4347e-02
  releaseTime=     0.02224 grad= -1.2127e-03
  drive=     0.90045 grad= -8.1568e-03
  outGain=     1.90661 grad= -1.8329e-02
  vco2Level=     1.50000 grad= -4.3436e-02
  vco2Detune=     0.08908 grad= -5.8596e-02
  satGain=     1.38643 grad= -6.1987e-02
  satBias=    -0.28494 grad= -1.4240e-02
  satA2=    -0.11256 grad=  3.4875e-02
  satA3=    -0.45339 grad= -1.3557e-02
  satA5=     0.18115 grad= -1.6211e-02
  filtSat=     2.64332 grad= -1.7551e-02
epoch=110 loss=1.619214
  shape=     0.67719 grad= -2.4575e-01
  pw=     0.45617 grad= -7.8874e+00
  fBase=   117.46960 grad=  1.2664e-02
  fAmt=   859.67804 grad=  1.6513e-02
  fDecay=     0.16032 grad=  3.3646e-03
  res=     0.50000 grad=  3.2569e-02
  attackTime=     0.00440 grad=  7.1467e-04
  decayTime=     0.25045 grad=  2.3323e-03
  sustain=     0.50918 grad=  3.4284e-02
  releaseTime=     0.02230 grad= -9.4023e-04
  drive=     0.89862 grad=  1.1431e-03
  outGain=     1.90840 grad= -1.0175e-02
  vco2Level=     1.50000 grad= -4.6546e-02
  vco2Detune=     0.08925 grad=  1.3338e-02
  satGain=     1.39910 grad= -2.4168e-02
  satBias=    -0.28293 grad= -1.7866e-02
  satA2=    -0.11164 grad= -8.4944e-03
  satA3=    -0.45506 grad=  3.7242e-02
  satA5=     0.17916 grad=  5.4841e-02
  filtSat=     2.66763 grad= -9.9766e-03
epoch=120 loss=1.611466
  shape=     0.68131 grad= -1.9419e-01
  pw=     0.45755 grad= -1.0881e+00
  fBase=   116.99349 grad=  1.5718e-02
  fAmt=   853.90460 grad=  3.8130e-02
  fDecay=     0.16078 grad=  6.9950e-03
  res=     0.50000 grad=  3.3976e-02
  attackTime=     0.00439 grad= -4.8566e-04
  decayTime=     0.24971 grad=  2.1837e-03
  sustain=     0.50333 grad=  3.3287e-02
  releaseTime=     0.02238 grad=  2.4209e-04
  drive=     0.89984 grad=  5.8864e-03
  outGain=     1.91232 grad= -6.1371e-03
  vco2Level=     1.50000 grad= -4.8073e-02
  vco2Detune=     0.08941 grad= -1.0895e-01
  satGain=     1.41431 grad=  4.3735e-04
  satBias=    -0.28115 grad= -1.6314e-02
  satA2=    -0.11101 grad= -4.0938e-02
  satA3=    -0.45642 grad=  6.9933e-02
  satA5=     0.17756 grad=  1.1047e-01
  filtSat=     2.68740 grad= -7.4544e-03
epoch=130 loss=1.610030
  shape=     0.68493 grad= -1.7437e-01
  pw=     0.45743 grad= -6.5425e+00
  fBase=   116.29779 grad=  1.1284e-02
  fAmt=   848.38824 grad=  3.6267e-02
  fDecay=     0.16084 grad= -2.7383e-03
  res=     0.50000 grad=  3.0465e-02
  attackTime=     0.00439 grad=  3.1771e-04
  decayTime=     0.24858 grad=  3.8667e-04
  sustain=     0.49686 grad=  2.5043e-02
  releaseTime=     0.02241 grad= -1.1787e-03
  drive=     0.90001 grad= -6.3448e-03
  outGain=     1.91556 grad= -1.6508e-02
  vco2Level=     1.50000 grad= -3.9593e-02
  vco2Detune=     0.08957 grad= -6.2504e-02
  satGain=     1.42936 grad= -1.4655e-03
  satBias=    -0.27917 grad= -6.1995e-04
  satA2=    -0.11061 grad= -4.8817e-02
  satA3=    -0.45759 grad=  6.5446e-02
  satA5=     0.17611 grad=  9.8800e-02
  filtSat=     2.70816 grad= -3.7125e-03
epoch=140 loss=1.607851
  shape=     0.68818 grad= -2.1598e-01
  pw=     0.45754 grad= -7.7091e-01
  fBase=   115.63649 grad= -1.1692e-03
  fAmt=   839.61975 grad=  1.4468e-02
  fDecay=     0.16104 grad= -2.3058e-02
  res=     0.50000 grad=  3.0776e-02
  attackTime=     0.00440 grad= -2.6570e-05
  decayTime=     0.24826 grad= -3.7640e-03
  sustain=     0.49132 grad=  9.9512e-03
  releaseTime=     0.02247 grad= -1.2840e-03
  drive=     0.90146 grad= -2.0502e-02
  outGain=     1.91985 grad= -3.2359e-02
  vco2Level=     1.50000 grad= -4.4119e-02
  vco2Detune=     0.08980 grad= -6.9882e-02
  satGain=     1.43840 grad= -2.3961e-02
  satBias=    -0.27711 grad= -3.5076e-03
  satA2=    -0.10968 grad= -1.8541e-02
  satA3=    -0.45929 grad=  3.4917e-02
  satA5=     0.17390 grad=  5.7128e-02
  filtSat=     2.72371 grad= -4.4729e-03
epoch=150 loss=1.606428
  shape=     0.69145 grad= -1.3989e-01
  pw=     0.45762 grad=  5.0002e+00
  fBase=   115.30348 grad=  1.1556e-02
  fAmt=   831.91388 grad=  3.6494e-02
  fDecay=     0.16181 grad= -2.4659e-04
  res=     0.50000 grad=  3.4032e-02
  attackTime=     0.00441 grad= -1.1618e-03
  decayTime=     0.24929 grad=  1.2142e-03
  sustain=     0.48719 grad=  2.8575e-02
  releaseTime=     0.02252 grad=  1.5798e-03
  drive=     0.90626 grad=  3.6314e-03
  outGain=     1.92647 grad= -8.0891e-03
  vco2Level=     1.50000 grad= -3.9236e-02
  vco2Detune=     0.09016 grad=  1.2932e-02
  satGain=     1.44965 grad= -1.7284e-03
  satBias=    -0.27571 grad= -1.3829e-02
  satA2=    -0.10876 grad= -3.0374e-02
  satA3=    -0.46087 grad=  5.7162e-02
  satA5=     0.17181 grad=  9.6535e-02
  filtSat=     2.73651 grad= -6.7615e-03
epoch=160 loss=1.605118
  shape=     0.69429 grad= -1.6134e-01
  pw=     0.45740 grad= -8.9414e+00
  fBase=   114.70886 grad=  6.9607e-03
  fAmt=   822.64362 grad=  2.0076e-02
  fDecay=     0.16226 grad= -8.9146e-03
  res=     0.50000 grad=  2.7892e-02
  attackTime=     0.00442 grad=  5.0986e-04
  decayTime=     0.24953 grad= -1.2529e-03
  sustain=     0.48198 grad=  2.0789e-02
  releaseTime=     0.02249 grad= -1.6362e-04
  drive=     0.90934 grad= -1.6765e-02
  outGain=     1.93185 grad= -2.6223e-02
  vco2Level=     1.50000 grad= -3.8399e-02
  vco2Detune=     0.09045 grad= -3.9396e-02
  satGain=     1.45854 grad= -2.2693e-02
  satBias=    -0.27501 grad=  1.4054e-02
  satA2=    -0.10766 grad= -2.3366e-02
  satA3=    -0.46252 grad=  2.6449e-02
  satA5=     0.16969 grad=  3.1035e-02
  filtSat=     2.74911 grad= -3.2410e-03
epoch=170 loss=1.603610
  shape=     0.69701 grad= -1.3448e-01
  pw=     0.45754 grad=  1.9275e+00
  fBase=   114.14605 grad=  9.9606e-03
  fAmt=   815.12378 grad=  2.0619e-02
  fDecay=     0.16274 grad= -1.1831e-03
  res=     0.50000 grad=  3.1767e-02
  attackTime=     0.00443 grad= -7.8591e-04
  decayTime=     0.24988 grad=  9.5585e-04
  sustain=     0.47678 grad=  2.7972e-02
  releaseTime=     0.02249 grad= -7.6237e-05
  drive=     0.91377 grad= -1.7995e-03
  outGain=     1.93798 grad= -1.2161e-02
  vco2Level=     1.50000 grad= -3.5504e-02
  vco2Detune=     0.09061 grad=  1.0775e-02
  satGain=     1.47136 grad= -1.8766e-02
  satBias=    -0.27520 grad= -2.3479e-04
  satA2=    -0.10683 grad= -9.1493e-03
  satA3=    -0.46375 grad=  2.1293e-02
  satA5=     0.16819 grad=  3.3216e-02
  filtSat=     2.76139 grad= -7.4163e-03
epoch=180 loss=1.602546
  shape=     0.69941 grad= -1.3416e-01
  pw=     0.45754 grad=  2.7565e+00
  fBase=   113.43438 grad=  6.6143e-03
  fAmt=   806.85968 grad=  1.5787e-02
  fDecay=     0.16298 grad= -6.9303e-03
  res=     0.50000 grad=  3.1119e-02
  attackTime=     0.00445 grad= -7.0386e-04
  decayTime=     0.24979 grad= -3.9282e-04
  sustain=     0.47107 grad=  2.2814e-02
  releaseTime=     0.02250 grad= -5.8039e-04
  drive=     0.91716 grad= -7.2491e-03
  outGain=     1.94335 grad= -1.7613e-02
  vco2Level=     1.50000 grad= -3.4027e-02
  vco2Detune=     0.09069 grad=  2.0380e-02
  satGain=     1.48386 grad= -2.4361e-02
  satBias=    -0.27588 grad=  1.7468e-03
  satA2=    -0.10606 grad= -1.5107e-03
  satA3=    -0.46482 grad=  1.0388e-02
  satA5=     0.16693 grad=  1.5894e-02
  filtSat=     2.77368 grad= -6.7460e-03
epoch=190 loss=1.601899
  shape=     0.70165 grad= -1.0551e-01
  pw=     0.45736 grad= -9.8339e+00
  fBase=   112.74866 grad=  1.1466e-02
  fAmt=   798.78607 grad=  3.5095e-02
  fDecay=     0.16323 grad= -6.7643e-04
  res=     0.50000 grad=  2.7775e-02
  attackTime=     0.00446 grad= -3.8190e-05
  decayTime=     0.24988 grad= -2.9808e-04
  sustain=     0.46559 grad=  2.3395e-02
  releaseTime=     0.02254 grad= -5.4601e-04
  drive=     0.92108 grad= -1.0882e-02
  outGain=     1.94899 grad= -1.9978e-02
  vco2Level=     1.50000 grad= -3.5833e-02
  vco2Detune=     0.09073 grad= -1.3310e-02
  satGain=     1.49772 grad= -1.1433e-02
  satBias=    -0.27697 grad=  1.5150e-02
  satA2=    -0.10543 grad= -3.1560e-02
  satA3=    -0.46567 grad=  3.4624e-02
  satA5=     0.16600 grad=  4.4172e-02
  filtSat=     2.78530 grad= -1.8516e-03
epoch=200 loss=1.600438
  shape=     0.70370 grad= -1.1781e-01
  pw=     0.45751 grad=  2.4006e+00
  fBase=   112.04758 grad=  7.2150e-03
  fAmt=   790.20441 grad=  1.9166e-02
  fDecay=     0.16344 grad= -5.2840e-03
  res=     0.50000 grad=  3.0649e-02
  attackTime=     0.00448 grad= -6.8073e-04
  decayTime=     0.25002 grad= -6.1434e-04
  sustain=     0.46022 grad=  2.1288e-02
  releaseTime=     0.02259 grad= -4.7183e-04
  drive=     0.92496 grad= -7.2919e-03
  outGain=     1.95459 grad= -1.7510e-02
  vco2Level=     1.50000 grad= -3.2784e-02
  vco2Detune=     0.09072 grad=  2.7082e-02
  satGain=     1.51118 grad= -2.3297e-02
  satBias=    -0.27831 grad=  4.5097e-03
  satA2=    -0.10480 grad= -1.2306e-03
  satA3=    -0.46646 grad=  7.5348e-03
  satA5=     0.16514 grad=  9.6619e-03
  filtSat=     2.79620 grad= -5.9879e-03
epoch=210 loss=1.599492
  shape=     0.70563 grad= -1.0813e-01
  pw=     0.45753 grad=  3.2359e+00
  fBase=   111.37417 grad=  7.1235e-03
  fAmt=   781.45764 grad=  2.1988e-02
  fDecay=     0.16367 grad= -5.6529e-03
  res=     0.50000 grad=  3.0708e-02
  attackTime=     0.00450 grad= -7.8445e-04
  decayTime=     0.25039 grad= -7.7254e-04
  sustain=     0.45520 grad=  2.0202e-02
  releaseTime=     0.02263 grad=  1.1824e-04
  drive=     0.92915 grad= -6.5289e-03
  outGain=     1.96039 grad= -1.6884e-02
  vco2Level=     1.50000 grad= -3.2062e-02
  vco2Detune=     0.09066 grad=  2.9262e-02
  satGain=     1.52460 grad= -2.1134e-02
  satBias=    -0.27976 grad=  3.8622e-03
  satA2=    -0.10422 grad= -2.1568e-03
  satA3=    -0.46718 grad=  8.7840e-03
  satA5=     0.16437 grad=  1.3053e-02
  filtSat=     2.80634 grad= -5.8032e-03
epoch=220 loss=1.598593
  shape=     0.70743 grad= -8.8005e-02
  pw=     0.45736 grad= -7.6803e+00
  fBase=   110.71362 grad=  1.0993e-02
  fAmt=   772.41107 grad=  3.7072e-02
  fDecay=     0.16390 grad= -3.7710e-04
  res=     0.50000 grad=  2.7198e-02
  attackTime=     0.00452 grad=  8.7910e-05
  decayTime=     0.25089 grad= -8.8676e-04
  sustain=     0.45044 grad=  1.9993e-02
  releaseTime=     0.02266 grad= -4.3000e-04
  drive=     0.93329 grad= -1.1398e-02
  outGain=     1.96616 grad= -2.0641e-02
  vco2Level=     1.50000 grad= -3.4770e-02
  vco2Detune=     0.09059 grad= -2.1570e-02
  satGain=     1.53777 grad= -1.0081e-02
  satBias=    -0.28129 grad=  1.6411e-02
  satA2=    -0.10366 grad= -3.1719e-02
  satA3=    -0.46785 grad=  3.3006e-02
  satA5=     0.16366 grad=  4.3089e-02
  filtSat=     2.81605 grad= -1.3893e-03
epoch=230 loss=1.597528
  shape=     0.70913 grad= -1.1279e-01
  pw=     0.45751 grad=  2.6984e+00
  fBase=   110.04881 grad=  8.1157e-03
  fAmt=   763.19867 grad=  2.3102e-02
  fDecay=     0.16411 grad= -4.6074e-03
  res=     0.50000 grad=  2.9923e-02
  attackTime=     0.00454 grad= -5.4512e-04
  decayTime=     0.25146 grad= -8.6902e-04
  sustain=     0.44585 grad=  2.0103e-02
  releaseTime=     0.02268 grad= -2.6747e-04
  drive=     0.93742 grad= -7.1905e-03
  outGain=     1.97193 grad= -1.7505e-02
  vco2Level=     1.50000 grad= -3.1210e-02
  vco2Detune=     0.09054 grad=  1.2608e-02
  satGain=     1.55067 grad= -2.2536e-02
  satBias=    -0.28296 grad=  6.0214e-03
  satA2=    -0.10309 grad= -1.5938e-03
  satA3=    -0.46850 grad=  7.0736e-03
  satA5=     0.16299 grad=  7.0716e-03
  filtSat=     2.82530 grad= -5.3783e-03
epoch=240 loss=1.596358
  shape=     0.71084 grad= -1.1593e-01
  pw=     0.45744 grad=  2.6278e+00
  fBase=   109.36758 grad=  7.2954e-03
  fAmt=   753.96027 grad=  2.2603e-02
  fDecay=     0.16428 grad= -5.9601e-03
  res=     0.50000 grad=  2.8773e-02
  attackTime=     0.00455 grad= -1.8801e-04
  decayTime=     0.25204 grad= -1.1428e-03
  sustain=     0.44133 grad=  1.8958e-02
  releaseTime=     0.02270 grad= -3.9505e-04
  drive=     0.94163 grad= -9.5916e-03
  outGain=     1.97773 grad= -1.9423e-02
  vco2Level=     1.50000 grad= -3.0012e-02
  vco2Detune=     0.09053 grad=  3.7323e-03
  satGain=     1.56353 grad= -2.6341e-02
  satBias=    -0.28460 grad=  1.3404e-02
  satA2=    -0.10251 grad= -3.1943e-03
  satA3=    -0.46916 grad=  3.7292e-03
  satA5=     0.16230 grad= -5.7769e-03
  filtSat=     2.83404 grad= -4.8128e-03
epoch=250 loss=1.595391
  shape=     0.71253 grad= -1.0069e-01
  pw=     0.45735 grad= -5.9302e+00
  fBase=   108.68794 grad=  1.0295e-02
  fAmt=   744.53198 grad=  3.2134e-02
  fDecay=     0.16445 grad= -2.0206e-03
  res=     0.50000 grad=  2.6606e-02
  attackTime=     0.00455 grad= -3.3687e-05
  decayTime=     0.25280 grad= -1.2770e-03
  sustain=     0.43704 grad=  1.9152e-02
  releaseTime=     0.02274 grad= -1.2942e-04
  drive=     0.94670 grad= -1.3620e-02
  outGain=     1.98400 grad= -2.3121e-02
  vco2Level=     1.50000 grad= -3.2774e-02
  vco2Detune=     0.09061 grad= -1.8638e-02
  satGain=     1.57587 grad= -1.5962e-02
  satBias=    -0.28655 grad=  1.6660e-02
  satA2=    -0.10178 grad= -2.5987e-02
  satA3=    -0.46996 grad=  2.8200e-02
  satA5=     0.16150 grad=  3.3431e-02
  filtSat=     2.84100 grad= -1.7079e-03
epoch=260 loss=1.594252
  shape=     0.71419 grad= -9.5246e-02
  pw=     0.45737 grad= -2.0398e+00
  fBase=   108.01061 grad=  1.1501e-02
  fAmt=   735.56354 grad=  3.2401e-02
  fDecay=     0.16462 grad=  8.2012e-04
  res=     0.50000 grad=  2.7491e-02
  attackTime=     0.00457 grad= -3.4907e-04
  decayTime=     0.25355 grad= -2.9051e-04
  sustain=     0.43280 grad=  2.2122e-02
  releaseTime=     0.02275 grad= -2.1204e-05
  drive=     0.95189 grad= -8.3730e-03
  outGain=     1.99030 grad= -1.7979e-02
  vco2Level=     1.50000 grad= -3.0490e-02
  vco2Detune=     0.09065 grad=  6.0060e-03
  satGain=     1.58893 grad= -1.5220e-02
  satBias=    -0.28865 grad=  1.4867e-02
  satA2=    -0.10107 grad= -2.2143e-02
  satA3=    -0.47070 grad=  2.4906e-02
  satA5=     0.16079 grad=  2.9805e-02
  filtSat=     2.84789 grad= -3.1957e-03
epoch=270 loss=1.593309
  shape=     0.71574 grad= -1.0415e-01
  pw=     0.45734 grad= -5.2465e+00
  fBase=   107.28660 grad=  8.1631e-03
  fAmt=   726.57178 grad=  2.8234e-02
  fDecay=     0.16471 grad= -5.6352e-03
  res=     0.50000 grad=  2.6067e-02
  attackTime=     0.00458 grad= -6.6874e-05
  decayTime=     0.25410 grad= -2.0520e-03
  sustain=     0.42842 grad=  1.6353e-02
  releaseTime=     0.02276 grad= -2.6649e-04
  drive=     0.95645 grad= -1.6784e-02
  outGain=     1.99616 grad= -2.6399e-02
  vco2Level=     1.50000 grad= -3.1329e-02
  vco2Detune=     0.09065 grad= -1.4138e-02
  satGain=     1.60081 grad= -2.0414e-02
  satBias=    -0.29071 grad=  1.9300e-02
  satA2=    -0.10031 grad= -2.3688e-02
  satA3=    -0.47150 grad=  2.3602e-02
  satA5=     0.15999 grad=  2.3995e-02
  filtSat=     2.85491 grad= -1.6517e-03
epoch=280 loss=1.592392
  shape=     0.71730 grad= -1.0487e-01
  pw=     0.45741 grad=  5.1978e+00
  fBase=   106.64149 grad=  8.6657e-03
  fAmt=   718.24860 grad=  2.4260e-02
  fDecay=     0.16489 grad= -4.2982e-03
  res=     0.50000 grad=  2.8401e-02
  attackTime=     0.00460 grad= -7.8173e-04
  decayTime=     0.25493 grad= -7.7624e-04
  sustain=     0.42443 grad=  2.0040e-02
  releaseTime=     0.02278 grad=  2.8918e-06
  drive=     0.96188 grad= -7.2544e-03
  outGain=     2.00000 grad= -1.7234e-02
  vco2Level=     1.50000 grad= -2.7250e-02
  vco2Detune=     0.09064 grad=  3.0740e-02
  satGain=     1.61400 grad= -2.3982e-02
  satBias=    -0.29308 grad=  1.3949e-02
  satA2=    -0.09956 grad= -6.5411e-03
  satA3=    -0.47224 grad=  7.5291e-03
  satA5=     0.15932 grad=  9.7569e-04
  filtSat=     2.86127 grad= -5.2346e-03
epoch=290 loss=1.591348
  shape=     0.71879 grad= -9.0898e-02
  pw=     0.45735 grad= -1.8208e+00
  fBase=   106.01054 grad=  1.0128e-02
  fAmt=   710.31158 grad=  3.1522e-02
  fDecay=     0.16506 grad= -2.0211e-03
  res=     0.50000 grad=  2.6463e-02
  attackTime=     0.00461 grad=  7.2447e-05
  decayTime=     0.25564 grad= -1.5240e-03
  sustain=     0.42048 grad=  1.7204e-02
  releaseTime=     0.02279 grad= -5.4818e-04
  drive=     0.96663 grad= -1.3264e-02
  outGain=     2.00000 grad= -2.3269e-02
  vco2Level=     1.50000 grad= -3.0448e-02
  vco2Detune=     0.09058 grad= -1.4937e-02
  satGain=     1.62700 grad= -1.0324e-02
  satBias=    -0.29534 grad=  1.2721e-02
  satA2=    -0.09887 grad= -2.9961e-02
  satA3=    -0.47292 grad=  3.4948e-02
  satA5=     0.15869 grad=  5.5252e-02
  filtSat=     2.86840 grad= -2.0210e-03
epoch=300 loss=1.590631
  shape=     0.72023 grad= -1.0461e-01
  pw=     0.45740 grad=  4.8471e+00
  fBase=   105.41899 grad=  7.4533e-03
  fAmt=   702.77618 grad=  2.2572e-02
  fDecay=     0.16526 grad= -6.8163e-03
  res=     0.50000 grad=  2.7401e-02
  attackTime=     0.00462 grad= -1.6818e-04
  decayTime=     0.25656 grad= -1.7897e-03
  sustain=     0.41692 grad=  1.6211e-02
  releaseTime=     0.02282 grad= -1.1311e-04
  drive=     0.97183 grad= -1.1903e-02
  outGain=     2.00000 grad= -2.2125e-02
  vco2Level=     1.50000 grad= -2.6940e-02
  vco2Detune=     0.09054 grad=  1.8161e-02
  satGain=     1.63861 grad= -2.2085e-02
  satBias=    -0.29741 grad=  1.4858e-02
  satA2=    -0.09812 grad= -1.1984e-02
  satA3=    -0.47367 grad=  1.1944e-02
  satA5=     0.15788 grad=  1.2027e-02
  filtSat=     2.87487 grad= -4.1946e-03
epoch=310 loss=1.589799
  shape=     0.72160 grad= -6.3408e-02
  pw=     0.45731 grad= -6.8970e+00
  fBase=   104.84874 grad=  1.4207e-02
  fAmt=   695.89459 grad=  3.2743e-02
  fDecay=     0.16547 grad=  2.8699e-03
  res=     0.50000 grad=  2.4761e-02
  attackTime=     0.00463 grad=  3.5828e-04
  decayTime=     0.25765 grad= -1.7793e-03
  sustain=     0.41365 grad=  1.7131e-02
  releaseTime=     0.02285 grad= -4.6558e-04
  drive=     0.97756 grad= -1.7552e-02
  outGain=     2.00000 grad= -2.7535e-02
  vco2Level=     1.50000 grad= -3.4941e-02
  vco2Detune=     0.09055 grad= -6.8558e-02
  satGain=     1.64896 grad=  9.3996e-03
  satBias=    -0.29938 grad=  8.3739e-03
  satA2=    -0.09730 grad= -6.0304e-02
  satA3=    -0.47449 grad=  7.0345e-02
  satA5=     0.15689 grad=  1.3616e-01
  filtSat=     2.88075 grad= -3.9482e-05
epoch=320 loss=1.588989
  shape=     0.72289 grad= -8.9108e-02
  pw=     0.45729 grad= -6.4162e+00
  fBase=   104.29809 grad=  9.5523e-03
  fAmt=   689.62878 grad=  2.6340e-02
  fDecay=     0.16571 grad= -4.0750e-03
  res=     0.50000 grad=  2.4754e-02
  attackTime=     0.00462 grad= -1.4239e-04
  decayTime=     0.25902 grad= -2.0373e-03
  sustain=     0.41073 grad=  1.6341e-02
  releaseTime=     0.02287 grad=  1.2550e-04
  drive=     0.98466 grad= -1.8904e-02
  outGain=     2.00000 grad= -2.8707e-02
  vco2Level=     1.50000 grad= -2.9693e-02
  vco2Detune=     0.09067 grad= -2.5466e-02
  satGain=     1.65785 grad= -1.3422e-02
  satBias=    -0.30142 grad=  1.7464e-02
  satA2=    -0.09626 grad= -3.4147e-02
  satA3=    -0.47547 grad=  3.5729e-02
  satA5=     0.15561 grad=  5.5305e-02
  filtSat=     2.88497 grad= -1.2201e-03
epoch=330 loss=1.588102
  shape=     0.72415 grad= -7.0438e-02
  pw=     0.45731 grad= -2.5402e+00
  fBase=   103.77274 grad=  1.4381e-02
  fAmt=   683.88416 grad=  3.1693e-02
  fDecay=     0.16594 grad=  4.0576e-03
  res=     0.50000 grad=  2.5502e-02
  attackTime=     0.00463 grad= -4.9628e-04
  decayTime=     0.26016 grad=  9.1564e-05
  sustain=     0.40771 grad=  2.2788e-02
  releaseTime=     0.02287 grad= -2.2796e-04
  drive=     0.99139 grad= -9.7100e-03
  outGain=     2.00000 grad= -1.9425e-02
  vco2Level=     1.50000 grad= -2.8798e-02
  vco2Detune=     0.09070 grad= -4.2726e-03
  satGain=     1.66906 grad= -5.1178e-03
  satBias=    -0.30367 grad=  1.2858e-02
  satA2=    -0.09542 grad= -3.7181e-02
  satA3=    -0.47623 grad=  4.2793e-02
  satA5=     0.15475 grad=  7.3972e-02
  filtSat=     2.88966 grad= -2.7309e-03
epoch=340 loss=1.587510
  shape=     0.72525 grad= -1.2557e-01
  pw=     0.45736 grad=  6.4805e+00
  fBase=   103.16068 grad=  3.1088e-03
  fAmt=   677.96643 grad=  1.0116e-02
  fDecay=     0.16599 grad= -1.2915e-02
  res=     0.50000 grad=  2.5930e-02
  attackTime=     0.00465 grad= -5.7649e-04
  decayTime=     0.26073 grad= -2.8796e-03
  sustain=     0.40435 grad=  1.2283e-02
  releaseTime=     0.02287 grad= -6.7768e-04
  drive=     0.99653 grad= -1.8691e-02
  outGain=     2.00000 grad= -2.8728e-02
  vco2Level=     1.50000 grad= -2.4276e-02
  vco2Detune=     0.09067 grad=  3.9696e-02
  satGain=     1.67775 grad= -4.4359e-02
  satBias=    -0.30567 grad=  2.8509e-02
  satA2=    -0.09452 grad=  3.0503e-03
  satA3=    -0.47707 grad= -1.5917e-02
  satA5=     0.15370 grad= -5.7543e-02
  filtSat=     2.89510 grad= -4.8026e-03
epoch=350 loss=1.586719
  shape=     0.72644 grad= -3.5110e-02
  pw=     0.45730 grad= -6.6444e+00
  fBase=   102.70313 grad=  2.1195e-02
  fAmt=   673.04999 grad=  5.3178e-02
  fDecay=     0.16619 grad=  1.7503e-02
  res=     0.50000 grad=  2.5823e-02
  attackTime=     0.00466 grad= -5.2966e-04
  decayTime=     0.26154 grad=  2.9617e-03
  sustain=     0.40145 grad=  2.9914e-02
  releaseTime=     0.02289 grad=  1.0674e-04
  drive=     1.00230 grad=  1.4364e-03
  outGain=     2.00000 grad= -8.4034e-03
  vco2Level=     1.50000 grad= -2.8078e-02
  vco2Detune=     0.09061 grad= -4.3538e-02
  satGain=     1.69180 grad=  2.1039e-02
  satBias=    -0.30813 grad= -1.5289e-03
  satA2=    -0.09395 grad= -5.4241e-02
  satA3=    -0.47750 grad=  7.6216e-02
  satA5=     0.15343 grad=  1.5238e-01
  filtSat=     2.90067 grad= -1.9834e-03
epoch=360 loss=1.585891
  shape=     0.72741 grad= -1.3133e-01
  pw=     0.45733 grad=  3.2573e+00
  fBase=   102.10658 grad=  7.8181e-04
  fAmt=   666.20673 grad=  1.5212e-02
  fDecay=     0.16610 grad= -1.5231e-02
  res=     0.50000 grad=  2.5266e-02
  attackTime=     0.00468 grad= -1.8868e-05
  decayTime=     0.26145 grad= -3.4714e-03
  sustain=     0.39804 grad=  9.0943e-03
  releaseTime=     0.02290 grad= -9.6378e-04
  drive=     1.00552 grad= -2.1279e-02
  outGain=     2.00000 grad= -3.1638e-02
  vco2Level=     1.50000 grad= -2.2246e-02
  vco2Detune=     0.09062 grad=  2.6087e-02
  satGain=     1.69951 grad= -4.5973e-02
  satBias=    -0.30978 grad=  2.8733e-02
  satA2=    -0.09324 grad=  4.7528e-03
  satA3=    -0.47826 grad= -1.5306e-02
  satA5=     0.15257 grad= -6.1737e-02
  filtSat=     2.90574 grad= -3.4815e-03
epoch=370 loss=1.585246
  shape=     0.72848 grad= -5.2461e-02
  pw=     0.45729 grad= -6.8524e+00
  fBase=   101.72174 grad=  1.5926e-02
  fAmt=   660.71875 grad=  3.8715e-02
  fDecay=     0.16627 grad=  6.6685e-03
  res=     0.50000 grad=  2.3908e-02
  attackTime=     0.00468 grad=  1.2084e-04
  decayTime=     0.26224 grad= -9.1443e-04
  sustain=     0.39564 grad=  1.7275e-02
  releaseTime=     0.02294 grad= -5.1663e-04
  drive=     1.01097 grad= -1.3814e-02
  outGain=     2.00000 grad= -2.4016e-02
  vco2Level=     1.50000 grad= -3.2652e-02
  vco2Detune=     0.09065 grad= -4.9592e-02
  satGain=     1.71063 grad=  1.6376e-02
  satBias=    -0.31172 grad=  1.3766e-04
  satA2=    -0.09267 grad= -5.7002e-02
  satA3=    -0.47880 grad=  7.5431e-02
  satA5=     0.15207 grad=  1.6085e-01
  filtSat=     2.90954 grad= -2.5640e-04
epoch=380 loss=1.584573
  shape=     0.72943 grad= -1.0984e-01
  pw=     0.45732 grad=  4.0467e+00
  fBase=   101.31322 grad=  5.5786e-03
  fAmt=   655.43243 grad=  2.0335e-02
  fDecay=     0.16639 grad= -8.3725e-03
  res=     0.50000 grad=  2.5373e-02
  attackTime=     0.00468 grad= -2.4286e-04
  decayTime=     0.26303 grad= -1.7320e-03
  sustain=     0.39341 grad=  1.4742e-02
  releaseTime=     0.02297 grad=  2.8661e-04
  drive=     1.01632 grad= -1.4964e-02
  outGain=     2.00000 grad= -2.5279e-02
  vco2Level=     1.50000 grad= -2.1995e-02
  vco2Detune=     0.09067 grad=  3.9760e-02
  satGain=     1.71810 grad= -3.2394e-02
  satBias=    -0.31324 grad=  2.2305e-02
  satA2=    -0.09196 grad= -6.3078e-03
  satA3=    -0.47953 grad=  2.0452e-03
  satA5=     0.15114 grad= -1.8278e-02
  filtSat=     2.91273 grad= -4.1154e-03
epoch=390 loss=1.583959
  shape=     0.73034 grad= -7.6028e-02
  pw=     0.45729 grad= -3.7104e+00
  fBase=   100.93432 grad=  1.2280e-02
  fAmt=   650.83014 grad=  2.7844e-02
  fDecay=     0.16653 grad=  7.7322e-04
  res=     0.50000 grad=  2.3878e-02
  attackTime=     0.00468 grad= -1.5115e-04
  decayTime=     0.26374 grad= -1.2337e-03
  sustain=     0.39126 grad=  1.6491e-02
  releaseTime=     0.02297 grad=  2.0283e-04
  drive=     1.02137 grad= -1.5394e-02
  outGain=     2.00000 grad= -2.5425e-02
  vco2Level=     1.50000 grad= -2.8855e-02
  vco2Detune=     0.09065 grad= -2.7682e-02
  satGain=     1.72636 grad= -4.0453e-03
  satBias=    -0.31480 grad=  1.0273e-02
  satA2=    -0.09134 grad= -3.8686e-02
  satA3=    -0.48016 grad=  4.7332e-02
  satA5=     0.15037 grad=  9.2982e-02
  filtSat=     2.91636 grad= -2.0208e-03
epoch=400 loss=1.583449
  shape=     0.73120 grad= -1.0294e-01
  pw=     0.45732 grad=  4.5160e+00
  fBase=   100.54959 grad=  7.7534e-03
  fAmt=   646.76617 grad=  1.9868e-02
  fDecay=     0.16663 grad= -5.1503e-03
  res=     0.50000 grad=  2.5256e-02
  attackTime=     0.00469 grad= -4.5877e-04
  decayTime=     0.26435 grad= -1.1670e-03
  sustain=     0.38917 grad=  1.6175e-02
  releaseTime=     0.02296 grad= -3.1193e-04
  drive=     1.02606 grad= -1.3331e-02
  outGain=     2.00000 grad= -2.3624e-02
  vco2Level=     1.50000 grad= -2.2651e-02
  vco2Detune=     0.09064 grad=  2.6218e-02
  satGain=     1.73394 grad= -2.7426e-02
  satBias=    -0.31623 grad=  2.0197e-02
  satA2=    -0.09072 grad= -1.1802e-02
  satA3=    -0.48077 grad=  9.4460e-03
  satA5=     0.14959 grad=  1.2335e-03
  filtSat=     2.92018 grad= -4.5229e-03
epoch=410 loss=1.582888
  shape=     0.73200 grad= -7.4605e-02
  pw=     0.45729 grad= -1.4424e+00
  fBase=   100.17477 grad=  1.2720e-02
  fAmt=   643.20416 grad=  2.5094e-02
  fDecay=     0.16671 grad=  1.2317e-03
  res=     0.50000 grad=  2.3819e-02
  attackTime=     0.00469 grad= -2.8998e-04
  decayTime=     0.26492 grad= -1.2662e-03
  sustain=     0.38723 grad=  1.5892e-02
  releaseTime=     0.02297 grad= -3.1579e-04
  drive=     1.03048 grad= -1.4952e-02
  outGain=     2.00000 grad= -2.4922e-02
  vco2Level=     1.50000 grad= -2.9035e-02
  vco2Detune=     0.09064 grad= -2.3563e-02
  satGain=     1.74115 grad= -4.1245e-03
  satBias=    -0.31758 grad=  9.6347e-03
  satA2=    -0.09014 grad= -3.7818e-02
  satA3=    -0.48135 grad=  4.6427e-02
  satA5=     0.14883 grad=  9.5091e-02
  filtSat=     2.92409 grad= -2.5841e-03
epoch=420 loss=1.582430
  shape=     0.73275 grad= -6.8396e-02
  pw=     0.45729 grad= -2.4847e+00
  fBase=    99.81640 grad=  1.3549e-02
  fAmt=   640.01770 grad=  2.4719e-02
  fDecay=     0.16678 grad=  2.1578e-03
  res=     0.50000 grad=  2.3376e-02
  attackTime=     0.00470 grad= -2.0332e-04
  decayTime=     0.26544 grad= -1.5176e-03
  sustain=     0.38542 grad=  1.4921e-02
  releaseTime=     0.02299 grad= -3.3199e-04
  drive=     1.03458 grad= -1.6185e-02
  outGain=     2.00000 grad= -2.6104e-02
  vco2Level=     1.50000 grad= -3.0999e-02
  vco2Detune=     0.09065 grad= -3.8796e-02
  satGain=     1.74785 grad=  9.5285e-04
  satBias=    -0.31882 grad=  7.3281e-03
  satA2=    -0.08959 grad= -4.4087e-02
  satA3=    -0.48189 grad=  5.4619e-02
  satA5=     0.14809 grad=  1.1813e-01
  filtSat=     2.92803 grad= -2.2134e-03
epoch=430 loss=1.582100
  shape=     0.73344 grad= -1.1051e-01
  pw=     0.45732 grad=  6.4094e+00
  fBase=    99.49180 grad=  5.7843e-03
  fAmt=   637.20630 grad=  1.7250e-02
  fDecay=     0.16687 grad= -7.5988e-03
  res=     0.50000 grad=  2.5411e-02
  attackTime=     0.00471 grad= -5.2293e-04
  decayTime=     0.26603 grad= -1.0265e-03
  sustain=     0.38383 grad=  1.5883e-02
  releaseTime=     0.02300 grad=  1.1402e-04
  drive=     1.03873 grad= -1.2007e-02
  outGain=     2.00000 grad= -2.2232e-02
  vco2Level=     1.50000 grad= -1.9505e-02
  vco2Detune=     0.09067 grad=  4.9268e-02
  satGain=     1.75412 grad= -3.5961e-02
  satBias=    -0.32001 grad=  2.4943e-02
  satA2=    -0.08904 grad= -3.6562e-03
  satA3=    -0.48242 grad= -3.3329e-03
  satA5=     0.14736 grad= -3.2095e-02
  filtSat=     2.93158 grad= -5.6489e-03
epoch=440 loss=1.581742
  shape=     0.73415 grad= -3.8412e-02
  pw=     0.45725 grad= -1.0614e+01
  fBase=    99.26112 grad=  1.6973e-02
  fAmt=   634.42175 grad=  5.1116e-02
  fDecay=     0.16701 grad=  1.1604e-02
  res=     0.50000 grad=  2.4717e-02
  attackTime=     0.00471 grad= -5.3293e-04
  decayTime=     0.26636 grad=  3.2626e-03
  sustain=     0.38219 grad=  2.8717e-02
  releaseTime=     0.02300 grad=  3.4674e-04
  drive=     1.04206 grad=  1.0339e-03
  outGain=     2.00000 grad= -8.9466e-03
  vco2Level=     1.50000 grad= -1.9140e-02
  vco2Detune=     0.09064 grad= -4.1703e-02
  satGain=     1.76336 grad=  1.7820e-02
  satBias=    -0.32150 grad=  1.8406e-03
  satA2=    -0.08871 grad= -5.0498e-02
  satA3=    -0.48268 grad=  7.1044e-02
  satA5=     0.14720 grad=  1.5034e-01
  filtSat=     2.93555 grad= -2.8013e-03
epoch=450 loss=1.581072
  shape=     0.73470 grad= -1.0488e-01
  pw=     0.45730 grad=  2.8515e+00
  fBase=    98.98453 grad=  5.5111e-03
  fAmt=   630.66095 grad=  2.8023e-02
  fDecay=     0.16701 grad= -5.9919e-03
  res=     0.50000 grad=  2.5153e-02
  attackTime=     0.00472 grad= -3.1865e-04
  decayTime=     0.26604 grad= -4.7336e-04
  sustain=     0.38019 grad=  1.6766e-02
  releaseTime=     0.02299 grad= -3.9888e-04
  drive=     1.04344 grad= -9.8803e-03
  outGain=     2.00000 grad= -2.0400e-02
  vco2Level=     1.50000 grad= -1.6817e-02
  vco2Detune=     0.09060 grad=  2.5729e-02
  satGain=     1.76878 grad= -3.1349e-02
  satBias=    -0.32259 grad=  2.2047e-02
  satA2=    -0.08835 grad= -3.9822e-03
  satA3=    -0.48307 grad=  1.7468e-03
  satA5=     0.14678 grad= -2.3332e-02
  filtSat=     2.93951 grad= -4.6080e-03
epoch=460 loss=1.580731
  shape=     0.73525 grad= -1.0926e-01
  pw=     0.45732 grad=  5.4869e+00
  fBase=    98.77532 grad=  4.1100e-03
  fAmt=   627.33490 grad=  2.6103e-02
  fDecay=     0.16706 grad= -8.6087e-03
  res=     0.50000 grad=  2.5327e-02
  attackTime=     0.00473 grad= -1.9204e-04
  decayTime=     0.26598 grad= -1.2283e-03
  sustain=     0.37857 grad=  1.4192e-02
  releaseTime=     0.02300 grad= -6.2739e-04
  drive=     1.04530 grad= -1.1261e-02
  outGain=     2.00000 grad= -2.2032e-02
  vco2Level=     1.50000 grad= -1.6674e-02
  vco2Detune=     0.09059 grad=  4.9753e-02
  satGain=     1.77466 grad= -3.2173e-02
  satBias=    -0.32363 grad=  2.1396e-02
  satA2=    -0.08805 grad= -1.7600e-03
  satA3=    -0.48338 grad= -7.7406e-04
  satA5=     0.14649 grad= -2.5657e-02
  filtSat=     2.94280 grad= -4.6582e-03
epoch=470 loss=1.580376
  shape=     0.73578 grad= -9.9305e-02
  pw=     0.45732 grad=  5.4052e+00
  fBase=    98.60873 grad=  6.3030e-03
  fAmt=   624.39178 grad=  2.9802e-02
  fDecay=     0.16716 grad= -5.8357e-03
  res=     0.50000 grad=  2.5352e-02
  attackTime=     0.00473 grad= -2.3843e-04
  decayTime=     0.26613 grad= -6.2608e-04
  sustain=     0.37727 grad=  1.6325e-02
  releaseTime=     0.02301 grad= -2.3521e-06
  drive=     1.04747 grad= -8.9637e-03
  outGain=     2.00000 grad= -1.9804e-02
  vco2Level=     1.50000 grad= -1.7051e-02
  vco2Detune=     0.09058 grad=  4.3688e-02
  satGain=     1.78026 grad= -2.3948e-02
  satBias=    -0.32456 grad=  1.6996e-02
  satA2=    -0.08780 grad= -6.9911e-03
  satA3=    -0.48365 grad=  8.3117e-03
  satA5=     0.14623 grad=  5.5528e-04
  filtSat=     2.94551 grad= -4.5496e-03
epoch=480 loss=1.580029
  shape=     0.73625 grad= -8.2751e-02
  pw=     0.45728 grad= -5.5957e+00
  fBase=    98.44482 grad=  8.5711e-03
  fAmt=   621.63348 grad=  3.4340e-02
  fDecay=     0.16723 grad= -2.1304e-03
  res=     0.50000 grad=  2.3470e-02
  attackTime=     0.00473 grad=  3.6923e-04
  decayTime=     0.26626 grad= -6.5974e-04
  sustain=     0.37606 grad=  1.6633e-02
  releaseTime=     0.02302 grad= -8.9712e-05
  drive=     1.04940 grad= -1.3038e-02
  outGain=     2.00000 grad= -2.3586e-02
  vco2Level=     1.50000 grad= -1.9689e-02
  vco2Detune=     0.09058 grad= -3.4559e-02
  satGain=     1.78465 grad= -7.7247e-03
  satBias=    -0.32529 grad=  1.0659e-02
  satA2=    -0.08756 grad= -2.6227e-02
  satA3=    -0.48392 grad=  3.5624e-02
  satA5=     0.14591 grad=  6.9420e-02
  filtSat=     2.94795 grad= -2.2010e-03
epoch=490 loss=1.579782
  shape=     0.73668 grad= -8.3796e-02
  pw=     0.45727 grad= -7.6879e+00
  fBase=    98.29758 grad=  8.7944e-03
  fAmt=   619.16614 grad=  3.4134e-02
  fDecay=     0.16731 grad= -1.8137e-03
  res=     0.50000 grad=  2.3047e-02
  attackTime=     0.00473 grad=  4.2575e-04
  decayTime=     0.26643 grad= -6.6056e-04
  sustain=     0.37499 grad=  1.6725e-02
  releaseTime=     0.02302 grad= -2.1061e-04
  drive=     1.05132 grad= -1.4130e-02
  outGain=     2.00000 grad= -2.4639e-02
  vco2Level=     1.50000 grad= -1.9962e-02
  vco2Detune=     0.09059 grad= -4.3165e-02
  satGain=     1.78863 grad= -6.4728e-03
  satBias=    -0.32593 grad=  9.7180e-03
  satA2=    -0.08735 grad= -2.7395e-02
  satA3=    -0.48416 grad=  3.7953e-02
  satA5=     0.14560 grad=  7.6096e-02
  filtSat=     2.95005 grad= -1.8543e-03
epoch=500 loss=1.579456
  shape=     0.73708 grad= -1.0295e-01
  pw=     0.45730 grad=  3.2428e+00
  fBase=    98.16511 grad=  6.7359e-03
  fAmt=   616.96698 grad=  2.8372e-02
  fDecay=     0.16738 grad= -5.1977e-03
  res=     0.50000 grad=  2.4462e-02
  attackTime=     0.00473 grad=  3.8256e-05
  decayTime=     0.26661 grad= -8.5628e-04
  sustain=     0.37405 grad=  1.5958e-02
  releaseTime=     0.02303 grad= -2.4541e-04
  drive=     1.05324 grad= -1.1867e-02
  outGain=     2.00000 grad= -2.2675e-02
  vco2Level=     1.50000 grad= -1.7478e-02
  vco2Detune=     0.09060 grad=  2.1622e-02
  satGain=     1.79213 grad= -2.3302e-02
  satBias=    -0.32650 grad=  1.5885e-02
  satA2=    -0.08715 grad= -7.1112e-03
  satA3=    -0.48439 grad=  9.2235e-03
  satA5=     0.14530 grad=  5.0724e-03
  filtSat=     2.95181 grad= -3.8131e-03
epoch=510 loss=1.579208
  shape=     0.73746 grad= -9.7765e-02
  pw=     0.45728 grad= -2.8070e+00
  fBase=    98.04517 grad=  8.7490e-03
  fAmt=   615.03400 grad=  3.2299e-02
  fDecay=     0.16745 grad= -1.7761e-03
  res=     0.50000 grad=  2.3583e-02
  attackTime=     0.00472 grad=  2.0397e-04
  decayTime=     0.26677 grad= -4.1638e-04
  sustain=     0.37319 grad=  1.7391e-02
  releaseTime=     0.02303 grad= -2.8662e-04
  drive=     1.05502 grad= -1.2723e-02
  outGain=     2.00000 grad= -2.3466e-02
  vco2Level=     1.50000 grad= -1.8950e-02
  vco2Detune=     0.09060 grad= -1.2258e-02
  satGain=     1.79571 grad= -1.4516e-02
  satBias=    -0.32701 grad=  9.7915e-03
  satA2=    -0.08700 grad= -1.2610e-02
  satA3=    -0.48457 grad=  2.1085e-02
  satA5=     0.14508 grad=  3.8460e-02
  filtSat=     2.95345 grad= -2.7014e-03
epoch=520 loss=1.578977
  shape=     0.73782 grad= -1.2190e-01
  pw=     0.45729 grad= -6.4067e-01
  fBase=    97.92359 grad=  9.7829e-03
  fAmt=   613.23218 grad=  3.3439e-02
  fDecay=     0.16749 grad=  9.5823e-05
  res=     0.50000 grad=  2.3691e-02
  attackTime=     0.00472 grad=  5.6046e-05
  decayTime=     0.26686 grad=  2.1152e-04
  sustain=     0.37236 grad=  1.9068e-02
  releaseTime=     0.02304 grad= -3.1926e-04
  drive=     1.05653 grad= -1.0870e-02
  outGain=     2.00000 grad= -2.1667e-02
  vco2Level=     1.50000 grad= -1.8466e-02
  vco2Detune=     0.09060 grad= -3.7336e-03
  satGain=     1.79894 grad= -2.5192e-02
  satBias=    -0.32740 grad=  6.4744e-03
  satA2=    -0.08691 grad=  1.2538e-02
  satA3=    -0.48471 grad= -4.6106e-03
  satA5=     0.14491 grad= -1.8810e-02
  filtSat=     2.95495 grad= -3.0185e-03
epoch=530 loss=1.578792
  shape=     0.73811 grad= -1.2831e-01
  pw=     0.45729 grad= -3.8506e-01
  fBase=    97.81173 grad=  6.1594e-03
  fAmt=   611.60413 grad=  2.7188e-02
  fDecay=     0.16752 grad= -5.5440e-03
  res=     0.50000 grad=  2.3480e-02
  attackTime=     0.00472 grad=  1.3723e-04
  decayTime=     0.26694 grad= -1.1791e-03
  sustain=     0.37161 grad=  1.4780e-02
  releaseTime=     0.02304 grad= -2.5465e-04
  drive=     1.05787 grad= -1.5365e-02
  outGain=     2.00000 grad= -2.6172e-02
  vco2Level=     1.50000 grad= -1.7790e-02
  vco2Detune=     0.09060 grad= -1.9404e-03
  satGain=     1.80098 grad= -3.2419e-02
  satBias=    -0.32774 grad=  1.3512e-02
  satA2=    -0.08675 grad=  1.1249e-02
  satA3=    -0.48490 grad= -9.3510e-03
  satA5=     0.14462 grad= -3.5654e-02
  filtSat=     2.95632 grad= -3.0278e-03
epoch=540 loss=1.578632
  shape=     0.73838 grad= -1.2983e-01
  pw=     0.45729 grad= -3.4141e-01
  fBase=    97.72628 grad=  4.7913e-03
  fAmt=   610.24902 grad=  2.3932e-02
  fDecay=     0.16757 grad= -8.0359e-03
  res=     0.50000 grad=  2.3290e-02
  attackTime=     0.00472 grad=  7.9583e-05
  decayTime=     0.26710 grad= -1.6847e-03
  sustain=     0.37099 grad=  1.3506e-02
  releaseTime=     0.02305 grad= -2.4538e-04
  drive=     1.05928 grad= -1.7236e-02
  outGain=     2.00000 grad= -2.8038e-02
  vco2Level=     1.50000 grad= -1.7520e-02
  vco2Detune=     0.09060 grad= -5.2458e-03
  satGain=     1.80297 grad= -3.4818e-02
  satBias=    -0.32811 grad=  1.6917e-02
  satA2=    -0.08659 grad=  8.8091e-03
  satA3=    -0.48508 grad= -9.4620e-03
  satA5=     0.14436 grad= -3.8716e-02
  filtSat=     2.95756 grad= -3.1090e-03
epoch=550 loss=1.578473
  shape=     0.73863 grad= -1.3351e-01
  pw=     0.45729 grad= -3.5360e-01
  fBase=    97.65836 grad=  7.4163e-03
  fAmt=   609.11279 grad=  2.7462e-02
  fDecay=     0.16764 grad= -3.7988e-03
  res=     0.50000 grad=  2.3395e-02
  attackTime=     0.00472 grad=  6.8957e-05
  decayTime=     0.26727 grad= -4.8251e-04
  sustain=     0.37046 grad=  1.7101e-02
  releaseTime=     0.02305 grad= -1.4452e-04
  drive=     1.06068 grad= -1.3768e-02
  outGain=     2.00000 grad= -2.4517e-02
  vco2Level=     1.50000 grad= -1.7371e-02
  vco2Detune=     0.09060 grad= -6.8220e-03
  satGain=     1.80531 grad= -3.4235e-02
  satBias=    -0.32850 grad=  1.2282e-02
  satA2=    -0.08647 grad=  1.7225e-02
  satA3=    -0.48521 grad= -1.4876e-02
  satA5=     0.14418 grad= -4.7814e-02
  filtSat=     2.95871 grad= -3.3373e-03
epoch=560 loss=1.578332
  shape=     0.73886 grad= -1.3605e-01
  pw=     0.45729 grad=  6.9131e-01
  fBase=    97.58951 grad=  7.8970e-03
  fAmt=   608.06024 grad=  2.7411e-02
  fDecay=     0.16769 grad= -3.1890e-03
  res=     0.50000 grad=  2.3478e-02
  attackTime=     0.00472 grad= -1.9787e-05
  decayTime=     0.26740 grad= -1.8581e-04
  sustain=     0.36994 grad=  1.8092e-02
  releaseTime=     0.02305 grad= -2.6950e-05
  drive=     1.06189 grad= -1.2728e-02
  outGain=     2.00000 grad= -2.3447e-02
  vco2Level=     1.50000 grad= -1.6875e-02
  vco2Detune=     0.09060 grad=  2.5415e-03
  satGain=     1.80719 grad= -3.6286e-02
  satBias=    -0.32884 grad=  1.2501e-02
  satA2=    -0.08634 grad=  2.1014e-02
  satA3=    -0.48535 grad= -1.9219e-02
  satA5=     0.14399 grad= -5.8778e-02
  filtSat=     2.95982 grad= -3.6004e-03
epoch=570 loss=1.578203
  shape=     0.73907 grad= -1.2893e-02
  pw=     0.45729 grad= -7.1751e-01
  fBase=    97.52132 grad=  7.0041e-03
  fAmt=   607.08258 grad=  2.6290e-02
  fDecay=     0.16773 grad= -5.9877e-03
  res=     0.50000 grad=  2.3930e-02
  attackTime=     0.00472 grad= -8.2604e-06
  decayTime=     0.26749 grad= -1.4029e-03
  sustain=     0.36944 grad=  1.5186e-02
  releaseTime=     0.02306 grad= -4.1079e-05
  drive=     1.06297 grad= -1.3339e-02
  outGain=     2.00000 grad= -2.4028e-02
  vco2Level=     1.50000 grad= -1.6905e-02
  vco2Detune=     0.09060 grad= -2.0938e-03
  satGain=     1.80888 grad=  2.5196e-02
  satBias=    -0.32915 grad=  1.8454e-02
  satA2=    -0.08622 grad= -9.3118e-02
  satA3=    -0.48547 grad=  1.0244e-01
  satA5=     0.14381 grad=  2.3315e-01
  filtSat=     2.96088 grad= -3.4516e-03
epoch=580 loss=1.578084
  shape=     0.73926 grad= -1.4003e-01
  pw=     0.45729 grad=  4.9751e-01
  fBase=    97.45684 grad=  7.4876e-03
  fAmt=   606.17889 grad=  2.5921e-02
  fDecay=     0.16777 grad= -3.8262e-03
  res=     0.50000 grad=  2.3322e-02
  attackTime=     0.00472 grad= -2.3882e-05
  decayTime=     0.26757 grad= -3.1130e-04
  sustain=     0.36895 grad=  1.7806e-02
  releaseTime=     0.02306 grad= -8.5019e-05
  drive=     1.06399 grad= -1.3542e-02
  outGain=     2.00000 grad= -2.4256e-02
  vco2Level=     1.50000 grad= -1.6629e-02
  vco2Detune=     0.09060 grad=  2.4142e-03
  satGain=     1.81047 grad= -3.8968e-02
  satBias=    -0.32946 grad=  1.3813e-02
  satA2=    -0.08610 grad=  2.3109e-02
  satA3=    -0.48560 grad= -2.2703e-02
  satA5=     0.14363 grad= -6.8383e-02
  filtSat=     2.96190 grad= -3.6291e-03
epoch=590 loss=1.577974
  shape=     0.73945 grad= -1.4182e-01
  pw=     0.45729 grad=  5.8145e-01
  fBase=    97.39524 grad=  7.2952e-03
  fAmt=   605.32629 grad=  2.5329e-02
  fDecay=     0.16781 grad= -4.0534e-03
  res=     0.50000 grad=  2.3296e-02
  attackTime=     0.00472 grad= -2.6050e-05
  decayTime=     0.26765 grad= -3.2833e-04
  sustain=     0.36848 grad=  1.7683e-02
  releaseTime=     0.02306 grad= -1.2638e-04
  drive=     1.06498 grad= -1.3623e-02
  outGain=     2.00000 grad= -2.4324e-02
  vco2Level=     1.50000 grad= -1.6470e-02
  vco2Detune=     0.09060 grad=  3.2094e-03
  satGain=     1.81203 grad= -4.0235e-02
  satBias=    -0.32976 grad=  1.4643e-02
  satA2=    -0.08598 grad=  2.3887e-02
  satA3=    -0.48572 grad= -2.4212e-02
  satA5=     0.14347 grad= -7.2944e-02
  filtSat=     2.96289 grad= -3.7283e-03
epoch=599 loss=1.577873
  shape=     0.73961 grad= -9.3199e-03
  pw=     0.45729 grad= -7.9963e-02
  fBase=    97.34157 grad=  6.5734e-03
  fAmt=   604.58545 grad=  2.4898e-02
  fDecay=     0.16785 grad= -6.6438e-03
  res=     0.50000 grad=  2.3894e-02
  attackTime=     0.00472 grad= -8.2554e-05
  decayTime=     0.26773 grad= -1.5167e-03
  sustain=     0.36807 grad=  1.4835e-02
  releaseTime=     0.02306 grad= -1.4756e-04
  drive=     1.06588 grad= -1.3669e-02
  outGain=     2.00000 grad= -2.4348e-02
  vco2Level=     1.50000 grad= -1.6395e-02
  vco2Detune=     0.09060 grad=  3.1566e-03
  satGain=     1.81347 grad=  2.5660e-02
  satBias=    -0.33004 grad=  1.9953e-02
  satA2=    -0.08588 grad= -9.6064e-02
  satA3=    -0.48582 grad=  1.0439e-01
  satA5=     0.14333 grad=  2.3833e-01
  filtSat=     2.96378 grad= -3.6153e-03
