epoch=0 loss=1.732529
  shape=     0.71942 grad= -3.8362e+00
  pw=     0.44473 grad=  1.1805e+01
  fBase=   213.96140 grad= -1.1403e+00
  fAmt=   487.05206 grad= -8.6015e-02
  fDecay=     0.01367 grad= -1.1796e-01
  res=     1.13995 grad=  6.6575e-05
  attackTime=     0.04587 grad=  2.2238e-01
  decayTime=     0.15495 grad= -3.4473e-01
  sustain=     0.10329 grad= -5.9688e-02
  releaseTime=     0.11502 grad=  1.5397e-01
  drive=     3.13721 grad= -5.7482e-01
  outGain=     1.30347 grad= -6.5648e-01
  vco2Level=     0.52341 grad= -7.1178e-02
  vco2Detune=     0.63422 grad= -3.0573e+00
  satGain=     1.68003 grad= -1.6014e+00
  satBias=    -0.07499 grad= -5.8349e-02
  satA2=     0.81790 grad=  7.8398e-02
  satA3=    -0.10639 grad= -4.6444e-01
  satA5=     0.49900 grad= -5.9374e-01
  filtSat=     1.31619 grad= -8.2414e-06
epoch=10 loss=1.511190
  shape=     0.72826 grad=  4.9126e-01
  pw=     0.44275 grad= -2.3381e+01
  fBase=   230.88733 grad=  2.7486e-01
  fAmt=   538.22913 grad= -8.0110e-02
  fDecay=     0.01511 grad= -1.0763e-01
  res=     1.03949 grad=  2.9265e-03
  attackTime=     0.04157 grad=  1.4259e-01
  decayTime=     0.15802 grad=  4.6012e-01
  sustain=     0.08183 grad=  3.2978e+00
  releaseTime=     0.10560 grad=  6.1787e-03
  drive=     3.34716 grad=  2.4295e-01
  outGain=     1.33093 grad=  2.2605e-01
  vco2Level=     0.52418 grad=  1.8717e-01
  vco2Detune=     0.63334 grad= -5.2684e-01
  satGain=     1.81735 grad=  5.4624e-01
  satBias=    -0.07240 grad= -3.3106e-01
  satA2=     0.81225 grad= -7.2705e-02
  satA3=    -0.09919 grad=  1.6689e-01
  satA5=     0.50000 grad=  3.0068e-01
  filtSat=     1.40953 grad= -1.2907e-01
epoch=20 loss=1.376882
  shape=     0.73277 grad= -1.9969e+00
  pw=     0.44314 grad=  2.0435e+01
  fBase=   234.92451 grad= -4.3732e-01
  fAmt=   593.67883 grad= -6.5720e-02
  fDecay=     0.01667 grad= -1.0611e-01
  res=     0.94465 grad= -1.3452e-03
  attackTime=     0.03795 grad=  1.1347e-01
  decayTime=     0.14622 grad= -8.5493e-02
  sustain=     0.05149 grad=  9.6555e-01
  releaseTime=     0.09935 grad=  9.0577e-02
  drive=     3.30242 grad= -2.1040e-01
  outGain=     1.33059 grad= -2.4028e-01
  vco2Level=     0.49772 grad=  2.4035e-02
  vco2Detune=     0.63404 grad= -8.8913e-01
  satGain=     1.82549 grad= -5.2778e-01
  satBias=    -0.06307 grad= -1.3700e-01
  satA2=     0.81636 grad=  3.8463e-02
  satA3=    -0.09901 grad= -1.6497e-01
  satA5=     0.49879 grad= -1.7330e-01
  filtSat=     1.50641 grad= -1.7963e-02
epoch=30 loss=1.293705
  shape=     0.74197 grad= -6.4229e-01
  pw=     0.44288 grad= -6.8310e+01
  fBase=   248.41423 grad= -9.4522e-02
  fAmt=   636.12384 grad=  4.0590e-02
  fDecay=     0.01813 grad=  4.2289e-03
  res=     0.88058 grad=  3.9638e-03
  attackTime=     0.03532 grad= -1.4126e-02
  decayTime=     0.14269 grad= -7.9771e-02
  sustain=     0.02134 grad=  3.2062e-01
  releaseTime=     0.09059 grad=  7.2784e-02
  drive=     3.41492 grad= -1.1804e-02
  outGain=     1.34735 grad= -1.8288e-02
  vco2Level=     0.48174 grad=  1.8315e-02
  vco2Detune=     0.63554 grad=  6.2989e-01
  satGain=     1.87332 grad=  5.3399e-01
  satBias=    -0.05250 grad= -6.6419e-01
  satA2=     0.81767 grad= -3.1876e-02
  satA3=    -0.09569 grad=  3.7277e-02
  satA5=     0.49864 grad=  3.1095e-01
  filtSat=     1.56493 grad= -4.0529e-03
epoch=40 loss=1.248535
  shape=     0.75153 grad= -1.8699e-01
  pw=     0.44285 grad= -7.7623e+01
  fBase=   261.02649 grad= -1.5417e-02
  fAmt=   636.61041 grad=  2.0356e-02
  fDecay=     0.01889 grad= -7.2734e-03
  res=     0.79368 grad=  3.8997e-03
  attackTime=     0.03435 grad= -1.8772e-02
  decayTime=     0.14648 grad= -2.3179e-02
  sustain=     0.00986 grad=  1.4109e-01
  releaseTime=     0.08215 grad=  5.9136e-02
  drive=     3.51608 grad=  5.0816e-02
  outGain=     1.36047 grad=  5.9609e-02
  vco2Level=     0.46895 grad=  1.2346e-01
  vco2Detune=     0.63617 grad=  1.2513e+00
  satGain=     1.80208 grad=  5.9319e-01
  satBias=    -0.03990 grad= -4.9369e-01
  satA2=     0.82004 grad= -2.7283e-03
  satA3=    -0.09450 grad=  7.1451e-02
  satA5=     0.49251 grad=  3.1242e-01
  filtSat=     1.59098 grad= -2.3665e-02
epoch=50 loss=1.208243
  shape=     0.75932 grad= -7.4404e-01
  pw=     0.44299 grad=  2.9086e+01
  fBase=   270.61316 grad= -1.1027e-01
  fAmt=   625.40204 grad= -3.7402e-02
  fDecay=     0.01946 grad= -6.1564e-02
  res=     0.71505 grad=  2.8667e-03
  attackTime=     0.03406 grad=  3.4085e-02
  decayTime=     0.15141 grad= -1.6063e-02
  sustain=     0.00749 grad=  1.8148e-01
  releaseTime=     0.07486 grad=  6.2908e-02
  drive=     3.55429 grad= -2.2852e-02
  outGain=     1.36483 grad= -2.0028e-02
  vco2Level=     0.44939 grad= -1.2287e-02
  vco2Detune=     0.63473 grad= -8.8959e-01
  satGain=     1.69318 grad= -6.6122e-02
  satBias=    -0.02973 grad=  5.7203e-02
  satA2=     0.81642 grad=  1.1460e-01
  satA3=    -0.09446 grad= -9.6792e-02
  satA5=     0.48528 grad= -6.0391e-02
  filtSat=     1.61597 grad= -2.4499e-02
epoch=60 loss=1.193022
  shape=     0.76691 grad= -6.2130e-01
  pw=     0.44307 grad=  5.2214e+01
  fBase=   279.00998 grad= -8.5146e-02
  fAmt=   637.54175 grad= -3.8540e-02
  fDecay=     0.02051 grad= -6.3288e-02
  res=     0.64086 grad=  2.1844e-04
  attackTime=     0.03349 grad=  2.9904e-02
  decayTime=     0.15329 grad= -6.4476e-02
  sustain=     0.00117 grad= -4.1251e-01
  releaseTime=     0.06851 grad=  6.1002e-02
  drive=     3.56309 grad= -1.6019e-02
  outGain=     1.36534 grad= -8.5885e-03
  vco2Level=     0.44004 grad= -2.6429e-02
  vco2Detune=     0.63489 grad= -7.2776e-01
  satGain=     1.64140 grad= -8.7847e-02
  satBias=    -0.02626 grad=  1.4873e-01
  satA2=     0.80393 grad=  1.4290e-01
  satA3=    -0.09114 grad= -1.0992e-01
  satA5=     0.48265 grad= -9.2619e-02
  filtSat=     1.65496 grad= -1.9242e-02
epoch=70 loss=1.172158
  shape=     0.77296 grad= -3.0509e-01
  pw=     0.44288 grad= -3.0528e+01
  fBase=   283.63870 grad= -6.3373e-03
  fAmt=   656.74115 grad= -1.9322e-02
  fDecay=     0.02172 grad= -4.1349e-02
  res=     0.58736 grad=  2.4447e-05
  attackTime=     0.03294 grad=  1.1461e-02
  decayTime=     0.15417 grad= -7.4151e-03
  sustain=     0.00149 grad= -1.9573e-01
  releaseTime=     0.06287 grad=  6.3441e-02
  drive=     3.52070 grad=  3.3410e-02
  outGain=     1.35937 grad=  4.3340e-02
  vco2Level=     0.44381 grad= -4.8935e-02
  vco2Detune=     0.63507 grad= -5.3910e-02
  satGain=     1.60583 grad=  6.4401e-02
  satBias=    -0.02762 grad=  1.5673e-01
  satA2=     0.78927 grad=  1.3226e-01
  satA3=    -0.08633 grad= -6.5843e-02
  satA5=     0.48243 grad= -2.7610e-02
  filtSat=     1.69612 grad= -2.1117e-02
epoch=80 loss=1.153722
  shape=     0.77791 grad= -2.7805e-01
  pw=     0.44292 grad= -2.0558e+01
  fBase=   285.45779 grad= -1.6321e-02
  fAmt=   681.61163 grad= -2.1670e-02
  fDecay=     0.02307 grad= -4.6628e-02
  res=     0.57345 grad= -2.6232e-03
  attackTime=     0.03242 grad=  1.0307e-02
  decayTime=     0.15410 grad=  1.7218e-02
  sustain=     0.00498 grad=  7.9973e-03
  releaseTime=     0.05754 grad=  7.0509e-02
  drive=     3.44523 grad=  3.1650e-02
  outGain=     1.34912 grad=  4.1098e-02
  vco2Level=     0.45614 grad= -4.7911e-03
  vco2Detune=     0.63532 grad=  5.3698e-01
  satGain=     1.57592 grad=  6.5666e-02
  satBias=    -0.03147 grad=  1.3653e-01
  satA2=     0.77476 grad=  1.2081e-01
  satA3=    -0.08088 grad= -5.5145e-02
  satA5=     0.48338 grad= -1.7693e-02
  filtSat=     1.73795 grad= -2.2202e-02
epoch=90 loss=1.134209
  shape=     0.78262 grad= -2.5920e-01
  pw=     0.44295 grad= -1.8310e+01
  fBase=   287.86301 grad= -2.2822e-02
  fAmt=   715.69702 grad= -1.3890e-02
  fDecay=     0.02469 grad= -4.1712e-02
  res=     0.61270 grad= -4.7315e-03
  attackTime=     0.03194 grad=  7.0567e-04
  decayTime=     0.15348 grad= -3.5738e-04
  sustain=     0.00758 grad= -6.6153e-02
  releaseTime=     0.05231 grad=  7.7833e-02
  drive=     3.37085 grad=  2.7920e-02
  outGain=     1.33854 grad=  4.1034e-02
  vco2Level=     0.46129 grad=  4.4301e-03
  vco2Detune=     0.63526 grad= -1.6834e-01
  satGain=     1.55092 grad=  8.1996e-02
  satBias=    -0.03569 grad=  1.5059e-01
  satA2=     0.76132 grad=  1.4607e-01
  satA3=    -0.07528 grad= -6.0933e-02
  satA5=     0.48469 grad= -1.9734e-02
  filtSat=     1.78276 grad= -1.8746e-02
epoch=100 loss=1.125255
  shape=     0.78682 grad= -3.6165e-01
  pw=     0.44323 grad=  8.2595e+01
  fBase=   290.94254 grad= -5.6825e-02
  fAmt=   745.26721 grad=  2.1343e-03
  fDecay=     0.02634 grad= -3.6369e-02
  res=     0.67927 grad=  4.0586e-05
  attackTime=     0.03174 grad= -1.0644e-02
  decayTime=     0.15333 grad= -4.2417e-02
  sustain=     0.01060 grad= -2.1222e-01
  releaseTime=     0.04725 grad=  8.4869e-02
  drive=     3.29665 grad=  5.4260e-03
  outGain=     1.32735 grad=  1.5009e-02
  vco2Level=     0.46185 grad= -2.7686e-02
  vco2Detune=     0.63503 grad= -1.2837e+00
  satGain=     1.51539 grad=  4.3010e-02
  satBias=    -0.03957 grad=  1.1557e-01
  satA2=     0.74846 grad=  1.2385e-01
  satA3=    -0.07009 grad= -6.2401e-02
  satA5=     0.48543 grad= -3.0212e-02
  filtSat=     1.82482 grad= -5.3548e-03
epoch=110 loss=1.099627
  shape=     0.79095 grad= -2.4841e-01
  pw=     0.44287 grad= -6.4335e+01
  fBase=   295.54803 grad= -5.5867e-02
  fAmt=   764.43243 grad= -1.5318e-02
  fDecay=     0.02791 grad= -3.3807e-02
  res=     0.74287 grad= -2.6608e-03
  attackTime=     0.03183 grad= -9.0402e-03
  decayTime=     0.15391 grad= -2.3800e-02
  sustain=     0.01297 grad= -1.1903e-01
  releaseTime=     0.04250 grad=  8.5287e-02
  drive=     3.23709 grad=  9.9020e-03
  outGain=     1.31789 grad=  1.8710e-02
  vco2Level=     0.46913 grad= -1.6251e-02
  vco2Detune=     0.63531 grad=  3.4649e-01
  satGain=     1.47976 grad=  7.7656e-02
  satBias=    -0.04327 grad=  7.1722e-02
  satA2=     0.73620 grad=  1.1784e-01
  satA3=    -0.06476 grad= -4.7954e-02
  satA5=     0.48620 grad= -1.9728e-03
  filtSat=     1.85937 grad= -1.3165e-02
epoch=120 loss=1.098723
  shape=     0.79491 grad= -1.6621e-01
  pw=     0.44336 grad=  2.7839e+01
  fBase=   300.20996 grad= -5.2046e-02
  fAmt=   779.57391 grad=  3.0064e-02
  fDecay=     0.02941 grad= -2.2830e-02
  res=     0.79951 grad= -1.0858e-03
  attackTime=     0.03204 grad= -2.5539e-02
  decayTime=     0.15433 grad= -3.0291e-02
  sustain=     0.01464 grad= -2.2091e-01
  releaseTime=     0.03826 grad=  8.0326e-02
  drive=     3.18361 grad=  1.9193e-02
  outGain=     1.30922 grad=  3.7214e-02
  vco2Level=     0.48081 grad= -1.0158e-02
  vco2Detune=     0.63486 grad= -1.7395e+00
  satGain=     1.44720 grad=  1.0282e-01
  satBias=    -0.04719 grad=  2.1628e-01
  satA2=     0.72518 grad=  1.7355e-01
  satA3=    -0.05975 grad= -5.6851e-02
  satA5=     0.48703 grad= -2.8414e-02
  filtSat=     1.88763 grad= -2.0543e-03
epoch=130 loss=1.081653
  shape=     0.79843 grad= -1.3782e-01
  pw=     0.44339 grad= -9.4229e+00
  fBase=   305.53418 grad= -3.1192e-02
  fAmt=   784.62500 grad=  2.7197e-02
  fDecay=     0.03102 grad= -2.4763e-02
  res=     0.85939 grad= -1.4291e-03
  attackTime=     0.03245 grad= -2.1893e-02
  decayTime=     0.15461 grad=  7.6292e-04
  sustain=     0.01758 grad= -7.0309e-02
  releaseTime=     0.03465 grad=  7.5084e-02
  drive=     3.13074 grad=  2.3368e-02
  outGain=     1.30005 grad=  3.9584e-02
  vco2Level=     0.48683 grad= -3.9537e-02
  vco2Detune=     0.63784 grad=  2.5775e-01
  satGain=     1.41500 grad=  8.8143e-02
  satBias=    -0.05253 grad=  2.7947e-01
  satA2=     0.71344 grad=  1.8078e-01
  satA3=    -0.05446 grad= -6.1926e-02
  satA5=     0.48843 grad= -4.4956e-02
  filtSat=     1.91064 grad=  1.1584e-03
epoch=140 loss=1.041715
  shape=     0.80180 grad= -3.3669e-01
  pw=     0.44317 grad=  3.1299e+01
  fBase=   310.65121 grad= -4.8162e-02
  fAmt=   787.28326 grad= -2.3505e-02
  fDecay=     0.03288 grad= -7.0147e-02
  res=     0.93349 grad= -4.6366e-03
  attackTime=     0.03288 grad=  3.1244e-03
  decayTime=     0.15386 grad=  1.1931e-02
  sustain=     0.02014 grad= -1.4137e-01
  releaseTime=     0.03171 grad=  4.6939e-02
  drive=     3.08184 grad= -8.6807e-03
  outGain=     1.29116 grad= -4.0598e-03
  vco2Level=     0.49551 grad= -3.1947e-02
  vco2Detune=     0.64138 grad= -6.1786e+00
  satGain=     1.39207 grad= -8.2773e-02
  satBias=    -0.05989 grad=  2.9757e-01
  satA2=     0.70123 grad=  1.6963e-01
  satA3=    -0.04832 grad= -1.0942e-01
  satA5=     0.49113 grad= -1.1092e-01
  filtSat=     1.92648 grad= -1.8366e-03
epoch=150 loss=0.908255
  shape=     0.80527 grad= -3.8512e-01
  pw=     0.44320 grad=  7.1637e+01
  fBase=   313.95734 grad= -5.7534e-02
  fAmt=   793.61853 grad=  3.6845e-03
  fDecay=     0.03512 grad= -5.9330e-02
  res=     1.03163 grad= -4.0952e-03
  attackTime=     0.03331 grad= -1.4516e-02
  decayTime=     0.15152 grad=  4.7197e-03
  sustain=     0.02424 grad= -2.6226e-01
  releaseTime=     0.02965 grad=  1.8986e-02
  drive=     3.02830 grad= -2.7238e-03
  outGain=     1.28162 grad=  9.7562e-03
  vco2Level=     0.50790 grad=  1.7997e-02
  vco2Detune=     0.64733 grad= -1.4953e+01
  satGain=     1.38276 grad= -9.5158e-02
  satBias=    -0.06946 grad=  4.9632e-01
  satA2=     0.68866 grad=  2.7887e-01
  satA3=    -0.04098 grad= -1.5633e-01
  satA5=     0.49553 grad= -1.6533e-01
  filtSat=     1.93703 grad= -2.0961e-03
epoch=160 loss=0.876668
  shape=     0.80828 grad= -2.6282e-01
  pw=     0.44321 grad=  5.1601e+01
  fBase=   317.80377 grad= -1.3778e-01
  fAmt=   787.00177 grad= -2.6079e-02
  fDecay=     0.03762 grad= -1.0033e-01
  res=     1.12552 grad= -3.1732e-03
  attackTime=     0.03401 grad= -1.0630e-02
  decayTime=     0.14840 grad= -1.1217e-02
  sustain=     0.03088 grad= -1.3492e-01
  releaseTime=     0.02849 grad=  1.6929e-02
  drive=     2.97032 grad= -2.9315e-02
  outGain=     1.27026 grad= -1.6225e-02
  vco2Level=     0.49479 grad=  1.7769e-01
  vco2Detune=     0.65073 grad=  1.6153e+01
  satGain=     1.36158 grad=  6.5139e-02
  satBias=    -0.08093 grad=  1.9506e-01
  satA2=     0.67359 grad=  2.7825e-01
  satA3=    -0.03216 grad= -1.0733e-01
  satA5=     0.50000 grad= -4.0383e-02
  filtSat=     1.95117 grad= -1.7885e-02
epoch=170 loss=0.833712
  shape=     0.81177 grad= -3.1946e-01
  pw=     0.44309 grad=  3.6267e+01
  fBase=   327.52988 grad= -1.2662e-02
  fAmt=   808.26428 grad=  4.5446e-04
  fDecay=     0.04136 grad= -6.2669e-02
  res=     1.20382 grad= -1.7849e-03
  attackTime=     0.03461 grad= -2.3869e-02
  decayTime=     0.14606 grad=  2.2089e-02
  sustain=     0.03321 grad=  1.2054e-02
  releaseTime=     0.02771 grad=  6.1442e-03
  drive=     2.96022 grad=  2.2157e-02
  outGain=     1.26404 grad=  4.3399e-02
  vco2Level=     0.46554 grad= -1.1560e-01
  vco2Detune=     0.64878 grad= -9.9856e+00
  satGain=     1.33136 grad=  3.4132e-02
  satBias=    -0.09051 grad=  3.2101e-01
  satA2=     0.65876 grad=  2.0553e-01
  satA3=    -0.02305 grad= -1.0856e-01
  satA5=     0.50000 grad= -7.6124e-02
  filtSat=     1.97865 grad= -2.6423e-03
epoch=180 loss=0.814499
  shape=     0.81560 grad= -2.8512e-01
  pw=     0.44312 grad=  4.8374e+01
  fBase=   333.34671 grad= -5.9498e-02
  fAmt=   820.87543 grad=  2.5374e-02
  fDecay=     0.04488 grad= -5.4397e-02
  res=     1.27696 grad= -4.7787e-03
  attackTime=     0.03545 grad= -3.7306e-02
  decayTime=     0.14423 grad= -5.1550e-02
  sustain=     0.03577 grad= -2.5314e-01
  releaseTime=     0.02730 grad=  2.9853e-03
  drive=     2.92564 grad= -8.8697e-03
  outGain=     1.25369 grad=  2.1473e-02
  vco2Level=     0.47331 grad= -5.5808e-02
  vco2Detune=     0.64981 grad=  5.3925e+00
  satGain=     1.29800 grad=  4.6952e-02
  satBias=    -0.09918 grad=  4.1586e-01
  satA2=     0.64656 grad=  3.2357e-01
  satA3=    -0.01464 grad= -1.5174e-01
  satA5=     0.50000 grad= -1.0425e-01
  filtSat=     1.99491 grad=  4.7232e-03
epoch=190 loss=0.808690
  shape=     0.81873 grad= -1.8534e-01
  pw=     0.44333 grad=  3.0129e+01
  fBase=   338.74796 grad= -3.6742e-02
  fAmt=   809.39417 grad=  1.6913e-02
  fDecay=     0.04804 grad= -7.5815e-02
  res=     1.35951 grad=  9.3476e-04
  attackTime=     0.03667 grad= -3.2155e-02
  decayTime=     0.14475 grad= -8.0772e-03
  sustain=     0.03978 grad=  1.3949e-01
  releaseTime=     0.02704 grad=  1.1017e-02
  drive=     2.89538 grad=  1.1621e-02
  outGain=     1.24256 grad=  3.7549e-02
  vco2Level=     0.48883 grad= -2.3619e-02
  vco2Detune=     0.64978 grad=  3.4253e+00
  satGain=     1.25498 grad=  1.0809e-01
  satBias=    -0.10668 grad=  2.3170e-01
  satA2=     0.63577 grad=  2.0034e-01
  satA3=    -0.00739 grad= -6.8946e-02
  satA5=     0.50000 grad= -3.1009e-02
  filtSat=     1.99832 grad=  2.6922e-03
epoch=200 loss=0.783727
  shape=     0.82207 grad= -6.8120e-02
  pw=     0.44311 grad=  3.7850e+01
  fBase=   346.03470 grad=  2.0795e-03
  fAmt=   813.61835 grad= -2.1514e-03
  fDecay=     0.05219 grad= -5.3663e-02
  res=     1.43267 grad= -1.8824e-03
  attackTime=     0.03782 grad= -2.3565e-02
  decayTime=     0.14561 grad=  5.9097e-03
  sustain=     0.03783 grad= -4.2231e-02
  releaseTime=     0.02677 grad= -4.0860e-03
  drive=     2.88046 grad=  2.8511e-02
  outGain=     1.23313 grad=  5.6239e-02
  vco2Level=     0.49405 grad= -1.1639e-03
  vco2Detune=     0.64952 grad= -1.2012e+00
  satGain=     1.22274 grad=  1.0793e-01
  satBias=    -0.11355 grad=  2.0205e-01
  satA2=     0.62577 grad=  1.9959e-01
  satA3=    -0.00053 grad= -7.3316e-02
  satA5=     0.50000 grad= -2.9215e-02
  filtSat=     2.00427 grad= -5.0228e-03
epoch=210 loss=0.772721
  shape=     0.82436 grad= -7.2886e-02
  pw=     0.44314 grad=  3.8863e+01
  fBase=   350.00946 grad= -1.9728e-02
  fAmt=   821.92914 grad= -8.4452e-03
  fDecay=     0.05600 grad= -5.9784e-02
  res=     1.51442 grad= -1.7982e-03
  attackTime=     0.03886 grad= -2.3473e-02
  decayTime=     0.14628 grad= -1.2123e-02
  sustain=     0.03981 grad= -8.4721e-02
  releaseTime=     0.02674 grad=  1.5875e-04
  drive=     2.84668 grad=  2.1075e-02
  outGain=     1.22104 grad=  4.9064e-02
  vco2Level=     0.49751 grad= -8.8117e-04
  vco2Detune=     0.64956 grad= -1.3958e+00
  satGain=     1.19161 grad=  7.6152e-02
  satBias=    -0.11996 grad=  1.8236e-01
  satA2=     0.61663 grad=  1.9462e-01
  satA3=     0.00578 grad= -7.7813e-02
  satA5=     0.50000 grad= -3.5461e-02
  filtSat=     2.01208 grad= -7.4478e-03
epoch=220 loss=0.762688
  shape=     0.82596 grad= -5.7581e-03
  pw=     0.44297 grad= -3.1918e+01
  fBase=   353.10535 grad= -4.9378e-02
  fAmt=   837.74475 grad= -1.8074e-02
  fDecay=     0.05992 grad= -6.1040e-02
  res=     1.59839 grad= -7.7111e-03
  attackTime=     0.03982 grad= -1.2890e-02
  decayTime=     0.14715 grad= -2.9215e-02
  sustain=     0.04239 grad= -1.1080e-01
  releaseTime=     0.02672 grad=  4.4095e-03
  drive=     2.80462 grad=  8.1009e-03
  outGain=     1.20790 grad=  4.4372e-02
  vco2Level=     0.50025 grad=  1.0194e-01
  vco2Detune=     0.64972 grad=  1.5709e+00
  satGain=     1.16482 grad=  6.7079e-02
  satBias=    -0.12574 grad=  2.1503e-01
  satA2=     0.60824 grad=  2.6980e-01
  satA3=     0.01175 grad= -9.4332e-02
  satA5=     0.50000 grad= -4.8666e-02
  filtSat=     2.02502 grad= -1.6103e-02
epoch=230 loss=0.752981
  shape=     0.82684 grad=  7.6543e-03
  pw=     0.44320 grad=  4.9556e+01
  fBase=   356.10989 grad= -1.0168e-02
  fAmt=   862.11554 grad=  3.3327e-03
  fDecay=     0.06389 grad= -3.9268e-02
  res=     1.70106 grad=  2.1364e-04
  attackTime=     0.04083 grad= -3.1148e-02
  decayTime=     0.14857 grad= -3.6134e-02
  sustain=     0.04507 grad= -1.4869e-01
  releaseTime=     0.02660 grad=  7.6558e-03
  drive=     2.75276 grad=  2.7385e-02
  outGain=     1.19319 grad=  6.0406e-02
  vco2Level=     0.49934 grad= -6.7908e-02
  vco2Detune=     0.64969 grad= -4.3182e-01
  satGain=     1.13953 grad=  8.5526e-02
  satBias=    -0.13082 grad=  1.4462e-01
  satA2=     0.60010 grad=  1.8108e-01
  satA3=     0.01755 grad= -7.4468e-02
  satA5=     0.50000 grad= -2.6880e-02
  filtSat=     2.04749 grad= -6.3827e-03
epoch=240 loss=0.740996
  shape=     0.82705 grad= -3.9488e-02
  pw=     0.44304 grad= -1.6293e+01
  fBase=   357.70828 grad= -4.0540e-02
  fAmt=   890.80389 grad= -4.4814e-02
  fDecay=     0.06723 grad= -4.9727e-02
  res=     1.76360 grad= -2.2521e-05
  attackTime=     0.04193 grad= -6.6951e-03
  decayTime=     0.15072 grad= -4.4996e-02
  sustain=     0.04870 grad= -1.0645e-01
  releaseTime=     0.02640 grad=  4.8204e-03
  drive=     2.69210 grad= -5.8688e-03
  outGain=     1.17736 grad=  2.2525e-02
  vco2Level=     0.50905 grad= -3.5113e-02
  vco2Detune=     0.64968 grad= -7.6966e-01
  satGain=     1.11451 grad=  3.3109e-02
  satBias=    -0.13525 grad=  3.5617e-02
  satA2=     0.59265 grad=  1.0490e-01
  satA3=     0.02302 grad= -4.4817e-02
  satA5=     0.50000 grad= -4.7138e-03
  filtSat=     2.07098 grad= -7.9747e-03
epoch=250 loss=0.734094
  shape=     0.82643 grad= -9.1752e-02
  pw=     0.44297 grad= -2.6496e+01
  fBase=   358.23233 grad= -8.1639e-02
  fAmt=   925.93457 grad= -4.9907e-02
  fDecay=     0.07002 grad= -5.0770e-02
  res=     1.81398 grad= -3.2824e-03
  attackTime=     0.04289 grad=  3.5443e-03
  decayTime=     0.15345 grad= -9.0237e-02
  sustain=     0.05207 grad= -2.9267e-01
  releaseTime=     0.02621 grad=  2.4234e-03
  drive=     2.63761 grad= -4.6034e-02
  outGain=     1.16243 grad= -1.6148e-02
  vco2Level=     0.52004 grad= -2.8959e-02
  vco2Detune=     0.64971 grad= -6.8032e-01
  satGain=     1.09009 grad= -3.4655e-02
  satBias=    -0.13924 grad=  1.8179e-01
  satA2=     0.58550 grad=  2.1990e-01
  satA3=     0.02830 grad= -1.1134e-01
  satA5=     0.50000 grad= -6.7290e-02
  filtSat=     2.09260 grad= -8.6214e-04
epoch=260 loss=0.724357
  shape=     0.82512 grad=  1.5500e-02
  pw=     0.44310 grad=  1.4283e+00
  fBase=   358.41684 grad= -4.6603e-02
  fAmt=   960.13599 grad= -2.4076e-02
  fDecay=     0.07244 grad= -4.1383e-02
  res=     1.88083 grad= -2.4175e-03
  attackTime=     0.04360 grad= -1.3236e-03
  decayTime=     0.15686 grad= -6.6852e-02
  sustain=     0.05528 grad= -1.7769e-01
  releaseTime=     0.02604 grad=  3.1961e-03
  drive=     2.60035 grad= -2.2239e-02
  outGain=     1.14960 grad=  7.8184e-03
  vco2Level=     0.52751 grad= -3.1225e-02
  vco2Detune=     0.64976 grad=  2.4742e-01
  satGain=     1.06634 grad=  9.2930e-03
  satBias=    -0.14285 grad=  1.3200e-01
  satA2=     0.57859 grad=  1.8798e-01
  satA3=     0.03331 grad= -8.8899e-02
  satA5=     0.50000 grad= -4.2757e-02
  filtSat=     2.10762 grad= -2.2061e-03
epoch=270 loss=0.721999
  shape=     0.82343 grad=  2.8131e-02
  pw=     0.44293 grad= -3.8058e+01
  fBase=   358.45822 grad= -2.9618e-02
  fAmt=   984.57263 grad= -7.1666e-03
  fDecay=     0.07467 grad= -2.9472e-02
  res=     1.95702 grad= -2.5299e-03
  attackTime=     0.04409 grad=  6.3757e-03
  decayTime=     0.16033 grad= -5.0966e-02
  sustain=     0.05767 grad= -1.1373e-01
  releaseTime=     0.02590 grad=  2.3547e-03
  drive=     2.57057 grad= -1.5564e-02
  outGain=     1.13795 grad=  1.6223e-02
  vco2Level=     0.53426 grad= -5.2897e-02
  vco2Detune=     0.64979 grad=  3.1028e-01
  satGain=     1.04543 grad=  7.4134e-03
  satBias=    -0.14608 grad=  1.8711e-01
  satA2=     0.57220 grad=  1.9774e-01
  satA3=     0.03801 grad= -8.9315e-02
  satA5=     0.50000 grad= -5.4180e-02
  filtSat=     2.12114 grad= -1.1103e-03
epoch=280 loss=0.713717
  shape=     0.82171 grad= -2.6696e-02
  pw=     0.44310 grad=  1.1880e+00
  fBase=   358.60953 grad= -6.5630e-03
  fAmt=  1003.18591 grad= -1.5638e-02
  fDecay=     0.07685 grad= -2.0363e-02
  res=     2.03915 grad= -5.4806e-03
  attackTime=     0.04425 grad=  2.1813e-02
  decayTime=     0.16340 grad= -2.2307e-02
  sustain=     0.05926 grad= -7.2125e-02
  releaseTime=     0.02579 grad=  8.4815e-05
  drive=     2.54499 grad= -8.7945e-03
  outGain=     1.12709 grad=  2.5893e-02
  vco2Level=     0.53922 grad= -9.6560e-02
  vco2Detune=     0.64980 grad=  2.8210e-01
  satGain=     1.02883 grad= -8.2123e-02
  satBias=    -0.14915 grad=  6.1582e-01
  satA2=     0.56625 grad=  4.8452e-01
  satA3=     0.04249 grad= -2.6501e-01
  satA5=     0.50000 grad= -2.0176e-01
  filtSat=     2.13639 grad= -6.3214e-03
epoch=290 loss=0.711441
  shape=     0.81993 grad=  1.4180e-01
  pw=     0.44324 grad=  3.2720e+01
  fBase=   358.62473 grad= -1.8326e-02
  fAmt=  1015.13049 grad=  3.5232e-03
  fDecay=     0.07873 grad= -3.3462e-02
  res=     2.11723 grad= -1.9862e-04
  attackTime=     0.04417 grad= -5.6818e-03
  decayTime=     0.16621 grad= -3.6385e-02
  sustain=     0.06132 grad= -1.0003e-01
  releaseTime=     0.02574 grad=  2.0124e-03
  drive=     2.52072 grad=  1.3383e-02
  outGain=     1.11673 grad=  4.8774e-02
  vco2Level=     0.54369 grad=  2.2153e-02
  vco2Detune=     0.64985 grad=  6.0942e-01
  satGain=     1.01491 grad=  6.2141e-02
  satBias=    -0.15193 grad=  4.8984e-02
  satA2=     0.56072 grad=  1.4984e-01
  satA3=     0.04678 grad= -5.0162e-02
  satA5=     0.50000 grad= -8.8579e-03
  filtSat=     2.15352 grad= -9.4210e-03
epoch=300 loss=0.709724
  shape=     0.81811 grad=  1.7683e-01
  pw=     0.44332 grad=  3.0864e+01
  fBase=   359.03009 grad=  1.3430e-02
  fAmt=  1022.22443 grad=  7.0352e-03
  fDecay=     0.08071 grad= -2.1973e-02
  res=     2.16150 grad=  9.8088e-04
  attackTime=     0.04403 grad= -8.7425e-04
  decayTime=     0.16905 grad= -1.3305e-02
  sustain=     0.06365 grad= -3.1796e-03
  releaseTime=     0.02569 grad=  4.1664e-03
  drive=     2.49792 grad=  2.8265e-02
  outGain=     1.10689 grad=  6.3922e-02
  vco2Level=     0.54676 grad= -9.9937e-03
  vco2Detune=     0.64987 grad=  5.8410e-01
  satGain=     1.00063 grad=  7.6744e-02
  satBias=    -0.15370 grad=  5.9650e-02
  satA2=     0.55616 grad=  1.3963e-01
  satA3=     0.05009 grad= -4.1805e-02
  satA5=     0.50000 grad= -6.8044e-03
  filtSat=     2.17084 grad= -9.4644e-03
epoch=310 loss=0.704328
  shape=     0.81640 grad=  1.7963e-01
  pw=     0.44325 grad=  2.4757e+01
  fBase=   358.93201 grad=  9.8890e-03
  fAmt=  1031.49402 grad=  1.0333e-03
  fDecay=     0.08265 grad= -2.1877e-02
  res=     2.18381 grad= -3.4417e-04
  attackTime=     0.04362 grad=  6.3519e-03
  decayTime=     0.17150 grad= -9.3284e-03
  sustain=     0.06529 grad= -1.3601e-02
  releaseTime=     0.02563 grad=  2.0023e-03
  drive=     2.47948 grad=  2.6616e-02
  outGain=     1.09801 grad=  6.2399e-02
  vco2Level=     0.55292 grad=  4.2366e-02
  vco2Detune=     0.64983 grad= -4.7714e-01
  satGain=     0.98807 grad=  7.0501e-02
  satBias=    -0.15514 grad=  2.8662e-02
  satA2=     0.55215 grad=  1.2868e-01
  satA3=     0.05299 grad= -3.5511e-02
  satA5=     0.50000 grad= -6.5641e-04
  filtSat=     2.18665 grad= -1.2136e-02
epoch=320 loss=0.700646
  shape=     0.81471 grad=  1.3201e-01
  pw=     0.44320 grad=  8.1073e+00
  fBase=   358.73471 grad=  1.0291e-02
  fAmt=  1040.54114 grad=  1.0789e-02
  fDecay=     0.08438 grad= -1.0934e-02
  res=     2.21164 grad= -1.7427e-04
  attackTime=     0.04304 grad=  1.1742e-02
  decayTime=     0.17371 grad= -2.0764e-02
  sustain=     0.06716 grad= -5.8309e-02
  releaseTime=     0.02560 grad=  1.5224e-03
  drive=     2.46239 grad=  1.4427e-02
  outGain=     1.08956 grad=  4.7177e-02
  vco2Level=     0.55447 grad= -2.9733e-02
  vco2Detune=     0.64983 grad= -1.2889e+00
  satGain=     0.97625 grad=  4.5353e-02
  satBias=    -0.15609 grad=  4.0127e-02
  satA2=     0.54866 grad=  1.0328e-01
  satA3=     0.05537 grad= -3.7052e-02
  satA5=     0.50000 grad= -6.2453e-03
  filtSat=     2.20308 grad= -6.9947e-03
epoch=330 loss=0.698297
  shape=     0.81317 grad=  1.2702e-01
  pw=     0.44321 grad=  8.9107e+00
  fBase=   358.34595 grad=  1.0505e-02
  fAmt=  1044.50793 grad=  8.1026e-03
  fDecay=     0.08583 grad= -1.5744e-02
  res=     2.23130 grad= -1.9915e-04
  attackTime=     0.04237 grad=  1.3954e-02
  decayTime=     0.17596 grad= -1.5941e-02
  sustain=     0.06937 grad= -3.1422e-02
  releaseTime=     0.02557 grad=  1.0600e-03
  drive=     2.44728 grad=  1.6740e-02
  outGain=     1.08173 grad=  5.0145e-02
  vco2Level=     0.55747 grad= -6.1544e-03
  vco2Detune=     0.64989 grad=  7.6874e-02
  satGain=     0.96618 grad=  4.5974e-02
  satBias=    -0.15673 grad=  2.2021e-02
  satA2=     0.54574 grad=  9.5202e-02
  satA3=     0.05736 grad= -2.9355e-02
  satA5=     0.50000 grad= -1.2424e-03
  filtSat=     2.21861 grad= -9.1585e-03
epoch=340 loss=0.695913
  shape=     0.81175 grad=  9.7007e-02
  pw=     0.44308 grad= -9.8495e+00
  fBase=   357.82669 grad=  1.0572e-03
  fAmt=  1048.37378 grad= -8.8186e-03
  fDecay=     0.08726 grad= -1.9515e-02
  res=     2.24463 grad= -3.8091e-04
  attackTime=     0.04163 grad=  2.2996e-02
  decayTime=     0.17800 grad= -2.0893e-02
  sustain=     0.07118 grad= -4.3603e-02
  releaseTime=     0.02551 grad=  2.2271e-03
  drive=     2.43232 grad=  4.6229e-03
  outGain=     1.07424 grad=  3.5805e-02
  vco2Level=     0.56115 grad= -1.0937e-02
  vco2Detune=     0.64985 grad= -6.8260e-01
  satGain=     0.95762 grad=  2.9222e-02
  satBias=    -0.15728 grad=  3.2931e-02
  satA2=     0.54306 grad=  1.1106e-01
  satA3=     0.05922 grad= -4.0684e-02
  satA5=     0.50000 grad= -7.4115e-03
  filtSat=     2.23466 grad= -9.5091e-03
epoch=350 loss=0.693499
  shape=     0.81038 grad=  1.1109e-01
  pw=     0.44317 grad=  1.8779e+00
  fBase=   357.44009 grad= -3.3666e-03
  fAmt=  1052.76721 grad=  3.6984e-03
  fDecay=     0.08864 grad= -1.8107e-02
  res=     2.25584 grad= -8.6774e-05
  attackTime=     0.04084 grad=  1.9121e-02
  decayTime=     0.17996 grad= -2.4981e-02
  sustain=     0.07291 grad= -7.2498e-02
  releaseTime=     0.02545 grad=  3.0193e-03
  drive=     2.41810 grad=  8.2202e-03
  outGain=     1.06711 grad=  4.0917e-02
  vco2Level=     0.56399 grad=  2.8917e-02
  vco2Detune=     0.64994 grad=  1.4091e+00
  satGain=     0.94989 grad=  4.0505e-02
  satBias=    -0.15784 grad= -1.9561e-02
  satA2=     0.54040 grad=  8.0838e-02
  satA3=     0.06111 grad= -1.8551e-02
  satA5=     0.50000 grad=  8.5602e-03
  filtSat=     2.25122 grad= -1.0291e-02
epoch=360 loss=0.691282
  shape=     0.80905 grad=  1.0280e-01
  pw=     0.44316 grad=  2.1714e+00
  fBase=   357.27924 grad=  1.8776e-03
  fAmt=  1053.10645 grad= -1.6455e-03
  fDecay=     0.08991 grad= -2.1073e-02
  res=     2.26250 grad= -1.2563e-04
  attackTime=     0.04006 grad=  2.2866e-02
  decayTime=     0.18198 grad= -1.8963e-02
  sustain=     0.07492 grad= -4.2140e-02
  releaseTime=     0.02539 grad=  2.3031e-03
  drive=     2.40456 grad=  9.5997e-03
  outGain=     1.06032 grad=  4.1512e-02
  vco2Level=     0.56436 grad= -5.1167e-03
  vco2Detune=     0.64986 grad= -1.3959e+00
  satGain=     0.94225 grad=  3.0217e-02
  satBias=    -0.15809 grad= -2.6757e-03
  satA2=     0.53808 grad=  8.2487e-02
  satA3=     0.06262 grad= -2.6425e-02
  satA5=     0.49999 grad=  2.1379e-03
  filtSat=     2.26755 grad= -1.0721e-02
epoch=370 loss=0.689205
  shape=     0.80786 grad=  1.0063e-01
  pw=     0.44313 grad= -3.7755e+00
  fBase=   356.95978 grad=  6.9274e-03
  fAmt=  1054.39697 grad= -5.8722e-04
  fDecay=     0.09120 grad= -1.8528e-02
  res=     2.26697 grad= -2.1329e-04
  attackTime=     0.03924 grad=  2.6001e-02
  decayTime=     0.18382 grad= -1.8738e-02
  sustain=     0.07664 grad= -3.9539e-02
  releaseTime=     0.02535 grad=  1.1894e-03
  drive=     2.39231 grad=  7.2669e-03
  outGain=     1.05403 grad=  3.8637e-02
  vco2Level=     0.56549 grad= -2.3442e-02
  vco2Detune=     0.64991 grad=  2.1221e-01
  satGain=     0.93546 grad=  3.0261e-02
  satBias=    -0.15810 grad= -2.6000e-03
  satA2=     0.53615 grad=  7.8609e-02
  satA3=     0.06381 grad= -2.4266e-02
  satA5=     0.49989 grad=  3.0811e-03
  filtSat=     2.28346 grad= -9.5488e-03
epoch=380 loss=0.687233
  shape=     0.80678 grad=  1.0528e-01
  pw=     0.44317 grad=  3.9134e+00
  fBase=   356.47568 grad=  2.4233e-03
  fAmt=  1054.85461 grad=  3.2830e-03
  fDecay=     0.09249 grad= -2.1786e-02
  res=     2.27182 grad= -3.0124e-04
  attackTime=     0.03843 grad=  2.4809e-02
  decayTime=     0.18551 grad= -2.0950e-02
  sustain=     0.07818 grad= -5.3183e-02
  releaseTime=     0.02531 grad=  1.5274e-04
  drive=     2.38078 grad=  9.0023e-03
  outGain=     1.04812 grad=  4.1903e-02
  vco2Level=     0.56793 grad= -5.4867e-04
  vco2Detune=     0.64992 grad=  2.0024e-01
  satGain=     0.92958 grad=  3.0622e-02
  satBias=    -0.15807 grad= -5.4409e-03
  satA2=     0.53444 grad=  7.9945e-02
  satA3=     0.06486 grad= -2.3218e-02
  satA5=     0.49979 grad=  3.0223e-03
  filtSat=     2.29849 grad= -1.0127e-02
epoch=390 loss=0.685284
  shape=     0.80576 grad=  9.8830e-02
  pw=     0.44314 grad= -3.1678e+00
  fBase=   356.03314 grad=  9.0803e-03
  fAmt=  1053.21912 grad=  1.2099e-03
  fDecay=     0.09376 grad= -1.8091e-02
  res=     2.27970 grad= -4.6933e-04
  attackTime=     0.03764 grad=  2.8865e-02
  decayTime=     0.18718 grad= -1.9105e-02
  sustain=     0.07977 grad= -4.3317e-02
  releaseTime=     0.02530 grad=  2.8584e-04
  drive=     2.36991 grad=  7.1251e-03
  outGain=     1.04251 grad=  3.9200e-02
  vco2Level=     0.56935 grad= -1.2641e-02
  vco2Detune=     0.64992 grad= -3.9310e-02
  satGain=     0.92418 grad=  2.9467e-02
  satBias=    -0.15801 grad= -5.0370e-03
  satA2=     0.53287 grad=  7.3463e-02
  satA3=     0.06580 grad= -2.0951e-02
  satA5=     0.49968 grad=  3.5417e-03
  filtSat=     2.31251 grad= -8.7917e-03
epoch=400 loss=0.683474
  shape=     0.80482 grad=  9.2013e-02
  pw=     0.44318 grad=  2.1760e+00
  fBase=   355.41794 grad=  6.2937e-03
  fAmt=  1051.19714 grad=  6.0239e-04
  fDecay=     0.09496 grad= -2.2179e-02
  res=     2.28917 grad= -4.4097e-04
  attackTime=     0.03687 grad=  2.9513e-02
  decayTime=     0.18876 grad= -2.0794e-02
  sustain=     0.08123 grad= -4.7861e-02
  releaseTime=     0.02529 grad=  1.3614e-03
  drive=     2.36040 grad=  5.9002e-03
  outGain=     1.03733 grad=  3.8411e-02
  vco2Level=     0.57102 grad= -7.3542e-03
  vco2Detune=     0.64993 grad= -1.9731e-02
  satGain=     0.91936 grad=  2.5116e-02
  satBias=    -0.15795 grad= -5.5036e-03
  satA2=     0.53145 grad=  7.1873e-02
  satA3=     0.06663 grad= -2.0841e-02
  satA5=     0.49958 grad=  2.4138e-03
  filtSat=     2.32500 grad= -8.6696e-03
epoch=410 loss=0.681811
  shape=     0.80399 grad=  6.9281e-02
  pw=     0.44315 grad= -3.7391e+00
  fBase=   354.64139 grad=  9.1366e-03
  fAmt=  1049.67651 grad=  1.6839e-03
  fDecay=     0.09609 grad= -1.7545e-02
  res=     2.30096 grad= -9.1341e-04
  attackTime=     0.03611 grad=  3.2242e-02
  decayTime=     0.19024 grad= -2.0819e-02
  sustain=     0.08256 grad= -5.0206e-02
  releaseTime=     0.02528 grad=  6.9674e-04
  drive=     2.35234 grad=  4.0801e-03
  outGain=     1.03259 grad=  3.6283e-02
  vco2Level=     0.57219 grad=  9.9051e-03
  vco2Detune=     0.64993 grad= -1.5375e-02
  satGain=     0.91499 grad=  2.6450e-02
  satBias=    -0.15785 grad= -2.6085e-02
  satA2=     0.53022 grad=  5.1726e-02
  satA3=     0.06732 grad= -8.8508e-03
  satA5=     0.49946 grad=  9.2258e-03
  filtSat=     2.33605 grad= -7.7815e-03
epoch=420 loss=0.680231
  shape=     0.80332 grad=  7.3442e-02
  pw=     0.44319 grad=  2.4633e+00
  fBase=   353.85236 grad=  1.3544e-02
  fAmt=  1047.52197 grad=  6.2479e-03
  fDecay=     0.09712 grad= -1.7866e-02
  res=     2.31626 grad= -4.7792e-04
  attackTime=     0.03539 grad=  3.1544e-02
  decayTime=     0.19166 grad= -1.9191e-02
  sustain=     0.08387 grad= -4.5183e-02
  releaseTime=     0.02526 grad=  1.3680e-03
  drive=     2.34580 grad=  7.0912e-03
  outGain=     1.02826 grad=  3.9858e-02
  vco2Level=     0.57213 grad= -1.8622e-02
  vco2Detune=     0.64994 grad= -7.1853e-02
  satGain=     0.91113 grad=  2.3922e-02
  satBias=    -0.15764 grad= -1.3902e-02
  satA2=     0.52924 grad=  5.1298e-02
  satA3=     0.06778 grad= -1.1847e-02
  satA5=     0.49927 grad=  5.5241e-03
  filtSat=     2.34588 grad= -7.4816e-03
epoch=430 loss=0.678618
  shape=     0.80271 grad=  7.7301e-02
  pw=     0.44317 grad= -2.5124e-01
  fBase=   352.94324 grad=  7.8574e-03
  fAmt=  1044.70789 grad= -1.0008e-03
  fDecay=     0.09807 grad= -2.1849e-02
  res=     2.32812 grad= -1.0303e-03
  attackTime=     0.03470 grad=  3.3635e-02
  decayTime=     0.19298 grad= -1.8009e-02
  sustain=     0.08503 grad= -3.8799e-02
  releaseTime=     0.02525 grad= -4.8664e-03
  drive=     2.34013 grad=  7.2928e-03
  outGain=     1.02430 grad=  4.0479e-02
  vco2Level=     0.57479 grad=  2.4835e-02
  vco2Detune=     0.64995 grad=  5.9147e-03
  satGain=     0.90797 grad=  2.4679e-02
  satBias=    -0.15756 grad= -1.3967e-02
  satA2=     0.52829 grad=  6.8883e-02
  satA3=     0.06832 grad= -1.6433e-02
  satA5=     0.49918 grad=  4.2861e-03
  filtSat=     2.35446 grad= -9.8174e-03
epoch=440 loss=0.677080
  shape=     0.80208 grad=  8.3487e-02
  pw=     0.44319 grad=  7.4098e-01
  fBase=   352.15079 grad=  1.8585e-03
  fAmt=  1043.78479 grad=  4.1704e-04
  fDecay=     0.09905 grad= -2.4746e-02
  res=     2.33656 grad= -5.5424e-04
  attackTime=     0.03406 grad=  3.3194e-02
  decayTime=     0.19417 grad= -2.1847e-02
  sustain=     0.08597 grad= -5.2932e-02
  releaseTime=     0.02523 grad=  2.8633e-03
  drive=     2.33363 grad=  7.5450e-03
  outGain=     1.02046 grad=  4.2133e-02
  vco2Level=     0.57741 grad=  2.7021e-02
  vco2Detune=     0.64995 grad= -4.3082e-02
  satGain=     0.90501 grad=  2.7858e-02
  satBias=    -0.15759 grad= -1.6297e-02
  satA2=     0.52725 grad=  7.0825e-02
  satA3=     0.06897 grad= -1.6164e-02
  satA5=     0.49917 grad=  5.1944e-03
  filtSat=     2.36298 grad= -9.5653e-03
epoch=450 loss=0.675628
  shape=     0.80148 grad=  8.7169e-02
  pw=     0.44318 grad= -2.7172e-02
  fBase=   351.58032 grad=  9.2968e-03
  fAmt=  1042.35144 grad=  6.3475e-03
  fDecay=     0.10000 grad= -1.7745e-02
  res=     2.34460 grad= -2.5002e-04
  attackTime=     0.03348 grad=  3.4485e-02
  decayTime=     0.19533 grad= -2.3541e-02
  sustain=     0.08698 grad= -6.0951e-02
  releaseTime=     0.02519 grad=  1.6339e-03
  drive=     2.32665 grad=  5.4541e-03
  outGain=     1.01677 grad=  3.9027e-02
  vco2Level=     0.57722 grad= -1.5371e-02
  vco2Detune=     0.64996 grad= -1.6697e-02
  satGain=     0.90187 grad=  2.7138e-02
  satBias=    -0.15752 grad= -6.4705e-03
  satA2=     0.52633 grad=  6.6926e-02
  satA3=     0.06947 grad= -1.7958e-02
  satA5=     0.49910 grad=  3.2762e-03
  filtSat=     2.37126 grad= -6.9867e-03
epoch=460 loss=0.674296
  shape=     0.80095 grad=  7.7538e-02
  pw=     0.44320 grad=  1.5469e+00
  fBase=   351.00558 grad=  1.2848e-02
  fAmt=  1039.25708 grad=  3.9775e-03
  fDecay=     0.10081 grad= -1.9318e-02
  res=     2.35090 grad= -3.7014e-04
  attackTime=     0.03295 grad=  3.6160e-02
  decayTime=     0.19651 grad= -1.9708e-02
  sustain=     0.08809 grad= -4.4589e-02
  releaseTime=     0.02517 grad=  1.2188e-03
  drive=     2.32138 grad=  6.6553e-03
  outGain=     1.01350 grad=  4.0286e-02
  vco2Level=     0.57801 grad= -1.4258e-02
  vco2Detune=     0.64996 grad= -6.0160e-02
  satGain=     0.89900 grad=  2.6247e-02
  satBias=    -0.15746 grad= -9.3074e-03
  satA2=     0.52551 grad=  6.2953e-02
  satA3=     0.06991 grad= -1.5987e-02
  satA5=     0.49903 grad=  3.9376e-03
  filtSat=     2.37805 grad= -7.4212e-03
epoch=470 loss=0.673065
  shape=     0.80050 grad=  6.9755e-02
  pw=     0.44318 grad= -1.0821e+00
  fBase=   350.35345 grad=  1.0715e-02
  fAmt=  1037.28027 grad= -4.7834e-04
  fDecay=     0.10157 grad= -2.2118e-02
  res=     2.35812 grad= -7.7361e-04
  attackTime=     0.03244 grad=  3.8091e-02
  decayTime=     0.19753 grad= -1.9383e-02
  sustain=     0.08899 grad= -4.1992e-02
  releaseTime=     0.02515 grad=  9.1326e-04
  drive=     2.31682 grad=  4.9901e-03
  outGain=     1.01056 grad=  3.8500e-02
  vco2Level=     0.57892 grad=  2.2742e-03
  vco2Detune=     0.64996 grad=  6.2679e-02
  satGain=     0.89645 grad=  2.4265e-02
  satBias=    -0.15736 grad= -2.3313e-02
  satA2=     0.52480 grad=  5.6405e-02
  satA3=     0.07026 grad= -1.1212e-02
  satA5=     0.49893 grad=  7.2001e-03
  filtSat=     2.38422 grad= -8.1581e-03
epoch=480 loss=0.671936
  shape=     0.80012 grad=  6.4730e-02
  pw=     0.44319 grad=  1.0794e+00
  fBase=   349.71204 grad=  1.2723e-02
  fAmt=  1035.85046 grad=  5.0276e-03
  fDecay=     0.10230 grad= -1.8705e-02
  res=     2.36707 grad= -6.0038e-04
  attackTime=     0.03198 grad=  3.8368e-02
  decayTime=     0.19844 grad= -2.0925e-02
  sustain=     0.08976 grad= -4.9108e-02
  releaseTime=     0.02514 grad=  7.8440e-04
  drive=     2.31291 grad=  4.5367e-03
  outGain=     1.00791 grad=  3.7949e-02
  vco2Level=     0.57939 grad= -6.9951e-03
  vco2Detune=     0.64996 grad= -6.3319e-02
  satGain=     0.89419 grad=  2.4461e-02
  satBias=    -0.15723 grad= -1.9806e-02
  satA2=     0.52421 grad=  5.3692e-02
  satA3=     0.07054 grad= -1.0930e-02
  satA5=     0.49883 grad=  6.5860e-03
  filtSat=     2.38989 grad= -6.9908e-03
epoch=490 loss=0.670910
  shape=     0.79980 grad=  6.0592e-02
  pw=     0.44318 grad= -8.9569e-01
  fBase=   349.09540 grad=  1.3358e-02
  fAmt=  1034.04004 grad=  2.8398e-03
  fDecay=     0.10293 grad= -1.8592e-02
  res=     2.37556 grad= -7.2190e-04
  attackTime=     0.03156 grad=  3.9836e-02
  decayTime=     0.19929 grad= -1.9609e-02
  sustain=     0.09050 grad= -4.4577e-02
  releaseTime=     0.02513 grad=  7.2602e-04
  drive=     2.30988 grad=  4.7125e-03
  outGain=     1.00557 grad=  3.7870e-02
  vco2Level=     0.57988 grad= -2.5373e-03
  vco2Detune=     0.64997 grad= -2.4954e-02
  satGain=     0.89220 grad=  2.2947e-02
  satBias=    -0.15708 grad= -2.6310e-02
  satA2=     0.52370 grad=  4.8768e-02
  satA3=     0.07075 grad= -8.1723e-03
  satA5=     0.49871 grad=  8.1387e-03
  filtSat=     2.39485 grad= -7.6203e-03
epoch=500 loss=0.669973
  shape=     0.79954 grad=  5.1785e-02
  pw=     0.44319 grad=  3.6010e-01
  fBase=   348.51096 grad=  1.2782e-02
  fAmt=  1032.19885 grad=  3.5896e-03
  fDecay=     0.10349 grad= -1.9324e-02
  res=     2.38395 grad= -8.4428e-04
  attackTime=     0.03117 grad=  4.0448e-02
  decayTime=     0.20005 grad= -2.0017e-02
  sustain=     0.09115 grad= -4.4025e-02
  releaseTime=     0.02512 grad=  1.0997e-03
  drive=     2.30725 grad=  3.6278e-03
  outGain=     1.00347 grad=  3.6824e-02
  vco2Level=     0.58026 grad= -5.4920e-03
  vco2Detune=     0.64997 grad=  4.5780e-02
  satGain=     0.89049 grad=  2.0797e-02
  satBias=    -0.15693 grad= -2.5832e-02
  satA2=     0.52327 grad=  4.7360e-02
  satA3=     0.07091 grad= -8.1391e-03
  satA5=     0.49860 grad=  7.6402e-03
  filtSat=     2.39936 grad= -7.3512e-03
epoch=510 loss=0.669119
  shape=     0.79932 grad=  6.1392e-02
  pw=     0.44319 grad=  2.5726e-01
  fBase=   347.98486 grad=  1.2927e-02
  fAmt=  1030.63818 grad=  3.3815e-03
  fDecay=     0.10401 grad= -2.0617e-02
  res=     2.39339 grad= -1.0966e-03
  attackTime=     0.03082 grad=  4.0842e-02
  decayTime=     0.20074 grad= -1.8153e-02
  sustain=     0.09173 grad= -3.9129e-02
  releaseTime=     0.02512 grad=  9.5866e-04
  drive=     2.30511 grad=  5.6940e-03
  outGain=     1.00160 grad=  3.9414e-02
  vco2Level=     0.58052 grad=  4.0520e-03
  vco2Detune=     0.64997 grad=  2.4320e-02
  satGain=     0.88903 grad=  2.3945e-02
  satBias=    -0.15678 grad= -3.3912e-02
  satA2=     0.52291 grad=  4.6925e-02
  satA3=     0.07104 grad= -5.9572e-03
  satA5=     0.49849 grad=  1.0080e-02
  filtSat=     2.40350 grad= -8.4132e-03
epoch=520 loss=0.668327
  shape=     0.79912 grad=  6.1497e-02
  pw=     0.44318 grad= -4.6553e-01
  fBase=   347.50616 grad=  1.4190e-02
  fAmt=  1029.35364 grad=  3.4949e-03
  fDecay=     0.10451 grad= -1.9761e-02
  res=     2.40317 grad= -7.9029e-04
  attackTime=     0.03051 grad=  4.1560e-02
  decayTime=     0.20134 grad= -1.8324e-02
  sustain=     0.09222 grad= -3.9715e-02
  releaseTime=     0.02511 grad=  6.4068e-04
  drive=     2.30294 grad=  4.8410e-03
  outGain=     0.99989 grad=  3.8073e-02
  vco2Level=     0.58063 grad= -1.3612e-02
  vco2Detune=     0.64997 grad=  4.0216e-03
  satGain=     0.88769 grad=  2.1648e-02
  satBias=    -0.15663 grad= -2.6719e-02
  satA2=     0.52258 grad=  4.9073e-02
  satA3=     0.07115 grad= -9.0291e-03
  satA5=     0.49837 grad=  7.9149e-03
  filtSat=     2.40746 grad= -7.9518e-03
epoch=530 loss=0.667612
  shape=     0.79893 grad=  5.1989e-02
  pw=     0.44318 grad= -4.0973e-01
  fBase=   347.05392 grad=  1.0972e-02
  fAmt=  1028.02844 grad=  2.4190e-03
  fDecay=     0.10495 grad= -2.1256e-02
  res=     2.41115 grad= -9.0369e-04
  attackTime=     0.03023 grad=  4.2234e-02
  decayTime=     0.20188 grad= -1.9940e-02
  sustain=     0.09266 grad= -4.5249e-02
  releaseTime=     0.02511 grad=  7.0548e-04
  drive=     2.30097 grad=  3.0499e-03
  outGain=     0.99835 grad=  3.6211e-02
  vco2Level=     0.58113 grad= -8.1254e-04
  vco2Detune=     0.64998 grad=  8.5803e-02
  satGain=     0.88651 grad=  1.9538e-02
  satBias=    -0.15649 grad= -3.6187e-02
  satA2=     0.52228 grad=  4.3717e-02
  satA3=     0.07126 grad= -5.5389e-03
  satA5=     0.49828 grad=  9.9344e-03
  filtSat=     2.41104 grad= -8.1666e-03
epoch=540 loss=0.666965
  shape=     0.79877 grad=  5.2552e-02
  pw=     0.44319 grad=  3.6367e-01
  fBase=   346.66458 grad=  1.4694e-02
  fAmt=  1026.81665 grad=  5.3993e-03
  fDecay=     0.10536 grad= -1.8447e-02
  res=     2.41843 grad= -7.7552e-04
  attackTime=     0.02998 grad=  4.2392e-02
  decayTime=     0.20238 grad= -1.8431e-02
  sustain=     0.09307 grad= -4.1328e-02
  releaseTime=     0.02510 grad=  8.4642e-04
  drive=     2.29941 grad=  4.9915e-03
  outGain=     0.99699 grad=  3.8216e-02
  vco2Level=     0.58141 grad= -3.3771e-03
  vco2Detune=     0.64998 grad= -2.9042e-02
  satGain=     0.88549 grad=  2.1430e-02
  satBias=    -0.15635 grad= -3.6504e-02
  satA2=     0.52203 grad=  3.8973e-02
  satA3=     0.07133 grad= -3.2325e-03
  satA5=     0.49818 grad=  1.0687e-02
  filtSat=     2.41431 grad= -7.8839e-03
epoch=550 loss=0.666375
  shape=     0.79863 grad=  4.4862e-02
  pw=     0.44318 grad= -1.9832e-01
  fBase=   346.28674 grad=  1.2694e-02
  fAmt=  1025.50793 grad=  3.2492e-03
  fDecay=     0.10572 grad= -2.0145e-02
  res=     2.42472 grad= -7.4595e-04
  attackTime=     0.02975 grad=  4.3228e-02
  decayTime=     0.20282 grad= -1.9408e-02
  sustain=     0.09344 grad= -4.3498e-02
  releaseTime=     0.02510 grad=  5.0169e-04
  drive=     2.29792 grad=  2.7435e-03
  outGain=     0.99575 grad=  3.5678e-02
  vco2Level=     0.58160 grad= -7.3263e-03
  vco2Detune=     0.64998 grad=  4.3626e-02
  satGain=     0.88457 grad=  1.8207e-02
  satBias=    -0.15621 grad= -3.5547e-02
  satA2=     0.52182 grad=  3.9857e-02
  satA3=     0.07138 grad= -4.5808e-03
  satA5=     0.49808 grad=  9.7861e-03
  filtSat=     2.41726 grad= -7.7044e-03
epoch=560 loss=0.665838
  shape=     0.79852 grad=  4.5983e-02
  pw=     0.44318 grad= -2.2984e-01
  fBase=   345.94263 grad=  1.4442e-02
  fAmt=  1024.36621 grad=  3.7509e-03
  fDecay=     0.10605 grad= -1.9370e-02
  res=     2.43024 grad= -7.4734e-04
  attackTime=     0.02954 grad=  4.3603e-02
  decayTime=     0.20324 grad= -1.8105e-02
  sustain=     0.09379 grad= -3.9912e-02
  releaseTime=     0.02509 grad=  4.0749e-04
  drive=     2.29678 grad=  4.0733e-03
  outGain=     0.99464 grad=  3.7091e-02
  vco2Level=     0.58189 grad= -3.0102e-03
  vco2Detune=     0.64998 grad=  2.4853e-02
  satGain=     0.88377 grad=  1.9309e-02
  satBias=    -0.15608 grad= -3.7347e-02
  satA2=     0.52163 grad=  3.7714e-02
  satA3=     0.07142 grad= -2.9325e-03
  satA5=     0.49799 grad=  1.0543e-02
  filtSat=     2.41990 grad= -7.9300e-03
epoch=570 loss=0.665344
  shape=     0.79841 grad=  4.1168e-02
  pw=     0.44319 grad=  1.7072e-02
  fBase=   345.60529 grad=  1.4143e-02
  fAmt=  1023.25250 grad=  3.6327e-03
  fDecay=     0.10635 grad= -1.9654e-02
  res=     2.43526 grad= -7.3189e-04
  attackTime=     0.02935 grad=  4.4114e-02
  decayTime=     0.20361 grad= -1.8585e-02
  sustain=     0.09409 grad= -4.1143e-02
  releaseTime=     0.02509 grad=  3.8121e-04
  drive=     2.29565 grad=  2.9748e-03
  outGain=     0.99361 grad=  3.5811e-02
  vco2Level=     0.58212 grad= -5.0599e-03
  vco2Detune=     0.64998 grad= -5.6248e-04
  satGain=     0.88303 grad=  1.7552e-02
  satBias=    -0.15595 grad= -3.6632e-02
  satA2=     0.52146 grad=  3.7161e-02
  satA3=     0.07145 grad= -3.2227e-03
  satA5=     0.49791 grad=  1.0050e-02
  filtSat=     2.42236 grad= -7.6950e-03
epoch=580 loss=0.664876
  shape=     0.79832 grad=  3.9142e-02
  pw=     0.44318 grad= -2.1459e-01
  fBase=   345.28491 grad=  1.4076e-02
  fAmt=  1022.26447 grad=  3.1158e-03
  fDecay=     0.10664 grad= -1.9785e-02
  res=     2.43994 grad= -7.5926e-04
  attackTime=     0.02917 grad=  4.4455e-02
  decayTime=     0.20397 grad= -1.8386e-02
  sustain=     0.09438 grad= -4.0395e-02
  releaseTime=     0.02509 grad=  5.7721e-04
  drive=     2.29470 grad=  2.9729e-03
  outGain=     0.99266 grad=  3.5831e-02
  vco2Level=     0.58231 grad= -4.9893e-03
  vco2Detune=     0.64998 grad=  2.8365e-03
  satGain=     0.88238 grad=  1.6682e-02
  satBias=    -0.15584 grad= -3.6797e-02
  satA2=     0.52131 grad=  3.6641e-02
  satA3=     0.07148 grad= -3.1455e-03
  satA5=     0.49783 grad=  9.9318e-03
  filtSat=     2.42466 grad= -7.8306e-03
epoch=590 loss=0.664427
  shape=     0.79824 grad=  4.0898e-02
  pw=     0.44319 grad=  4.3483e-01
  fBase=   344.96909 grad=  1.5525e-02
  fAmt=  1021.33630 grad=  4.4110e-03
  fDecay=     0.10692 grad= -1.8819e-02
  res=     2.44446 grad= -7.4410e-04
  attackTime=     0.02900 grad=  4.4595e-02
  decayTime=     0.20430 grad= -1.7932e-02
  sustain=     0.09466 grad= -3.9505e-02
  releaseTime=     0.02509 grad=  5.2209e-04
  drive=     2.29379 grad=  3.6569e-03
  outGain=     0.99174 grad=  3.6581e-02
  vco2Level=     0.58251 grad= -5.9278e-03
  vco2Detune=     0.64998 grad= -6.5538e-02
  satGain=     0.88176 grad=  1.7536e-02
  satBias=    -0.15572 grad= -3.6567e-02
  satA2=     0.52116 grad=  3.5532e-02
  satA3=     0.07151 grad= -2.5868e-03
  satA5=     0.49775 grad=  1.0095e-02
  filtSat=     2.42688 grad= -7.6947e-03
epoch=599 loss=0.664034
  shape=     0.79816 grad=  3.9555e-02
  pw=     0.44319 grad=  1.6691e-01
  fBase=   344.68234 grad=  1.5536e-02
  fAmt=  1020.49139 grad=  4.3652e-03
  fDecay=     0.10716 grad= -1.8804e-02
  res=     2.44851 grad= -7.4659e-04
  attackTime=     0.02886 grad=  4.4902e-02
  decayTime=     0.20460 grad= -1.8045e-02
  sustain=     0.09490 grad= -4.0162e-02
  releaseTime=     0.02509 grad=  3.8337e-04
  drive=     2.29299 grad=  3.3988e-03
  outGain=     0.99094 grad=  3.6301e-02
  vco2Level=     0.58270 grad= -4.6970e-03
  vco2Detune=     0.64998 grad= -2.0848e-02
  satGain=     0.88123 grad=  1.7249e-02
  satBias=    -0.15562 grad= -3.7756e-02
  satA2=     0.52103 grad=  3.4658e-02
  satA3=     0.07153 grad= -2.0411e-03
  satA5=     0.49769 grad=  1.0370e-02
  filtSat=     2.42884 grad= -7.6916e-03
