epoch=0 loss=1.704492
  shape=     0.99900 grad= -8.4510e-01
  pw=     0.45831 grad=  1.2633e+01
  fBase=    31.16904 grad= -2.2274e-01
  fAmt=   834.30627 grad= -8.9334e-01
  fDecay=     0.17184 grad= -1.3658e+00
  res=     1.57405 grad=  2.2886e-03
  attackTime=     0.00390 grad= -2.0869e-02
  decayTime=     0.88435 grad= -5.5774e-02
  sustain=     0.60578 grad= -1.7476e-01
  releaseTime=     0.02016 grad= -7.3968e-02
  drive=     6.64519 grad= -6.2053e-01
  outGain=     0.31515 grad= -8.0673e-01
  vco2Level=     0.25915 grad= -2.9188e-02
  vco2Detune=     0.43565 grad= -2.4534e-02
  satGain=     0.66607 grad= -7.1084e-01
  satBias=    -0.39920 grad=  2.9251e-01
  satA2=     0.50476 grad=  5.1141e-01
  satA3=     0.59716 grad= -5.9308e-01
  satA5=    -0.05546 grad= -6.1463e-01
  filtSat=     3.78021 grad=  2.8241e-02
epoch=10 loss=1.523926
  shape=     1.00000 grad=  4.2433e-01
  pw=     0.45792 grad= -4.7076e+01
  fBase=    34.12310 grad=  8.9513e-03
  fAmt=   901.04388 grad=  5.4168e-01
  fDecay=     0.18824 grad=  1.6743e-01
  res=     1.42771 grad=  3.0176e-02
  attackTime=     0.00432 grad= -2.9930e-02
  decayTime=     0.96284 grad=  1.1432e-02
  sustain=     0.63164 grad=  3.2640e-02
  releaseTime=     0.02225 grad= -3.5674e-02
  drive=     7.19044 grad=  2.6544e-01
  outGain=     0.32331 grad=  1.7766e-01
  vco2Level=     0.28704 grad= -1.0504e+00
  vco2Detune=     0.43976 grad= -2.1190e-01
  satGain=     0.72596 grad=  2.1620e-01
  satBias=    -0.40000 grad= -5.3051e-02
  satA2=     0.49614 grad= -1.7841e-01
  satA3=     0.60630 grad=  7.5370e-02
  satA5=    -0.04603 grad= -3.4556e-02
  filtSat=     3.72377 grad= -1.0005e-02
epoch=20 loss=1.470878
  shape=     0.99642 grad=  1.2580e-01
  pw=     0.45888 grad= -1.6996e+00
  fBase=    35.23502 grad= -1.6887e-02
  fAmt=   866.56366 grad=  1.2275e-01
  fDecay=     0.19156 grad= -2.9443e-03
  res=     1.28393 grad=  2.2058e-02
  attackTime=     0.00479 grad= -2.3667e-02
  decayTime=     0.96473 grad=  4.6527e-03
  sustain=     0.63329 grad=  1.2659e-02
  releaseTime=     0.02395 grad= -9.3850e-03
  drive=     6.98498 grad=  8.9386e-02
  outGain=     0.32358 grad= -2.0021e-02
  vco2Level=     0.31859 grad= -6.6433e-01
  vco2Detune=     0.44442 grad= -3.6277e-01
  satGain=     0.72673 grad= -4.0454e-02
  satBias=    -0.40000 grad=  7.1878e-02
  satA2=     0.49572 grad=  8.4865e-03
  satA3=     0.61019 grad= -1.1336e-01
  satA5=    -0.04004 grad= -2.0290e-01
  filtSat=     3.78014 grad= -1.5065e-02
epoch=30 loss=1.436616
  shape=     0.99339 grad= -1.1681e-01
  pw=     0.45760 grad= -3.6212e+01
  fBase=    36.27160 grad= -3.8779e-02
  fAmt=   837.58118 grad=  3.4192e-02
  fDecay=     0.19390 grad= -1.8719e-01
  res=     1.16704 grad=  1.3197e-02
  attackTime=     0.00518 grad=  2.0180e-02
  decayTime=     0.95349 grad= -1.7349e-03
  sustain=     0.63084 grad= -7.1294e-03
  releaseTime=     0.02499 grad= -3.1017e-03
  drive=     6.78004 grad= -7.2860e-02
  outGain=     0.32453 grad= -2.1266e-01
  vco2Level=     0.34840 grad= -9.3998e-01
  vco2Detune=     0.44847 grad=  3.3964e-01
  satGain=     0.73562 grad= -1.4171e-01
  satBias=    -0.40000 grad= -8.5765e-02
  satA2=     0.49545 grad= -5.8807e-02
  satA3=     0.61485 grad= -7.0702e-02
  satA5=    -0.03301 grad= -2.1238e-01
  filtSat=     3.84579 grad=  1.3909e-02
epoch=40 loss=1.404863
  shape=     0.99367 grad=  1.6873e-01
  pw=     0.45737 grad= -2.0717e+01
  fBase=    37.61571 grad=  1.4711e-02
  fAmt=   825.20795 grad=  2.0048e-01
  fDecay=     0.19839 grad=  1.5052e-01
  res=     1.07728 grad=  1.5762e-02
  attackTime=     0.00515 grad=  6.8739e-03
  decayTime=     0.94564 grad=  1.1162e-02
  sustain=     0.62920 grad=  3.5754e-02
  releaseTime=     0.02545 grad=  8.5599e-03
  drive=     6.77110 grad=  6.9994e-02
  outGain=     0.32872 grad= -2.7976e-02
  vco2Level=     0.37934 grad= -8.4340e-01
  vco2Detune=     0.44773 grad=  6.8734e-02
  satGain=     0.76573 grad=  7.3180e-03
  satBias=    -0.39899 grad= -6.0872e-02
  satA2=     0.49661 grad= -1.0190e-01
  satA3=     0.61928 grad= -1.1773e-02
  satA5=    -0.02552 grad= -1.2801e-01
  filtSat=     3.85863 grad=  3.5582e-03
epoch=50 loss=1.375205
  shape=     0.99184 grad=  3.4982e-02
  pw=     0.45709 grad= -1.8535e+01
  fBase=    37.98717 grad= -8.4089e-03
  fAmt=   799.93024 grad=  1.1992e-01
  fDecay=     0.19712 grad= -1.9570e-02
  res=     0.99981 grad=  1.0654e-02
  attackTime=     0.00500 grad=  2.4816e-03
  decayTime=     0.91134 grad=  4.7077e-03
  sustain=     0.61838 grad=  1.4741e-02
  releaseTime=     0.02519 grad=  4.9434e-03
  drive=     6.70051 grad= -2.9645e-02
  outGain=     0.33201 grad= -1.0939e-01
  vco2Level=     0.40967 grad= -7.7418e-01
  vco2Detune=     0.44656 grad= -2.9892e-01
  satGain=     0.78528 grad= -3.9462e-02
  satBias=    -0.39477 grad= -1.7162e-01
  satA2=     0.50072 grad= -1.3863e-01
  satA3=     0.62167 grad=  3.9162e-02
  satA5=    -0.01933 grad= -6.7114e-02
  filtSat=     3.84206 grad=  1.9121e-02
epoch=60 loss=1.352345
  shape=     0.99049 grad=  1.2680e-01
  pw=     0.45651 grad= -6.7489e+00
  fBase=    38.52188 grad= -1.8437e-03
  fAmt=   787.42798 grad=  4.9162e-02
  fDecay=     0.19651 grad=  6.8023e-02
  res=     0.94105 grad=  1.0518e-02
  attackTime=     0.00496 grad= -1.4807e-02
  decayTime=     0.87765 grad=  7.4230e-03
  sustain=     0.60723 grad=  2.2923e-02
  releaseTime=     0.02486 grad=  2.3505e-04
  drive=     6.70858 grad=  2.7080e-02
  outGain=     0.33576 grad= -2.8698e-02
  vco2Level=     0.43456 grad= -3.4528e-01
  vco2Detune=     0.44734 grad= -2.1981e-01
  satGain=     0.81245 grad= -2.4558e-02
  satBias=    -0.38912 grad= -8.5910e-02
  satA2=     0.50485 grad= -7.3293e-02
  satA3=     0.62350 grad=  1.7265e-02
  satA5=    -0.01434 grad= -7.7741e-03
  filtSat=     3.81745 grad= -8.3283e-04
epoch=70 loss=1.341911
  shape=     0.98771 grad=  5.0412e-02
  pw=     0.45654 grad=  8.5267e+00
  fBase=    38.97709 grad= -1.1963e-02
  fAmt=   779.54749 grad= -3.2053e-02
  fDecay=     0.19440 grad=  2.2182e-02
  res=     0.89078 grad=  5.8043e-03
  attackTime=     0.00513 grad= -4.6828e-03
  decayTime=     0.83963 grad=  5.6368e-03
  sustain=     0.59426 grad=  1.6997e-02
  releaseTime=     0.02470 grad= -3.9568e-04
  drive=     6.68554 grad= -8.9743e-03
  outGain=     0.33848 grad= -5.3011e-02
  vco2Level=     0.45262 grad= -1.9138e-01
  vco2Detune=     0.44925 grad=  3.5610e-01
  satGain=     0.83515 grad= -5.9370e-02
  satBias=    -0.38235 grad= -7.6714e-02
  satA2=     0.50928 grad= -4.4911e-02
  satA3=     0.62390 grad=  4.7675e-03
  satA5=    -0.01201 grad= -1.0931e-03
  filtSat=     3.81195 grad= -1.0996e-03
epoch=80 loss=1.338101
  shape=     0.98487 grad=  1.2013e-01
  pw=     0.45671 grad=  1.4323e+00
  fBase=    39.67546 grad= -6.0557e-03
  fAmt=   781.12866 grad=  4.1529e-02
  fDecay=     0.19266 grad=  3.7134e-02
  res=     0.85209 grad=  6.5813e-03
  attackTime=     0.00532 grad= -1.1721e-03
  decayTime=     0.80294 grad=  6.8347e-03
  sustain=     0.58142 grad=  1.9941e-02
  releaseTime=     0.02468 grad= -1.2502e-03
  drive=     6.67173 grad=  1.1909e-02
  outGain=     0.34086 grad= -2.0990e-02
  vco2Level=     0.46405 grad= -1.9497e-01
  vco2Detune=     0.44868 grad=  1.7090e-01
  satGain=     0.85754 grad=  2.6558e-04
  satBias=    -0.37492 grad= -1.1077e-01
  satA2=     0.51336 grad= -8.1837e-02
  satA3=     0.62333 grad=  4.8836e-02
  satA5=    -0.01181 grad=  5.5076e-02
  filtSat=     3.82508 grad=  3.5604e-03
epoch=90 loss=1.342518
  shape=     0.98134 grad=  1.0563e-01
  pw=     0.45551 grad= -3.4724e+01
  fBase=    40.55400 grad= -1.6734e-02
  fAmt=   785.36523 grad= -1.5944e-02
  fDecay=     0.19115 grad= -1.4831e-03
  res=     0.82057 grad=  4.2060e-03
  attackTime=     0.00542 grad=  4.6839e-04
  decayTime=     0.76582 grad=  5.3538e-03
  sustain=     0.56826 grad=  1.4669e-02
  releaseTime=     0.02478 grad= -3.1839e-03
  drive=     6.63295 grad=  9.1245e-03
  outGain=     0.34255 grad= -2.9317e-02
  vco2Level=     0.46989 grad=  1.4778e-02
  vco2Detune=     0.44902 grad= -4.5075e-01
  satGain=     0.87258 grad= -2.4783e-03
  satBias=    -0.36546 grad= -1.6020e-01
  satA2=     0.51824 grad= -8.5222e-02
  satA3=     0.62071 grad=  8.9686e-02
  satA5=    -0.01478 grad=  1.5786e-01
  filtSat=     3.85251 grad= -2.8279e-03
epoch=100 loss=1.332283
  shape=     0.97744 grad=  1.1761e-01
  pw=     0.45691 grad=  2.3959e+01
  fBase=    41.73556 grad= -1.8414e-02
  fAmt=   791.08997 grad= -3.1064e-02
  fDecay=     0.19037 grad=  1.2297e-02
  res=     0.79570 grad=  3.8042e-03
  attackTime=     0.00542 grad= -5.6308e-03
  decayTime=     0.73255 grad=  4.8862e-03
  sustain=     0.55637 grad=  1.2099e-02
  releaseTime=     0.02494 grad= -7.2638e-04
  drive=     6.61423 grad=  1.4748e-02
  outGain=     0.34440 grad= -1.6061e-02
  vco2Level=     0.47271 grad=  7.2810e-02
  vco2Detune=     0.45102 grad=  2.7362e-01
  satGain=     0.88333 grad= -1.0590e-02
  satBias=    -0.35421 grad= -2.1125e-01
  satA2=     0.52430 grad= -1.1430e-01
  satA3=     0.61619 grad=  1.2166e-01
  satA5=    -0.02029 grad=  2.2353e-01
  filtSat=     3.87121 grad= -5.7782e-03
epoch=110 loss=1.322033
  shape=     0.97267 grad=  1.1402e-01
  pw=     0.45658 grad= -5.2365e+00
  fBase=    43.05358 grad= -1.7297e-02
  fAmt=   793.77203 grad=  3.2234e-02
  fDecay=     0.18937 grad= -1.8164e-03
  res=     0.77134 grad=  4.9670e-03
  attackTime=     0.00547 grad= -4.5773e-03
  decayTime=     0.70292 grad=  3.8711e-03
  sustain=     0.54572 grad=  9.7603e-03
  releaseTime=     0.02510 grad= -7.3142e-04
  drive=     6.61875 grad= -1.5375e-02
  outGain=     0.34641 grad= -4.6797e-02
  vco2Level=     0.47626 grad= -1.8490e-01
  vco2Detune=     0.45207 grad= -2.4518e-01
  satGain=     0.89235 grad= -1.0443e-02
  satBias=    -0.34417 grad= -1.3797e-01
  satA2=     0.53045 grad= -1.0057e-01
  satA3=     0.61182 grad=  6.5300e-02
  satA5=    -0.02560 grad=  7.7952e-02
  filtSat=     3.86553 grad=  8.7558e-03
epoch=120 loss=1.311570
  shape=     0.96774 grad=  1.1602e-01
  pw=     0.45669 grad=  3.4575e+01
  fBase=    44.66521 grad= -2.0590e-02
  fAmt=   793.96912 grad= -7.3436e-02
  fDecay=     0.18927 grad= -5.7245e-04
  res=     0.74828 grad=  2.2108e-03
  attackTime=     0.00560 grad= -5.6020e-03
  decayTime=     0.67637 grad=  7.1173e-03
  sustain=     0.53611 grad=  1.8766e-02
  releaseTime=     0.02516 grad=  1.5195e-03
  drive=     6.65232 grad=  1.2917e-02
  outGain=     0.34872 grad= -1.1501e-02
  vco2Level=     0.48133 grad=  1.1935e-01
  vco2Detune=     0.45620 grad= -8.4853e-01
  satGain=     0.90322 grad= -4.4094e-02
  satBias=    -0.33498 grad= -7.6208e-02
  satA2=     0.53667 grad= -3.1057e-02
  satA3=     0.60785 grad=  3.2778e-02
  satA5=    -0.03006 grad=  1.0229e-01
  filtSat=     3.83989 grad= -1.1033e-02
epoch=130 loss=1.293599
  shape=     0.96217 grad=  1.4051e-01
  pw=     0.45659 grad= -4.1637e+00
  fBase=    46.33997 grad= -1.4492e-02
  fAmt=   797.39032 grad=  2.9392e-02
  fDecay=     0.18893 grad=  1.0999e-02
  res=     0.72881 grad=  2.8768e-03
  attackTime=     0.00570 grad=  5.9520e-03
  decayTime=     0.64169 grad=  7.7007e-03
  sustain=     0.52283 grad=  2.0066e-02
  releaseTime=     0.02508 grad=  8.9144e-04
  drive=     6.64935 grad= -1.2182e-02
  outGain=     0.35037 grad= -3.4519e-02
  vco2Level=     0.48407 grad= -1.5556e-01
  vco2Detune=     0.46322 grad= -5.2460e-01
  satGain=     0.91482 grad= -7.7496e-03
  satBias=    -0.32707 grad= -1.1425e-01
  satA2=     0.54213 grad= -9.1958e-02
  satA3=     0.60418 grad=  5.8979e-02
  satA5=    -0.03467 grad=  7.5729e-02
  filtSat=     3.84026 grad=  8.0433e-03
epoch=140 loss=1.275660
  shape=     0.95625 grad=  1.5522e-01
  pw=     0.45656 grad= -1.3620e+01
  fBase=    48.06660 grad= -1.4302e-02
  fAmt=   798.24817 grad=  3.7057e-02
  fDecay=     0.18853 grad=  8.9142e-03
  res=     0.71564 grad=  1.6120e-03
  attackTime=     0.00570 grad= -1.1142e-02
  decayTime=     0.60426 grad=  8.3583e-03
  sustain=     0.50766 grad=  2.1388e-02
  releaseTime=     0.02498 grad=  1.2031e-05
  drive=     6.67245 grad=  3.0568e-05
  outGain=     0.35220 grad= -1.8131e-02
  vco2Level=     0.48858 grad= -1.6090e-01
  vco2Detune=     0.47041 grad= -8.0066e-01
  satGain=     0.92650 grad= -1.6785e-03
  satBias=    -0.31960 grad= -9.7948e-02
  satA2=     0.54780 grad= -8.5218e-02
  satA3=     0.60064 grad=  5.4134e-02
  satA5=    -0.03881 grad=  6.5519e-02
  filtSat=     3.82081 grad=  5.6060e-03
epoch=150 loss=1.262644
  shape=     0.95001 grad=  1.3939e-01
  pw=     0.45668 grad=  1.3775e+01
  fBase=    49.98308 grad= -1.7070e-02
  fAmt=   802.59509 grad= -3.4037e-02
  fDecay=     0.18835 grad=  1.3330e-02
  res=     0.71157 grad= -9.7108e-04
  attackTime=     0.00588 grad=  5.1484e-03
  decayTime=     0.56538 grad=  1.0075e-02
  sustain=     0.49100 grad=  2.5408e-02
  releaseTime=     0.02492 grad= -3.5760e-04
  drive=     6.68520 grad= -3.2453e-03
  outGain=     0.35370 grad= -2.1830e-02
  vco2Level=     0.49197 grad= -1.0726e-02
  vco2Detune=     0.47691 grad= -1.5277e+00
  satGain=     0.94041 grad= -3.1002e-02
  satBias=    -0.31344 grad= -7.0857e-02
  satA2=     0.55248 grad= -4.8381e-02
  satA3=     0.59775 grad=  3.2282e-02
  satA5=    -0.04251 grad=  7.0305e-02
  filtSat=     3.81670 grad= -1.4290e-03
epoch=160 loss=1.252397
  shape=     0.94322 grad=  1.5023e-01
  pw=     0.45659 grad= -8.6729e+00
  fBase=    51.88416 grad= -2.4652e-02
  fAmt=   804.43799 grad= -3.4699e-04
  fDecay=     0.18751 grad= -2.0887e-02
  res=     0.70866 grad=  3.5799e-04
  attackTime=     0.00589 grad= -5.5356e-03
  decayTime=     0.52433 grad=  6.6557e-03
  sustain=     0.47235 grad=  1.5027e-02
  releaseTime=     0.02486 grad= -9.9799e-04
  drive=     6.69862 grad= -1.3656e-02
  outGain=     0.35513 grad= -3.4666e-02
  vco2Level=     0.49587 grad= -1.0698e-01
  vco2Detune=     0.48226 grad= -5.3345e-01
  satGain=     0.95174 grad= -2.3929e-02
  satBias=    -0.30780 grad= -5.3010e-02
  satA2=     0.55719 grad= -4.4422e-02
  satA3=     0.59484 grad=  1.7584e-02
  satA5=    -0.04619 grad=  2.6512e-02
  filtSat=     3.80342 grad=  3.8847e-03
epoch=170 loss=1.244986
  shape=     0.93616 grad=  1.9999e-01
  pw=     0.45669 grad=  1.8884e+01
  fBase=    54.31181 grad= -2.2707e-02
  fAmt=   806.54156 grad= -9.6988e-03
  fDecay=     0.18780 grad= -5.8281e-03
  res=     0.70659 grad= -1.5080e-03
  attackTime=     0.00602 grad=  1.7899e-03
  decayTime=     0.48926 grad=  1.0593e-02
  sustain=     0.45585 grad=  2.4161e-02
  releaseTime=     0.02491 grad= -7.8581e-04
  drive=     6.72449 grad= -1.8891e-03
  outGain=     0.35671 grad= -1.3185e-02
  vco2Level=     0.49983 grad= -6.8018e-03
  vco2Detune=     0.48651 grad=  3.2877e-01
  satGain=     0.96476 grad= -1.2653e-02
  satBias=    -0.30343 grad=  5.3097e-03
  satA2=     0.56097 grad=  1.0087e-03
  satA3=     0.59280 grad= -7.0668e-03
  satA5=    -0.04897 grad=  1.4102e-02
  filtSat=     3.78983 grad= -4.7505e-04
epoch=180 loss=1.240291
  shape=     0.92846 grad=  2.1865e-01
  pw=     0.45660 grad= -1.0835e+00
  fBase=    56.95837 grad= -2.3486e-02
  fAmt=   806.44531 grad=  8.6232e-03
  fDecay=     0.18818 grad= -1.0553e-02
  res=     0.70985 grad= -1.6967e-03
  attackTime=     0.00605 grad= -3.4311e-03
  decayTime=     0.45400 grad=  1.0171e-02
  sustain=     0.43846 grad=  2.2250e-02
  releaseTime=     0.02496 grad=  7.9170e-04
  drive=     6.74581 grad= -3.2640e-04
  outGain=     0.35799 grad= -1.2236e-02
  vco2Level=     0.50277 grad= -1.5801e-02
  vco2Detune=     0.48732 grad=  3.8967e-01
  satGain=     0.97459 grad= -6.9205e-04
  satBias=    -0.29947 grad= -7.2551e-03
  satA2=     0.56464 grad= -1.2182e-02
  satA3=     0.59042 grad=  9.3018e-03
  satA5=    -0.05224 grad=  3.0077e-02
  filtSat=     3.77523 grad=  1.0561e-03
epoch=190 loss=1.235758
  shape=     0.92034 grad=  5.9615e-02
  pw=     0.45659 grad= -3.5026e+00
  fBase=    59.90443 grad= -3.5331e-02
  fAmt=   804.24292 grad= -5.9214e-02
  fDecay=     0.18905 grad= -4.7484e-02
  res=     0.71500 grad= -2.2694e-03
  attackTime=     0.00610 grad= -6.5945e-04
  decayTime=     0.42097 grad=  6.9770e-03
  sustain=     0.42124 grad=  1.2220e-02
  releaseTime=     0.02495 grad=  1.7140e-03
  drive=     6.76918 grad= -1.7109e-02
  outGain=     0.35922 grad= -3.9978e-02
  vco2Level=     0.50535 grad=  4.9857e-02
  vco2Detune=     0.48590 grad= -3.6971e-01
  satGain=     0.98046 grad= -6.6087e-02
  satBias=    -0.29696 grad= -2.0635e-01
  satA2=     0.56725 grad= -1.3571e-01
  satA3=     0.58872 grad=  1.2188e-01
  satA5=    -0.05479 grad=  1.8994e-01
  filtSat=     3.75677 grad= -3.3532e-03
epoch=200 loss=1.233865
  shape=     0.91308 grad=  1.7867e-01
  pw=     0.45644 grad= -3.7177e+01
  fBase=    63.12590 grad= -2.5678e-02
  fAmt=   800.95557 grad= -6.7345e-03
  fDecay=     0.19065 grad= -2.2645e-02
  res=     0.71691 grad= -5.5744e-04
  attackTime=     0.00616 grad= -3.9232e-04
  decayTime=     0.39118 grad=  1.0703e-02
  sustain=     0.40452 grad=  2.3836e-02
  releaseTime=     0.02487 grad=  1.0847e-03
  drive=     6.80924 grad= -8.6201e-03
  outGain=     0.36083 grad= -2.5670e-02
  vco2Level=     0.50908 grad= -1.1996e-02
  vco2Detune=     0.48648 grad= -1.6961e-01
  satGain=     0.98673 grad= -2.9779e-03
  satBias=    -0.29335 grad= -4.0546e-02
  satA2=     0.57093 grad= -3.3122e-02
  satA3=     0.58618 grad=  3.6746e-02
  satA5=    -0.05782 grad=  6.5299e-02
  filtSat=     3.72751 grad=  2.2726e-03
epoch=210 loss=1.226062
  shape=     0.90614 grad=  2.2853e-01
  pw=     0.45658 grad= -4.6078e+00
  fBase=    66.59019 grad= -1.8743e-02
  fAmt=   803.87018 grad= -1.9555e-02
  fDecay=     0.19235 grad=  1.0319e-02
  res=     0.72066 grad= -1.1838e-03
  attackTime=     0.00624 grad= -3.6991e-03
  decayTime=     0.36131 grad=  1.6677e-02
  sustain=     0.38588 grad=  3.9065e-02
  releaseTime=     0.02478 grad=  2.1353e-04
  drive=     6.83553 grad=  1.5165e-02
  outGain=     0.36239 grad= -4.4528e-03
  vco2Level=     0.51048 grad=  5.0809e-02
  vco2Detune=     0.48674 grad=  2.1735e-01
  satGain=     0.99533 grad= -3.2181e-03
  satBias=    -0.29015 grad= -1.2081e-02
  satA2=     0.57388 grad= -1.1785e-02
  satA3=     0.58378 grad=  2.2064e-02
  satA5=    -0.06103 grad=  6.2375e-02
  filtSat=     3.71956 grad= -5.0136e-03
epoch=220 loss=1.221161
  shape=     0.89847 grad=  1.8447e-01
  pw=     0.45658 grad= -4.5070e+00
  fBase=    69.89786 grad= -3.3190e-02
  fAmt=   808.81512 grad= -2.3426e-02
  fDecay=     0.19305 grad= -3.4803e-02
  res=     0.72648 grad= -7.1920e-04
  attackTime=     0.00629 grad= -1.5986e-03
  decayTime=     0.33073 grad=  4.8889e-03
  sustain=     0.36478 grad=  4.4205e-03
  releaseTime=     0.02477 grad= -2.9447e-03
  drive=     6.84188 grad= -2.6772e-02
  outGain=     0.36381 grad= -5.4726e-02
  vco2Level=     0.51063 grad= -5.2344e-02
  vco2Detune=     0.48639 grad= -1.4058e-01
  satGain=     1.00215 grad= -2.9110e-02
  satBias=    -0.28844 grad= -5.6116e-03
  satA2=     0.57559 grad= -2.5087e-03
  satA3=     0.58220 grad= -1.1060e-02
  satA5=    -0.06380 grad=  6.6496e-03
  filtSat=     3.72268 grad=  4.1102e-03
epoch=230 loss=1.219510
  shape=     0.89078 grad=  1.9988e-01
  pw=     0.45645 grad= -3.5072e+01
  fBase=    73.51253 grad= -2.7518e-02
  fAmt=   805.87872 grad= -1.1037e-02
  fDecay=     0.19417 grad= -1.8690e-02
  res=     0.72685 grad= -1.3576e-04
  attackTime=     0.00637 grad= -3.2425e-03
  decayTime=     0.31051 grad=  8.4332e-03
  sustain=     0.35190 grad=  1.4964e-02
  releaseTime=     0.02492 grad=  8.7093e-04
  drive=     6.91252 grad= -1.3472e-02
  outGain=     0.36616 grad= -3.5883e-02
  vco2Level=     0.51466 grad= -2.2800e-02
  vco2Detune=     0.48654 grad= -2.5986e-01
  satGain=     1.00476 grad= -3.2583e-03
  satBias=    -0.28753 grad= -7.8829e-03
  satA2=     0.57729 grad= -1.0021e-02
  satA3=     0.58132 grad=  1.4229e-02
  satA5=    -0.06546 grad=  4.0751e-02
  filtSat=     3.68068 grad=  3.3666e-03
epoch=240 loss=1.212352
  shape=     0.88352 grad=  2.2737e-01
  pw=     0.45658 grad= -6.0230e+00
  fBase=    77.47033 grad= -2.3151e-02
  fAmt=   806.70831 grad= -3.4652e-02
  fDecay=     0.19577 grad= -5.2899e-03
  res=     0.72796 grad= -1.4522e-03
  attackTime=     0.00650 grad= -1.9701e-03
  decayTime=     0.29145 grad=  1.7528e-02
  sustain=     0.33868 grad=  4.0488e-02
  releaseTime=     0.02488 grad=  1.7704e-03
  drive=     6.97154 grad=  1.1456e-02
  outGain=     0.36840 grad= -1.1182e-02
  vco2Level=     0.51705 grad=  7.4547e-02
  vco2Detune=     0.48687 grad=  9.9268e-02
  satGain=     1.00888 grad= -9.1016e-03
  satBias=    -0.28680 grad=  2.0124e-04
  satA2=     0.57854 grad=  2.3306e-03
  satA3=     0.58046 grad=  1.3173e-02
  satA5=    -0.06732 grad=  5.7028e-02
  filtSat=     3.65369 grad= -5.9937e-03
epoch=250 loss=1.209073
  shape=     0.87616 grad=  2.3681e-01
  pw=     0.45651 grad= -3.0738e+01
  fBase=    81.44279 grad= -1.8401e-02
  fAmt=   813.22339 grad=  3.1376e-02
  fDecay=     0.19691 grad=  1.6360e-02
  res=     0.73312 grad=  1.3038e-03
  attackTime=     0.00657 grad=  1.3182e-03
  decayTime=     0.26913 grad=  7.1024e-03
  sustain=     0.32024 grad=  7.1905e-03
  releaseTime=     0.02476 grad=  4.9094e-03
  drive=     6.98799 grad= -2.0753e-02
  outGain=     0.37015 grad= -4.5252e-02
  vco2Level=     0.51664 grad= -1.4788e-01
  vco2Detune=     0.48663 grad= -2.0474e-02
  satGain=     1.01477 grad=  1.5894e-02
  satBias=    -0.28660 grad=  8.2579e-03
  satA2=     0.57900 grad= -1.9938e-02
  satA3=     0.57978 grad=  5.8453e-03
  satA5=    -0.06952 grad=  1.6920e-02
  filtSat=     3.65588 grad=  1.1968e-02
epoch=260 loss=1.203672
  shape=     0.86896 grad=  2.4581e-01
  pw=     0.45657 grad= -1.7500e+01
  fBase=    85.43626 grad= -1.8837e-02
  fAmt=   813.08209 grad=  2.4928e-02
  fDecay=     0.19753 grad=  1.5816e-02
  res=     0.73385 grad=  1.6554e-03
  attackTime=     0.00664 grad= -6.7971e-03
  decayTime=     0.25476 grad=  1.0724e-02
  sustain=     0.31104 grad=  1.5997e-02
  releaseTime=     0.02464 grad= -2.0522e-03
  drive=     7.05395 grad=  1.1993e-03
  outGain=     0.37261 grad= -2.4669e-02
  vco2Level=     0.51968 grad= -7.3553e-02
  vco2Detune=     0.48677 grad=  6.0410e-02
  satGain=     1.01699 grad=  1.6055e-02
  satBias=    -0.28671 grad= -4.4989e-03
  satA2=     0.57979 grad= -2.8441e-02
  satA3=     0.57943 grad=  2.3606e-02
  satA5=    -0.07104 grad=  4.7334e-02
  filtSat=     3.62137 grad=  5.1721e-03
epoch=270 loss=1.199700
  shape=     0.86199 grad=  1.9876e-01
  pw=     0.45666 grad=  1.9029e+01
  fBase=    89.49012 grad= -3.0463e-02
  fAmt=   811.94275 grad= -3.0756e-02
  fDecay=     0.19790 grad= -2.0822e-02
  res=     0.73280 grad= -2.0233e-03
  attackTime=     0.00679 grad=  1.1766e-03
  decayTime=     0.24215 grad=  8.8464e-03
  sustain=     0.30368 grad=  1.4028e-02
  releaseTime=     0.02472 grad=  1.9042e-03
  drive=     7.10633 grad= -1.5148e-02
  outGain=     0.37493 grad= -3.8903e-02
  vco2Level=     0.52255 grad=  8.0557e-03
  vco2Detune=     0.48688 grad= -3.5921e-02
  satGain=     1.01791 grad= -2.1451e-02
  satBias=    -0.28665 grad=  2.7406e-03
  satA2=     0.58087 grad=  2.1427e-03
  satA3=     0.57878 grad= -2.0581e-03
  satA5=    -0.07282 grad=  3.4054e-02
  filtSat=     3.58878 grad=  1.1067e-03
epoch=280 loss=1.196900
  shape=     0.85555 grad=  1.9657e-01
  pw=     0.45670 grad=  2.8736e+01
  fBase=    93.59100 grad= -2.9113e-02
  fAmt=   813.79584 grad= -1.7328e-02
  fDecay=     0.19828 grad= -1.8056e-02
  res=     0.73402 grad= -1.3976e-03
  attackTime=     0.00686 grad= -1.8509e-03
  decayTime=     0.22963 grad=  6.2697e-03
  sustain=     0.29436 grad=  4.6444e-03
  releaseTime=     0.02461 grad=  6.8416e-04
  drive=     7.15579 grad= -1.6937e-02
  outGain=     0.37716 grad= -3.8996e-02
  vco2Level=     0.52446 grad= -2.4876e-02
  vco2Detune=     0.48680 grad= -5.0916e-02
  satGain=     1.02079 grad= -1.5443e-02
  satBias=    -0.28658 grad=  3.7590e-03
  satA2=     0.58175 grad= -4.1667e-03
  satA3=     0.57811 grad= -1.6511e-04
  satA5=    -0.07473 grad=  3.3430e-02
  filtSat=     3.56420 grad=  3.6547e-03
epoch=290 loss=1.192728
  shape=     0.84956 grad=  2.0686e-01
  pw=     0.45658 grad= -1.3880e+01
  fBase=    97.66167 grad= -2.0129e-02
  fAmt=   815.48303 grad=  1.1572e-02
  fDecay=     0.19862 grad=  8.0976e-03
  res=     0.73510 grad=  1.5042e-03
  attackTime=     0.00697 grad= -4.9557e-03
  decayTime=     0.21932 grad=  7.8540e-03
  sustain=     0.28708 grad=  9.5174e-03
  releaseTime=     0.02452 grad= -7.7325e-04
  drive=     7.20670 grad= -4.7291e-03
  outGain=     0.37936 grad= -3.2950e-02
  vco2Level=     0.52655 grad= -6.9794e-02
  vco2Detune=     0.48682 grad=  4.6235e-02
  satGain=     1.02364 grad=  7.0333e-03
  satBias=    -0.28652 grad= -9.6490e-03
  satA2=     0.58269 grad= -2.9871e-02
  satA3=     0.57744 grad=  2.5196e-02
  satA5=    -0.07666 grad=  5.3013e-02
  filtSat=     3.53785 grad=  5.3951e-03
epoch=300 loss=1.190362
  shape=     0.84399 grad=  1.9174e-01
  pw=     0.45669 grad=  2.5278e+01
  fBase=   101.57541 grad= -2.2870e-02
  fAmt=   816.07422 grad= -4.7805e-03
  fDecay=     0.19881 grad= -4.6636e-03
  res=     0.73520 grad= -8.5228e-04
  attackTime=     0.00710 grad= -8.8011e-04
  decayTime=     0.21048 grad=  7.7843e-03
  sustain=     0.28098 grad=  1.2987e-02
  releaseTime=     0.02450 grad=  1.1614e-03
  drive=     7.25563 grad= -1.1854e-02
  outGain=     0.38150 grad= -3.3513e-02
  vco2Level=     0.52895 grad= -4.1419e-02
  vco2Detune=     0.48683 grad=  9.5609e-02
  satGain=     1.02524 grad= -5.0090e-03
  satBias=    -0.28640 grad= -9.3062e-04
  satA2=     0.58384 grad= -1.6042e-02
  satA3=     0.57658 grad=  1.2380e-02
  satA5=    -0.07868 grad=  4.5538e-02
  filtSat=     3.50850 grad=  4.7127e-03
epoch=310 loss=1.187808
  shape=     0.83889 grad=  1.8298e-01
  pw=     0.45670 grad=  2.7393e+01
  fBase=   105.42472 grad= -2.3631e-02
  fAmt=   817.04688 grad= -7.2432e-03
  fDecay=     0.19903 grad= -6.9781e-03
  res=     0.73539 grad= -1.1328e-03
  attackTime=     0.00721 grad= -8.3687e-04
  decayTime=     0.20257 grad=  6.8836e-03
  sustain=     0.27453 grad=  1.0957e-02
  releaseTime=     0.02444 grad=  6.7775e-05
  drive=     7.30151 grad= -1.2867e-02
  outGain=     0.38356 grad= -3.3594e-02
  vco2Level=     0.53109 grad= -3.7510e-02
  vco2Detune=     0.48681 grad=  1.2705e-02
  satGain=     1.02690 grad= -6.2876e-03
  satBias=    -0.28621 grad=  5.3757e-04
  satA2=     0.58502 grad= -1.3547e-02
  satA3=     0.57561 grad=  1.1076e-02
  satA5=    -0.08080 grad=  4.4384e-02
  filtSat=     3.48119 grad=  4.5798e-03
epoch=320 loss=1.184268
  shape=     0.83419 grad=  1.8192e-01
  pw=     0.45660 grad= -9.2827e+00
  fBase=   109.19578 grad= -2.1069e-02
  fAmt=   818.27264 grad= -3.9491e-03
  fDecay=     0.19926 grad=  2.4130e-03
  res=     0.73580 grad=  1.0355e-03
  attackTime=     0.00732 grad= -5.3399e-03
  decayTime=     0.19566 grad=  6.2789e-03
  sustain=     0.26826 grad=  9.0799e-03
  releaseTime=     0.02438 grad=  3.8555e-04
  drive=     7.34412 grad= -3.1205e-03
  outGain=     0.38553 grad= -3.0700e-02
  vco2Level=     0.53306 grad= -3.5487e-02
  vco2Detune=     0.48682 grad=  9.7475e-03
  satGain=     1.02840 grad=  1.6780e-03
  satBias=    -0.28606 grad= -6.5368e-03
  satA2=     0.58616 grad= -2.3160e-02
  satA3=     0.57459 grad=  2.5690e-02
  satA5=    -0.08295 grad=  6.0181e-02
  filtSat=     3.45573 grad=  3.0929e-03
epoch=330 loss=1.181753
  shape=     0.82994 grad=  1.6974e-01
  pw=     0.45663 grad= -3.5104e-01
  fBase=   112.89466 grad= -2.0004e-02
  fAmt=   820.46094 grad= -5.1645e-03
  fDecay=     0.19938 grad=  6.5920e-03
  res=     0.73604 grad= -6.2292e-04
  attackTime=     0.00744 grad= -3.8163e-03
  decayTime=     0.18971 grad=  8.7642e-03
  sustain=     0.26273 grad=  1.9119e-02
  releaseTime=     0.02443 grad= -9.6379e-03
  drive=     7.37997 grad=  7.6354e-04
  outGain=     0.38739 grad= -2.4104e-02
  vco2Level=     0.53455 grad=  1.1410e-02
  vco2Detune=     0.48680 grad= -3.5113e-02
  satGain=     1.03002 grad=  5.3752e-04
  satBias=    -0.28577 grad= -2.4892e-02
  satA2=     0.58736 grad= -3.8886e-02
  satA3=     0.57338 grad=  4.6383e-02
  satA5=    -0.08521 grad=  8.4632e-02
  filtSat=     3.43463 grad=  1.5680e-03
epoch=340 loss=1.179435
  shape=     0.82630 grad=  1.6083e-01
  pw=     0.45661 grad= -6.3679e+00
  fBase=   116.68946 grad= -2.1768e-02
  fAmt=   822.59418 grad=  1.0228e-02
  fDecay=     0.19945 grad= -4.0066e-04
  res=     0.74046 grad= -6.5924e-04
  attackTime=     0.00755 grad= -2.0106e-03
  decayTime=     0.18403 grad=  2.6747e-03
  sustain=     0.25606 grad=  7.0698e-03
  releaseTime=     0.02478 grad=  4.3335e-03
  drive=     7.40600 grad= -9.6942e-03
  outGain=     0.38907 grad= -3.8197e-02
  vco2Level=     0.53428 grad= -1.7566e-02
  vco2Detune=     0.48679 grad=  1.6716e-02
  satGain=     1.03173 grad=  2.9270e-03
  satBias=    -0.28468 grad= -2.3697e-02
  satA2=     0.58922 grad= -4.1747e-02
  satA3=     0.57123 grad=  4.4697e-02
  satA5=    -0.08816 grad=  7.6063e-02
  filtSat=     3.41965 grad=  5.7684e-03
epoch=350 loss=1.177542
  shape=     0.82289 grad=  1.5263e-01
  pw=     0.45666 grad=  1.4354e+01
  fBase=   120.28874 grad= -2.2036e-02
  fAmt=   822.09357 grad=  6.1745e-05
  fDecay=     0.19954 grad= -3.1095e-03
  res=     0.74514 grad= -1.5996e-03
  attackTime=     0.00763 grad= -2.0043e-03
  decayTime=     0.18049 grad=  2.0547e-03
  sustain=     0.25067 grad=  9.2865e-03
  releaseTime=     0.02469 grad=  4.1423e-03
  drive=     7.44199 grad= -1.2125e-02
  outGain=     0.39090 grad= -3.7745e-02
  vco2Level=     0.53442 grad= -1.7777e-02
  vco2Detune=     0.48681 grad=  2.5815e-02
  satGain=     1.03216 grad= -4.1330e-03
  satBias=    -0.28354 grad= -1.3225e-02
  satA2=     0.59127 grad= -2.7795e-02
  satA3=     0.56899 grad=  2.8487e-02
  satA5=    -0.09100 grad=  5.7377e-02
  filtSat=     3.39667 grad=  4.9003e-03
epoch=360 loss=1.175742
  shape=     0.81966 grad=  1.5954e-01
  pw=     0.45660 grad= -1.0865e+01
  fBase=   123.63435 grad= -1.9993e-02
  fAmt=   821.27606 grad=  2.2764e-04
  fDecay=     0.19955 grad=  5.6145e-03
  res=     0.74944 grad= -3.1953e-04
  attackTime=     0.00773 grad= -4.5833e-03
  decayTime=     0.17791 grad=  3.4087e-03
  sustain=     0.24549 grad=  8.9417e-03
  releaseTime=     0.02450 grad= -1.4122e-03
  drive=     7.47696 grad= -3.5543e-03
  outGain=     0.39269 grad= -3.1810e-02
  vco2Level=     0.53497 grad= -1.3904e-02
  vco2Detune=     0.48684 grad= -2.3338e-02
  satGain=     1.03227 grad=  4.6869e-03
  satBias=    -0.28279 grad=  9.8995e-04
  satA2=     0.59294 grad= -1.4859e-02
  satA3=     0.56721 grad=  2.1254e-02
  satA5=    -0.09333 grad=  4.6470e-02
  filtSat=     3.37398 grad=  2.9669e-03
epoch=370 loss=1.175465
  shape=     0.81643 grad=  1.1543e-01
  pw=     0.45671 grad=  2.8451e+01
  fBase=   126.84424 grad= -2.1232e-02
  fAmt=   821.62592 grad= -1.9089e-02
  fDecay=     0.19944 grad=  4.3203e-03
  res=     0.75440 grad= -3.2177e-03
  attackTime=     0.00783 grad=  4.3084e-03
  decayTime=     0.17547 grad=  4.2881e-03
  sustain=     0.24137 grad=  1.7496e-02
  releaseTime=     0.02448 grad= -8.1586e-04
  drive=     7.50355 grad= -1.6315e-02
  outGain=     0.39431 grad= -3.6943e-02
  vco2Level=     0.53530 grad= -2.0342e-04
  vco2Detune=     0.48686 grad=  1.1657e-01
  satGain=     1.03021 grad= -1.0818e-02
  satBias=    -0.28333 grad= -4.9065e-03
  satA2=     0.59308 grad= -1.0508e-02
  satA3=     0.56673 grad=  1.3556e-02
  satA5=    -0.09456 grad=  3.8803e-02
  filtSat=     3.35779 grad=  3.7020e-03
epoch=380 loss=1.173076
  shape=     0.81383 grad=  1.2225e-01
  pw=     0.45660 grad= -9.5719e+00
  fBase=   129.77179 grad= -1.7810e-02
  fAmt=   823.07971 grad= -1.2482e-03
  fDecay=     0.19908 grad=  1.0609e-02
  res=     0.75863 grad=  2.4861e-04
  attackTime=     0.00789 grad= -4.9783e-03
  decayTime=     0.17302 grad=  1.3868e-03
  sustain=     0.23617 grad=  4.6199e-03
  releaseTime=     0.02452 grad=  2.5699e-05
  drive=     7.53112 grad= -4.7689e-03
  outGain=     0.39587 grad= -3.3364e-02
  vco2Level=     0.53565 grad= -2.2953e-02
  vco2Detune=     0.48685 grad=  8.9306e-03
  satGain=     1.02993 grad=  9.3284e-04
  satBias=    -0.28337 grad= -1.3792e-02
  satA2=     0.59364 grad= -2.9513e-02
  satA3=     0.56591 grad=  3.3296e-02
  satA5=    -0.09595 grad=  5.7271e-02
  filtSat=     3.34321 grad=  3.4174e-03
epoch=390 loss=1.172772
  shape=     0.81149 grad=  1.5756e-01
  pw=     0.45669 grad=  2.6921e+01
  fBase=   132.41457 grad= -2.5111e-02
  fAmt=   824.17798 grad= -2.2551e-02
  fDecay=     0.19859 grad= -1.8415e-03
  res=     0.76108 grad= -3.9593e-03
  attackTime=     0.00798 grad=  2.4040e-03
  decayTime=     0.17128 grad= -1.8239e-03
  sustain=     0.23268 grad= -1.6008e-02
  releaseTime=     0.02451 grad=  3.2489e-04
  drive=     7.55163 grad= -2.0824e-02
  outGain=     0.39730 grad= -4.0721e-02
  vco2Level=     0.53616 grad=  1.3151e-03
  vco2Detune=     0.48684 grad=  2.9960e-03
  satGain=     1.02888 grad=  2.5594e-03
  satBias=    -0.28352 grad=  7.1746e-02
  satA2=     0.59409 grad=  7.1015e-02
  satA3=     0.56520 grad= -5.8643e-02
  satA5=    -0.09717 grad= -3.7861e-02
  filtSat=     3.33006 grad=  3.7322e-03
epoch=400 loss=1.170995
  shape=     0.80959 grad=  4.7246e-02
  pw=     0.45663 grad= -1.4767e+00
  fBase=   134.82060 grad= -1.8782e-02
  fAmt=   825.59015 grad= -1.2455e-02
  fDecay=     0.19800 grad=  9.4315e-03
  res=     0.76323 grad=  7.4929e-04
  attackTime=     0.00804 grad= -3.6240e-03
  decayTime=     0.16974 grad=  1.5451e-03
  sustain=     0.22932 grad=  9.0498e-03
  releaseTime=     0.02448 grad= -8.6289e-04
  drive=     7.57225 grad= -3.6954e-03
  outGain=     0.39862 grad= -3.1397e-02
  vco2Level=     0.53668 grad= -9.4953e-03
  vco2Detune=     0.48689 grad=  1.0652e-01
  satGain=     1.02891 grad= -1.8403e-02
  satBias=    -0.28330 grad= -6.9396e-02
  satA2=     0.59490 grad= -8.1908e-02
  satA3=     0.56419 grad=  8.0565e-02
  satA5=    -0.09857 grad=  1.0866e-01
  filtSat=     3.31738 grad=  1.6919e-03
epoch=410 loss=1.170957
  shape=     0.80805 grad=  7.9562e-02
  pw=     0.45656 grad= -1.9730e+01
  fBase=   137.01628 grad= -1.6142e-02
  fAmt=   826.33069 grad= -1.1211e-02
  fDecay=     0.19738 grad=  1.8244e-02
  res=     0.76464 grad=  1.0963e-03
  attackTime=     0.00808 grad= -7.4359e-03
  decayTime=     0.16857 grad=  4.1360e-03
  sustain=     0.22678 grad=  1.4679e-02
  releaseTime=     0.02448 grad=  3.9553e-04
  drive=     7.59194 grad=  8.6538e-03
  outGain=     0.39979 grad= -1.7566e-02
  vco2Level=     0.53742 grad=  5.7561e-03
  vco2Detune=     0.48682 grad= -1.0487e-01
  satGain=     1.02919 grad= -4.3523e-03
  satBias=    -0.28276 grad= -3.9790e-02
  satA2=     0.59607 grad= -5.6274e-02
  satA3=     0.56291 grad=  6.4773e-02
  satA5=    -0.10010 grad=  9.3436e-02
  filtSat=     3.30342 grad= -1.1268e-03
epoch=420 loss=1.169203
  shape=     0.80687 grad=  1.0764e-01
  pw=     0.45664 grad=  5.5222e+00
  fBase=   139.12740 grad= -1.3491e-02
  fAmt=   827.81262 grad=  6.0057e-04
  fDecay=     0.19683 grad=  1.4844e-02
  res=     0.76491 grad=  6.8161e-05
  attackTime=     0.00817 grad= -2.7033e-03
  decayTime=     0.16755 grad=  2.7409e-03
  sustain=     0.22400 grad=  1.2484e-02
  releaseTime=     0.02447 grad= -6.2285e-05
  drive=     7.59979 grad=  7.4812e-04
  outGain=     0.40077 grad= -2.2973e-02
  vco2Level=     0.53789 grad= -2.9326e-02
  vco2Detune=     0.48685 grad=  3.4821e-02
  satGain=     1.03126 grad= -9.7426e-04
  satBias=    -0.28177 grad= -2.0167e-02
  satA2=     0.59767 grad= -4.1278e-02
  satA3=     0.56122 grad=  4.3028e-02
  satA5=    -0.10190 grad=  6.7242e-02
  filtSat=     3.29565 grad=  2.3490e-03
epoch=430 loss=1.168571
  shape=     0.80563 grad=  1.0177e-01
  pw=     0.45665 grad=  1.0932e+01
  fBase=   140.93073 grad= -1.5076e-02
  fAmt=   828.38031 grad= -3.9397e-03
  fDecay=     0.19627 grad=  1.1193e-02
  res=     0.76484 grad= -6.3720e-04
  attackTime=     0.00825 grad=  1.0835e-03
  decayTime=     0.16688 grad=  1.3509e-03
  sustain=     0.22194 grad=  8.7192e-03
  releaseTime=     0.02448 grad=  5.2467e-04
  drive=     7.60603 grad= -5.0829e-03
  outGain=     0.40169 grad= -2.7334e-02
  vco2Level=     0.53857 grad= -2.8365e-02
  vco2Detune=     0.48683 grad= -2.1793e-02
  satGain=     1.03233 grad= -3.8374e-03
  satBias=    -0.28100 grad= -1.5097e-02
  satA2=     0.59909 grad= -3.3348e-02
  satA3=     0.55973 grad=  3.5118e-02
  satA5=    -0.10351 grad=  5.8976e-02
  filtSat=     3.28663 grad=  3.2168e-03
epoch=440 loss=1.167819
  shape=     0.80443 grad=  9.8011e-02
  pw=     0.45662 grad= -3.1976e+00
  fBase=   142.57701 grad= -1.6352e-02
  fAmt=   828.89972 grad= -6.9599e-03
  fDecay=     0.19577 grad=  1.0960e-02
  res=     0.76511 grad=  9.3208e-05
  attackTime=     0.00828 grad= -2.3921e-03
  decayTime=     0.16638 grad=  3.4897e-04
  sustain=     0.22007 grad=  2.9510e-03
  releaseTime=     0.02447 grad=  4.8756e-05
  drive=     7.61300 grad= -4.6480e-04
  outGain=     0.40255 grad= -2.4435e-02
  vco2Level=     0.53924 grad= -1.7163e-02
  vco2Detune=     0.48685 grad=  1.4637e-02
  satGain=     1.03309 grad= -2.8195e-03
  satBias=    -0.28045 grad= -1.4204e-02
  satA2=     0.60025 grad= -3.1424e-02
  satA3=     0.55849 grad=  3.7113e-02
  satA5=    -0.10489 grad=  6.1559e-02
  filtSat=     3.27794 grad=  1.4848e-03
epoch=450 loss=1.167278
  shape=     0.80332 grad=  1.0003e-01
  pw=     0.45663 grad=  2.0601e+00
  fBase=   144.14861 grad= -1.5502e-02
  fAmt=   829.67096 grad= -5.6639e-03
  fDecay=     0.19534 grad=  1.0819e-02
  res=     0.76522 grad= -9.6769e-05
  attackTime=     0.00832 grad= -1.0623e-03
  decayTime=     0.16598 grad=  8.9451e-04
  sustain=     0.21847 grad=  5.4535e-03
  releaseTime=     0.02446 grad= -1.9976e-04
  drive=     7.61535 grad= -6.1432e-05
  outGain=     0.40329 grad= -2.2562e-02
  vco2Level=     0.53976 grad= -2.1823e-02
  vco2Detune=     0.48685 grad=  3.6825e-03
  satGain=     1.03377 grad= -2.3177e-03
  satBias=    -0.28004 grad= -1.0677e-02
  satA2=     0.60120 grad= -2.8864e-02
  satA3=     0.55742 grad=  3.3825e-02
  satA5=    -0.10612 grad=  5.7882e-02
  filtSat=     3.27215 grad=  1.5116e-03
epoch=460 loss=1.166852
  shape=     0.80229 grad=  1.0420e-01
  pw=     0.45661 grad= -5.9105e+00
  fBase=   145.58243 grad= -1.3259e-02
  fAmt=   830.37714 grad= -2.5938e-03
  fDecay=     0.19493 grad=  1.5734e-02
  res=     0.76523 grad=  1.0696e-04
  attackTime=     0.00835 grad= -9.0122e-04
  decayTime=     0.16564 grad=  1.4317e-03
  sustain=     0.21716 grad=  6.8752e-03
  releaseTime=     0.02446 grad=  2.6636e-04
  drive=     7.61526 grad=  2.2826e-03
  outGain=     0.40393 grad= -2.0084e-02
  vco2Level=     0.54025 grad= -2.3267e-02
  vco2Detune=     0.48685 grad=  4.4608e-03
  satGain=     1.03412 grad=  2.5980e-03
  satBias=    -0.27975 grad= -6.9749e-03
  satA2=     0.60200 grad= -2.8242e-02
  satA3=     0.55650 grad=  3.5220e-02
  satA5=    -0.10720 grad=  5.8884e-02
  filtSat=     3.26749 grad=  1.6278e-03
epoch=470 loss=1.166435
  shape=     0.80135 grad=  9.0763e-02
  pw=     0.45664 grad=  4.2911e+00
  fBase=   146.87138 grad= -1.6142e-02
  fAmt=   831.02551 grad= -8.5927e-03
  fDecay=     0.19454 grad=  9.0507e-03
  res=     0.76531 grad= -5.9602e-04
  attackTime=     0.00836 grad= -4.8430e-04
  decayTime=     0.16535 grad=  1.0874e-04
  sustain=     0.21607 grad=  2.6233e-03
  releaseTime=     0.02446 grad=  1.4724e-04
  drive=     7.61428 grad= -9.1134e-04
  outGain=     0.40450 grad= -2.1948e-02
  vco2Level=     0.54071 grad= -1.8313e-02
  vco2Detune=     0.48684 grad= -4.9506e-03
  satGain=     1.03422 grad= -3.4216e-03
  satBias=    -0.27954 grad= -8.2607e-03
  satA2=     0.60268 grad= -2.4737e-02
  satA3=     0.55569 grad=  3.0241e-02
  satA5=    -0.10816 grad=  5.3408e-02
  filtSat=     3.26339 grad=  1.2884e-03
epoch=480 loss=1.166061
  shape=     0.80052 grad=  9.7955e-02
  pw=     0.45662 grad= -2.8479e+00
  fBase=   148.04562 grad= -1.3059e-02
  fAmt=   831.74591 grad= -3.2233e-03
  fDecay=     0.19419 grad=  1.5197e-02
  res=     0.76572 grad= -1.3140e-04
  attackTime=     0.00838 grad= -1.2059e-03
  decayTime=     0.16511 grad=  9.4196e-04
  sustain=     0.21504 grad=  5.6088e-03
  releaseTime=     0.02445 grad=  2.4618e-04
  drive=     7.61275 grad=  2.4520e-03
  outGain=     0.40500 grad= -1.8564e-02
  vco2Level=     0.54112 grad= -2.6337e-02
  vco2Detune=     0.48685 grad=  3.5943e-02
  satGain=     1.03435 grad=  2.1522e-03
  satBias=    -0.27937 grad= -4.7816e-03
  satA2=     0.60326 grad= -2.5546e-02
  satA3=     0.55498 grad=  3.2061e-02
  satA5=    -0.10900 grad=  5.4585e-02
  filtSat=     3.26013 grad=  1.4298e-03
epoch=490 loss=1.165761
  shape=     0.79978 grad=  9.8202e-02
  pw=     0.45661 grad= -3.6173e+00
  fBase=   149.09232 grad= -1.1896e-02
  fAmt=   832.39343 grad= -2.7157e-03
  fDecay=     0.19386 grad=  1.6898e-02
  res=     0.76624 grad= -1.9546e-04
  attackTime=     0.00839 grad= -1.1226e-03
  decayTime=     0.16497 grad=  1.0315e-03
  sustain=     0.21421 grad=  7.1799e-03
  releaseTime=     0.02444 grad=  5.0520e-04
  drive=     7.61085 grad=  3.0241e-03
  outGain=     0.40544 grad= -1.7907e-02
  vco2Level=     0.54151 grad= -2.8166e-02
  vco2Detune=     0.48684 grad= -2.6172e-02
  satGain=     1.03436 grad=  3.2247e-03
  satBias=    -0.27925 grad= -3.6991e-03
  satA2=     0.60377 grad= -2.5323e-02
  satA3=     0.55436 grad=  3.1798e-02
  satA5=    -0.10975 grad=  5.3708e-02
  filtSat=     3.25724 grad=  1.4885e-03
epoch=500 loss=1.165499
  shape=     0.79912 grad=  8.9970e-02
  pw=     0.45663 grad=  3.8113e+00
  fBase=   150.01088 grad= -1.5062e-02
  fAmt=   832.94641 grad= -7.6641e-03
  fDecay=     0.19354 grad=  1.0430e-02
  res=     0.76688 grad= -8.3004e-04
  attackTime=     0.00841 grad= -2.3704e-04
  decayTime=     0.16485 grad= -6.0678e-04
  sustain=     0.21346 grad=  3.9303e-04
  releaseTime=     0.02442 grad=  4.8931e-04
  drive=     7.60875 grad= -6.9245e-04
  outGain=     0.40582 grad= -2.0504e-02
  vco2Level=     0.54189 grad= -2.2484e-02
  vco2Detune=     0.48685 grad=  1.2250e-02
  satGain=     1.03425 grad= -1.4369e-03
  satBias=    -0.27917 grad= -3.2912e-03
  satA2=     0.60421 grad= -2.0192e-02
  satA3=     0.55381 grad=  2.6217e-02
  satA5=    -0.11040 grad=  4.8150e-02
  filtSat=     3.25456 grad=  1.4138e-03
epoch=510 loss=1.165241
  shape=     0.79853 grad=  9.2013e-02
  pw=     0.45662 grad= -2.3608e-01
  fBase=   150.84660 grad= -1.3297e-02
  fAmt=   833.48621 grad= -5.6085e-03
  fDecay=     0.19325 grad=  1.4423e-02
  res=     0.76754 grad= -5.1455e-04
  attackTime=     0.00842 grad= -5.8003e-04
  decayTime=     0.16481 grad=  7.3886e-04
  sustain=     0.21296 grad=  4.7737e-03
  releaseTime=     0.02441 grad=  1.6978e-04
  drive=     7.60677 grad=  2.6051e-03
  outGain=     0.40616 grad= -1.7044e-02
  vco2Level=     0.54221 grad= -2.1652e-02
  vco2Detune=     0.48684 grad=  2.6754e-02
  satGain=     1.03410 grad=  1.3900e-03
  satBias=    -0.27910 grad= -2.4014e-03
  satA2=     0.60459 grad= -2.1594e-02
  satA3=     0.55333 grad=  2.8788e-02
  satA5=    -0.11099 grad=  5.0619e-02
  filtSat=     3.25225 grad=  9.6071e-04
epoch=520 loss=1.165046
  shape=     0.79800 grad=  9.0832e-02
  pw=     0.45661 grad= -3.0449e+00
  fBase=   151.60144 grad= -1.3156e-02
  fAmt=   834.00201 grad= -4.7775e-03
  fDecay=     0.19299 grad=  1.5003e-02
  res=     0.76822 grad= -4.4404e-04
  attackTime=     0.00842 grad= -7.1486e-04
  decayTime=     0.16473 grad=  3.0504e-04
  sustain=     0.21245 grad=  2.9082e-03
  releaseTime=     0.02441 grad=  2.3742e-05
  drive=     7.60433 grad=  2.4609e-03
  outGain=     0.40645 grad= -1.7352e-02
  vco2Level=     0.54250 grad= -2.3305e-02
  vco2Detune=     0.48683 grad= -8.7361e-03
  satGain=     1.03395 grad=  2.1093e-03
  satBias=    -0.27906 grad= -2.0969e-03
  satA2=     0.60492 grad= -2.1975e-02
  satA3=     0.55290 grad=  2.9539e-02
  satA5=    -0.11150 grad=  5.1323e-02
  filtSat=     3.25047 grad=  1.1552e-03
epoch=530 loss=1.164852
  shape=     0.79753 grad=  8.9856e-02
  pw=     0.45663 grad=  2.1433e+00
  fBase=   152.28880 grad= -1.3561e-02
  fAmt=   834.47638 grad= -6.2598e-03
  fDecay=     0.19275 grad=  1.3494e-02
  res=     0.76888 grad= -5.8338e-04
  attackTime=     0.00843 grad= -3.8292e-04
  decayTime=     0.16468 grad=  2.9000e-04
  sustain=     0.21205 grad=  2.8655e-03
  releaseTime=     0.02440 grad= -2.2612e-05
  drive=     7.60203 grad=  2.2234e-03
  outGain=     0.40671 grad= -1.6971e-02
  vco2Level=     0.54275 grad= -2.2969e-02
  vco2Detune=     0.48683 grad= -8.8202e-03
  satGain=     1.03380 grad=  7.9640e-04
  satBias=    -0.27904 grad= -8.4919e-04
  satA2=     0.60520 grad= -1.9503e-02
  satA3=     0.55253 grad=  2.6596e-02
  satA5=    -0.11196 grad=  4.8459e-02
  filtSat=     3.24895 grad=  9.0069e-04
epoch=540 loss=1.164687
  shape=     0.79711 grad=  8.8233e-02
  pw=     0.45662 grad= -2.7067e-02
  fBase=   152.90446 grad= -1.3526e-02
  fAmt=   834.89557 grad= -6.2879e-03
  fDecay=     0.19254 grad=  1.3951e-02
  res=     0.76944 grad= -5.1463e-04
  attackTime=     0.00843 grad= -4.5620e-04
  decayTime=     0.16462 grad= -8.4704e-07
  sustain=     0.21170 grad=  2.0558e-03
  releaseTime=     0.02440 grad=  1.1570e-04
  drive=     7.59960 grad=  1.8258e-03
  outGain=     0.40694 grad= -1.7506e-02
  vco2Level=     0.54299 grad= -2.2557e-02
  vco2Detune=     0.48684 grad=  1.0936e-02
  satGain=     1.03365 grad=  1.0291e-03
  satBias=    -0.27902 grad= -7.1004e-04
  satA2=     0.60545 grad= -1.9606e-02
  satA3=     0.55220 grad=  2.7369e-02
  satA5=    -0.11238 grad=  4.9587e-02
  filtSat=     3.24767 grad=  1.0266e-03
epoch=550 loss=1.164551
  shape=     0.79673 grad=  8.9019e-02
  pw=     0.45661 grad= -3.2846e+00
  fBase=   153.45981 grad= -1.2189e-02
  fAmt=   835.28033 grad= -4.8019e-03
  fDecay=     0.19234 grad=  1.6338e-02
  res=     0.76994 grad= -3.9989e-04
  attackTime=     0.00844 grad= -7.8060e-04
  decayTime=     0.16459 grad=  5.8355e-04
  sustain=     0.21140 grad=  4.7284e-03
  releaseTime=     0.02440 grad=  3.1925e-04
  drive=     7.59736 grad=  3.6106e-03
  outGain=     0.40715 grad= -1.5704e-02
  vco2Level=     0.54321 grad= -2.3769e-02
  vco2Detune=     0.48684 grad=  2.1710e-03
  satGain=     1.03349 grad=  2.9347e-03
  satBias=    -0.27901 grad= -4.3601e-04
  satA2=     0.60567 grad= -2.0985e-02
  satA3=     0.55190 grad=  2.9169e-02
  satA5=    -0.11275 grad=  5.0958e-02
  filtSat=     3.24650 grad=  9.0673e-04
epoch=560 loss=1.164407
  shape=     0.79639 grad=  8.5504e-02
  pw=     0.45662 grad= -1.0477e+00
  fBase=   153.96312 grad= -1.3086e-02
  fAmt=   835.64844 grad= -5.9933e-03
  fDecay=     0.19215 grad=  1.4582e-02
  res=     0.77041 grad= -5.5952e-04
  attackTime=     0.00844 grad= -5.2977e-04
  decayTime=     0.16456 grad=  1.2318e-04
  sustain=     0.21108 grad=  3.0529e-03
  releaseTime=     0.02440 grad=  3.4320e-04
  drive=     7.59509 grad=  2.5388e-03
  outGain=     0.40733 grad= -1.6554e-02
  vco2Level=     0.54341 grad= -2.3585e-02
  vco2Detune=     0.48685 grad=  5.7646e-03
  satGain=     1.03335 grad=  1.5138e-03
  satBias=    -0.27900 grad= -3.8949e-04
  satA2=     0.60588 grad= -1.9533e-02
  satA3=     0.55162 grad=  2.7391e-02
  satA5=    -0.11309 grad=  4.9061e-02
  filtSat=     3.24553 grad=  8.9195e-04
epoch=570 loss=1.164286
  shape=     0.79608 grad=  8.3238e-02
  pw=     0.45662 grad=  8.2864e-01
  fBase=   154.43643 grad= -1.3335e-02
  fAmt=   836.02155 grad= -7.2667e-03
  fDecay=     0.19198 grad=  1.3940e-02
  res=     0.77086 grad= -6.3291e-04
  attackTime=     0.00845 grad= -3.9383e-04
  decayTime=     0.16454 grad=  2.4075e-05
  sustain=     0.21080 grad=  3.0525e-03
  releaseTime=     0.02439 grad= -1.2361e-04
  drive=     7.59309 grad=  2.2020e-03
  outGain=     0.40751 grad= -1.6596e-02
  vco2Level=     0.54360 grad= -2.3016e-02
  vco2Detune=     0.48685 grad=  3.4833e-04
  satGain=     1.03325 grad=  4.5334e-04
  satBias=    -0.27900 grad= -4.3768e-04
  satA2=     0.60606 grad= -1.8738e-02
  satA3=     0.55137 grad=  2.6412e-02
  satA5=    -0.11340 grad=  4.8157e-02
  filtSat=     3.24469 grad=  7.5551e-04
epoch=580 loss=1.164173
  shape=     0.79580 grad=  8.4077e-02
  pw=     0.45662 grad= -8.8436e-01
  fBase=   154.88075 grad= -1.2786e-02
  fAmt=   836.38361 grad= -6.4397e-03
  fDecay=     0.19181 grad=  1.4924e-02
  res=     0.77130 grad= -5.9641e-04
  attackTime=     0.00845 grad= -5.4574e-04
  decayTime=     0.16453 grad=  5.9545e-05
  sustain=     0.21052 grad=  3.4099e-03
  releaseTime=     0.02439 grad= -3.1320e-04
  drive=     7.59109 grad=  2.6977e-03
  outGain=     0.40767 grad= -1.6076e-02
  vco2Level=     0.54377 grad= -2.2445e-02
  vco2Detune=     0.48685 grad=  1.0042e-02
  satGain=     1.03316 grad=  1.5706e-03
  satBias=    -0.27899 grad=  3.0003e-04
  satA2=     0.60623 grad= -1.8940e-02
  satA3=     0.55113 grad=  2.7298e-02
  satA5=    -0.11370 grad=  4.9290e-02
  filtSat=     3.24397 grad=  8.0090e-04
epoch=590 loss=1.164062
  shape=     0.79552 grad=  8.3836e-02
  pw=     0.45662 grad=  5.1612e-02
  fBase=   155.30473 grad= -1.2216e-02
  fAmt=   836.73108 grad= -5.9786e-03
  fDecay=     0.19166 grad=  1.5387e-02
  res=     0.77172 grad= -5.2795e-04
  attackTime=     0.00845 grad= -5.6278e-04
  decayTime=     0.16453 grad=  2.7189e-04
  sustain=     0.21026 grad=  5.0118e-03
  releaseTime=     0.02440 grad= -3.5435e-05
  drive=     7.58917 grad=  3.3925e-03
  outGain=     0.40782 grad= -1.5113e-02
  vco2Level=     0.54394 grad= -2.4068e-02
  vco2Detune=     0.48684 grad= -4.3576e-03
  satGain=     1.03307 grad=  1.8559e-03
  satBias=    -0.27899 grad=  5.8701e-04
  satA2=     0.60639 grad= -1.9158e-02
  satA3=     0.55091 grad=  2.7197e-02
  satA5=    -0.11398 grad=  4.8996e-02
  filtSat=     3.24326 grad=  7.0620e-04
epoch=599 loss=1.163968
  shape=     0.79528 grad=  8.1082e-02
  pw=     0.45662 grad=  3.4294e-01
  fBase=   155.67032 grad= -1.2920e-02
  fAmt=   837.02594 grad= -7.0437e-03
  fDecay=     0.19151 grad=  1.4315e-02
  res=     0.77209 grad= -6.1164e-04
  attackTime=     0.00846 grad= -2.9597e-04
  decayTime=     0.16452 grad= -3.6547e-04
  sustain=     0.20999 grad=  2.2904e-03
  releaseTime=     0.02440 grad= -6.5519e-05
  drive=     7.58729 grad=  2.1301e-03
  outGain=     0.40796 grad= -1.6362e-02
  vco2Level=     0.54410 grad= -2.3795e-02
  vco2Detune=     0.48684 grad= -3.6036e-03
  satGain=     1.03297 grad=  8.8052e-04
  satBias=    -0.27899 grad=  6.0188e-04
  satA2=     0.60654 grad= -1.8132e-02
  satA3=     0.55071 grad=  2.6191e-02
  satA5=    -0.11423 grad=  4.8096e-02
  filtSat=     3.24264 grad=  8.3567e-04
