epoch=0 loss=1.627484
  shape=     0.71942 grad= -5.3277e+00
  pw=     0.44473 grad=  3.8768e-01
  fBase=   213.96140 grad= -1.5889e+00
  fAmt=   487.05206 grad= -1.3644e-01
  fDecay=     0.01367 grad= -2.2570e-01
  res=     1.13995 grad=  5.5797e-04
  attackTime=     0.04587 grad=  4.2245e-01
  decayTime=     0.15495 grad= -4.0253e-01
  sustain=     0.10329 grad=  8.6937e-01
  releaseTime=     0.11502 grad=  2.4667e-01
  drive=     3.13721 grad= -8.4792e-01
  outGain=     1.30347 grad= -9.8841e-01
  vco2Level=     0.52341 grad= -4.5489e-01
  vco2Detune=     0.63422 grad= -5.7243e+00
  satGain=     1.68003 grad= -2.1546e+00
  satBias=    -0.07499 grad= -2.2034e-01
  satA2=     0.81790 grad=  7.3248e-02
  satA3=    -0.10639 grad= -6.3417e-01
  satA5=     0.49900 grad= -7.6682e-01
  filtSat=     1.31619 grad=  3.4614e-02
epoch=10 loss=1.235165
  shape=     0.72870 grad=  1.9118e-01
  pw=     0.44169 grad= -4.7118e+01
  fBase=   232.34694 grad=  3.5226e-01
  fAmt=   537.04175 grad= -4.3067e-02
  fDecay=     0.01507 grad= -9.5872e-02
  res=     1.13768 grad=  1.0828e-02
  attackTime=     0.04166 grad=  1.5857e-01
  decayTime=     0.15904 grad=  6.3061e-01
  sustain=     0.07320 grad=  4.9724e+00
  releaseTime=     0.10473 grad=  7.5266e-02
  drive=     3.37155 grad=  3.4923e-01
  outGain=     1.33336 grad=  3.2268e-01
  vco2Level=     0.54641 grad=  2.5738e-02
  vco2Detune=     0.64059 grad= -1.0231e+01
  satGain=     1.83004 grad=  6.3056e-01
  satBias=    -0.07734 grad= -3.2770e-01
  satA2=     0.81396 grad= -1.1346e-01
  satA3=    -0.09931 grad=  1.7826e-01
  satA5=     0.50000 grad=  3.4650e-01
  filtSat=     1.37038 grad= -1.8868e-01
epoch=20 loss=0.926672
  shape=     0.73400 grad= -2.6671e+00
  pw=     0.44068 grad= -2.6551e+01
  fBase=   235.33128 grad= -5.9558e-01
  fAmt=   577.72504 grad= -4.0236e-02
  fDecay=     0.01638 grad= -1.0811e-01
  res=     1.08674 grad=  5.1686e-03
  attackTime=     0.03852 grad=  1.2114e-01
  decayTime=     0.14662 grad= -9.1401e-02
  sustain=     0.04311 grad=  1.8704e+00
  releaseTime=     0.09672 grad=  1.3256e-01
  drive=     3.32366 grad= -2.5145e-01
  outGain=     1.33244 grad= -2.9289e-01
  vco2Level=     0.54981 grad=  5.1738e-02
  vco2Detune=     0.64702 grad= -5.4008e+00
  satGain=     1.82718 grad= -6.5984e-01
  satBias=    -0.07417 grad= -7.1531e-02
  satA2=     0.81447 grad=  1.1987e-01
  satA3=    -0.09876 grad= -2.5369e-01
  satA5=     0.49927 grad= -2.4815e-01
  filtSat=     1.46923 grad= -3.7610e-02
epoch=30 loss=0.823761
  shape=     0.74294 grad= -8.4622e-01
  pw=     0.44122 grad= -1.7443e+01
  fBase=   250.63454 grad= -2.1245e-01
  fAmt=   600.24042 grad=  8.0977e-02
  fDecay=     0.01757 grad=  1.2213e-02
  res=     1.03363 grad=  3.4630e-03
  attackTime=     0.03634 grad= -3.4637e-02
  decayTime=     0.14334 grad= -1.7644e-01
  sustain=     0.01370 grad= -1.1634e-01
  releaseTime=     0.08859 grad=  8.5075e-02
  drive=     3.41673 grad= -4.0975e-02
  outGain=     1.34647 grad= -3.6286e-02
  vco2Level=     0.54351 grad=  2.3191e-01
  vco2Detune=     0.64953 grad=  7.9508e+00
  satGain=     1.88087 grad=  6.2397e-01
  satBias=    -0.06863 grad= -7.7665e-01
  satA2=     0.81264 grad=  9.5721e-02
  satA3=    -0.09545 grad= -2.4952e-02
  satA5=     0.49991 grad=  3.3419e-01
  filtSat=     1.53798 grad= -2.1168e-02
epoch=40 loss=0.759730
  shape=     0.75190 grad= -2.6207e+00
  pw=     0.44165 grad=  4.9738e+01
  fBase=   265.16766 grad= -1.9045e-02
  fAmt=   575.61450 grad=  5.2301e-02
  fDecay=     0.01807 grad= -9.0655e-03
  res=     0.99111 grad= -2.9629e-02
  attackTime=     0.03588 grad= -3.3666e-02
  decayTime=     0.14749 grad=  1.2478e-01
  sustain=     0.00694 grad=  1.6328e+00
  releaseTime=     0.08199 grad=  2.9488e-02
  drive=     3.49212 grad=  4.8076e-02
  outGain=     1.35571 grad=  6.7654e-02
  vco2Level=     0.52398 grad= -1.4238e+00
  vco2Detune=     0.64754 grad= -2.0041e+00
  satGain=     1.80450 grad= -6.5531e-01
  satBias=    -0.05885 grad=  2.6690e+00
  satA2=     0.80911 grad=  2.0452e+00
  satA3=    -0.09310 grad= -1.2572e+00
  satA5=     0.49596 grad= -1.3450e+00
  filtSat=     1.58426 grad= -5.1212e-02
epoch=50 loss=0.716622
  shape=     0.75992 grad= -9.8602e-01
  pw=     0.44142 grad=  3.6454e+00
  fBase=   275.62085 grad= -1.7398e-01
  fAmt=   545.98712 grad= -2.0534e-02
  fDecay=     0.01847 grad= -6.1854e-02
  res=     0.96864 grad=  5.1293e-03
  attackTime=     0.03603 grad=  3.3245e-02
  decayTime=     0.15104 grad= -3.5765e-02
  sustain=     0.00485 grad=  1.6589e-01
  releaseTime=     0.07685 grad=  6.4793e-02
  drive=     3.50092 grad= -3.8636e-02
  outGain=     1.35602 grad= -3.1160e-02
  vco2Level=     0.51059 grad=  6.5104e-02
  vco2Detune=     0.64818 grad= -5.6176e-01
  satGain=     1.70939 grad= -2.5232e-02
  satBias=    -0.05243 grad=  1.7000e-01
  satA2=     0.80281 grad=  2.7302e-01
  satA3=    -0.08959 grad= -1.7658e-01
  satA5=     0.49316 grad= -9.8796e-02
  filtSat=     1.63225 grad= -3.1514e-02
epoch=60 loss=0.692904
  shape=     0.76882 grad= -5.0907e-01
  pw=     0.44134 grad=  1.3849e+01
  fBase=   286.16266 grad= -7.6767e-02
  fAmt=   540.16180 grad= -3.0415e-02
  fDecay=     0.01934 grad= -7.1548e-02
  res=     0.94518 grad= -3.0189e-03
  attackTime=     0.03573 grad=  2.7784e-02
  decayTime=     0.15310 grad= -5.5528e-03
  sustain=     0.00000 grad= -1.3844e-01
  releaseTime=     0.07224 grad=  5.3415e-02
  drive=     3.51747 grad=  1.4617e-02
  outGain=     1.35645 grad=  3.6984e-02
  vco2Level=     0.49814 grad=  8.5226e-02
  vco2Detune=     0.64842 grad= -7.1604e-02
  satGain=     1.65634 grad=  9.5297e-02
  satBias=    -0.05101 grad=  2.2329e-01
  satA2=     0.79527 grad=  3.1355e-01
  satA3=    -0.08539 grad= -1.5454e-01
  satA5=     0.49261 grad= -7.2031e-02
  filtSat=     1.67864 grad= -3.8443e-02
epoch=70 loss=0.675758
  shape=     0.77583 grad= -4.0823e-01
  pw=     0.44095 grad= -2.4849e+01
  fBase=   291.75150 grad= -2.1538e-02
  fAmt=   546.48187 grad= -2.8297e-03
  fDecay=     0.02043 grad= -4.3369e-02
  res=     0.93263 grad=  4.7795e-03
  attackTime=     0.03528 grad=  1.2360e-02
  decayTime=     0.15309 grad= -3.0847e-02
  sustain=     0.00000 grad= -3.4321e-01
  releaseTime=     0.06817 grad=  5.6574e-02
  drive=     3.49119 grad=  1.9785e-02
  outGain=     1.35125 grad=  3.0499e-02
  vco2Level=     0.49486 grad= -1.0261e-01
  vco2Detune=     0.64881 grad= -6.5641e-02
  satGain=     1.61092 grad=  1.2274e-01
  satBias=    -0.05389 grad=  2.4123e-01
  satA2=     0.78635 grad=  2.8502e-01
  satA3=    -0.08054 grad= -1.4731e-01
  satA5=     0.49358 grad= -6.7013e-02
  filtSat=     1.72066 grad= -1.4876e-02
epoch=80 loss=0.660001
  shape=     0.78180 grad= -2.7558e-01
  pw=     0.44077 grad= -4.7289e+00
  fBase=   294.59085 grad= -1.0398e-02
  fAmt=   557.16260 grad= -2.0468e-02
  fDecay=     0.02164 grad= -5.2887e-02
  res=     0.91350 grad=  3.3645e-03
  attackTime=     0.03481 grad=  2.2777e-02
  decayTime=     0.15304 grad=  3.9186e-02
  sustain=     0.00262 grad=  8.0225e-02
  releaseTime=     0.06425 grad=  5.9936e-02
  drive=     3.45220 grad=  3.1631e-02
  outGain=     1.34448 grad=  4.4487e-02
  vco2Level=     0.49941 grad= -5.0184e-02
  vco2Detune=     0.64875 grad=  8.2388e-01
  satGain=     1.57459 grad=  7.8864e-02
  satBias=    -0.05928 grad=  2.8882e-01
  satA2=     0.77687 grad=  2.7264e-01
  satA3=    -0.07507 grad= -1.3466e-01
  satA5=     0.49575 grad= -8.1132e-02
  filtSat=     1.75383 grad= -2.3390e-02
epoch=90 loss=0.635914
  shape=     0.78699 grad= -2.4627e-01
  pw=     0.44123 grad=  4.4273e+00
  fBase=   296.90927 grad= -1.1951e-03
  fAmt=   571.83917 grad= -1.2246e-02
  fDecay=     0.02305 grad= -5.2780e-02
  res=     0.90057 grad=  3.3446e-04
  attackTime=     0.03434 grad=  7.5485e-03
  decayTime=     0.15237 grad=  2.5381e-02
  sustain=     0.00483 grad=  6.4861e-02
  releaseTime=     0.06034 grad=  6.5157e-02
  drive=     3.41093 grad=  2.9909e-02
  outGain=     1.33730 grad=  4.3449e-02
  vco2Level=     0.50253 grad= -8.2573e-03
  vco2Detune=     0.64879 grad=  8.3537e-02
  satGain=     1.54342 grad=  1.3502e-01
  satBias=    -0.06539 grad=  2.1224e-01
  satA2=     0.76775 grad=  2.3669e-01
  satA3=    -0.06978 grad= -1.0247e-01
  satA5=     0.49821 grad= -3.6629e-02
  filtSat=     1.78532 grad= -1.7802e-02
epoch=100 loss=0.622091
  shape=     0.79154 grad= -2.6904e-01
  pw=     0.44102 grad= -2.1372e+01
  fBase=   299.05124 grad= -4.1718e-02
  fAmt=   584.87360 grad= -5.5730e-04
  fDecay=     0.02452 grad= -5.0681e-02
  res=     0.88986 grad=  2.2218e-03
  attackTime=     0.03403 grad= -2.1399e-03
  decayTime=     0.15202 grad=  9.9675e-04
  sustain=     0.00720 grad=  2.3612e-02
  releaseTime=     0.05637 grad=  7.0891e-02
  drive=     3.37459 grad=  1.3569e-02
  outGain=     1.33090 grad=  2.3880e-02
  vco2Level=     0.50435 grad=  1.7766e-02
  vco2Detune=     0.64879 grad=  4.7675e-01
  satGain=     1.50798 grad=  1.2932e-01
  satBias=    -0.07072 grad=  1.2699e-01
  satA2=     0.75956 grad=  1.9431e-01
  satA3=    -0.06514 grad= -8.1117e-02
  satA5=     0.50000 grad= -1.2629e-02
  filtSat=     1.81191 grad= -1.4423e-02
epoch=110 loss=0.603881
  shape=     0.79594 grad= -2.0811e-01
  pw=     0.44123 grad= -9.2025e+00
  fBase=   302.80569 grad= -8.3005e-03
  fAmt=   598.99860 grad= -8.9289e-03
  fDecay=     0.02616 grad= -4.0263e-02
  res=     0.87929 grad=  7.8820e-03
  attackTime=     0.03383 grad=  9.7136e-04
  decayTime=     0.15199 grad= -8.4003e-05
  sustain=     0.00822 grad= -6.3264e-02
  releaseTime=     0.05238 grad=  7.1280e-02
  drive=     3.35343 grad=  1.5009e-02
  outGain=     1.32642 grad=  2.2233e-02
  vco2Level=     0.50420 grad=  1.5078e-02
  vco2Detune=     0.64879 grad=  2.6955e-01
  satGain=     1.47561 grad=  1.7806e-01
  satBias=    -0.07497 grad= -3.2380e-02
  satA2=     0.75225 grad=  7.4635e-02
  satA3=    -0.06095 grad= -1.8564e-02
  satA5=     0.50000 grad=  6.0052e-02
  filtSat=     1.83730 grad= -7.0945e-03
epoch=120 loss=0.586209
  shape=     0.79958 grad= -8.6179e-02
  pw=     0.44117 grad= -9.3710e+00
  fBase=   308.83133 grad= -2.9809e-02
  fAmt=   618.43500 grad= -6.8486e-03
  fDecay=     0.02810 grad= -4.7477e-02
  res=     0.89126 grad= -7.6263e-04
  attackTime=     0.03373 grad= -1.1038e-02
  decayTime=     0.15184 grad=  1.9105e-02
  sustain=     0.00938 grad= -2.4297e-02
  releaseTime=     0.04856 grad=  6.9868e-02
  drive=     3.33172 grad=  3.7973e-02
  outGain=     1.32134 grad=  5.6488e-02
  vco2Level=     0.49752 grad=  7.5898e-02
  vco2Detune=     0.64884 grad=  2.4015e-01
  satGain=     1.44447 grad=  1.5021e-01
  satBias=    -0.07837 grad=  1.0664e-01
  satA2=     0.74506 grad=  1.9408e-01
  satA3=    -0.05700 grad= -6.2269e-02
  satA5=     0.50000 grad= -7.1333e-06
  filtSat=     1.87319 grad= -2.5523e-02
epoch=130 loss=0.571800
  shape=     0.80229 grad= -1.9960e-01
  pw=     0.44149 grad=  1.6063e+01
  fBase=   314.94739 grad= -3.5735e-02
  fAmt=   637.42816 grad= -2.4795e-02
  fDecay=     0.03004 grad= -5.5447e-02
  res=     0.91857 grad= -3.0956e-03
  attackTime=     0.03384 grad=  8.1227e-04
  decayTime=     0.15140 grad=  2.2178e-02
  sustain=     0.01190 grad=  4.2079e-02
  releaseTime=     0.04504 grad=  7.0259e-02
  drive=     3.29326 grad=  1.8320e-02
  outGain=     1.31373 grad=  3.3895e-02
  vco2Level=     0.48943 grad= -3.0805e-02
  vco2Detune=     0.64892 grad= -5.1343e-01
  satGain=     1.41196 grad=  9.0283e-03
  satBias=    -0.08185 grad=  2.5134e-01
  satA2=     0.73794 grad=  2.2041e-01
  satA3=    -0.05321 grad= -1.1625e-01
  satA5=     0.50000 grad= -8.4427e-02
  filtSat=     1.91392 grad= -1.8825e-02
epoch=140 loss=0.557339
  shape=     0.80504 grad= -7.7944e-02
  pw=     0.44138 grad=  8.8598e+00
  fBase=   319.30710 grad= -1.8992e-02
  fAmt=   658.32129 grad= -1.5337e-02
  fDecay=     0.03187 grad= -3.8149e-02
  res=     0.94244 grad=  2.9836e-03
  attackTime=     0.03398 grad= -2.1200e-03
  decayTime=     0.15064 grad=  1.3447e-02
  sustain=     0.01405 grad= -3.4162e-02
  releaseTime=     0.04181 grad=  6.5624e-02
  drive=     3.25172 grad=  1.8906e-02
  outGain=     1.30571 grad=  3.1619e-02
  vco2Level=     0.48838 grad=  3.6986e-02
  vco2Detune=     0.64911 grad= -1.3033e-01
  satGain=     1.39002 grad=  9.3764e-02
  satBias=    -0.08645 grad= -1.3855e-02
  satA2=     0.73152 grad= -1.1475e-02
  satA3=    -0.04940 grad=  1.6625e-02
  satA5=     0.50000 grad=  5.1032e-02
  filtSat=     1.94537 grad= -8.2104e-03
epoch=150 loss=0.544941
  shape=     0.80622 grad= -3.2137e-01
  pw=     0.44143 grad=  1.5225e+01
  fBase=   322.99799 grad= -1.1030e-01
  fAmt=   684.36993 grad= -4.2252e-02
  fDecay=     0.03373 grad= -8.2122e-02
  res=     0.96843 grad= -9.2071e-03
  attackTime=     0.03414 grad=  8.1518e-03
  decayTime=     0.15011 grad= -7.2191e-03
  sustain=     0.01919 grad=  2.7632e-02
  releaseTime=     0.03875 grad=  6.8884e-02
  drive=     3.20298 grad= -2.2119e-02
  outGain=     1.29675 grad= -4.6820e-03
  vco2Level=     0.48415 grad=  4.4623e-02
  vco2Detune=     0.64945 grad=  9.5049e-01
  satGain=     1.35805 grad= -1.0919e-01
  satBias=    -0.09018 grad=  3.1668e-01
  satA2=     0.72699 grad=  2.9185e-01
  satA3=    -0.04781 grad= -1.7060e-01
  satA5=     0.49996 grad= -1.5191e-01
  filtSat=     1.97570 grad= -2.0402e-02
epoch=160 loss=0.529579
  shape=     0.80854 grad=  1.1015e-01
  pw=     0.44140 grad=  6.7029e+00
  fBase=   328.00702 grad= -1.1228e-02
  fAmt=   722.01801 grad= -1.9016e-02
  fDecay=     0.03606 grad= -3.9285e-02
  res=     1.01467 grad= -5.9647e-03
  attackTime=     0.03420 grad= -1.0963e-02
  decayTime=     0.14935 grad=  1.4296e-02
  sustain=     0.02013 grad= -1.0692e-01
  releaseTime=     0.03603 grad=  5.9095e-02
  drive=     3.17515 grad=  3.3970e-02
  outGain=     1.28954 grad=  6.1012e-02
  vco2Level=     0.47870 grad=  1.4466e-01
  vco2Detune=     0.64930 grad= -1.5381e-01
  satGain=     1.34789 grad=  1.4160e-01
  satBias=    -0.09499 grad= -2.5811e-02
  satA2=     0.72201 grad=  4.9961e-02
  satA3=    -0.04511 grad=  1.5102e-02
  satA5=     0.50000 grad=  5.5024e-02
  filtSat=     2.00318 grad= -1.7311e-02
epoch=170 loss=0.518257
  shape=     0.81056 grad=  6.9309e-03
  pw=     0.44132 grad= -7.9526e+00
  fBase=   330.07416 grad=  5.1165e-02
  fAmt=   737.56995 grad= -2.1709e-03
  fDecay=     0.03781 grad= -1.8674e-02
  res=     1.08676 grad= -4.3129e-03
  attackTime=     0.03467 grad= -1.7644e-02
  decayTime=     0.14866 grad=  2.6814e-02
  sustain=     0.02259 grad= -1.6433e-02
  releaseTime=     0.03386 grad=  4.7670e-02
  drive=     3.12753 grad=  4.2816e-02
  outGain=     1.27888 grad=  6.8785e-02
  vco2Level=     0.48067 grad= -9.3184e-02
  vco2Detune=     0.64903 grad= -1.8525e+00
  satGain=     1.33916 grad=  7.8735e-02
  satBias=    -0.10073 grad=  3.1375e-01
  satA2=     0.71547 grad=  2.2028e-01
  satA3=    -0.04044 grad= -9.8239e-02
  satA5=     0.50000 grad= -7.6177e-02
  filtSat=     2.02472 grad= -4.3876e-03
epoch=180 loss=0.509930
  shape=     0.81160 grad= -1.7436e-01
  pw=     0.44148 grad=  1.7928e+01
  fBase=   329.76520 grad= -2.6043e-02
  fAmt=   744.42682 grad= -1.0244e-02
  fDecay=     0.03911 grad= -3.2797e-02
  res=     1.14803 grad= -2.3198e-03
  attackTime=     0.03523 grad= -5.7969e-03
  decayTime=     0.14810 grad= -2.4782e-02
  sustain=     0.02680 grad= -1.3779e-01
  releaseTime=     0.03210 grad=  4.1652e-02
  drive=     3.07599 grad= -1.5642e-02
  outGain=     1.26777 grad=  9.0154e-04
  vco2Level=     0.48537 grad= -1.0867e-01
  vco2Detune=     0.64921 grad= -4.8535e-01
  satGain=     1.32343 grad= -4.4833e-02
  satBias=    -0.10691 grad=  2.9539e-01
  satA2=     0.70894 grad=  1.8934e-01
  satA3=    -0.03619 grad= -1.1843e-01
  satA5=     0.50000 grad= -1.0680e-01
  filtSat=     2.03870 grad=  4.9204e-03
epoch=190 loss=0.503531
  shape=     0.81291 grad= -1.9655e-02
  pw=     0.44126 grad= -1.5821e+01
  fBase=   329.95914 grad= -1.6959e-03
  fAmt=   754.58405 grad= -5.0079e-03
  fDecay=     0.04041 grad= -2.6172e-02
  res=     1.19374 grad= -3.9828e-03
  attackTime=     0.03566 grad= -1.3451e-02
  decayTime=     0.14806 grad=  6.1838e-05
  sustain=     0.02949 grad= -1.6216e-02
  releaseTime=     0.03064 grad=  3.3455e-02
  drive=     3.05361 grad=  8.0881e-03
  outGain=     1.26073 grad=  2.6884e-02
  vco2Level=     0.49190 grad= -9.4856e-03
  vco2Detune=     0.64913 grad= -1.0269e+00
  satGain=     1.31387 grad=  9.5607e-02
  satBias=    -0.11265 grad=  8.2803e-02
  satA2=     0.70343 grad=  1.0680e-01
  satA3=    -0.03249 grad= -3.2881e-02
  satA5=     0.50000 grad= -5.2989e-05
  filtSat=     2.04273 grad=  5.0749e-04
epoch=200 loss=0.497764
  shape=     0.81366 grad= -3.8705e-02
  pw=     0.44141 grad=  1.1653e+00
  fBase=   331.34439 grad= -2.7891e-02
  fAmt=   767.19598 grad= -1.2953e-02
  fDecay=     0.04186 grad= -3.5387e-02
  res=     1.24045 grad= -3.9269e-03
  attackTime=     0.03606 grad= -4.8383e-03
  decayTime=     0.14830 grad= -4.6014e-03
  sustain=     0.03151 grad= -1.9578e-02
  releaseTime=     0.02950 grad=  2.5726e-02
  drive=     3.04469 grad= -6.5077e-03
  outGain=     1.25560 grad=  1.0522e-02
  vco2Level=     0.49496 grad= -2.6279e-02
  vco2Detune=     0.64928 grad=  2.1102e-01
  satGain=     1.29426 grad=  5.6675e-02
  satBias=    -0.11570 grad=  6.7273e-02
  satA2=     0.69961 grad=  1.0847e-01
  satA3=    -0.03028 grad= -4.6282e-02
  satA5=     0.50000 grad= -1.1129e-02
  filtSat=     2.04448 grad= -5.0358e-04
epoch=210 loss=0.494424
  shape=     0.81419 grad= -4.1019e-02
  pw=     0.44138 grad= -2.5315e+00
  fBase=   333.43954 grad= -2.4713e-03
  fAmt=   779.62115 grad= -1.1269e-02
  fDecay=     0.04337 grad= -2.9330e-02
  res=     1.27974 grad= -2.9112e-03
  attackTime=     0.03636 grad=  1.1180e-03
  decayTime=     0.14863 grad=  7.8446e-03
  sustain=     0.03307 grad=  2.6774e-02
  releaseTime=     0.02863 grad=  1.9477e-02
  drive=     3.04696 grad= -2.1974e-03
  outGain=     1.25215 grad=  1.5219e-02
  vco2Level=     0.49771 grad= -8.2003e-02
  vco2Detune=     0.64925 grad= -4.2337e-01
  satGain=     1.27281 grad=  4.6266e-02
  satBias=    -0.11743 grad=  1.2250e-01
  satA2=     0.69665 grad=  1.2492e-01
  satA3=    -0.02870 grad= -6.1132e-02
  satA5=     0.50000 grad= -3.0067e-02
  filtSat=     2.04424 grad=  1.7972e-03
epoch=220 loss=0.491361
  shape=     0.81460 grad= -5.2632e-02
  pw=     0.44149 grad=  2.3275e+01
  fBase=   335.21405 grad= -5.0304e-02
  fAmt=   793.63068 grad= -2.8740e-02
  fDecay=     0.04488 grad= -4.3006e-02
  res=     1.30954 grad= -4.2143e-03
  attackTime=     0.03655 grad= -4.2116e-03
  decayTime=     0.14866 grad= -1.6587e-02
  sustain=     0.03389 grad= -9.8110e-02
  releaseTime=     0.02798 grad=  1.2984e-02
  drive=     3.04932 grad= -1.3871e-02
  outGain=     1.24881 grad=  5.1167e-03
  vco2Level=     0.50168 grad=  1.4518e-02
  vco2Detune=     0.64932 grad= -2.5370e-01
  satGain=     1.25290 grad=  3.7046e-02
  satBias=    -0.11911 grad=  4.7620e-02
  satA2=     0.69368 grad=  1.4913e-01
  satA3=    -0.02707 grad= -7.0134e-02
  satA5=     0.50000 grad= -2.5424e-02
  filtSat=     2.04389 grad= -5.4571e-03
epoch=230 loss=0.486590
  shape=     0.81458 grad= -8.7391e-04
  pw=     0.44129 grad= -1.9440e+01
  fBase=   338.11697 grad= -4.9250e-03
  fAmt=   819.25653 grad= -1.6060e-02
  fDecay=     0.04642 grad= -2.1031e-02
  res=     1.35216 grad= -1.5677e-03
  attackTime=     0.03678 grad= -1.2582e-02
  decayTime=     0.14885 grad=  4.8765e-03
  sustain=     0.03553 grad= -1.8535e-03
  releaseTime=     0.02751 grad=  1.0541e-02
  drive=     3.04946 grad=  1.5997e-02
  outGain=     1.24475 grad=  3.6247e-02
  vco2Level=     0.50368 grad= -1.2965e-02
  vco2Detune=     0.64928 grad= -9.1830e-01
  satGain=     1.23394 grad=  6.7558e-02
  satBias=    -0.12074 grad=  1.2852e-01
  satA2=     0.69004 grad=  1.4717e-01
  satA3=    -0.02504 grad= -5.8199e-02
  satA5=     0.50000 grad= -2.9328e-02
  filtSat=     2.04921 grad= -4.7686e-03
epoch=240 loss=0.489356
  shape=     0.81433 grad= -6.8437e-02
  pw=     0.44165 grad=  3.0899e+01
  fBase=   340.30478 grad= -7.4873e-02
  fAmt=   832.36322 grad= -9.7167e-03
  fDecay=     0.04743 grad= -3.9058e-02
  res=     1.41001 grad= -1.1130e-02
  attackTime=     0.03713 grad= -1.2144e-02
  decayTime=     0.14917 grad= -2.7357e-03
  sustain=     0.03748 grad=  2.7124e-02
  releaseTime=     0.02717 grad=  9.7159e-03
  drive=     3.03999 grad=  5.9844e-03
  outGain=     1.23914 grad=  3.5671e-02
  vco2Level=     0.50636 grad=  6.0763e-02
  vco2Detune=     0.64934 grad= -5.2424e-01
  satGain=     1.21618 grad=  1.6854e-02
  satBias=    -0.12311 grad=  1.4365e-01
  satA2=     0.68607 grad=  2.0195e-01
  satA3=    -0.02279 grad= -9.2461e-02
  satA5=     0.50000 grad= -6.1178e-02
  filtSat=     2.05332 grad= -1.3260e-02
epoch=250 loss=0.488957
  shape=     0.81454 grad= -1.0160e-01
  pw=     0.43997 grad=  6.0935e+00
  fBase=   343.64581 grad= -7.1318e-02
  fAmt=   839.82782 grad= -8.2187e-03
  fDecay=     0.04853 grad= -2.9799e-02
  res=     1.49679 grad= -4.7740e-03
  attackTime=     0.03756 grad= -7.4554e-03
  decayTime=     0.14926 grad= -7.3796e-03
  sustain=     0.03726 grad= -4.3206e-02
  releaseTime=     0.02689 grad=  5.3989e-03
  drive=     3.02458 grad=  2.5004e-03
  outGain=     1.23218 grad=  2.9064e-02
  vco2Level=     0.50741 grad=  4.2954e-02
  vco2Detune=     0.64989 grad=  1.5435e+00
  satGain=     1.20683 grad= -2.1791e-02
  satBias=    -0.12665 grad=  2.5772e-01
  satA2=     0.68122 grad=  2.6103e-01
  satA3=    -0.01970 grad= -1.3237e-01
  satA5=     0.50000 grad= -1.0629e-01
  filtSat=     2.06181 grad= -1.3281e-02
epoch=260 loss=0.482370
  shape=     0.81482 grad=  7.7103e-02
  pw=     0.43978 grad= -1.5681e+01
  fBase=   348.45496 grad= -2.3574e-02
  fAmt=   851.72729 grad= -4.4408e-03
  fDecay=     0.04966 grad= -2.4074e-02
  res=     1.59642 grad= -3.8542e-03
  attackTime=     0.03783 grad= -1.0305e-02
  decayTime=     0.14899 grad=  2.5516e-02
  sustain=     0.03754 grad=  5.3010e-02
  releaseTime=     0.02671 grad=  3.4459e-03
  drive=     3.00368 grad=  3.4388e-02
  outGain=     1.22401 grad=  6.5525e-02
  vco2Level=     0.50266 grad=  7.1583e-02
  vco2Detune=     0.64980 grad=  2.0704e-01
  satGain=     1.20500 grad=  5.4229e-02
  satBias=    -0.13135 grad=  2.0038e-01
  satA2=     0.67474 grad=  2.3070e-01
  satA3=    -0.01539 grad= -9.1103e-02
  satA5=     0.50000 grad= -6.3376e-02
  filtSat=     2.08077 grad= -1.8355e-02
epoch=270 loss=0.476367
  shape=     0.81419 grad= -3.0396e-04
  pw=     0.43980 grad= -8.9416e+00
  fBase=   353.11563 grad= -5.8943e-02
  fAmt=   861.49640 grad= -3.5489e-02
  fDecay=     0.05091 grad= -3.5813e-02
  res=     1.68130 grad= -8.6996e-03
  attackTime=     0.03821 grad=  8.3448e-04
  decayTime=     0.14844 grad= -9.3177e-03
  sustain=     0.03868 grad= -8.4717e-02
  releaseTime=     0.02659 grad=  3.1902e-03
  drive=     2.96767 grad= -2.9354e-03
  outGain=     1.21417 grad=  3.0669e-02
  vco2Level=     0.49511 grad=  3.5873e-02
  vco2Detune=     0.64982 grad= -4.8334e-02
  satGain=     1.19459 grad=  1.2115e-02
  satBias=    -0.13539 grad=  1.8769e-01
  satA2=     0.66867 grad=  2.4760e-01
  satA3=    -0.01172 grad= -1.1615e-01
  satA5=     0.50000 grad= -7.7194e-02
  filtSat=     2.10502 grad= -1.1523e-02
epoch=280 loss=0.470988
  shape=     0.81363 grad=  6.0960e-02
  pw=     0.43991 grad=  8.9216e+00
  fBase=   357.69534 grad= -1.5650e-02
  fAmt=   886.15790 grad=  3.3264e-03
  fDecay=     0.05231 grad= -1.5122e-02
  res=     1.76674 grad= -2.1649e-03
  attackTime=     0.03846 grad= -1.1339e-02
  decayTime=     0.14820 grad=  7.0544e-05
  sustain=     0.04026 grad= -3.9196e-02
  releaseTime=     0.02649 grad=  4.6136e-03
  drive=     2.94221 grad=  2.0807e-02
  outGain=     1.20538 grad=  5.1889e-02
  vco2Level=     0.49081 grad= -4.3531e-02
  vco2Detune=     0.64994 grad= -1.1683e-01
  satGain=     1.18411 grad=  4.3584e-02
  satBias=    -0.13897 grad=  2.1554e-01
  satA2=     0.66326 grad=  2.1284e-01
  satA3=    -0.00833 grad= -1.0185e-01
  satA5=     0.50000 grad= -6.9102e-02
  filtSat=     2.12458 grad= -5.5735e-03
epoch=290 loss=0.466904
  shape=     0.81291 grad=  8.2277e-02
  pw=     0.43986 grad= -2.7103e+00
  fBase=   360.97949 grad= -1.7856e-02
  fAmt=   901.03186 grad= -1.0894e-02
  fDecay=     0.05342 grad= -1.5086e-02
  res=     1.82237 grad= -2.2443e-03
  attackTime=     0.03874 grad= -6.2586e-03
  decayTime=     0.14822 grad= -1.8479e-03
  sustain=     0.04214 grad= -1.9002e-02
  releaseTime=     0.02638 grad=  5.4795e-03
  drive=     2.91589 grad=  1.4726e-02
  outGain=     1.19682 grad=  4.4379e-02
  vco2Level=     0.49143 grad= -5.1240e-02
  vco2Detune=     0.64998 grad=  3.2830e-02
  satGain=     1.17281 grad=  6.1479e-02
  satBias=    -0.14249 grad=  1.5841e-01
  satA2=     0.65844 grad=  2.0604e-01
  satA3=    -0.00516 grad= -9.4453e-02
  satA5=     0.50000 grad= -5.0300e-02
  filtSat=     2.13757 grad= -5.5466e-03
epoch=300 loss=0.462196
  shape=     0.81178 grad=  1.4908e-01
  pw=     0.43992 grad=  9.3225e+00
  fBase=   364.24081 grad= -3.4931e-02
  fAmt=   924.84833 grad= -2.0712e-02
  fDecay=     0.05453 grad= -2.1363e-02
  res=     1.86264 grad= -8.4147e-04
  attackTime=     0.03899 grad= -8.1384e-03
  decayTime=     0.14849 grad= -1.3184e-02
  sustain=     0.04379 grad= -5.1064e-02
  releaseTime=     0.02626 grad=  5.7998e-03
  drive=     2.89372 grad=  9.8411e-03
  outGain=     1.18901 grad=  3.8185e-02
  vco2Level=     0.49302 grad= -3.0839e-02
  vco2Detune=     0.65003 grad= -1.6512e-01
  satGain=     1.15752 grad=  8.7863e-02
  satBias=    -0.14515 grad=  7.4348e-02
  satA2=     0.65393 grad=  2.1820e-01
  satA3=    -0.00224 grad= -9.4915e-02
  satA5=     0.50000 grad= -2.9305e-02
  filtSat=     2.14922 grad= -8.0362e-03
epoch=310 loss=0.456675
  shape=     0.81005 grad=  1.7847e-01
  pw=     0.43992 grad=  8.4072e+00
  fBase=   367.94772 grad= -2.9805e-02
  fAmt=   960.82916 grad= -1.0832e-02
  fDecay=     0.05565 grad= -1.7926e-02
  res=     1.88512 grad=  2.8706e-03
  attackTime=     0.03923 grad= -1.4191e-02
  decayTime=     0.14914 grad= -1.6572e-02
  sustain=     0.04559 grad= -4.6282e-02
  releaseTime=     0.02613 grad=  6.3717e-03
  drive=     2.87628 grad=  1.5379e-02
  outGain=     1.18214 grad=  4.1860e-02
  vco2Level=     0.49511 grad= -4.6922e-02
  vco2Detune=     0.65008 grad= -1.0732e-01
  satGain=     1.13797 grad=  8.1548e-02
  satBias=    -0.14675 grad=  9.7818e-02
  satA2=     0.64959 grad=  2.1765e-01
  satA3=     0.00049 grad= -9.7652e-02
  satA5=     0.50000 grad= -3.6363e-02
  filtSat=     2.16163 grad= -7.7457e-03
epoch=320 loss=0.452342
  shape=     0.80810 grad=  1.4258e-01
  pw=     0.43992 grad=  5.2280e+00
  fBase=   371.39862 grad= -2.9599e-02
  fAmt=   987.65472 grad= -3.4288e-03
  fDecay=     0.05662 grad= -2.2149e-02
  res=     1.87675 grad=  2.2900e-03
  attackTime=     0.03956 grad= -1.1421e-02
  decayTime=     0.15009 grad= -1.5612e-02
  sustain=     0.04735 grad= -4.5370e-03
  releaseTime=     0.02600 grad=  6.5269e-03
  drive=     2.85804 grad=  1.0520e-02
  outGain=     1.17565 grad=  3.7905e-02
  vco2Level=     0.49847 grad= -3.9602e-02
  vco2Detune=     0.65010 grad= -7.0568e-02
  satGain=     1.11958 grad=  7.1311e-02
  satBias=    -0.14825 grad=  6.1213e-02
  satA2=     0.64557 grad=  1.5492e-01
  satA3=     0.00308 grad= -6.6393e-02
  satA5=     0.50000 grad= -1.8823e-02
  filtSat=     2.17234 grad= -4.7145e-03
epoch=330 loss=0.449317
  shape=     0.80638 grad=  1.0030e-01
  pw=     0.43991 grad=  3.9822e-01
  fBase=   374.84253 grad= -4.2450e-02
  fAmt=  1002.34021 grad= -2.9673e-04
  fDecay=     0.05769 grad= -2.6592e-02
  res=     1.84769 grad=  5.1954e-03
  attackTime=     0.03988 grad= -7.1294e-03
  decayTime=     0.15109 grad= -2.1977e-02
  sustain=     0.04785 grad= -2.2906e-02
  releaseTime=     0.02587 grad=  4.6295e-03
  drive=     2.84460 grad= -1.6821e-03
  outGain=     1.17005 grad=  2.1907e-02
  vco2Level=     0.50180 grad= -6.0105e-02
  vco2Detune=     0.65019 grad=  2.4325e-01
  satGain=     1.10274 grad=  5.2140e-02
  satBias=    -0.14882 grad= -4.0761e-03
  satA2=     0.64299 grad=  6.8908e-02
  satA3=     0.00461 grad= -2.7473e-02
  satA5=     0.49999 grad=  6.1681e-03
  filtSat=     2.17907 grad= -8.9989e-04
epoch=340 loss=0.446997
  shape=     0.80498 grad=  8.7250e-02
  pw=     0.43990 grad= -6.4785e-01
  fBase=   378.51959 grad= -4.0004e-02
  fAmt=  1007.16138 grad= -5.2173e-04
  fDecay=     0.05888 grad= -2.5265e-02
  res=     1.79930 grad=  3.4309e-03
  attackTime=     0.04014 grad= -3.6403e-03
  decayTime=     0.15211 grad= -2.1170e-02
  sustain=     0.04785 grad= -4.9255e-02
  releaseTime=     0.02577 grad=  2.7437e-03
  drive=     2.83817 grad= -1.9470e-03
  outGain=     1.16565 grad=  2.3326e-02
  vco2Level=     0.50580 grad= -7.7429e-02
  vco2Detune=     0.65016 grad= -1.4546e-01
  satGain=     1.08889 grad=  1.6139e-02
  satBias=    -0.14869 grad=  1.1433e-01
  satA2=     0.64166 grad=  1.4284e-01
  satA3=     0.00530 grad= -7.5740e-02
  satA5=     0.49974 grad= -4.3108e-02
  filtSat=     2.18200 grad= -1.6479e-03
epoch=350 loss=0.445555
  shape=     0.80376 grad=  1.4710e-01
  pw=     0.43998 grad=  8.4477e+00
  fBase=   381.98877 grad= -1.0052e-02
  fAmt=  1006.97729 grad=  1.1871e-02
  fDecay=     0.06001 grad= -1.5441e-02
  res=     1.75314 grad=  2.2379e-03
  attackTime=     0.04031 grad= -6.2983e-03
  decayTime=     0.15300 grad= -2.6151e-03
  sustain=     0.04796 grad=  8.0638e-03
  releaseTime=     0.02570 grad=  1.7313e-03
  drive=     2.83359 grad=  1.6829e-02
  outGain=     1.16161 grad=  4.4849e-02
  vco2Level=     0.51030 grad= -8.2372e-02
  vco2Detune=     0.65009 grad= -1.1498e+00
  satGain=     1.07897 grad=  4.1115e-02
  satBias=    -0.14890 grad=  1.4284e-01
  satA2=     0.64047 grad=  1.5656e-01
  satA3=     0.00599 grad= -7.7942e-02
  satA5=     0.49971 grad= -4.6082e-02
  filtSat=     2.18376 grad= -1.9288e-03
epoch=360 loss=0.443605
  shape=     0.80257 grad=  6.8857e-02
  pw=     0.43990 grad= -1.8440e+00
  fBase=   384.67719 grad= -4.6178e-02
  fAmt=  1004.70642 grad= -3.8777e-03
  fDecay=     0.06106 grad= -2.5738e-02
  res=     1.71050 grad=  2.3704e-03
  attackTime=     0.04040 grad=  2.5051e-03
  decayTime=     0.15337 grad= -2.2743e-02
  sustain=     0.04739 grad= -1.0382e-01
  releaseTime=     0.02566 grad= -8.7478e-04
  drive=     2.82460 grad= -7.8692e-03
  outGain=     1.15723 grad=  1.7896e-02
  vco2Level=     0.51422 grad= -5.3626e-02
  vco2Detune=     0.65020 grad= -6.1593e-02
  satGain=     1.06996 grad=  2.7850e-03
  satBias=    -0.14910 grad=  1.1550e-01
  satA2=     0.63959 grad=  1.3628e-01
  satA3=     0.00644 grad= -7.2734e-02
  satA5=     0.49963 grad= -4.5632e-02
  filtSat=     2.18558 grad= -7.3015e-04
epoch=370 loss=0.442420
  shape=     0.80153 grad=  1.3339e-01
  pw=     0.43998 grad=  4.3290e+00
  fBase=   387.53677 grad= -1.0080e-02
  fAmt=  1004.05060 grad=  3.9714e-03
  fDecay=     0.06208 grad= -1.6082e-02
  res=     1.67827 grad=  1.8645e-03
  attackTime=     0.04041 grad= -1.3143e-04
  decayTime=     0.15385 grad=  2.8218e-03
  sustain=     0.04804 grad= -1.7210e-03
  releaseTime=     0.02565 grad=  5.9425e-05
  drive=     2.81946 grad=  1.4728e-02
  outGain=     1.15334 grad=  4.3561e-02
  vco2Level=     0.51721 grad= -2.1057e-02
  vco2Detune=     0.65019 grad= -4.6979e-01
  satGain=     1.06339 grad=  4.8538e-02
  satBias=    -0.14960 grad=  6.5084e-02
  satA2=     0.63853 grad=  8.8347e-02
  satA3=     0.00708 grad= -3.3522e-02
  satA5=     0.49979 grad= -1.4061e-02
  filtSat=     2.18704 grad= -1.7169e-03
epoch=380 loss=0.441361
  shape=     0.80052 grad=  7.3268e-02
  pw=     0.43991 grad= -2.9792e+00
  fBase=   389.62070 grad= -2.3319e-02
  fAmt=  1005.30267 grad= -5.1040e-03
  fDecay=     0.06299 grad= -1.9716e-02
  res=     1.65162 grad=  2.1447e-03
  attackTime=     0.04037 grad=  6.4654e-03
  decayTime=     0.15395 grad= -5.5727e-03
  sustain=     0.04828 grad= -4.8619e-02
  releaseTime=     0.02565 grad= -4.0555e-05
  drive=     2.81118 grad=  7.6487e-04
  outGain=     1.14918 grad=  2.8316e-02
  vco2Level=     0.51860 grad= -1.3569e-02
  vco2Detune=     0.65023 grad= -3.2946e-02
  satGain=     1.05638 grad=  2.3255e-02
  satBias=    -0.14978 grad=  2.9153e-02
  satA2=     0.63795 grad=  2.9582e-02
  satA3=     0.00728 grad= -7.6752e-03
  satA5=     0.49968 grad= -1.2335e-03
  filtSat=     2.18820 grad=  8.3597e-04
epoch=390 loss=0.440685
  shape=     0.79967 grad=  6.9503e-02
  pw=     0.43990 grad= -4.8597e+00
  fBase=   391.32642 grad= -9.4136e-03
  fAmt=  1007.49121 grad= -3.1688e-03
  fDecay=     0.06378 grad= -1.5990e-02
  res=     1.63312 grad=  3.0336e-03
  attackTime=     0.04027 grad=  7.8444e-03
  decayTime=     0.15409 grad=  5.2926e-03
  sustain=     0.04912 grad=  9.4194e-04
  releaseTime=     0.02565 grad=  1.1817e-03
  drive=     2.80539 grad=  6.7061e-03
  outGain=     1.14537 grad=  3.4357e-02
  vco2Level=     0.51962 grad= -7.0608e-04
  vco2Detune=     0.65025 grad=  7.0031e-02
  satGain=     1.05100 grad=  3.6667e-02
  satBias=    -0.15010 grad= -3.1506e-02
  satA2=     0.63744 grad= -4.7686e-02
  satA3=     0.00746 grad=  3.7773e-02
  satA5=     0.49967 grad=  3.0167e-02
  filtSat=     2.18812 grad=  1.9331e-03
epoch=400 loss=0.440118
  shape=     0.79894 grad=  7.3410e-02
  pw=     0.43998 grad=  3.0441e+00
  fBase=   392.38718 grad= -6.0696e-03
  fAmt=  1008.76929 grad=  3.8686e-03
  fDecay=     0.06442 grad= -1.1037e-02
  res=     1.61855 grad= -2.2686e-04
  attackTime=     0.04013 grad=  6.3355e-03
  decayTime=     0.15411 grad= -5.8193e-03
  sustain=     0.04983 grad= -5.3263e-02
  releaseTime=     0.02564 grad=  1.4122e-03
  drive=     2.79947 grad=  3.9843e-03
  outGain=     1.14167 grad=  3.4638e-02
  vco2Level=     0.52051 grad= -3.9530e-02
  vco2Detune=     0.65026 grad= -7.1519e-02
  satGain=     1.04638 grad=  1.4429e-02
  satBias=    -0.15040 grad=  1.2178e-01
  satA2=     0.63719 grad=  9.0191e-02
  satA3=     0.00748 grad= -4.5927e-02
  satA5=     0.49962 grad= -3.5610e-02
  filtSat=     2.18687 grad=  2.9776e-03
epoch=410 loss=0.439624
  shape=     0.79837 grad=  4.4330e-02
  pw=     0.43994 grad= -1.5404e+00
  fBase=   393.15317 grad= -7.0103e-03
  fAmt=  1008.98792 grad= -1.1709e-03
  fDecay=     0.06495 grad= -1.3852e-02
  res=     1.60893 grad=  1.7483e-03
  attackTime=     0.03996 grad=  9.8926e-03
  decayTime=     0.15416 grad=  2.4400e-03
  sustain=     0.05069 grad= -1.3463e-02
  releaseTime=     0.02562 grad=  2.5632e-03
  drive=     2.79519 grad=  3.8302e-03
  outGain=     1.13827 grad=  3.2643e-02
  vco2Level=     0.52134 grad=  8.8800e-03
  vco2Detune=     0.65027 grad=  4.5252e-02
  satGain=     1.04290 grad=  2.6933e-02
  satBias=    -0.15081 grad= -1.4130e-02
  satA2=     0.63698 grad= -4.6719e-02
  satA3=     0.00751 grad=  3.4941e-02
  satA5=     0.49962 grad=  2.3550e-02
  filtSat=     2.18469 grad=  3.3889e-03
epoch=420 loss=0.439269
  shape=     0.79795 grad=  2.8960e-02
  pw=     0.43994 grad= -1.6697e+00
  fBase=   393.67487 grad= -8.6547e-03
  fAmt=  1008.76062 grad= -2.0775e-03
  fDecay=     0.06542 grad= -1.4063e-02
  res=     1.60177 grad=  1.5428e-03
  attackTime=     0.03979 grad=  1.1522e-02
  decayTime=     0.15418 grad=  1.3772e-03
  sustain=     0.05136 grad= -1.6374e-02
  releaseTime=     0.02559 grad=  2.8718e-03
  drive=     2.79153 grad=  1.5088e-03
  outGain=     1.13509 grad=  3.0381e-02
  vco2Level=     0.52185 grad=  1.1400e-02
  vco2Detune=     0.65028 grad=  4.8099e-02
  satGain=     1.04000 grad=  2.0572e-02
  satBias=    -0.15115 grad= -1.2719e-02
  satA2=     0.63695 grad= -5.2036e-02
  satA3=     0.00741 grad=  3.6261e-02
  satA5=     0.49959 grad=  2.2647e-02
  filtSat=     2.18202 grad=  3.8208e-03
epoch=430 loss=0.439003
  shape=     0.79764 grad=  4.1059e-02
  pw=     0.43998 grad=  2.7486e+00
  fBase=   394.10706 grad= -9.4914e-04
  fAmt=  1008.70428 grad=  2.9075e-03
  fDecay=     0.06585 grad= -9.3628e-03
  res=     1.59645 grad= -5.2939e-04
  attackTime=     0.03959 grad=  1.0602e-02
  decayTime=     0.15418 grad= -1.6611e-03
  sustain=     0.05192 grad= -2.7512e-02
  releaseTime=     0.02556 grad=  2.6016e-03
  drive=     2.78904 grad=  3.0814e-03
  outGain=     1.13220 grad=  3.4306e-02
  vco2Level=     0.52219 grad= -3.4986e-02
  vco2Detune=     0.65027 grad= -8.1517e-02
  satGain=     1.03782 grad=  4.6144e-03
  satBias=    -0.15148 grad=  1.1742e-01
  satA2=     0.63700 grad=  6.0975e-02
  satA3=     0.00728 grad= -3.3462e-02
  satA5=     0.49955 grad= -3.1703e-02
  filtSat=     2.17914 grad=  4.0110e-03
epoch=440 loss=0.438686
  shape=     0.79741 grad=  2.5786e-02
  pw=     0.43993 grad= -1.8607e+00
  fBase=   394.43945 grad= -6.2724e-03
  fAmt=  1008.56177 grad= -6.8043e-04
  fDecay=     0.06622 grad= -1.1505e-02
  res=     1.59235 grad=  1.0692e-03
  attackTime=     0.03939 grad=  1.2613e-02
  decayTime=     0.15416 grad=  1.7263e-03
  sustain=     0.05238 grad= -1.6707e-02
  releaseTime=     0.02553 grad=  2.9085e-03
  drive=     2.78696 grad=  2.0180e-03
  outGain=     1.12953 grad=  3.1671e-02
  vco2Level=     0.52249 grad=  6.7620e-03
  vco2Detune=     0.65028 grad=  3.7060e-02
  satGain=     1.03615 grad=  1.4880e-02
  satBias=    -0.15180 grad=  9.0016e-03
  satA2=     0.63708 grad= -4.0125e-02
  satA3=     0.00714 grad=  2.7807e-02
  satA5=     0.49952 grad=  1.4187e-02
  filtSat=     2.17628 grad=  3.8206e-03
epoch=450 loss=0.438450
  shape=     0.79721 grad=  2.0774e-02
  pw=     0.43993 grad= -2.5628e+00
  fBase=   394.71378 grad= -6.5398e-03
  fAmt=  1008.13629 grad= -5.3764e-04
  fDecay=     0.06654 grad= -1.1222e-02
  res=     1.58920 grad=  1.3214e-03
  attackTime=     0.03920 grad=  1.2800e-02
  decayTime=     0.15413 grad=  2.4046e-03
  sustain=     0.05281 grad= -1.4964e-02
  releaseTime=     0.02550 grad=  2.9263e-03
  drive=     2.78511 grad=  2.3801e-03
  outGain=     1.12706 grad=  3.2021e-02
  vco2Level=     0.52275 grad=  1.6862e-02
  vco2Detune=     0.65028 grad=  5.3672e-02
  satGain=     1.03485 grad=  1.7235e-02
  satBias=    -0.15213 grad= -1.2296e-02
  satA2=     0.63717 grad= -6.2054e-02
  satA3=     0.00701 grad=  4.1199e-02
  satA5=     0.49951 grad=  2.3695e-02
  filtSat=     2.17358 grad=  3.8387e-03
epoch=460 loss=0.438232
  shape=     0.79704 grad=  3.7685e-02
  pw=     0.43997 grad=  2.2966e+00
  fBase=   394.95438 grad= -1.1989e-03
  fAmt=  1007.47394 grad=  3.4397e-03
  fDecay=     0.06682 grad= -7.9464e-03
  res=     1.58650 grad= -5.2431e-04
  attackTime=     0.03902 grad=  1.1666e-02
  decayTime=     0.15411 grad= -1.5531e-03
  sustain=     0.05321 grad= -2.6800e-02
  releaseTime=     0.02547 grad=  2.4338e-03
  drive=     2.78333 grad=  2.9407e-03
  outGain=     1.12476 grad=  3.4484e-02
  vco2Level=     0.52291 grad= -3.1614e-02
  vco2Detune=     0.65028 grad= -6.7699e-02
  satGain=     1.03372 grad=  2.4777e-03
  satBias=    -0.15242 grad=  1.0876e-01
  satA2=     0.63729 grad=  4.8205e-02
  satA3=     0.00687 grad= -2.7099e-02
  satA5=     0.49949 grad= -2.8039e-02
  filtSat=     2.17109 grad=  3.9764e-03
epoch=470 loss=0.438008
  shape=     0.79688 grad=  2.2635e-02
  pw=     0.43994 grad= -1.7041e+00
  fBase=   395.17120 grad= -6.0184e-03
  fAmt=  1006.68701 grad=  1.3170e-04
  fDecay=     0.06706 grad= -1.0493e-02
  res=     1.58445 grad=  9.1242e-04
  attackTime=     0.03885 grad=  1.2856e-02
  decayTime=     0.15409 grad=  1.3912e-03
  sustain=     0.05357 grad= -1.4818e-02
  releaseTime=     0.02544 grad=  2.7053e-03
  drive=     2.78173 grad=  2.2917e-03
  outGain=     1.12265 grad=  3.2407e-02
  vco2Level=     0.52310 grad=  7.6404e-03
  vco2Detune=     0.65028 grad=  3.1249e-02
  satGain=     1.03279 grad=  1.3373e-02
  satBias=    -0.15271 grad=  9.1056e-03
  satA2=     0.63738 grad= -4.3398e-02
  satA3=     0.00675 grad=  2.9275e-02
  satA5=     0.49949 grad=  1.4364e-02
  filtSat=     2.16879 grad=  3.8071e-03
epoch=480 loss=0.437825
  shape=     0.79675 grad=  2.1142e-02
  pw=     0.43993 grad= -1.9941e+00
  fBase=   395.37683 grad= -6.4268e-03
  fAmt=  1005.95209 grad= -3.2604e-05
  fDecay=     0.06729 grad= -1.0532e-02
  res=     1.58262 grad=  9.6566e-04
  attackTime=     0.03869 grad=  1.2982e-02
  decayTime=     0.15408 grad=  1.3774e-03
  sustain=     0.05388 grad= -1.3715e-02
  releaseTime=     0.02542 grad=  2.6411e-03
  drive=     2.78027 grad=  2.2219e-03
  outGain=     1.12071 grad=  3.2339e-02
  vco2Level=     0.52326 grad=  9.8140e-03
  vco2Detune=     0.65028 grad=  4.1138e-02
  satGain=     1.03198 grad=  1.3536e-02
  satBias=    -0.15296 grad=  3.6470e-03
  satA2=     0.63748 grad= -4.8819e-02
  satA3=     0.00663 grad=  3.2519e-02
  satA5=     0.49948 grad=  1.6648e-02
  filtSat=     2.16671 grad=  3.7775e-03
epoch=490 loss=0.437659
  shape=     0.79663 grad=  3.5497e-02
  pw=     0.43996 grad=  1.8280e+00
  fBase=   395.57184 grad= -2.2660e-03
  fAmt=  1005.28107 grad=  2.9774e-03
  fDecay=     0.06749 grad= -8.1032e-03
  res=     1.58106 grad= -3.4751e-04
  attackTime=     0.03854 grad=  1.1975e-02
  decayTime=     0.15407 grad= -1.3897e-03
  sustain=     0.05415 grad= -2.2574e-02
  releaseTime=     0.02540 grad=  2.2670e-03
  drive=     2.77895 grad=  2.9353e-03
  outGain=     1.11895 grad=  3.4463e-02
  vco2Level=     0.52340 grad= -2.5014e-02
  vco2Detune=     0.65028 grad= -5.4246e-02
  satGain=     1.03126 grad=  3.6435e-03
  satBias=    -0.15318 grad=  9.0445e-02
  satA2=     0.63758 grad=  3.1095e-02
  satA3=     0.00652 grad= -1.6911e-02
  satA5=     0.49946 grad= -2.0542e-02
  filtSat=     2.16482 grad=  3.8284e-03
epoch=500 loss=0.437494
  shape=     0.79652 grad=  2.4041e-02
  pw=     0.43994 grad= -1.0599e+00
  fBase=   395.74670 grad= -5.7335e-03
  fAmt=  1004.59467 grad=  6.5013e-04
  fDecay=     0.06767 grad= -9.8775e-03
  res=     1.57986 grad=  6.6562e-04
  attackTime=     0.03841 grad=  1.2763e-02
  decayTime=     0.15406 grad=  6.0823e-04
  sustain=     0.05440 grad= -1.5228e-02
  releaseTime=     0.02539 grad=  2.4532e-03
  drive=     2.77772 grad=  2.4830e-03
  outGain=     1.11734 grad=  3.3002e-02
  vco2Level=     0.52354 grad=  4.5423e-03
  vco2Detune=     0.65028 grad=  2.3986e-02
  satGain=     1.03064 grad=  1.1741e-02
  satBias=    -0.15340 grad=  1.8063e-02
  satA2=     0.63766 grad= -3.5442e-02
  satA3=     0.00642 grad=  2.4310e-02
  satA5=     0.49946 grad=  1.0381e-02
  filtSat=     2.16312 grad=  3.7152e-03
epoch=510 loss=0.437357
  shape=     0.79641 grad=  2.3081e-02
  pw=     0.43994 grad= -1.1540e+00
  fBase=   395.90771 grad= -5.9637e-03
  fAmt=  1003.95233 grad=  5.1663e-04
  fDecay=     0.06783 grad= -9.9353e-03
  res=     1.57881 grad=  7.0564e-04
  attackTime=     0.03830 grad=  1.2823e-02
  decayTime=     0.15406 grad=  5.8982e-04
  sustain=     0.05462 grad= -1.4495e-02
  releaseTime=     0.02537 grad=  2.4080e-03
  drive=     2.77658 grad=  2.4501e-03
  outGain=     1.11588 grad=  3.2967e-02
  vco2Level=     0.52366 grad=  6.1474e-03
  vco2Detune=     0.65028 grad=  2.7316e-02
  satGain=     1.03008 grad=  1.1995e-02
  satBias=    -0.15359 grad=  1.3994e-02
  satA2=     0.63774 grad= -3.9359e-02
  satA3=     0.00633 grad=  2.6688e-02
  satA5=     0.49946 grad=  1.2089e-02
  filtSat=     2.16159 grad=  3.7038e-03
epoch=520 loss=0.437227
  shape=     0.79632 grad=  2.7781e-02
  pw=     0.43995 grad= -3.4238e-02
  fBase=   396.05746 grad= -4.8860e-03
  fAmt=  1003.38086 grad=  1.2610e-03
  fDecay=     0.06798 grad= -9.2786e-03
  res=     1.57790 grad=  3.2446e-04
  attackTime=     0.03819 grad=  1.2595e-02
  decayTime=     0.15407 grad= -2.5578e-04
  sustain=     0.05482 grad= -1.6532e-02
  releaseTime=     0.02536 grad=  2.2685e-03
  drive=     2.77555 grad=  2.5980e-03
  outGain=     1.11457 grad=  3.3513e-02
  vco2Level=     0.52375 grad= -4.3548e-03
  vco2Detune=     0.65028 grad=  1.5260e-04
  satGain=     1.02958 grad=  8.9566e-03
  satBias=    -0.15376 grad=  3.8975e-02
  satA2=     0.63781 grad= -1.6048e-02
  satA3=     0.00625 grad=  1.2198e-02
  satA5=     0.49945 grad=  1.2468e-03
  filtSat=     2.16021 grad=  3.6837e-03
epoch=530 loss=0.437116
  shape=     0.79624 grad=  2.9239e-02
  pw=     0.43995 grad=  3.1813e-01
  fBase=   396.19458 grad= -4.4982e-03
  fAmt=  1002.87518 grad=  1.5130e-03
  fDecay=     0.06811 grad= -9.0180e-03
  res=     1.57713 grad=  2.0869e-04
  attackTime=     0.03809 grad=  1.2523e-02
  decayTime=     0.15407 grad= -5.3745e-04
  sustain=     0.05499 grad= -1.6929e-02
  releaseTime=     0.02535 grad=  2.1958e-03
  drive=     2.77462 grad=  2.7010e-03
  outGain=     1.11337 grad=  3.3772e-02
  vco2Level=     0.52384 grad= -7.5379e-03
  vco2Detune=     0.65028 grad= -8.1357e-03
  satGain=     1.02913 grad=  8.0117e-03
  satBias=    -0.15391 grad=  4.6476e-02
  satA2=     0.63788 grad= -9.1689e-03
  satA3=     0.00617 grad=  7.9029e-03
  satA5=     0.49944 grad= -2.0070e-03
  filtSat=     2.15898 grad=  3.6674e-03
epoch=540 loss=0.437015
  shape=     0.79616 grad=  2.8926e-02
  pw=     0.43995 grad=  2.2011e-01
  fBase=   396.31985 grad= -4.6222e-03
  fAmt=  1002.42249 grad=  1.4307e-03
  fDecay=     0.06823 grad= -9.0170e-03
  res=     1.57645 grad=  2.3777e-04
  attackTime=     0.03801 grad=  1.2569e-02
  decayTime=     0.15407 grad= -5.3458e-04
  sustain=     0.05515 grad= -1.6545e-02
  releaseTime=     0.02534 grad=  2.1618e-03
  drive=     2.77376 grad=  2.7082e-03
  outGain=     1.11229 grad=  3.3777e-02
  vco2Level=     0.52393 grad= -6.4958e-03
  vco2Detune=     0.65028 grad= -6.3286e-03
  satGain=     1.02873 grad=  8.2022e-03
  satBias=    -0.15405 grad=  4.3834e-02
  satA2=     0.63794 grad= -1.1638e-02
  satA3=     0.00610 grad=  9.4160e-03
  satA5=     0.49943 grad= -9.0826e-04
  filtSat=     2.15786 grad=  3.6451e-03
epoch=550 loss=0.436923
  shape=     0.79609 grad=  2.7550e-02
  pw=     0.43995 grad= -1.4777e-01
  fBase=   396.43420 grad= -5.0324e-03
  fAmt=  1002.01398 grad=  1.1576e-03
  fDecay=     0.06834 grad= -9.1665e-03
  res=     1.57584 grad=  3.4702e-04
  attackTime=     0.03793 grad=  1.2685e-02
  decayTime=     0.15408 grad= -3.7516e-04
  sustain=     0.05528 grad= -1.5728e-02
  releaseTime=     0.02533 grad=  2.1517e-03
  drive=     2.77298 grad=  2.6547e-03
  outGain=     1.11131 grad=  3.3633e-02
  vco2Level=     0.52400 grad= -3.1083e-03
  vco2Detune=     0.65028 grad=  4.1261e-03
  satGain=     1.02837 grad=  8.9914e-03
  satBias=    -0.15417 grad=  3.5666e-02
  satA2=     0.63800 grad= -1.9240e-02
  satA3=     0.00604 grad=  1.4122e-02
  satA5=     0.49943 grad=  2.5702e-03
  filtSat=     2.15685 grad=  3.6202e-03
epoch=560 loss=0.436837
  shape=     0.79603 grad=  2.8478e-02
  pw=     0.43995 grad=  4.1876e-02
  fBase=   396.53989 grad= -4.8510e-03
  fAmt=  1001.64288 grad=  1.2925e-03
  fDecay=     0.06844 grad= -9.0109e-03
  res=     1.57530 grad=  2.7833e-04
  attackTime=     0.03785 grad=  1.2654e-02
  decayTime=     0.15408 grad= -5.6873e-04
  sustain=     0.05541 grad= -1.6065e-02
  releaseTime=     0.02532 grad=  2.1020e-03
  drive=     2.77225 grad=  2.6995e-03
  outGain=     1.11040 grad=  3.3770e-02
  vco2Level=     0.52407 grad= -4.9276e-03
  vco2Detune=     0.65028 grad= -1.2514e-03
  satGain=     1.02805 grad=  8.4055e-03
  satBias=    -0.15429 grad=  3.9972e-02
  satA2=     0.63805 grad= -1.5230e-02
  satA3=     0.00598 grad=  1.1616e-02
  satA5=     0.49942 grad=  6.7570e-04
  filtSat=     2.15593 grad=  3.6027e-03
epoch=570 loss=0.436760
  shape=     0.79597 grad=  2.8385e-02
  pw=     0.43995 grad= -1.0835e-02
  fBase=   396.63861 grad= -4.9014e-03
  fAmt=  1001.29724 grad=  1.2557e-03
  fDecay=     0.06853 grad= -8.9919e-03
  res=     1.57480 grad=  2.9345e-04
  attackTime=     0.03779 grad=  1.2679e-02
  decayTime=     0.15409 grad= -5.7046e-04
  sustain=     0.05553 grad= -1.5784e-02
  releaseTime=     0.02531 grad=  2.0767e-03
  drive=     2.77158 grad=  2.7256e-03
  outGain=     1.10957 grad=  3.3803e-02
  vco2Level=     0.52414 grad= -4.3565e-03
  vco2Detune=     0.65028 grad= -1.1973e-04
  satGain=     1.02775 grad=  8.5017e-03
  satBias=    -0.15439 grad=  3.8541e-02
  satA2=     0.63810 grad= -1.6586e-02
  satA3=     0.00592 grad=  1.2450e-02
  satA5=     0.49942 grad=  1.2708e-03
  filtSat=     2.15508 grad=  3.5835e-03
epoch=580 loss=0.436686
  shape=     0.79591 grad=  2.8576e-02
  pw=     0.43995 grad=  5.4221e-03
  fBase=   396.73187 grad= -4.8983e-03
  fAmt=  1000.97186 grad=  1.2627e-03
  fDecay=     0.06862 grad= -8.9438e-03
  res=     1.57435 grad=  2.8243e-04
  attackTime=     0.03772 grad=  1.2690e-02
  decayTime=     0.15410 grad= -6.3848e-04
  sustain=     0.05564 grad= -1.5763e-02
  releaseTime=     0.02530 grad=  2.0477e-03
  drive=     2.77093 grad=  2.7419e-03
  outGain=     1.10878 grad=  3.3849e-02
  vco2Level=     0.52420 grad= -4.5044e-03
  vco2Detune=     0.65028 grad= -2.7008e-04
  satGain=     1.02747 grad=  8.3782e-03
  satBias=    -0.15449 grad=  3.8902e-02
  satA2=     0.63815 grad= -1.6235e-02
  satA3=     0.00587 grad=  1.2227e-02
  satA5=     0.49941 grad=  1.0824e-03
  filtSat=     2.15428 grad=  3.5655e-03
epoch=590 loss=0.436615
  shape=     0.79586 grad=  2.8649e-02
  pw=     0.43995 grad= -2.9381e-03
  fBase=   396.82172 grad= -4.9194e-03
  fAmt=  1000.65991 grad=  1.2470e-03
  fDecay=     0.06870 grad= -8.9134e-03
  res=     1.57391 grad=  2.8089e-04
  attackTime=     0.03766 grad=  1.2706e-02
  decayTime=     0.15410 grad= -6.8125e-04
  sustain=     0.05574 grad= -1.5655e-02
  releaseTime=     0.02530 grad=  2.0223e-03
  drive=     2.77031 grad=  2.7569e-03
  outGain=     1.10802 grad=  3.3883e-02
  vco2Level=     0.52425 grad= -4.4097e-03
  vco2Detune=     0.65028 grad= -3.6782e-04
  satGain=     1.02720 grad=  8.3186e-03
  satBias=    -0.15459 grad=  3.8671e-02
  satA2=     0.63819 grad= -1.6457e-02
  satA3=     0.00582 grad=  1.2355e-02
  satA5=     0.49941 grad=  1.1527e-03
  filtSat=     2.15352 grad=  3.5479e-03
epoch=599 loss=0.436552
  shape=     0.79581 grad=  2.8830e-02
  pw=     0.43995 grad=  1.2474e-02
  fBase=   396.90176 grad= -4.9194e-03
  fAmt=  1000.38483 grad=  1.2551e-03
  fDecay=     0.06878 grad= -8.8764e-03
  res=     1.57353 grad=  2.7177e-04
  attackTime=     0.03761 grad=  1.2713e-02
  decayTime=     0.15411 grad= -7.3577e-04
  sustain=     0.05584 grad= -1.5617e-02
  releaseTime=     0.02529 grad=  1.9983e-03
  drive=     2.76975 grad=  2.7738e-03
  outGain=     1.10734 grad=  3.3925e-02
  vco2Level=     0.52430 grad= -4.5312e-03
  vco2Detune=     0.65028 grad= -3.2565e-04
  satGain=     1.02696 grad=  8.2253e-03
  satBias=    -0.15467 grad=  3.8937e-02
  satA2=     0.63824 grad= -1.6189e-02
  satA3=     0.00577 grad=  1.2184e-02
  satA5=     0.49941 grad=  1.0099e-03
  filtSat=     2.15284 grad=  3.5320e-03
