epoch=0 loss=1.573109
  shape=     0.92001 grad= -8.7275e+00
  pw=     0.44734 grad= -2.0158e+01
  fBase=    30.97147 grad= -2.2611e-01
  fAmt=   587.87213 grad= -1.4649e+00
  fDecay=     0.22854 grad= -1.3248e+00
  res=     0.96243 grad=  7.2669e-02
  attackTime=     0.00727 grad=  3.1726e-02
  decayTime=     0.42802 grad= -2.1207e-01
  sustain=     0.34965 grad= -4.7312e-01
  releaseTime=     0.05761 grad=  1.4134e-01
  drive=     5.27684 grad= -8.4415e-01
  outGain=     0.58214 grad= -1.1411e+00
  vco2Level=     0.35726 grad=  1.4756e+00
  vco2Detune=     0.49344 grad=  6.2091e-02
  satGain=     0.90976 grad= -5.8413e+00
  satBias=    -0.38569 grad=  6.9846e+00
  satA2=     0.35324 grad= -5.0945e+00
  satA3=     0.22745 grad=  6.9557e+00
  satA5=    -0.19954 grad=  1.1510e+01
  filtSat=     3.99600 grad=  3.2934e-02
epoch=10 loss=1.118210
  shape=     0.92864 grad=  9.5270e-01
  pw=     0.45053 grad=  8.4334e+00
  fBase=    33.48152 grad=  9.4893e-02
  fAmt=   643.44379 grad=  3.4732e-01
  fDecay=     0.24763 grad=  5.4003e-01
  res=     0.88253 grad=  4.5206e-02
  attackTime=     0.00664 grad= -2.1126e-03
  decayTime=     0.46098 grad=  1.1323e-01
  sustain=     0.37062 grad=  2.9685e-01
  releaseTime=     0.05221 grad=  1.0474e-01
  drive=     5.73323 grad=  3.3227e-01
  outGain=     0.59758 grad=  2.4995e-01
  vco2Level=     0.33511 grad= -4.8153e-01
  vco2Detune=     0.49663 grad= -4.0321e-01
  satGain=     0.99275 grad=  4.8999e-01
  satBias=    -0.39444 grad= -3.3743e-01
  satA2=     0.36171 grad=  1.8827e-01
  satA3=     0.21873 grad= -3.3643e-01
  satA5=    -0.20828 grad= -6.3657e-01
  filtSat=     3.94783 grad= -4.0641e-02
epoch=20 loss=1.079638
  shape=     0.92611 grad= -1.0775e+00
  pw=     0.45152 grad=  2.9794e+01
  fBase=    32.58829 grad=  3.0807e-03
  fAmt=   644.22296 grad= -1.6839e-01
  fDecay=     0.24017 grad=  1.6013e-02
  res=     0.80385 grad=  3.9495e-02
  attackTime=     0.00647 grad=  7.9925e-04
  decayTime=     0.44217 grad=  3.1017e-02
  sustain=     0.35507 grad=  9.5668e-02
  releaseTime=     0.04742 grad=  1.0655e-01
  drive=     5.63487 grad=  1.6132e-02
  outGain=     0.59842 grad= -9.1337e-02
  vco2Level=     0.34504 grad=  7.0642e-02
  vco2Detune=     0.50160 grad= -6.1057e-01
  satGain=     0.97946 grad= -7.0985e-01
  satBias=    -0.39374 grad=  8.3062e-01
  satA2=     0.36034 grad= -4.6919e-01
  satA3=     0.21959 grad=  6.8170e-01
  satA5=    -0.20720 grad=  1.2893e+00
  filtSat=     4.00000 grad= -2.8705e-02
epoch=30 loss=1.059397
  shape=     0.92504 grad= -1.4887e+00
  pw=     0.45047 grad= -2.0648e+01
  fBase=    32.12699 grad= -2.8445e-02
  fAmt=   656.30444 grad= -2.8927e-01
  fDecay=     0.23649 grad= -1.5706e-01
  res=     0.73635 grad=  4.6400e-02
  attackTime=     0.00640 grad= -4.1764e-06
  decayTime=     0.42656 grad= -1.7112e-03
  sustain=     0.34149 grad=  1.2837e-02
  releaseTime=     0.04307 grad=  9.9021e-02
  drive=     5.57405 grad= -7.5697e-02
  outGain=     0.60108 grad= -1.9417e-01
  vco2Level=     0.34835 grad=  1.4944e-01
  vco2Detune=     0.50673 grad= -1.1441e+00
  satGain=     0.97075 grad= -1.1248e+00
  satBias=    -0.39287 grad=  1.3212e+00
  satA2=     0.35837 grad= -7.4686e-01
  satA3=     0.22082 grad=  1.1009e+00
  satA5=    -0.20682 grad=  2.0655e+00
  filtSat=     4.00000 grad= -1.9513e-02
epoch=40 loss=1.014970
  shape=     0.92613 grad=  7.5165e-01
  pw=     0.45064 grad= -2.4296e+00
  fBase=    32.33130 grad=  2.7585e-02
  fAmt=   680.18488 grad=  1.5385e-01
  fDecay=     0.23775 grad=  1.8819e-01
  res=     0.67598 grad=  4.9248e-02
  attackTime=     0.00638 grad= -5.6978e-03
  decayTime=     0.41689 grad=  5.5966e-02
  sustain=     0.33217 grad=  1.3722e-01
  releaseTime=     0.03921 grad=  9.3312e-02
  drive=     5.58174 grad=  1.6248e-01
  outGain=     0.60625 grad=  9.0079e-02
  vco2Level=     0.34663 grad= -2.6287e-01
  vco2Detune=     0.51226 grad= -6.5930e-01
  satGain=     0.99167 grad=  4.0760e-01
  satBias=    -0.39432 grad= -4.7851e-01
  satA2=     0.35914 grad=  3.1158e-01
  satA3=     0.21965 grad= -4.5362e-01
  satA5=    -0.20855 grad= -7.4399e-01
  filtSat=     4.00000 grad= -2.4862e-02
epoch=50 loss=0.987410
  shape=     0.92476 grad=  1.7833e-01
  pw=     0.45065 grad=  9.4481e+00
  fBase=    31.99266 grad= -2.4401e-02
  fAmt=   682.80823 grad= -1.5006e-01
  fDecay=     0.23405 grad= -1.2919e-01
  res=     0.61615 grad=  4.0733e-02
  attackTime=     0.00657 grad= -1.3538e-03
  decayTime=     0.39958 grad= -4.4310e-03
  sustain=     0.31828 grad= -1.1299e-02
  releaseTime=     0.03585 grad=  7.6822e-02
  drive=     5.45371 grad= -3.3291e-02
  outGain=     0.60734 grad= -1.1378e-01
  vco2Level=     0.35631 grad= -5.6046e-02
  vco2Detune=     0.51768 grad= -1.1246e+00
  satGain=     0.99410 grad=  1.0155e-01
  satBias=    -0.39429 grad= -3.9883e-01
  satA2=     0.35889 grad=  2.8186e-01
  satA3=     0.22002 grad= -3.7109e-01
  satA5=    -0.20841 grad= -4.9444e-01
  filtSat=     4.00000 grad= -1.4489e-02
epoch=60 loss=0.965393
  shape=     0.92413 grad=  1.3179e-01
  pw=     0.45045 grad= -3.1608e+01
  fBase=    32.44426 grad= -8.2055e-03
  fAmt=   696.76147 grad= -8.2872e-03
  fDecay=     0.23647 grad= -1.7631e-02
  res=     0.56352 grad=  4.9143e-02
  attackTime=     0.00673 grad= -2.3969e-03
  decayTime=     0.39223 grad=  1.9069e-02
  sustain=     0.31240 grad=  3.7872e-02
  releaseTime=     0.03307 grad=  6.5410e-02
  drive=     5.41924 grad=  5.0019e-02
  outGain=     0.61110 grad= -1.5215e-02
  vco2Level=     0.36412 grad= -7.1957e-02
  vco2Detune=     0.52322 grad= -1.6844e+00
  satGain=     0.99827 grad=  1.4821e-02
  satBias=    -0.39313 grad= -5.5746e-02
  satA2=     0.35765 grad=  8.5194e-02
  satA3=     0.22149 grad= -9.2255e-02
  satA5=    -0.20731 grad= -7.2131e-02
  filtSat=     4.00000 grad= -1.5675e-02
epoch=70 loss=0.942572
  shape=     0.92345 grad=  7.1328e-02
  pw=     0.45070 grad=  1.6352e+01
  fBase=    32.92997 grad= -7.6014e-03
  fAmt=   704.23547 grad=  8.4105e-03
  fDecay=     0.23835 grad= -1.8293e-04
  res=     0.51515 grad=  4.1200e-02
  attackTime=     0.00687 grad=  8.4009e-04
  decayTime=     0.38281 grad=  2.0375e-02
  sustain=     0.30606 grad=  3.4601e-02
  releaseTime=     0.03080 grad=  4.6762e-02
  drive=     5.34644 grad=  4.9377e-02
  outGain=     0.61330 grad= -2.6274e-03
  vco2Level=     0.37157 grad= -6.7434e-02
  vco2Detune=     0.52899 grad= -2.8070e-01
  satGain=     1.00288 grad= -2.7840e-03
  satBias=    -0.39271 grad=  1.8526e-03
  satA2=     0.35675 grad=  4.3166e-02
  satA3=     0.22243 grad= -4.4513e-02
  satA5=    -0.20703 grad= -1.8966e-03
  filtSat=     4.00000 grad= -1.2514e-02
epoch=80 loss=0.931279
  shape=     0.92247 grad=  1.9333e-02
  pw=     0.45075 grad=  2.6230e+01
  fBase=    33.44217 grad= -2.1287e-02
  fAmt=   705.88959 grad= -6.0729e-02
  fDecay=     0.23955 grad= -7.2774e-02
  res=     0.50000 grad=  3.8987e-02
  attackTime=     0.00690 grad=  2.6527e-03
  decayTime=     0.37284 grad=  2.5555e-03
  sustain=     0.30040 grad= -1.3392e-02
  releaseTime=     0.02910 grad=  2.3146e-02
  drive=     5.25738 grad= -4.2874e-03
  outGain=     0.61470 grad= -6.1864e-02
  vco2Level=     0.37976 grad= -4.9174e-02
  vco2Detune=     0.53387 grad= -1.3099e+00
  satGain=     1.00590 grad= -3.9942e-02
  satBias=    -0.39268 grad= -3.6964e-02
  satA2=     0.35609 grad=  7.9410e-02
  satA3=     0.22310 grad= -8.6126e-02
  satA5=    -0.20707 grad= -2.6557e-02
  filtSat=     4.00000 grad= -8.2462e-03
epoch=90 loss=0.911575
  shape=     0.92169 grad=  2.1730e-01
  pw=     0.45048 grad= -1.4355e+01
  fBase=    34.30526 grad= -6.7508e-03
  fAmt=   711.16138 grad=  4.3777e-02
  fDecay=     0.24264 grad=  1.9271e-02
  res=     0.50000 grad=  4.5089e-02
  attackTime=     0.00682 grad= -4.4255e-04
  decayTime=     0.36651 grad=  2.0903e-02
  sustain=     0.29871 grad=  2.7339e-02
  releaseTime=     0.02796 grad=  1.5542e-02
  drive=     5.20745 grad=  5.4962e-02
  outGain=     0.61725 grad=  2.9875e-03
  vco2Level=     0.38637 grad= -3.1164e-02
  vco2Detune=     0.53946 grad= -1.2542e+00
  satGain=     1.00933 grad=  1.1030e-01
  satBias=    -0.39243 grad= -1.1734e-01
  satA2=     0.35515 grad=  1.1491e-01
  satA3=     0.22401 grad= -1.3604e-01
  satA5=    -0.20690 grad= -1.9543e-01
  filtSat=     4.00000 grad= -1.0055e-02
epoch=100 loss=0.901958
  shape=     0.92106 grad=  3.9488e-02
  pw=     0.45061 grad=  1.5544e+01
  fBase=    35.07472 grad= -2.0025e-02
  fAmt=   710.28241 grad= -2.6621e-02
  fDecay=     0.24409 grad= -6.1919e-02
  res=     0.50000 grad=  3.5483e-02
  attackTime=     0.00679 grad=  6.1659e-04
  decayTime=     0.35740 grad=  7.1206e-03
  sustain=     0.29565 grad= -8.4604e-03
  releaseTime=     0.02724 grad=  2.4289e-03
  drive=     5.12288 grad=  1.3523e-02
  outGain=     0.61871 grad= -3.9160e-02
  vco2Level=     0.39119 grad= -1.1012e-02
  vco2Detune=     0.54508 grad=  2.2922e-01
  satGain=     1.01171 grad=  2.9027e-02
  satBias=    -0.39268 grad= -9.0453e-02
  satA2=     0.35460 grad=  9.5611e-02
  satA3=     0.22443 grad= -1.1082e-01
  satA5=    -0.20720 grad= -1.2364e-01
  filtSat=     4.00000 grad= -8.9032e-03
epoch=110 loss=0.896116
  shape=     0.92093 grad=  4.5960e-02
  pw=     0.45054 grad=  3.7961e+00
  fBase=    36.10501 grad= -1.1729e-02
  fAmt=   711.80414 grad=  1.1776e-02
  fDecay=     0.24697 grad= -7.2187e-03
  res=     0.50000 grad=  3.8639e-02
  attackTime=     0.00674 grad=  2.7517e-04
  decayTime=     0.35003 grad=  1.6853e-02
  sustain=     0.29472 grad=  1.4903e-02
  releaseTime=     0.02691 grad= -3.5821e-05
  drive=     5.06065 grad=  3.3498e-02
  outGain=     0.62096 grad= -1.6815e-02
  vco2Level=     0.39455 grad=  1.2543e-02
  vco2Detune=     0.54891 grad= -1.8296e-01
  satGain=     1.01334 grad=  4.7984e-02
  satBias=    -0.39262 grad= -5.7869e-02
  satA2=     0.35388 grad=  5.7666e-02
  satA3=     0.22504 grad= -6.5490e-02
  satA5=    -0.20712 grad= -9.6863e-02
  filtSat=     4.00000 grad= -8.4937e-03
epoch=120 loss=0.891213
  shape=     0.92116 grad= -8.2574e-02
  pw=     0.45050 grad=  6.7109e-01
  fBase=    36.99011 grad= -1.3774e-02
  fAmt=   710.40686 grad= -1.2843e-02
  fDecay=     0.24817 grad= -1.9628e-02
  res=     0.50000 grad=  3.7471e-02
  attackTime=     0.00670 grad=  7.4989e-04
  decayTime=     0.34116 grad=  7.7763e-03
  sustain=     0.29277 grad= -7.5136e-03
  releaseTime=     0.02678 grad= -1.0888e-03
  drive=     4.99245 grad=  5.1128e-03
  outGain=     0.62306 grad= -4.8652e-02
  vco2Level=     0.39608 grad=  2.2387e-02
  vco2Detune=     0.55184 grad= -4.9697e-01
  satGain=     1.01389 grad= -1.4793e-02
  satBias=    -0.39274 grad=  1.4532e-03
  satA2=     0.35352 grad=  1.8759e-03
  satA3=     0.22529 grad=  2.5014e-03
  satA5=    -0.20718 grad=  5.0593e-03
  filtSat=     4.00000 grad= -4.5182e-03
epoch=130 loss=0.885200
  shape=     0.92195 grad=  2.8708e-01
  pw=     0.45072 grad= -6.0005e+00
  fBase=    37.93644 grad= -1.1886e-02
  fAmt=   711.22485 grad=  5.3221e-03
  fDecay=     0.24940 grad= -1.0613e-02
  res=     0.50000 grad=  3.4945e-02
  attackTime=     0.00663 grad=  8.7037e-04
  decayTime=     0.33396 grad=  1.3744e-02
  sustain=     0.29246 grad=  5.3157e-03
  releaseTime=     0.02674 grad= -1.8978e-03
  drive=     4.95183 grad=  1.8262e-02
  outGain=     0.62612 grad= -2.2240e-02
  vco2Level=     0.39514 grad=  4.8073e-02
  vco2Detune=     0.55590 grad= -1.5635e+00
  satGain=     1.01496 grad=  2.5180e-01
  satBias=    -0.39276 grad= -3.6737e-01
  satA2=     0.35328 grad=  2.5186e-01
  satA3=     0.22542 grad= -3.2853e-01
  satA5=    -0.20717 grad= -5.5614e-01
  filtSat=     4.00000 grad= -5.9749e-03
epoch=140 loss=0.875771
  shape=     0.92231 grad= -1.5770e-01
  pw=     0.45081 grad= -4.9646e+00
  fBase=    38.84951 grad= -1.5339e-02
  fAmt=   710.66882 grad= -3.4423e-02
  fDecay=     0.25016 grad= -3.1499e-02
  res=     0.50000 grad=  2.7329e-02
  attackTime=     0.00660 grad=  2.3030e-03
  decayTime=     0.32600 grad=  5.1091e-03
  sustain=     0.29162 grad= -1.5151e-02
  releaseTime=     0.02673 grad=  2.8435e-02
  drive=     4.90573 grad= -1.2060e-02
  outGain=     0.62894 grad= -5.2089e-02
  vco2Level=     0.39595 grad=  1.3164e-02
  vco2Detune=     0.56063 grad= -1.7160e+00
  satGain=     1.01144 grad= -1.7198e-01
  satBias=    -0.39216 grad=  2.0451e-01
  satA2=     0.35270 grad= -3.9778e-02
  satA3=     0.22604 grad=  1.0863e-01
  satA5=    -0.20618 grad=  3.1920e-01
  filtSat=     4.00000 grad= -2.9897e-03
epoch=150 loss=0.866886
  shape=     0.92317 grad= -8.2073e-01
  pw=     0.45071 grad= -1.7787e+01
  fBase=    39.80757 grad= -6.3709e-03
  fAmt=   710.64746 grad=  3.4649e-02
  fDecay=     0.25106 grad=  2.1354e-02
  res=     0.50000 grad=  4.2277e-02
  attackTime=     0.00670 grad=  4.3845e-03
  decayTime=     0.31871 grad=  1.8533e-02
  sustain=     0.29183 grad=  1.4092e-02
  releaseTime=     0.02668 grad= -1.1727e-03
  drive=     4.87523 grad=  3.3900e-02
  outGain=     0.63195 grad= -9.1586e-03
  vco2Level=     0.39680 grad= -6.0574e-02
  vco2Detune=     0.56573 grad= -8.6941e-01
  satGain=     1.01871 grad= -8.0317e-01
  satBias=    -0.39256 grad=  1.2311e+00
  satA2=     0.35257 grad= -6.7752e-01
  satA3=     0.22580 grad=  9.7591e-01
  satA5=    -0.20659 grad=  1.8279e+00
  filtSat=     4.00000 grad= -2.9286e-03
epoch=160 loss=0.854027
  shape=     0.92250 grad= -5.2508e-01
  pw=     0.45078 grad= -9.5385e+00
  fBase=    40.73981 grad= -1.5169e-02
  fAmt=   709.19110 grad= -1.0471e-02
  fDecay=     0.25139 grad= -2.5431e-02
  res=     0.50000 grad=  3.9901e-02
  attackTime=     0.00673 grad=  2.2981e-03
  decayTime=     0.31176 grad=  4.9094e-03
  sustain=     0.29291 grad= -2.0576e-02
  releaseTime=     0.02669 grad=  7.3657e-03
  drive=     4.84982 grad= -1.2082e-02
  outGain=     0.63488 grad= -6.4636e-02
  vco2Level=     0.39973 grad= -8.3956e-03
  vco2Detune=     0.57091 grad= -1.1105e+00
  satGain=     1.01253 grad= -4.0002e-01
  satBias=    -0.39191 grad=  5.6388e-01
  satA2=     0.35116 grad= -2.9888e-01
  satA3=     0.22675 grad=  4.4161e-01
  satA5=    -0.20628 grad=  8.5371e-01
  filtSat=     4.00000 grad=  4.3984e-05
epoch=170 loss=0.851601
  shape=     0.92221 grad= -5.6767e-01
  pw=     0.45104 grad=  6.2212e+00
  fBase=    41.82743 grad= -1.2723e-02
  fAmt=   708.64880 grad= -1.9627e-02
  fDecay=     0.25224 grad= -8.6131e-03
  res=     0.50000 grad=  3.2371e-02
  attackTime=     0.00665 grad=  4.8681e-04
  decayTime=     0.30418 grad=  8.2225e-03
  sustain=     0.29377 grad= -1.1233e-02
  releaseTime=     0.02669 grad=  8.3709e-03
  drive=     4.82646 grad= -5.9617e-03
  outGain=     0.63836 grad= -5.6967e-02
  vco2Level=     0.39960 grad= -1.0204e-02
  vco2Detune=     0.57486 grad=  2.2092e-01
  satGain=     1.01423 grad= -4.3243e-01
  satBias=    -0.39201 grad=  6.0659e-01
  satA2=     0.35061 grad= -3.1562e-01
  satA3=     0.22715 grad=  4.7621e-01
  satA5=    -0.20629 grad=  9.1993e-01
  filtSat=     4.00000 grad= -2.7122e-03
epoch=180 loss=0.850441
  shape=     0.92177 grad= -2.1405e-01
  pw=     0.45108 grad=  4.2058e+00
  fBase=    42.78320 grad= -1.5499e-02
  fAmt=   706.97003 grad= -3.1123e-02
  fDecay=     0.25219 grad= -2.4329e-02
  res=     0.50000 grad=  2.8146e-02
  attackTime=     0.00657 grad= -5.4035e-04
  decayTime=     0.29707 grad=  6.8230e-03
  sustain=     0.29480 grad= -1.6845e-02
  releaseTime=     0.02646 grad=  5.5752e-03
  drive=     4.81009 grad= -6.9928e-03
  outGain=     0.64209 grad= -5.4951e-02
  vco2Level=     0.40307 grad= -2.6898e-03
  vco2Detune=     0.57602 grad=  3.5020e-01
  satGain=     1.01786 grad= -1.5976e-01
  satBias=    -0.39232 grad=  1.8400e-01
  satA2=     0.34991 grad= -5.3869e-02
  satA3=     0.22757 grad=  1.1524e-01
  satA5=    -0.20668 grad=  2.8888e-01
  filtSat=     4.00000 grad= -4.9321e-03
epoch=190 loss=0.848174
  shape=     0.92119 grad= -7.0920e-02
  pw=     0.45088 grad=  3.2785e-01
  fBase=    43.80568 grad= -9.8634e-03
  fAmt=   706.26953 grad=  1.0696e-02
  fDecay=     0.25247 grad=  7.1207e-03
  res=     0.50000 grad=  3.3131e-02
  attackTime=     0.00653 grad=  5.8433e-06
  decayTime=     0.29050 grad=  1.2035e-02
  sustain=     0.29646 grad= -5.8647e-03
  releaseTime=     0.02620 grad= -5.7727e-04
  drive=     4.80004 grad=  4.0959e-03
  outGain=     0.64597 grad= -4.2471e-02
  vco2Level=     0.40698 grad= -2.3613e-02
  vco2Detune=     0.57475 grad= -5.5503e-02
  satGain=     1.02025 grad= -9.3680e-02
  satBias=    -0.39237 grad=  1.3316e-01
  satA2=     0.34887 grad= -1.5480e-02
  satA3=     0.22831 grad=  6.0553e-02
  satA5=    -0.20674 grad=  1.9610e-01
  filtSat=     4.00000 grad= -2.5267e-03
epoch=200 loss=0.847516
  shape=     0.92064 grad= -1.1523e-01
  pw=     0.45097 grad=  5.9863e+00
  fBase=    44.79327 grad= -1.1826e-02
  fAmt=   704.22809 grad=  3.1331e-03
  fDecay=     0.25222 grad= -1.7784e-03
  res=     0.50000 grad=  3.1379e-02
  attackTime=     0.00652 grad= -8.6701e-04
  decayTime=     0.28375 grad=  9.7142e-03
  sustain=     0.29812 grad= -1.2722e-02
  releaseTime=     0.02610 grad= -1.9753e-03
  drive=     4.78896 grad= -7.0166e-04
  outGain=     0.64983 grad= -4.9330e-02
  vco2Level=     0.41013 grad=  8.4236e-03
  vco2Detune=     0.57420 grad= -4.5240e-02
  satGain=     1.02280 grad= -9.1304e-02
  satBias=    -0.39254 grad=  1.2280e-01
  satA2=     0.34785 grad= -2.1723e-02
  satA3=     0.22898 grad=  6.7448e-02
  satA5=    -0.20694 grad=  1.8292e-01
  filtSat=     4.00000 grad= -2.6827e-03
epoch=210 loss=0.846285
  shape=     0.92030 grad= -4.5728e-02
  pw=     0.45087 grad= -1.5136e+00
  fBase=    45.84101 grad= -1.0537e-02
  fAmt=   702.82281 grad=  5.9531e-03
  fDecay=     0.25201 grad=  4.9815e-03
  res=     0.50000 grad=  3.1183e-02
  attackTime=     0.00655 grad= -3.7328e-04
  decayTime=     0.27731 grad=  1.2723e-02
  sustain=     0.30018 grad= -4.9892e-03
  releaseTime=     0.02611 grad= -1.3870e-03
  drive=     4.78130 grad=  4.7573e-03
  outGain=     0.65380 grad= -3.8137e-02
  vco2Level=     0.41076 grad=  1.2309e-02
  vco2Detune=     0.57457 grad= -1.7455e-01
  satGain=     1.02478 grad= -5.3607e-02
  satBias=    -0.39263 grad=  7.4138e-02
  satA2=     0.34678 grad=  2.4596e-02
  satA3=     0.22966 grad=  1.1571e-02
  satA5=    -0.20702 grad=  1.0612e-01
  filtSat=     4.00000 grad= -3.3603e-03
epoch=220 loss=0.846842
  shape=     0.92010 grad=  1.6020e-01
  pw=     0.45072 grad= -1.8889e+01
  fBase=    46.86230 grad= -1.1026e-02
  fAmt=   700.50891 grad=  1.7880e-02
  fDecay=     0.25158 grad= -3.6481e-03
  res=     0.50000 grad=  3.1327e-02
  attackTime=     0.00659 grad= -8.5987e-04
  decayTime=     0.27060 grad=  1.0955e-02
  sustain=     0.30181 grad= -1.0831e-02
  releaseTime=     0.02613 grad= -9.6560e-05
  drive=     4.76826 grad=  5.6751e-03
  outGain=     0.65750 grad= -3.4959e-02
  vco2Level=     0.41083 grad=  1.0830e-02
  vco2Detune=     0.57508 grad= -2.2999e-01
  satGain=     1.02707 grad=  8.1878e-02
  satBias=    -0.39286 grad= -1.1604e-01
  satA2=     0.34581 grad=  1.3866e-01
  satA3=     0.23022 grad= -1.4988e-01
  satA5=    -0.20725 grad= -1.8448e-01
  filtSat=     4.00000 grad= -2.5209e-03
epoch=230 loss=0.844483
  shape=     0.91994 grad=  5.3430e-02
  pw=     0.45089 grad=  1.6282e+00
  fBase=    47.97427 grad= -8.9110e-03
  fAmt=   698.50641 grad=  8.7885e-03
  fDecay=     0.25170 grad=  1.1399e-02
  res=     0.50000 grad=  2.9990e-02
  attackTime=     0.00665 grad= -1.7746e-04
  decayTime=     0.26451 grad=  1.4503e-02
  sustain=     0.30408 grad=  8.4674e-04
  releaseTime=     0.02614 grad=  1.6349e-03
  drive=     4.75813 grad=  7.1059e-03
  outGain=     0.66119 grad= -3.4882e-02
  vco2Level=     0.40983 grad= -4.0213e-03
  vco2Detune=     0.57510 grad=  2.6918e-01
  satGain=     1.02837 grad=  3.3344e-02
  satBias=    -0.39296 grad= -5.0033e-02
  satA2=     0.34479 grad=  9.1396e-02
  satA3=     0.23085 grad= -8.8861e-02
  satA5=    -0.20730 grad= -8.4247e-02
  filtSat=     4.00000 grad= -3.6114e-03
epoch=240 loss=0.843582
  shape=     0.91985 grad=  4.1495e-02
  pw=     0.45086 grad= -1.9663e+00
  fBase=    48.99663 grad= -1.0648e-02
  fAmt=   696.33569 grad=  2.0846e-03
  fDecay=     0.25128 grad=  3.9628e-03
  res=     0.50000 grad=  3.0512e-02
  attackTime=     0.00668 grad=  8.4760e-05
  decayTime=     0.25802 grad=  1.1518e-02
  sustain=     0.30534 grad= -8.0474e-03
  releaseTime=     0.02612 grad=  1.6178e-03
  drive=     4.74633 grad= -1.2847e-03
  outGain=     0.66471 grad= -4.3652e-02
  vco2Level=     0.40944 grad= -1.1439e-03
  vco2Detune=     0.57466 grad= -1.2305e-01
  satGain=     1.02959 grad=  1.8079e-02
  satBias=    -0.39307 grad= -3.8030e-02
  satA2=     0.34380 grad=  8.4839e-02
  satA3=     0.23146 grad= -7.9836e-02
  satA5=    -0.20737 grad= -6.2231e-02
  filtSat=     4.00000 grad= -2.3791e-03
epoch=250 loss=0.842718
  shape=     0.91984 grad=  4.8398e-03
  pw=     0.45092 grad=  2.0572e+00
  fBase=    50.03643 grad= -9.7528e-03
  fAmt=   694.78662 grad=  8.1761e-03
  fDecay=     0.25083 grad=  7.3362e-03
  res=     0.50000 grad=  3.1594e-02
  attackTime=     0.00670 grad= -6.7867e-04
  decayTime=     0.25206 grad=  1.2425e-02
  sustain=     0.30701 grad= -5.8656e-03
  releaseTime=     0.02607 grad=  1.5931e-03
  drive=     4.74220 grad=  2.4135e-03
  outGain=     0.66856 grad= -4.2544e-02
  vco2Level=     0.40975 grad= -9.7101e-03
  vco2Detune=     0.57479 grad=  5.2416e-03
  satGain=     1.03094 grad=  4.0131e-03
  satBias=    -0.39315 grad= -9.2395e-03
  satA2=     0.34286 grad=  5.8623e-02
  satA3=     0.23207 grad= -4.8479e-02
  satA5=    -0.20739 grad= -2.1540e-02
  filtSat=     4.00000 grad= -2.5589e-03
epoch=260 loss=0.841925
  shape=     0.91990 grad=  6.8270e-03
  pw=     0.45084 grad= -3.9976e+00
  fBase=    51.06328 grad= -9.8292e-03
  fAmt=   693.20184 grad=  8.5458e-03
  fDecay=     0.25030 grad=  6.2083e-03
  res=     0.50000 grad=  2.9952e-02
  attackTime=     0.00673 grad= -2.7844e-04
  decayTime=     0.24629 grad=  1.2523e-02
  sustain=     0.30862 grad= -5.7588e-03
  releaseTime=     0.02603 grad=  1.2499e-03
  drive=     4.73867 grad=  1.9502e-03
  outGain=     0.67232 grad= -3.7665e-02
  vco2Level=     0.41004 grad=  5.0964e-03
  vco2Detune=     0.57487 grad=  5.8856e-03
  satGain=     1.03220 grad= -4.1109e-04
  satBias=    -0.39323 grad= -1.0863e-03
  satA2=     0.34195 grad=  6.1268e-02
  satA3=     0.23265 grad= -4.6947e-02
  satA5=    -0.20742 grad= -9.7254e-03
  filtSat=     4.00000 grad= -2.2773e-03
epoch=270 loss=0.841045
  shape=     0.92001 grad= -8.6165e-03
  pw=     0.45093 grad=  2.0644e+00
  fBase=    52.07673 grad= -1.0000e-02
  fAmt=   691.47540 grad=  8.5336e-03
  fDecay=     0.24973 grad=  5.9402e-03
  res=     0.50000 grad=  3.1307e-02
  attackTime=     0.00678 grad= -9.3001e-04
  decayTime=     0.24068 grad=  1.2074e-02
  sustain=     0.31014 grad= -7.4137e-03
  releaseTime=     0.02598 grad=  1.4102e-03
  drive=     4.73436 grad=  1.7123e-03
  outGain=     0.67592 grad= -4.2453e-02
  vco2Level=     0.41011 grad= -5.7713e-03
  vco2Detune=     0.57476 grad=  1.7678e-02
  satGain=     1.03332 grad= -1.6555e-04
  satBias=    -0.39332 grad= -1.9624e-03
  satA2=     0.34107 grad=  5.2802e-02
  satA3=     0.23321 grad= -4.0738e-02
  satA5=    -0.20745 grad= -1.1237e-02
  filtSat=     4.00000 grad= -2.3597e-03
epoch=280 loss=0.840235
  shape=     0.92017 grad= -1.7598e-02
  pw=     0.45087 grad= -2.0401e+00
  fBase=    53.09493 grad= -1.0063e-02
  fAmt=   689.77661 grad=  5.9515e-03
  fDecay=     0.24921 grad=  5.9589e-03
  res=     0.50000 grad=  2.9695e-02
  attackTime=     0.00682 grad= -4.3069e-04
  decayTime=     0.23539 grad=  1.2196e-02
  sustain=     0.31179 grad= -6.5520e-03
  releaseTime=     0.02594 grad=  1.3935e-03
  drive=     4.73134 grad=  3.5034e-04
  outGain=     0.67949 grad= -3.9517e-02
  vco2Level=     0.41015 grad=  4.0584e-03
  vco2Detune=     0.57472 grad= -2.3296e-02
  satGain=     1.03434 grad= -1.0821e-02
  satBias=    -0.39339 grad=  1.1839e-02
  satA2=     0.34022 grad=  5.0969e-02
  satA3=     0.23375 grad= -3.3811e-02
  satA5=    -0.20746 grad=  1.0418e-02
  filtSat=     4.00000 grad= -2.1796e-03
epoch=290 loss=0.839501
  shape=     0.92035 grad= -8.2505e-03
  pw=     0.45095 grad=  3.8956e+00
  fBase=    54.09197 grad= -9.5730e-03
  fAmt=   687.93451 grad=  1.0621e-02
  fDecay=     0.24865 grad=  7.1860e-03
  res=     0.50000 grad=  3.1338e-02
  attackTime=     0.00688 grad= -9.3258e-04
  decayTime=     0.23034 grad=  1.2125e-02
  sustain=     0.31335 grad= -6.7350e-03
  releaseTime=     0.02589 grad=  1.6380e-03
  drive=     4.72845 grad=  1.7901e-03
  outGain=     0.68299 grad= -4.2713e-02
  vco2Level=     0.41026 grad= -7.8888e-03
  vco2Detune=     0.57472 grad=  4.1231e-03
  satGain=     1.03529 grad=  2.4149e-03
  satBias=    -0.39348 grad= -3.0952e-03
  satA2=     0.33942 grad=  4.9749e-02
  satA3=     0.23425 grad= -3.9068e-02
  satA5=    -0.20749 grad= -1.4135e-02
  filtSat=     4.00000 grad= -2.1179e-03
epoch=300 loss=0.838682
  shape=     0.92056 grad= -2.5239e-02
  pw=     0.45089 grad= -1.3148e+00
  fBase=    55.07674 grad= -1.0002e-02
  fAmt=   686.16943 grad=  4.8772e-03
  fDecay=     0.24810 grad=  6.0553e-03
  res=     0.50000 grad=  2.9499e-02
  attackTime=     0.00693 grad= -4.8467e-04
  decayTime=     0.22558 grad=  1.1988e-02
  sustain=     0.31489 grad= -6.1769e-03
  releaseTime=     0.02585 grad=  1.5749e-03
  drive=     4.72660 grad= -5.9517e-04
  outGain=     0.68646 grad= -4.0683e-02
  vco2Level=     0.41039 grad=  5.1398e-03
  vco2Detune=     0.57468 grad=  2.3108e-02
  satGain=     1.03614 grad= -1.2320e-02
  satBias=    -0.39356 grad=  1.3289e-02
  satA2=     0.33865 grad=  4.8667e-02
  satA3=     0.23474 grad= -3.0936e-02
  satA5=    -0.20749 grad=  1.2617e-02
  filtSat=     4.00000 grad= -2.1099e-03
epoch=310 loss=0.838013
  shape=     0.92077 grad= -7.2749e-03
  pw=     0.45095 grad=  4.2533e+00
  fBase=    56.03386 grad= -9.2414e-03
  fAmt=   684.43396 grad=  1.0338e-02
  fDecay=     0.24752 grad=  8.2779e-03
  res=     0.50000 grad=  3.0799e-02
  attackTime=     0.00699 grad= -8.0783e-04
  decayTime=     0.22105 grad=  1.2156e-02
  sustain=     0.31627 grad= -5.3527e-03
  releaseTime=     0.02580 grad=  1.7968e-03
  drive=     4.72521 grad=  1.2776e-03
  outGain=     0.68985 grad= -4.2435e-02
  vco2Level=     0.41046 grad= -4.7156e-03
  vco2Detune=     0.57463 grad= -1.5604e-02
  satGain=     1.03695 grad=  3.6692e-03
  satBias=    -0.39363 grad= -4.4657e-03
  satA2=     0.33792 grad=  5.0887e-02
  satA3=     0.23520 grad= -4.0177e-02
  satA5=    -0.20749 grad= -1.6752e-02
  filtSat=     4.00000 grad= -2.0128e-03
epoch=320 loss=0.837260
  shape=     0.92099 grad= -2.7177e-02
  pw=     0.45089 grad= -1.6052e+00
  fBase=    56.96329 grad= -9.7113e-03
  fAmt=   682.75836 grad=  5.3628e-03
  fDecay=     0.24694 grad=  6.7478e-03
  res=     0.50000 grad=  2.9418e-02
  attackTime=     0.00704 grad= -4.8399e-04
  decayTime=     0.21678 grad=  1.1796e-02
  sustain=     0.31752 grad= -5.4904e-03
  releaseTime=     0.02575 grad=  1.6584e-03
  drive=     4.72454 grad= -1.0991e-03
  outGain=     0.69316 grad= -4.0970e-02
  vco2Level=     0.41045 grad=  5.4054e-03
  vco2Detune=     0.57460 grad=  2.2693e-02
  satGain=     1.03769 grad= -1.3472e-02
  satBias=    -0.39370 grad=  1.5743e-02
  satA2=     0.33721 grad=  4.6506e-02
  satA3=     0.23564 grad= -2.8209e-02
  satA5=    -0.20749 grad=  1.5980e-02
  filtSat=     4.00000 grad= -1.9242e-03
epoch=330 loss=0.836632
  shape=     0.92120 grad= -6.9851e-03
  pw=     0.45095 grad=  3.9674e+00
  fBase=    57.86069 grad= -8.9627e-03
  fAmt=   681.14276 grad=  9.8510e-03
  fDecay=     0.24634 grad=  8.8213e-03
  res=     0.50000 grad=  3.0383e-02
  attackTime=     0.00709 grad= -7.6648e-04
  decayTime=     0.21276 grad=  1.1931e-02
  sustain=     0.31864 grad= -4.6078e-03
  releaseTime=     0.02570 grad=  1.8328e-03
  drive=     4.72449 grad=  6.0238e-04
  outGain=     0.69636 grad= -4.2243e-02
  vco2Level=     0.41039 grad= -3.3407e-03
  vco2Detune=     0.57457 grad= -1.4810e-02
  satGain=     1.03843 grad=  4.0211e-03
  satBias=    -0.39378 grad= -5.0500e-03
  satA2=     0.33653 grad=  5.1675e-02
  satA3=     0.23606 grad= -4.0968e-02
  satA5=    -0.20750 grad= -1.7923e-02
  filtSat=     4.00000 grad= -1.8794e-03
epoch=340 loss=0.835963
  shape=     0.92140 grad= -2.7810e-02
  pw=     0.45090 grad= -1.8205e+00
  fBase=    58.72214 grad= -9.3490e-03
  fAmt=   679.56866 grad=  6.0848e-03
  fDecay=     0.24575 grad=  7.4051e-03
  res=     0.50000 grad=  2.9407e-02
  attackTime=     0.00713 grad= -5.3802e-04
  decayTime=     0.20901 grad=  1.1507e-02
  sustain=     0.31965 grad= -4.9529e-03
  releaseTime=     0.02565 grad=  1.6832e-03
  drive=     4.72493 grad= -1.4143e-03
  outGain=     0.69946 grad= -4.1026e-02
  vco2Level=     0.41032 grad=  4.2490e-03
  vco2Detune=     0.57454 grad=  2.4706e-02
  satGain=     1.03910 grad= -1.3702e-02
  satBias=    -0.39385 grad=  1.6994e-02
  satA2=     0.33588 grad=  4.4695e-02
  satA3=     0.23647 grad= -2.6450e-02
  satA5=    -0.20750 grad=  1.7501e-02
  filtSat=     4.00000 grad= -1.7393e-03
epoch=350 loss=0.835389
  shape=     0.92160 grad= -8.1441e-03
  pw=     0.45094 grad=  3.5635e+00
  fBase=    59.54673 grad= -8.6924e-03
  fAmt=   678.06036 grad=  9.2520e-03
  fDecay=     0.24516 grad=  9.1346e-03
  res=     0.50000 grad=  3.0062e-02
  attackTime=     0.00718 grad= -7.6395e-04
  decayTime=     0.20553 grad=  1.1570e-02
  sustain=     0.32058 grad= -4.1049e-03
  releaseTime=     0.02561 grad=  1.8395e-03
  drive=     4.72589 grad= -6.7122e-05
  outGain=     0.70245 grad= -4.2118e-02
  vco2Level=     0.41025 grad= -2.5606e-03
  vco2Detune=     0.57451 grad= -1.5942e-02
  satGain=     1.03977 grad=  3.5438e-03
  satBias=    -0.39392 grad= -4.6457e-03
  satA2=     0.33525 grad=  5.1615e-02
  satA3=     0.23686 grad= -4.0794e-02
  satA5=    -0.20750 grad= -1.7437e-02
  filtSat=     4.00000 grad= -1.7530e-03
epoch=360 loss=0.834808
  shape=     0.92179 grad= -2.7888e-02
  pw=     0.45090 grad= -2.0326e+00
  fBase=    60.33064 grad= -8.9432e-03
  fAmt=   676.60675 grad=  6.6486e-03
  fDecay=     0.24458 grad=  8.0682e-03
  res=     0.50000 grad=  2.9388e-02
  attackTime=     0.00723 grad= -5.9508e-04
  decayTime=     0.20230 grad=  1.1183e-02
  sustain=     0.32140 grad= -4.3218e-03
  releaseTime=     0.02556 grad=  1.7004e-03
  drive=     4.72719 grad= -1.6107e-03
  outGain=     0.70531 grad= -4.0947e-02
  vco2Level=     0.41020 grad=  3.2515e-03
  vco2Detune=     0.57449 grad=  2.3509e-02
  satGain=     1.04038 grad= -1.3214e-02
  satBias=    -0.39398 grad=  1.7110e-02
  satA2=     0.33466 grad=  4.3557e-02
  satA3=     0.23723 grad= -2.5646e-02
  satA5=    -0.20750 grad=  1.7307e-02
  filtSat=     4.00000 grad= -1.5969e-03
epoch=370 loss=0.834293
  shape=     0.92198 grad= -9.9864e-03
  pw=     0.45094 grad=  3.1403e+00
  fBase=    61.07351 grad= -8.4108e-03
  fAmt=   675.23041 grad=  8.6019e-03
  fDecay=     0.24401 grad=  9.3864e-03
  res=     0.50000 grad=  2.9771e-02
  attackTime=     0.00727 grad= -7.6472e-04
  decayTime=     0.19931 grad=  1.1182e-02
  sustain=     0.32214 grad= -3.5609e-03
  releaseTime=     0.02552 grad=  1.8352e-03
  drive=     4.72881 grad= -5.9171e-04
  outGain=     0.70804 grad= -4.1877e-02
  vco2Level=     0.41014 grad= -1.7493e-03
  vco2Detune=     0.57447 grad= -1.5488e-02
  satGain=     1.04097 grad=  2.8681e-03
  satBias=    -0.39405 grad= -3.9625e-03
  satA2=     0.33410 grad=  5.1285e-02
  satA3=     0.23758 grad= -4.0279e-02
  satA5=    -0.20750 grad= -1.6483e-02
  filtSat=     4.00000 grad= -1.6636e-03
epoch=380 loss=0.833790
  shape=     0.92216 grad= -2.7554e-02
  pw=     0.45090 grad= -2.1025e+00
  fBase=    61.77342 grad= -8.5407e-03
  fAmt=   673.92670 grad=  7.0189e-03
  fDecay=     0.24345 grad=  8.6412e-03
  res=     0.50000 grad=  2.9336e-02
  attackTime=     0.00731 grad= -6.3910e-04
  decayTime=     0.19656 grad=  1.0845e-02
  sustain=     0.32279 grad= -3.6746e-03
  releaseTime=     0.02548 grad=  1.7043e-03
  drive=     4.73061 grad= -1.7167e-03
  outGain=     0.71064 grad= -4.0741e-02
  vco2Level=     0.41010 grad=  2.5074e-03
  vco2Detune=     0.57445 grad=  2.1443e-02
  satGain=     1.04152 grad= -1.2181e-02
  satBias=    -0.39411 grad=  1.6299e-02
  satA2=     0.33356 grad=  4.3060e-02
  satA3=     0.23791 grad= -2.5676e-02
  satA5=    -0.20750 grad=  1.5721e-02
  filtSat=     4.00000 grad= -1.4964e-03
epoch=390 loss=0.833340
  shape=     0.92233 grad= -1.2028e-02
  pw=     0.45094 grad=  2.6933e+00
  fBase=    62.43073 grad= -8.1349e-03
  fAmt=   672.70355 grad=  8.0587e-03
  fDecay=     0.24291 grad=  9.5616e-03
  res=     0.50000 grad=  2.9522e-02
  attackTime=     0.00735 grad= -7.6422e-04
  decayTime=     0.19403 grad=  1.0789e-02
  sustain=     0.32337 grad= -3.0605e-03
  releaseTime=     0.02544 grad=  1.8163e-03
  drive=     4.73257 grad= -9.7332e-04
  outGain=     0.71310 grad= -4.1542e-02
  vco2Level=     0.41005 grad= -1.1440e-03
  vco2Detune=     0.57444 grad= -1.4472e-02
  satGain=     1.04204 grad=  2.0965e-03
  satBias=    -0.39417 grad= -3.0426e-03
  satA2=     0.33306 grad=  5.0708e-02
  satA3=     0.23822 grad= -3.9490e-02
  satA5=    -0.20750 grad= -1.5152e-02
  filtSat=     4.00000 grad= -1.5956e-03
epoch=400 loss=0.832914
  shape=     0.92250 grad= -2.7120e-02
  pw=     0.45090 grad= -2.0658e+00
  fBase=    63.04513 grad= -8.1776e-03
  fAmt=   671.55737 grad=  7.2354e-03
  fDecay=     0.24240 grad=  9.0507e-03
  res=     0.50000 grad=  2.9261e-02
  attackTime=     0.00739 grad= -6.7201e-04
  decayTime=     0.19172 grad=  1.0495e-02
  sustain=     0.32387 grad= -3.1316e-03
  releaseTime=     0.02541 grad=  1.6943e-03
  drive=     4.73459 grad= -1.7864e-03
  outGain=     0.71542 grad= -4.0495e-02
  vco2Level=     0.41001 grad=  1.8554e-03
  vco2Detune=     0.57442 grad=  1.9225e-02
  satGain=     1.04251 grad= -1.1001e-02
  satBias=    -0.39423 grad=  1.5106e-02
  satA2=     0.33259 grad=  4.2862e-02
  satA3=     0.23851 grad= -2.6085e-02
  satA5=    -0.20750 grad=  1.3600e-02
  filtSat=     4.00000 grad= -1.4239e-03
epoch=410 loss=0.832526
  shape=     0.92266 grad= -1.4120e-02
  pw=     0.45093 grad=  2.2360e+00
  fBase=    63.61748 grad= -7.8770e-03
  fAmt=   670.48999 grad=  7.6444e-03
  fDecay=     0.24191 grad=  9.6700e-03
  res=     0.50000 grad=  2.9307e-02
  attackTime=     0.00743 grad= -7.6283e-04
  decayTime=     0.18961 grad=  1.0413e-02
  sustain=     0.32431 grad= -2.6191e-03
  releaseTime=     0.02537 grad=  1.7865e-03
  drive=     4.73664 grad= -1.2313e-03
  outGain=     0.71760 grad= -4.1143e-02
  vco2Level=     0.40998 grad= -7.4907e-04
  vco2Detune=     0.57441 grad= -1.3585e-02
  satGain=     1.04297 grad=  1.2090e-03
  satBias=    -0.39428 grad= -1.8583e-03
  satA2=     0.33214 grad=  4.9918e-02
  satA3=     0.23879 grad= -3.8445e-02
  satA5=    -0.20750 grad= -1.3406e-02
  filtSat=     4.00000 grad= -1.5430e-03
epoch=420 loss=0.832170
  shape=     0.92282 grad= -2.6726e-02
  pw=     0.45091 grad= -1.9736e+00
  fBase=    64.14840 grad= -7.8604e-03
  fAmt=   669.49811 grad=  7.3385e-03
  fDecay=     0.24144 grad=  9.3302e-03
  res=     0.50000 grad=  2.9167e-02
  attackTime=     0.00747 grad= -6.9388e-04
  decayTime=     0.18769 grad=  1.0158e-02
  sustain=     0.32469 grad= -2.6702e-03
  releaseTime=     0.02534 grad=  1.6761e-03
  drive=     4.73867 grad= -1.8198e-03
  outGain=     0.71964 grad= -4.0207e-02
  vco2Level=     0.40995 grad=  1.3436e-03
  vco2Detune=     0.57440 grad=  1.7441e-02
  satGain=     1.04338 grad= -9.9134e-03
  satBias=    -0.39433 grad=  1.3919e-02
  satA2=     0.33173 grad=  4.2804e-02
  satA3=     0.23905 grad= -2.6591e-02
  satA5=    -0.20750 grad=  1.1534e-02
  filtSat=     4.00000 grad= -1.3741e-03
epoch=430 loss=0.831838
  shape=     0.92297 grad= -1.6004e-02
  pw=     0.45093 grad=  1.7972e+00
  fBase=    64.63916 grad= -7.6454e-03
  fAmt=   668.58051 grad=  7.3332e-03
  fDecay=     0.24100 grad=  9.7223e-03
  res=     0.50000 grad=  2.9127e-02
  attackTime=     0.00750 grad= -7.6010e-04
  decayTime=     0.18594 grad=  1.0062e-02
  sustain=     0.32501 grad= -2.2537e-03
  releaseTime=     0.02531 grad=  1.7528e-03
  drive=     4.74065 grad= -1.4092e-03
  outGain=     0.72154 grad= -4.0735e-02
  vco2Level=     0.40992 grad= -4.8568e-04
  vco2Detune=     0.57440 grad= -1.1918e-02
  satGain=     1.04376 grad=  3.4900e-04
  satBias=    -0.39437 grad= -6.5581e-04
  satA2=     0.33134 grad=  4.9104e-02
  satA3=     0.23929 grad= -3.7376e-02
  satA5=    -0.20749 grad= -1.1616e-02
  filtSat=     4.00000 grad= -1.5017e-03
epoch=440 loss=0.831545
  shape=     0.92311 grad= -2.6349e-02
  pw=     0.45091 grad= -1.8524e+00
  fBase=    65.09114 grad= -7.5881e-03
  fAmt=   667.73401 grad=  7.3743e-03
  fDecay=     0.24059 grad=  9.5175e-03
  res=     0.50000 grad=  2.9068e-02
  attackTime=     0.00754 grad= -7.0750e-04
  decayTime=     0.18436 grad=  9.8475e-03
  sustain=     0.32530 grad= -2.2855e-03
  releaseTime=     0.02529 grad=  1.6554e-03
  drive=     4.74254 grad= -1.8296e-03
  outGain=     0.72330 grad= -3.9914e-02
  vco2Level=     0.40991 grad=  9.1428e-04
  vco2Detune=     0.57439 grad=  1.5210e-02
  satGain=     1.04411 grad= -8.9301e-03
  satBias=    -0.39442 grad=  1.2785e-02
  satA2=     0.33099 grad=  4.2839e-02
  satA3=     0.23951 grad= -2.7141e-02
  satA5=    -0.20749 grad=  9.5865e-03
  filtSat=     4.00000 grad= -1.3412e-03
epoch=450 loss=0.831268
  shape=     0.92324 grad= -1.7680e-02
  pw=     0.45093 grad=  1.3848e+00
  fBase=    65.50584 grad= -7.4420e-03
  fAmt=   666.95544 grad=  7.1173e-03
  fDecay=     0.24021 grad=  9.7371e-03
  res=     0.50000 grad=  2.8981e-02
  attackTime=     0.00757 grad= -7.5570e-04
  decayTime=     0.18293 grad=  9.7482e-03
  sustain=     0.32554 grad= -1.9556e-03
  releaseTime=     0.02526 grad=  1.7178e-03
  drive=     4.74435 grad= -1.5309e-03
  outGain=     0.72493 grad= -4.0345e-02
  vco2Level=     0.40989 grad= -3.1874e-04
  vco2Detune=     0.57438 grad= -1.0366e-02
  satGain=     1.04444 grad= -4.7960e-04
  satBias=    -0.39446 grad=  5.5721e-04
  satA2=     0.33066 grad=  4.8282e-02
  satA3=     0.23971 grad= -3.6297e-02
  satA5=    -0.20749 grad= -9.8028e-03
  filtSat=     4.00000 grad= -1.4667e-03
epoch=460 loss=0.831028
  shape=     0.92336 grad= -2.5873e-02
  pw=     0.45091 grad= -1.7003e+00
  fBase=    65.88499 grad= -7.3613e-03
  fAmt=   666.24200 grad=  7.3561e-03
  fDecay=     0.23985 grad=  9.6320e-03
  res=     0.50000 grad=  2.8970e-02
  attackTime=     0.00759 grad= -7.1570e-04
  decayTime=     0.18164 grad=  9.5716e-03
  sustain=     0.32575 grad= -1.9657e-03
  releaseTime=     0.02524 grad=  1.6351e-03
  drive=     4.74605 grad= -1.8229e-03
  outGain=     0.72643 grad= -3.9635e-02
  vco2Level=     0.40988 grad=  6.0241e-04
  vco2Detune=     0.57438 grad=  1.2975e-02
  satGain=     1.04473 grad= -7.9778e-03
  satBias=    -0.39449 grad=  1.1612e-02
  satA2=     0.33036 grad=  4.3024e-02
  satA3=     0.23990 grad= -2.7809e-02
  satA5=    -0.20748 grad=  7.6102e-03
  filtSat=     4.00000 grad= -1.3223e-03
epoch=470 loss=0.830802
  shape=     0.92348 grad= -1.9010e-02
  pw=     0.45093 grad=  1.1519e+00
  fBase=    66.23040 grad= -7.2662e-03
  fAmt=   665.59045 grad=  6.9593e-03
  fDecay=     0.23952 grad=  9.7338e-03
  res=     0.50000 grad=  2.8859e-02
  attackTime=     0.00762 grad= -7.5077e-04
  decayTime=     0.18049 grad=  9.4749e-03
  sustain=     0.32593 grad= -1.7085e-03
  releaseTime=     0.02522 grad=  1.6868e-03
  drive=     4.74763 grad= -1.6061e-03
  outGain=     0.72780 grad= -4.0010e-02
  vco2Level=     0.40987 grad= -2.5618e-04
  vco2Detune=     0.57438 grad= -9.5133e-03
  satGain=     1.04500 grad= -1.0958e-03
  satBias=    -0.39453 grad=  1.4824e-03
  satA2=     0.33008 grad=  4.7579e-02
  satA3=     0.24008 grad= -3.5429e-02
  satA5=    -0.20748 grad= -8.4309e-03
  filtSat=     4.00000 grad= -1.4413e-03
epoch=480 loss=0.830602
  shape=     0.92358 grad= -2.5589e-02
  pw=     0.45091 grad= -1.2095e+00
  fBase=    66.54404 grad= -7.1837e-03
  fAmt=   664.99945 grad=  7.2355e-03
  fDecay=     0.23923 grad=  9.6794e-03
  res=     0.50000 grad=  2.8873e-02
  attackTime=     0.00764 grad= -7.2510e-04
  decayTime=     0.17945 grad=  9.3330e-03
  sustain=     0.32608 grad= -1.6955e-03
  releaseTime=     0.02520 grad=  1.6201e-03
  drive=     4.74910 grad= -1.7926e-03
  outGain=     0.72905 grad= -3.9466e-02
  vco2Level=     0.40986 grad=  3.6733e-04
  vco2Detune=     0.57437 grad=  8.8392e-03
  satGain=     1.04524 grad= -7.0077e-03
  satBias=    -0.39456 grad=  1.0298e-02
  satA2=     0.32983 grad=  4.3234e-02
  satA3=     0.24024 grad= -2.8538e-02
  satA5=    -0.20748 grad=  5.4397e-03
  filtSat=     4.00000 grad= -1.3282e-03
epoch=490 loss=0.830421
  shape=     0.92368 grad= -2.0997e-02
  pw=     0.45093 grad=  9.3885e-01
  fBase=    66.82800 grad= -7.1179e-03
  fAmt=   664.46588 grad=  6.8598e-03
  fDecay=     0.23895 grad=  9.7215e-03
  res=     0.50000 grad=  2.8757e-02
  attackTime=     0.00766 grad= -7.4635e-04
  decayTime=     0.17852 grad=  9.2510e-03
  sustain=     0.32621 grad= -1.4776e-03
  releaseTime=     0.02518 grad=  1.6540e-03
  drive=     4.75044 grad= -1.6311e-03
  outGain=     0.73020 grad= -3.9683e-02
  vco2Level=     0.40986 grad= -2.1147e-04
  vco2Detune=     0.57437 grad= -7.1841e-03
  satGain=     1.04547 grad= -2.2524e-03
  satBias=    -0.39459 grad=  3.2178e-03
  satA2=     0.32960 grad=  4.6414e-02
  satA3=     0.24038 grad= -3.3878e-02
  satA5=    -0.20747 grad= -5.7742e-03
  filtSat=     4.00000 grad= -1.4236e-03
epoch=500 loss=0.830257
  shape=     0.92377 grad= -2.4689e-02
  pw=     0.45092 grad= -6.1595e-01
  fBase=    67.08435 grad= -7.0435e-03
  fAmt=   663.98309 grad=  7.0913e-03
  fDecay=     0.23870 grad=  9.6950e-03
  res=     0.50000 grad=  2.8768e-02
  attackTime=     0.00768 grad= -7.3181e-04
  decayTime=     0.17769 grad=  9.1393e-03
  sustain=     0.32632 grad= -1.4495e-03
  releaseTime=     0.02517 grad=  1.6076e-03
  drive=     4.75166 grad= -1.7346e-03
  outGain=     0.73123 grad= -3.9305e-02
  vco2Level=     0.40986 grad=  1.2971e-04
  vco2Detune=     0.57437 grad=  5.6578e-03
  satGain=     1.04567 grad= -5.6668e-03
  satBias=    -0.39461 grad=  8.3969e-03
  satA2=     0.32939 grad=  4.3869e-02
  satA3=     0.24051 grad= -2.9828e-02
  satA5=    -0.20747 grad=  2.3576e-03
  filtSat=     4.00000 grad= -1.3481e-03
epoch=510 loss=0.830113
  shape=     0.92386 grad= -2.3119e-02
  pw=     0.45092 grad=  1.0655e-01
  fBase=    67.31528 grad= -6.9887e-03
  fAmt=   663.54816 grad=  6.9299e-03
  fDecay=     0.23848 grad=  9.7006e-03
  res=     0.50000 grad=  2.8701e-02
  attackTime=     0.00770 grad= -7.3661e-04
  decayTime=     0.17695 grad=  9.0597e-03
  sustain=     0.32641 grad= -1.3270e-03
  releaseTime=     0.02516 grad=  1.6124e-03
  drive=     4.75276 grad= -1.6819e-03
  outGain=     0.73216 grad= -3.9304e-02
  vco2Level=     0.40986 grad= -6.1608e-05
  vco2Detune=     0.57437 grad=  3.8932e-05
  satGain=     1.04585 grad= -3.9930e-03
  satBias=    -0.39463 grad=  5.9146e-03
  satA2=     0.32920 grad=  4.4978e-02
  satA3=     0.24063 grad= -3.1704e-02
  satA5=    -0.20747 grad= -1.5943e-03
  filtSat=     4.00000 grad= -1.3797e-03
epoch=520 loss=0.829984
  shape=     0.92393 grad= -2.2900e-02
  pw=     0.45092 grad=  2.3528e-01
  fBase=    67.52316 grad= -6.9348e-03
  fAmt=   663.15601 grad=  6.8791e-03
  fDecay=     0.23827 grad=  9.7001e-03
  res=     0.50000 grad=  2.8656e-02
  attackTime=     0.00772 grad= -7.3611e-04
  decayTime=     0.17629 grad=  8.9804e-03
  sustain=     0.32649 grad= -1.2454e-03
  releaseTime=     0.02514 grad=  1.6051e-03
  drive=     4.75375 grad= -1.6704e-03
  outGain=     0.73301 grad= -3.9216e-02
  vco2Level=     0.40986 grad= -1.3279e-04
  vco2Detune=     0.57437 grad= -1.1091e-03
  satGain=     1.04601 grad= -3.6634e-03
  satBias=    -0.39465 grad=  5.4468e-03
  satA2=     0.32903 grad=  4.5131e-02
  satA3=     0.24074 grad= -3.2030e-02
  satA5=    -0.20746 grad= -2.3625e-03
  filtSat=     4.00000 grad= -1.3829e-03
epoch=530 loss=0.829867
  shape=     0.92400 grad= -2.3467e-02
  pw=     0.45092 grad=  5.2921e-02
  fBase=    67.71029 grad= -6.8857e-03
  fAmt=   662.80231 grad=  6.8762e-03
  fDecay=     0.23809 grad=  9.6911e-03
  res=     0.50000 grad=  2.8631e-02
  attackTime=     0.00773 grad= -7.3336e-04
  decayTime=     0.17570 grad=  8.9038e-03
  sustain=     0.32655 grad= -1.1916e-03
  releaseTime=     0.02513 grad=  1.5919e-03
  drive=     4.75465 grad= -1.6840e-03
  outGain=     0.73377 grad= -3.9097e-02
  vco2Level=     0.40986 grad= -1.1966e-04
  vco2Detune=     0.57437 grad=  2.7595e-04
  satGain=     1.04615 grad= -4.0816e-03
  satBias=    -0.39467 grad=  6.0939e-03
  satA2=     0.32887 grad=  4.4749e-02
  satA3=     0.24083 grad= -3.1486e-02
  satA5=    -0.20746 grad= -1.3659e-03
  filtSat=     4.00000 grad= -1.3715e-03
epoch=540 loss=0.829764
  shape=     0.92407 grad= -2.3488e-02
  pw=     0.45092 grad=  4.1565e-02
  fBase=    67.87900 grad= -6.8366e-03
  fAmt=   662.48431 grad=  6.8733e-03
  fDecay=     0.23792 grad=  9.6998e-03
  res=     0.50000 grad=  2.8602e-02
  attackTime=     0.00775 grad= -7.3136e-04
  decayTime=     0.17518 grad=  8.8397e-03
  sustain=     0.32661 grad= -1.1264e-03
  releaseTime=     0.02512 grad=  1.5835e-03
  drive=     4.75547 grad= -1.6770e-03
  outGain=     0.73446 grad= -3.8997e-02
  vco2Level=     0.40986 grad= -1.5552e-04
  vco2Detune=     0.57437 grad=  4.8762e-04
  satGain=     1.04628 grad= -4.0481e-03
  satBias=    -0.39469 grad=  6.0899e-03
  satA2=     0.32873 grad=  4.4704e-02
  satA3=     0.24092 grad= -3.1469e-02
  satA5=    -0.20746 grad= -1.4023e-03
  filtSat=     4.00000 grad= -1.3678e-03
epoch=550 loss=0.829669
  shape=     0.92413 grad= -2.3657e-02
  pw=     0.45092 grad=  3.6042e-02
  fBase=    68.03191 grad= -6.7993e-03
  fAmt=   662.19391 grad=  6.8456e-03
  fDecay=     0.23777 grad=  9.6853e-03
  res=     0.50000 grad=  2.8575e-02
  attackTime=     0.00776 grad= -7.3072e-04
  decayTime=     0.17470 grad=  8.7767e-03
  sustain=     0.32666 grad= -1.0838e-03
  releaseTime=     0.02511 grad=  1.5747e-03
  drive=     4.75622 grad= -1.6792e-03
  outGain=     0.73508 grad= -3.8922e-02
  vco2Level=     0.40987 grad= -1.7976e-04
  vco2Detune=     0.57437 grad=  3.7984e-04
  satGain=     1.04640 grad= -4.0998e-03
  satBias=    -0.39471 grad=  6.1758e-03
  satA2=     0.32861 grad=  4.4600e-02
  satA3=     0.24100 grad= -3.1367e-02
  satA5=    -0.20746 grad= -1.2860e-03
  filtSat=     4.00000 grad= -1.3655e-03
epoch=560 loss=0.829584
  shape=     0.92418 grad= -2.3743e-02
  pw=     0.45092 grad=  1.4442e-02
  fBase=    68.17171 grad= -6.7639e-03
  fAmt=   661.92896 grad=  6.8207e-03
  fDecay=     0.23763 grad=  9.6758e-03
  res=     0.50000 grad=  2.8550e-02
  attackTime=     0.00777 grad= -7.2902e-04
  decayTime=     0.17427 grad=  8.7188e-03
  sustain=     0.32670 grad= -1.0424e-03
  releaseTime=     0.02511 grad=  1.5673e-03
  drive=     4.75690 grad= -1.6834e-03
  outGain=     0.73566 grad= -3.8852e-02
  vco2Level=     0.40987 grad= -2.0118e-04
  vco2Detune=     0.57437 grad=  5.1480e-04
  satGain=     1.04651 grad= -4.1124e-03
  satBias=    -0.39472 grad=  6.2002e-03
  satA2=     0.32849 grad=  4.4544e-02
  satA3=     0.24108 grad= -3.1324e-02
  satA5=    -0.20745 grad= -1.2608e-03
  filtSat=     4.00000 grad= -1.3627e-03
epoch=570 loss=0.829505
  shape=     0.92423 grad= -2.3872e-02
  pw=     0.45092 grad=  2.7585e-03
  fBase=    68.30095 grad= -6.7302e-03
  fAmt=   661.68372 grad=  6.8045e-03
  fDecay=     0.23750 grad=  9.6678e-03
  res=     0.50000 grad=  2.8527e-02
  attackTime=     0.00778 grad= -7.2738e-04
  decayTime=     0.17387 grad=  8.6656e-03
  sustain=     0.32674 grad= -1.0024e-03
  releaseTime=     0.02510 grad=  1.5602e-03
  drive=     4.75753 grad= -1.6830e-03
  outGain=     0.73619 grad= -3.8784e-02
  vco2Level=     0.40987 grad= -2.1509e-04
  vco2Detune=     0.57437 grad=  5.6803e-04
  satGain=     1.04662 grad= -4.1530e-03
  satBias=    -0.39473 grad=  6.2755e-03
  satA2=     0.32838 grad=  4.4458e-02
  satA3=     0.24114 grad= -3.1238e-02
  satA5=    -0.20745 grad= -1.1588e-03
  filtSat=     4.00000 grad= -1.3602e-03
epoch=580 loss=0.829432
  shape=     0.92428 grad= -2.3979e-02
  pw=     0.45092 grad= -9.0459e-03
  fBase=    68.42241 grad= -6.6990e-03
  fAmt=   661.45245 grad=  6.7884e-03
  fDecay=     0.23738 grad=  9.6588e-03
  res=     0.50000 grad=  2.8504e-02
  attackTime=     0.00779 grad= -7.2643e-04
  decayTime=     0.17350 grad=  8.6159e-03
  sustain=     0.32678 grad= -9.6489e-04
  releaseTime=     0.02509 grad=  1.5532e-03
  drive=     4.75813 grad= -1.6839e-03
  outGain=     0.73669 grad= -3.8718e-02
  vco2Level=     0.40988 grad= -2.3388e-04
  vco2Detune=     0.57437 grad=  6.6255e-04
  satGain=     1.04671 grad= -4.1832e-03
  satBias=    -0.39475 grad=  6.3336e-03
  satA2=     0.32828 grad=  4.4387e-02
  satA3=     0.24121 grad= -3.1170e-02
  satA5=    -0.20745 grad= -1.0838e-03
  filtSat=     4.00000 grad= -1.3582e-03
epoch=590 loss=0.829362
  shape=     0.92432 grad= -2.3917e-02
  pw=     0.45092 grad=  3.5401e-03
  fBase=    68.53899 grad= -6.6669e-03
  fAmt=   661.23010 grad=  6.7773e-03
  fDecay=     0.23726 grad=  9.6580e-03
  res=     0.50000 grad=  2.8484e-02
  attackTime=     0.00780 grad= -7.2492e-04
  decayTime=     0.17315 grad=  8.5706e-03
  sustain=     0.32681 grad= -9.1990e-04
  releaseTime=     0.02508 grad=  1.5471e-03
  drive=     4.75871 grad= -1.6767e-03
  outGain=     0.73717 grad= -3.8651e-02
  vco2Level=     0.40988 grad= -2.5371e-04
  vco2Detune=     0.57437 grad=  7.7130e-04
  satGain=     1.04680 grad= -4.0958e-03
  satBias=    -0.39476 grad=  6.2325e-03
  satA2=     0.32818 grad=  4.4414e-02
  satA3=     0.24127 grad= -3.1241e-02
  satA5=    -0.20745 grad= -1.2648e-03
  filtSat=     4.00000 grad= -1.3574e-03
epoch=599 loss=0.829298
  shape=     0.92436 grad= -2.3990e-02
  pw=     0.45092 grad= -6.2081e-03
  fBase=    68.64214 grad= -6.6387e-03
  fAmt=   661.03406 grad=  6.7683e-03
  fDecay=     0.23715 grad=  9.6543e-03
  res=     0.50000 grad=  2.8465e-02
  attackTime=     0.00781 grad= -7.2463e-04
  decayTime=     0.17284 grad=  8.5287e-03
  sustain=     0.32684 grad= -8.8508e-04
  releaseTime=     0.02508 grad=  1.5411e-03
  drive=     4.75922 grad= -1.6723e-03
  outGain=     0.73759 grad= -3.8596e-02
  vco2Level=     0.40988 grad= -2.8211e-04
  vco2Detune=     0.57437 grad=  6.0057e-04
  satGain=     1.04689 grad= -4.1033e-03
  satBias=    -0.39477 grad=  6.2635e-03
  satA2=     0.32809 grad=  4.4357e-02
  satA3=     0.24132 grad= -3.1193e-02
  satA5=    -0.20744 grad= -1.2323e-03
  filtSat=     4.00000 grad= -1.3562e-03
