epoch=0 loss=2.352283
  shape=     0.59979 grad= -5.8381e+00
  pw=     0.45809 grad=  3.9420e+00
  fBase=    92.57861 grad= -1.0485e+00
  fAmt=   881.99115 grad= -1.3066e+00
  fDecay=     0.12078 grad= -1.9550e+00
  res=     0.71775 grad= -5.6941e-02
  attackTime=     0.00741 grad=  1.4182e-02
  decayTime=     0.24569 grad= -2.8933e-01
  sustain=     0.51230 grad= -1.1309e+00
  releaseTime=     0.03214 grad=  9.6489e-02
  drive=     0.97115 grad= -1.3210e+00
  outGain=     1.99264 grad= -1.3645e+00
  vco2Level=     1.47259 grad= -2.4609e-01
  vco2Detune=     0.08825 grad= -2.1390e-01
  satGain=     1.15874 grad= -1.3421e+00
  satBias=    -0.33775 grad= -2.5208e-01
  satA2=    -0.10755 grad=  1.6208e+00
  satA3=    -0.44987 grad= -1.6622e+00
  satA5=     0.18834 grad= -1.7990e+00
  filtSat=     1.98513 grad=  4.9404e-02
epoch=10 loss=1.860458
  shape=     0.60979 grad= -9.6002e-01
  pw=     0.45819 grad=  2.2667e+01
  fBase=   101.73183 grad= -1.0806e-01
  fAmt=   967.48212 grad=  1.9997e-01
  fDecay=     0.13337 grad= -2.7580e-01
  res=     0.74931 grad=  7.9051e-02
  attackTime=     0.00713 grad= -2.2785e-02
  decayTime=     0.26984 grad= -3.3150e-02
  sustain=     0.54071 grad= -1.3055e-01
  releaseTime=     0.02915 grad=  1.0376e-01
  drive=     1.06720 grad=  9.1677e-03
  outGain=     2.00000 grad= -2.0026e-02
  vco2Level=     1.50000 grad= -1.1294e-01
  vco2Detune=     0.08872 grad=  2.8593e-02
  satGain=     1.27510 grad= -3.1451e-02
  satBias=    -0.33223 grad= -3.2605e-02
  satA2=    -0.11649 grad= -1.0976e-01
  satA3=    -0.44088 grad=  1.6354e-01
  satA5=     0.19749 grad=  1.9997e-01
  filtSat=     1.90815 grad= -2.9523e-02
epoch=20 loss=1.836080
  shape=     0.61446 grad=  5.5694e-01
  pw=     0.45662 grad=  6.0010e-01
  fBase=   105.86626 grad=  1.9942e-01
  fAmt=   964.38971 grad=  6.4488e-01
  fDecay=     0.13978 grad=  3.4193e-01
  res=     0.68423 grad=  1.1795e-01
  attackTime=     0.00781 grad= -3.1079e-02
  decayTime=     0.28168 grad=  3.8319e-02
  sustain=     0.55377 grad=  1.5475e-01
  releaseTime=     0.02638 grad=  9.1842e-02
  drive=     1.09078 grad=  3.8560e-01
  outGain=     1.99839 grad=  3.6337e-01
  vco2Level=     1.50000 grad= -9.9237e-02
  vco2Detune=     0.08864 grad=  9.5709e-02
  satGain=     1.30624 grad=  4.1068e-01
  satBias=    -0.33080 grad= -9.7888e-02
  satA2=    -0.11678 grad= -4.8656e-01
  satA3=    -0.44115 grad=  5.9194e-01
  satA5=     0.19682 grad=  7.5480e-01
  filtSat=     1.95394 grad= -3.6503e-02
epoch=30 loss=1.789683
  shape=     0.61445 grad= -1.1832e+00
  pw=     0.45637 grad= -7.7612e+00
  fBase=   105.34768 grad= -1.1357e-01
  fAmt=   910.23798 grad= -3.1171e-02
  fDecay=     0.13923 grad= -2.7332e-01
  res=     0.61643 grad=  5.6413e-02
  attackTime=     0.00863 grad= -5.7824e-03
  decayTime=     0.28295 grad= -3.6155e-02
  sustain=     0.55484 grad= -1.3641e-01
  releaseTime=     0.02402 grad=  5.3512e-02
  drive=     1.05911 grad= -1.1774e-01
  outGain=     1.98364 grad= -1.4010e-01
  vco2Level=     1.50000 grad= -1.1992e-01
  vco2Detune=     0.08828 grad= -5.7818e-02
  satGain=     1.27075 grad= -1.9144e-01
  satBias=    -0.32803 grad= -2.8129e-02
  satA2=    -0.11309 grad=  1.9884e-01
  satA3=    -0.44561 grad= -1.8331e-01
  satA5=     0.19172 grad= -2.3669e-01
  filtSat=     2.03489 grad= -1.1717e-02
epoch=40 loss=1.766897
  shape=     0.62145 grad= -7.7400e-01
  pw=     0.45628 grad= -1.6583e+01
  fBase=   106.60067 grad= -3.9037e-02
  fAmt=   888.70569 grad=  3.9761e-02
  fDecay=     0.14258 grad= -1.2795e-01
  res=     0.56709 grad=  6.1667e-02
  attackTime=     0.00914 grad= -8.9468e-04
  decayTime=     0.28882 grad= -1.6989e-02
  sustain=     0.56078 grad= -5.9292e-02
  releaseTime=     0.02231 grad=  2.7911e-02
  drive=     1.05897 grad= -4.2076e-02
  outGain=     1.98644 grad= -6.2320e-02
  vco2Level=     1.50000 grad= -1.0976e-01
  vco2Detune=     0.08845 grad= -2.0531e-03
  satGain=     1.28190 grad= -1.0117e-01
  satBias=    -0.32640 grad= -1.9854e-02
  satA2=    -0.11343 grad=  8.7811e-02
  satA3=    -0.44587 grad= -6.4060e-02
  satA5=     0.19149 grad= -1.0296e-01
  filtSat=     2.09368 grad= -9.9907e-03
epoch=50 loss=1.749257
  shape=     0.62928 grad= -2.5055e-01
  pw=     0.45689 grad= -1.4909e+01
  fBase=   107.46027 grad=  7.4826e-02
  fAmt=   873.48480 grad=  1.8595e-01
  fDecay=     0.14555 grad=  8.7335e-02
  res=     0.52369 grad=  6.9961e-02
  attackTime=     0.00939 grad= -6.9714e-04
  decayTime=     0.29379 grad=  7.9371e-03
  sustain=     0.56546 grad=  4.1472e-02
  releaseTime=     0.02122 grad=  1.1119e-02
  drive=     1.06223 grad=  8.6473e-02
  outGain=     1.99113 grad=  7.0280e-02
  vco2Level=     1.50000 grad= -1.0790e-01
  vco2Detune=     0.08858 grad=  8.9376e-03
  satGain=     1.30186 grad=  4.5813e-02
  satBias=    -0.32488 grad= -2.6217e-02
  satA2=    -0.11444 grad= -6.2083e-02
  satA3=    -0.44546 grad=  1.0230e-01
  satA5=     0.19222 grad=  1.0180e-01
  filtSat=     2.14623 grad= -1.2291e-02
epoch=60 loss=1.742071
  shape=     0.63487 grad= -4.8105e-01
  pw=     0.45649 grad= -2.2039e+00
  fBase=   106.47620 grad=  1.2241e-02
  fAmt=   849.55304 grad=  4.0550e-02
  fDecay=     0.14539 grad= -2.4021e-02
  res=     0.50000 grad=  5.6170e-02
  attackTime=     0.00947 grad=  4.7838e-03
  decayTime=     0.29472 grad= -7.3831e-03
  sustain=     0.56563 grad= -1.9575e-02
  releaseTime=     0.02066 grad= -6.5848e-03
  drive=     1.05163 grad= -1.9335e-02
  outGain=     1.98788 grad= -3.5435e-02
  vco2Level=     1.50000 grad= -1.0412e-01
  vco2Detune=     0.08851 grad= -5.7556e-03
  satGain=     1.30609 grad= -7.0753e-02
  satBias=    -0.32344 grad= -4.0472e-04
  satA2=    -0.11421 grad=  3.7191e-02
  satA3=    -0.44634 grad= -1.8239e-02
  satA5=     0.19174 grad= -6.7215e-02
  filtSat=     2.19807 grad= -5.3552e-03
epoch=70 loss=1.738792
  shape=     0.64100 grad= -4.2894e-01
  pw=     0.45747 grad=  2.3442e+01
  fBase=   105.64851 grad=  2.7027e-02
  fAmt=   833.58325 grad=  5.5682e-02
  fDecay=     0.14560 grad=  5.3046e-03
  res=     0.50000 grad=  5.5326e-02
  attackTime=     0.00934 grad=  6.1968e-03
  decayTime=     0.29650 grad= -3.3270e-03
  sustain=     0.56655 grad= -2.9036e-03
  releaseTime=     0.02056 grad= -8.2195e-03
  drive=     1.04956 grad=  1.1972e-04
  outGain=     1.98954 grad= -1.6266e-02
  vco2Level=     1.50000 grad= -9.6771e-02
  vco2Detune=     0.08833 grad= -6.6718e-02
  satGain=     1.32195 grad= -5.0951e-02
  satBias=    -0.32302 grad= -4.5770e-03
  satA2=    -0.11454 grad=  1.1551e-02
  satA3=    -0.44653 grad=  1.3404e-02
  satA5=     0.19231 grad= -2.3018e-02
  filtSat=     2.23354 grad= -8.3240e-03
epoch=80 loss=1.728873
  shape=     0.64692 grad= -3.2175e-01
  pw=     0.45726 grad=  1.7611e+01
  fBase=   104.58310 grad=  4.3452e-02
  fAmt=   818.36682 grad=  8.4791e-02
  fDecay=     0.14554 grad=  2.7449e-02
  res=     0.50000 grad=  5.7787e-02
  attackTime=     0.00909 grad=  4.1335e-03
  decayTime=     0.29810 grad= -9.5858e-04
  sustain=     0.56712 grad=  8.3855e-03
  releaseTime=     0.02069 grad= -4.7321e-03
  drive=     1.04881 grad=  1.6054e-02
  outGain=     1.99222 grad= -1.6179e-03
  vco2Level=     1.50000 grad= -9.6705e-02
  vco2Detune=     0.08852 grad= -1.4587e-01
  satGain=     1.33869 grad= -1.6537e-02
  satBias=    -0.32269 grad= -1.3976e-02
  satA2=    -0.11474 grad= -2.8218e-02
  satA3=    -0.44691 grad=  6.1329e-02
  satA5=     0.19273 grad=  4.9990e-02
  filtSat=     2.26324 grad= -6.6456e-03
epoch=90 loss=1.722635
  shape=     0.65213 grad= -3.1975e-01
  pw=     0.45703 grad= -1.1322e+01
  fBase=   103.15516 grad=  2.7907e-02
  fAmt=   800.81256 grad=  7.1685e-02
  fDecay=     0.14508 grad= -9.9153e-03
  res=     0.50000 grad=  5.3638e-02
  attackTime=     0.00883 grad=  3.9223e-03
  decayTime=     0.29932 grad= -5.6849e-03
  sustain=     0.56709 grad= -8.8205e-03
  releaseTime=     0.02084 grad= -2.2257e-03
  drive=     1.04687 grad= -1.2973e-02
  outGain=     1.99453 grad= -3.2706e-02
  vco2Level=     1.50000 grad= -9.8553e-02
  vco2Detune=     0.08901 grad= -1.3624e-01
  satGain=     1.35256 grad= -4.7181e-02
  satBias=    -0.32245 grad=  3.9178e-03
  satA2=    -0.11462 grad=  6.5447e-03
  satA3=    -0.44762 grad=  1.1945e-02
  satA5=     0.19281 grad= -2.9181e-02
  filtSat=     2.28663 grad= -6.6525e-04
epoch=100 loss=1.717350
  shape=     0.65729 grad= -2.8384e-01
  pw=     0.45712 grad=  5.0541e+00
  fBase=   101.81870 grad=  3.4904e-02
  fAmt=   784.39801 grad=  7.4112e-02
  fDecay=     0.14504 grad=  3.1544e-03
  res=     0.50000 grad=  5.3390e-02
  attackTime=     0.00859 grad=  2.9774e-03
  decayTime=     0.30119 grad= -3.6206e-03
  sustain=     0.56751 grad= -2.2655e-04
  releaseTime=     0.02093 grad=  6.7995e-04
  drive=     1.04805 grad= -5.9193e-04
  outGain=     1.99899 grad= -1.9797e-02
  vco2Level=     1.50000 grad= -9.1033e-02
  vco2Detune=     0.08972 grad= -1.2700e-02
  satGain=     1.36974 grad= -3.5362e-02
  satBias=    -0.32246 grad=  2.0662e-03
  satA2=    -0.11449 grad= -1.8583e-02
  satA3=    -0.44833 grad=  4.2101e-02
  satA5=     0.19296 grad=  1.1281e-02
  filtSat=     2.30343 grad= -3.6995e-03
epoch=110 loss=1.713298
  shape=     0.66193 grad= -2.5946e-01
  pw=     0.45710 grad=  4.0836e+00
  fBase=   100.38197 grad=  3.2081e-02
  fAmt=   767.59534 grad=  6.7033e-02
  fDecay=     0.14499 grad= -4.2355e-03
  res=     0.50000 grad=  5.1667e-02
  attackTime=     0.00838 grad=  2.5702e-03
  decayTime=     0.30308 grad= -4.3423e-03
  sustain=     0.56777 grad= -2.4405e-03
  releaseTime=     0.02096 grad=  9.1660e-04
  drive=     1.04908 grad= -5.8207e-03
  outGain=     2.00000 grad= -2.5416e-02
  vco2Level=     1.50000 grad= -8.7154e-02
  vco2Detune=     0.09016 grad=  2.2462e-03
  satGain=     1.38741 grad= -4.1754e-02
  satBias=    -0.32275 grad=  7.4901e-03
  satA2=    -0.11423 grad= -1.4308e-02
  satA3=    -0.44915 grad=  3.3917e-02
  satA5=     0.19308 grad= -2.3181e-03
  filtSat=     2.31968 grad= -3.3312e-03
epoch=120 loss=1.709877
  shape=     0.66611 grad= -2.8762e-01
  pw=     0.45703 grad= -6.4678e+00
  fBase=    98.99321 grad=  2.2050e-02
  fAmt=   751.72119 grad=  4.5525e-02
  fDecay=     0.14523 grad= -2.3998e-02
  res=     0.50000 grad=  4.8226e-02
  attackTime=     0.00821 grad=  2.8096e-03
  decayTime=     0.30541 grad= -6.7521e-03
  sustain=     0.56831 grad= -1.0973e-02
  releaseTime=     0.02095 grad=  9.9982e-05
  drive=     1.05128 grad= -2.4020e-02
  outGain=     2.00000 grad= -4.4204e-02
  vco2Level=     1.50000 grad= -8.6476e-02
  vco2Detune=     0.09035 grad= -8.4725e-03
  satGain=     1.40180 grad= -6.3229e-02
  satBias=    -0.32404 grad=  2.0682e-02
  satA2=    -0.11266 grad= -5.4627e-03
  satA3=    -0.45117 grad=  1.6941e-02
  satA5=     0.19210 grad= -3.4852e-02
  filtSat=     2.33441 grad= -1.9109e-03
epoch=130 loss=1.706971
  shape=     0.67014 grad= -1.5592e-01
  pw=     0.45714 grad=  1.2444e+01
  fBase=    97.75135 grad=  4.2373e-02
  fAmt=   738.79480 grad=  6.4371e-02
  fDecay=     0.14586 grad=  1.3154e-02
  res=     0.50000 grad=  5.0020e-02
  attackTime=     0.00803 grad=  2.0447e-03
  decayTime=     0.30824 grad= -1.6918e-03
  sustain=     0.56917 grad=  9.1646e-03
  releaseTime=     0.02093 grad=  6.3293e-04
  drive=     1.05628 grad=  5.6888e-03
  outGain=     2.00000 grad= -1.2985e-02
  vco2Level=     1.50000 grad= -7.7317e-02
  vco2Detune=     0.09045 grad= -7.3657e-03
  satGain=     1.42222 grad= -4.2149e-02
  satBias=    -0.32638 grad=  1.8796e-02
  satA2=    -0.11111 grad= -1.1822e-02
  satA3=    -0.45300 grad=  2.3302e-02
  satA5=     0.19158 grad= -2.6605e-02
  filtSat=     2.35091 grad= -5.8643e-03
epoch=140 loss=1.703278
  shape=     0.67335 grad= -1.6185e-01
  pw=     0.45704 grad= -2.5500e+00
  fBase=    96.15664 grad=  2.9524e-02
  fAmt=   724.53467 grad=  5.1416e-02
  fDecay=     0.14585 grad= -1.2360e-02
  res=     0.50000 grad=  4.7351e-02
  attackTime=     0.00790 grad=  1.7791e-03
  decayTime=     0.31016 grad= -5.6164e-03
  sustain=     0.56900 grad= -5.9225e-03
  releaseTime=     0.02092 grad= -1.2077e-03
  drive=     1.05786 grad= -1.4157e-02
  outGain=     2.00000 grad= -3.3902e-02
  vco2Level=     1.50000 grad= -7.7625e-02
  vco2Detune=     0.09053 grad= -1.0131e-02
  satGain=     1.44115 grad= -2.5259e-02
  satBias=    -0.32850 grad=  3.1756e-02
  satA2=    -0.10985 grad= -1.0756e-01
  satA3=    -0.45458 grad=  1.2214e-01
  satA5=     0.19118 grad=  1.0880e-01
  filtSat=     2.37254 grad= -2.3198e-03
epoch=150 loss=1.700569
  shape=     0.67629 grad= -1.7704e-01
  pw=     0.45711 grad=  8.5800e+00
  fBase=    94.71314 grad=  2.9778e-02
  fAmt=   712.18152 grad=  4.3773e-02
  fDecay=     0.14616 grad= -9.2145e-03
  res=     0.50000 grad=  4.5169e-02
  attackTime=     0.00777 grad=  1.8341e-03
  decayTime=     0.31262 grad= -4.8439e-03
  sustain=     0.56928 grad= -3.1644e-03
  releaseTime=     0.02095 grad= -1.2926e-03
  drive=     1.06180 grad= -1.4754e-02
  outGain=     2.00000 grad= -3.3941e-02
  vco2Level=     1.50000 grad= -7.2527e-02
  vco2Detune=     0.09065 grad= -1.9273e-02
  satGain=     1.46087 grad= -5.6965e-02
  satBias=    -0.33139 grad=  2.9822e-02
  satA2=    -0.10797 grad= -2.1362e-02
  satA3=    -0.45668 grad=  2.7554e-02
  satA5=     0.19019 grad= -2.6763e-02
  filtSat=     2.39270 grad= -3.7084e-03
epoch=160 loss=1.697472
  shape=     0.67908 grad= -1.4186e-01
  pw=     0.45706 grad=  2.7391e+00
  fBase=    93.33176 grad=  3.8403e-02
  fAmt=   700.94360 grad=  5.6809e-02
  fDecay=     0.14659 grad=  5.8523e-03
  res=     0.50000 grad=  4.4543e-02
  attackTime=     0.00765 grad=  1.1750e-03
  decayTime=     0.31536 grad= -3.1635e-03
  sustain=     0.56978 grad=  3.4952e-03
  releaseTime=     0.02099 grad= -6.0118e-04
  drive=     1.06728 grad= -5.6806e-03
  outGain=     2.00000 grad= -2.4780e-02
  vco2Level=     1.50000 grad= -6.9951e-02
  vco2Detune=     0.09080 grad= -2.0635e-02
  satGain=     1.48115 grad= -3.8100e-02
  satBias=    -0.33464 grad=  2.0564e-02
  satA2=    -0.10580 grad= -3.5936e-02
  satA3=    -0.45904 grad=  4.8168e-02
  satA5=     0.18888 grad=  1.1845e-02
  filtSat=     2.41098 grad= -3.2477e-03
epoch=170 loss=1.694620
  shape=     0.68163 grad= -1.7222e-01
  pw=     0.45702 grad= -2.8993e+00
  fBase=    91.79374 grad=  3.1490e-02
  fAmt=   689.01318 grad=  4.6602e-02
  fDecay=     0.14669 grad= -7.0231e-03
  res=     0.50000 grad=  4.2105e-02
  attackTime=     0.00757 grad=  1.0121e-03
  decayTime=     0.31772 grad= -5.0709e-03
  sustain=     0.56985 grad= -3.9101e-03
  releaseTime=     0.02102 grad= -1.0180e-03
  drive=     1.07157 grad= -1.7506e-02
  outGain=     2.00000 grad= -3.6879e-02
  vco2Level=     1.50000 grad= -6.8527e-02
  vco2Detune=     0.09100 grad= -2.4049e-02
  satGain=     1.50061 grad= -4.5362e-02
  satBias=    -0.33745 grad=  2.3418e-02
  satA2=    -0.10388 grad= -4.0074e-02
  satA3=    -0.46119 grad=  5.1403e-02
  satA5=     0.18773 grad=  1.5682e-02
  filtSat=     2.42876 grad= -1.7645e-03
epoch=180 loss=1.693838
  shape=     0.68372 grad= -2.5388e-01
  pw=     0.45718 grad=  2.0214e+01
  fBase=    90.36570 grad=  1.1478e-02
  fAmt=   678.24524 grad= -3.5338e-03
  fDecay=     0.14703 grad= -3.9250e-02
  res=     0.50000 grad=  3.9417e-02
  attackTime=     0.00749 grad=  2.8302e-03
  decayTime=     0.32062 grad= -8.5933e-03
  sustain=     0.57038 grad= -1.7332e-02
  releaseTime=     0.02106 grad= -1.0555e-03
  drive=     1.07752 grad= -4.3298e-02
  outGain=     2.00000 grad= -6.2144e-02
  vco2Level=     1.50000 grad= -6.4520e-02
  vco2Detune=     0.09123 grad= -3.7019e-02
  satGain=     1.51216 grad= -1.3087e-01
  satBias=    -0.34048 grad=  6.8517e-02
  satA2=    -0.10132 grad=  3.9015e-02
  satA3=    -0.46390 grad= -5.9773e-02
  satA5=     0.18615 grad= -2.0364e-01
  filtSat=     2.44387 grad= -4.4072e-03
epoch=190 loss=1.690241
  shape=     0.68613 grad= -9.5462e-02
  pw=     0.45713 grad=  1.2730e+01
  fBase=    89.18256 grad=  4.7117e-02
  fAmt=   670.53479 grad=  5.6796e-02
  fDecay=     0.14783 grad=  2.4214e-02
  res=     0.50000 grad=  4.2469e-02
  attackTime=     0.00740 grad=  1.0382e-03
  decayTime=     0.32420 grad= -8.0749e-04
  sustain=     0.57151 grad=  1.2315e-02
  releaseTime=     0.02109 grad=  8.2443e-04
  drive=     1.08722 grad=  6.3606e-03
  outGain=     2.00000 grad= -1.1465e-02
  vco2Level=     1.50000 grad= -5.8239e-02
  vco2Detune=     0.09150 grad= -3.1273e-02
  satGain=     1.53196 grad= -3.2899e-02
  satBias=    -0.34444 grad=  2.1541e-02
  satA2=    -0.09916 grad= -4.2809e-02
  satA3=    -0.46606 grad=  5.5666e-02
  satA5=     0.18562 grad=  2.0579e-02
  filtSat=     2.45934 grad= -5.8212e-03
epoch=200 loss=1.687145
  shape=     0.68826 grad= -1.6778e-01
  pw=     0.45696 grad= -9.4019e+00
  fBase=    87.58222 grad=  2.9021e-02
  fAmt=   659.83899 grad=  4.3407e-02
  fDecay=     0.14761 grad= -8.8708e-03
  res=     0.50000 grad=  3.8661e-02
  attackTime=     0.00735 grad=  3.0256e-04
  decayTime=     0.32630 grad= -5.4225e-03
  sustain=     0.57126 grad= -6.1010e-03
  releaseTime=     0.02110 grad= -1.2519e-03
  drive=     1.09110 grad= -1.9996e-02
  outGain=     2.00000 grad= -3.8904e-02
  vco2Level=     1.50000 grad= -6.0280e-02
  vco2Detune=     0.09179 grad= -2.8532e-02
  satGain=     1.54946 grad= -3.3604e-02
  satBias=    -0.34710 grad=  1.8453e-02
  satA2=    -0.09731 grad= -6.8396e-02
  satA3=    -0.46812 grad=  8.5061e-02
  satA5=     0.18460 grad=  7.6770e-02
  filtSat=     2.47974 grad= -1.4996e-03
epoch=210 loss=1.684258
  shape=     0.69076 grad= -1.3512e-01
  pw=     0.45702 grad= -2.4257e-01
  fBase=    86.20441 grad=  3.2455e-02
  fAmt=   650.17651 grad=  4.8967e-02
  fDecay=     0.14774 grad= -1.4186e-03
  res=     0.50000 grad=  3.8516e-02
  attackTime=     0.00730 grad=  1.4917e-04
  decayTime=     0.32890 grad= -4.1624e-03
  sustain=     0.57154 grad= -1.6887e-03
  releaseTime=     0.02113 grad= -1.0476e-03
  drive=     1.09743 grad= -1.1805e-02
  outGain=     2.00000 grad= -3.0296e-02
  vco2Level=     1.50000 grad= -5.4127e-02
  vco2Detune=     0.09205 grad= -1.3903e-02
  satGain=     1.57056 grad= -2.4489e-02
  satBias=    -0.34956 grad=  1.3035e-02
  satA2=    -0.09558 grad= -6.8984e-02
  satA3=    -0.47011 grad=  8.8165e-02
  satA5=     0.18349 grad=  8.9750e-02
  filtSat=     2.49671 grad= -2.7277e-03
epoch=220 loss=1.682681
  shape=     0.69320 grad= -1.7543e-01
  pw=     0.45714 grad=  1.5876e+01
  fBase=    84.89930 grad=  2.3707e-02
  fAmt=   640.40417 grad=  2.5645e-02
  fDecay=     0.14793 grad= -1.4833e-02
  res=     0.50000 grad=  3.7012e-02
  attackTime=     0.00728 grad=  1.3937e-03
  decayTime=     0.33153 grad= -5.1971e-03
  sustain=     0.57191 grad= -5.5759e-03
  releaseTime=     0.02117 grad= -8.7724e-04
  drive=     1.10378 grad= -2.1259e-02
  outGain=     2.00000 grad= -3.9492e-02
  vco2Level=     1.50000 grad= -4.8809e-02
  vco2Detune=     0.09222 grad=  9.3419e-03
  satGain=     1.58822 grad= -6.1595e-02
  satBias=    -0.35141 grad=  3.3386e-02
  satA2=    -0.09365 grad= -3.8497e-02
  satA3=    -0.47238 grad=  4.3917e-02
  satA5=     0.18170 grad= -3.4942e-03
  filtSat=     2.51249 grad= -4.6341e-03
epoch=230 loss=1.679594
  shape=     0.69567 grad= -1.5140e-01
  pw=     0.45708 grad=  8.4866e+00
  fBase=    83.68507 grad=  2.8332e-02
  fAmt=   631.43280 grad=  3.6459e-02
  fDecay=     0.14819 grad= -6.0098e-03
  res=     0.50000 grad=  3.6042e-02
  attackTime=     0.00725 grad=  7.9137e-04
  decayTime=     0.33422 grad= -4.2457e-03
  sustain=     0.57234 grad= -2.1366e-03
  releaseTime=     0.02121 grad= -4.5084e-04
  drive=     1.11071 grad= -1.5913e-02
  outGain=     2.00000 grad= -3.3867e-02
  vco2Level=     1.50000 grad= -4.6792e-02
  vco2Detune=     0.09228 grad= -1.5370e-03
  satGain=     1.60751 grad= -3.8528e-02
  satBias=    -0.35337 grad=  1.9643e-02
  satA2=    -0.09175 grad= -6.0606e-02
  satA3=    -0.47462 grad=  7.7245e-02
  satA5=     0.17994 grad=  6.6695e-02
  filtSat=     2.52889 grad= -3.8746e-03
epoch=240 loss=1.677428
  shape=     0.69811 grad= -1.8057e-01
  pw=     0.45710 grad=  1.2381e+01
  fBase=    82.51358 grad=  2.4266e-02
  fAmt=   622.74396 grad=  2.5868e-02
  fDecay=     0.14843 grad= -1.1101e-02
  res=     0.50000 grad=  3.4482e-02
  attackTime=     0.00723 grad=  1.2785e-03
  decayTime=     0.33684 grad= -4.7240e-03
  sustain=     0.57274 grad= -4.0256e-03
  releaseTime=     0.02123 grad= -4.0577e-04
  drive=     1.11782 grad= -2.1913e-02
  outGain=     2.00000 grad= -3.9646e-02
  vco2Level=     1.50000 grad= -4.4423e-02
  vco2Detune=     0.09234 grad= -5.3731e-03
  satGain=     1.62505 grad= -5.5081e-02
  satBias=    -0.35503 grad=  2.6890e-02
  satA2=    -0.08972 grad= -5.1614e-02
  satA3=    -0.47706 grad=  6.6211e-02
  satA5=     0.17776 grad=  3.7434e-02
  filtSat=     2.54438 grad= -4.2410e-03
epoch=250 loss=1.674619
  shape=     0.70060 grad= -1.6610e-01
  pw=     0.45707 grad=  8.6644e+00
  fBase=    81.41135 grad=  2.5981e-02
  fAmt=   614.88629 grad=  2.9645e-02
  fDecay=     0.14868 grad= -6.8080e-03
  res=     0.50000 grad=  3.3547e-02
  attackTime=     0.00721 grad=  9.5577e-04
  decayTime=     0.33940 grad= -4.2657e-03
  sustain=     0.57310 grad= -2.5052e-03
  releaseTime=     0.02125 grad= -3.4029e-04
  drive=     1.12553 grad= -1.9936e-02
  outGain=     2.00000 grad= -3.7363e-02
  vco2Level=     1.50000 grad= -4.2761e-02
  vco2Detune=     0.09241 grad= -1.1145e-02
  satGain=     1.64366 grad= -4.4581e-02
  satBias=    -0.35663 grad=  2.1088e-02
  satA2=    -0.08768 grad= -6.4257e-02
  satA3=    -0.47955 grad=  8.5874e-02
  satA5=     0.17547 grad=  7.8023e-02
  filtSat=     2.56050 grad= -3.9833e-03
epoch=260 loss=1.671840
  shape=     0.70304 grad= -1.3660e-01
  pw=     0.45697 grad= -2.3165e+00
  fBase=    80.35970 grad=  2.8188e-02
  fAmt=   607.56384 grad=  3.8035e-02
  fDecay=     0.14890 grad= -2.5088e-03
  res=     0.50000 grad=  3.2724e-02
  attackTime=     0.00719 grad=  9.2919e-05
  decayTime=     0.34189 grad= -4.0491e-03
  sustain=     0.57344 grad= -1.9028e-03
  releaseTime=     0.02127 grad= -3.1850e-04
  drive=     1.13359 grad= -1.7880e-02
  outGain=     2.00000 grad= -3.5048e-02
  vco2Level=     1.50000 grad= -4.2153e-02
  vco2Detune=     0.09249 grad= -2.8600e-03
  satGain=     1.66235 grad= -2.8163e-02
  satBias=    -0.35820 grad=  1.4752e-02
  satA2=    -0.08558 grad= -8.2433e-02
  satA3=    -0.48217 grad=  1.1089e-01
  satA5=     0.17295 grad=  1.3212e-01
  filtSat=     2.57628 grad= -2.7507e-03
epoch=270 loss=1.669458
  shape=     0.70532 grad= -1.4437e-01
  pw=     0.45702 grad=  4.1263e+00
  fBase=    79.34538 grad=  2.4935e-02
  fAmt=   600.78888 grad=  2.8132e-02
  fDecay=     0.14906 grad= -6.4990e-03
  res=     0.50000 grad=  3.1872e-02
  attackTime=     0.00716 grad=  6.1716e-04
  decayTime=     0.34425 grad= -4.3994e-03
  sustain=     0.57370 grad= -3.4676e-03
  releaseTime=     0.02128 grad= -5.0475e-04
  drive=     1.14148 grad= -2.1493e-02
  outGain=     2.00000 grad= -3.8376e-02
  vco2Level=     1.50000 grad= -3.9422e-02
  vco2Detune=     0.09254 grad= -8.8353e-03
  satGain=     1.68110 grad= -4.2147e-02
  satBias=    -0.35985 grad=  2.3668e-02
  satA2=    -0.08347 grad= -7.3106e-02
  satA3=    -0.48482 grad=  9.6000e-02
  satA5=     0.17034 grad=  9.8737e-02
  filtSat=     2.59335 grad= -3.6497e-03
epoch=280 loss=1.667549
  shape=     0.70745 grad= -9.9757e-02
  pw=     0.45689 grad= -1.0619e+01
  fBase=    78.40143 grad=  3.0488e-02
  fAmt=   594.60394 grad=  4.4602e-02
  fDecay=     0.14925 grad=  3.6960e-03
  res=     0.50000 grad=  3.1536e-02
  attackTime=     0.00715 grad= -5.7059e-04
  decayTime=     0.34665 grad= -3.7173e-03
  sustain=     0.57405 grad= -1.1881e-03
  releaseTime=     0.02130 grad= -2.5705e-04
  drive=     1.14986 grad= -1.4873e-02
  outGain=     2.00000 grad= -3.1424e-02
  vco2Level=     1.50000 grad= -3.8836e-02
  vco2Detune=     0.09258 grad= -6.6486e-03
  satGain=     1.70063 grad= -1.5737e-02
  satBias=    -0.36170 grad=  1.2375e-02
  satA2=    -0.08136 grad= -9.5223e-02
  satA3=    -0.48743 grad=  1.2857e-01
  satA5=     0.16775 grad=  1.7512e-01
  filtSat=     2.60972 grad= -2.0142e-03
epoch=290 loss=1.665946
  shape=     0.70942 grad= -9.2107e-02
  pw=     0.45683 grad= -1.5632e+01
  fBase=    77.48776 grad=  3.0401e-02
  fAmt=   588.95422 grad=  4.6267e-02
  fDecay=     0.14937 grad=  4.7981e-03
  res=     0.50000 grad=  3.0897e-02
  attackTime=     0.00712 grad= -7.4562e-04
  decayTime=     0.34890 grad= -3.8321e-03
  sustain=     0.57433 grad= -1.9668e-03
  releaseTime=     0.02131 grad= -2.2749e-04
  drive=     1.15786 grad= -1.4763e-02
  outGain=     2.00000 grad= -3.0963e-02
  vco2Level=     1.50000 grad= -3.7398e-02
  vco2Detune=     0.09260 grad= -2.1511e-02
  satGain=     1.71974 grad= -1.8430e-02
  satBias=    -0.36361 grad=  1.6188e-02
  satA2=    -0.07927 grad= -9.5071e-02
  satA3=    -0.49001 grad=  1.2765e-01
  satA5=     0.16510 grad=  1.6982e-01
  filtSat=     2.62770 grad= -1.5766e-03
epoch=300 loss=1.663096
  shape=     0.71125 grad= -7.2820e-02
  pw=     0.45688 grad= -9.9196e+00
  fBase=    76.62121 grad=  3.1293e-02
  fAmt=   583.71429 grad=  4.7942e-02
  fDecay=     0.14946 grad=  7.6655e-03
  res=     0.50000 grad=  3.0584e-02
  attackTime=     0.00710 grad= -9.3092e-04
  decayTime=     0.35111 grad= -3.4811e-03
  sustain=     0.57464 grad= -1.0218e-03
  releaseTime=     0.02132 grad= -1.6474e-04
  drive=     1.16571 grad= -1.2312e-02
  outGain=     2.00000 grad= -2.8201e-02
  vco2Level=     1.50000 grad= -3.4489e-02
  vco2Detune=     0.09263 grad= -1.8763e-03
  satGain=     1.73948 grad= -9.8796e-03
  satBias=    -0.36569 grad=  1.1038e-02
  satA2=    -0.07726 grad= -9.6310e-02
  satA3=    -0.49249 grad=  1.3236e-01
  satA5=     0.16258 grad=  1.9469e-01
  filtSat=     2.64577 grad= -1.9976e-03
epoch=310 loss=1.660642
  shape=     0.71285 grad= -1.1522e-01
  pw=     0.45700 grad=  3.7776e+00
  fBase=    75.78507 grad=  2.4829e-02
  fAmt=   578.35706 grad=  2.8796e-02
  fDecay=     0.14949 grad= -2.2973e-03
  res=     0.50000 grad=  2.9321e-02
  attackTime=     0.00709 grad=  1.3789e-04
  decayTime=     0.35327 grad= -4.2207e-03
  sustain=     0.57498 grad= -4.0087e-03
  releaseTime=     0.02133 grad= -1.3181e-05
  drive=     1.17315 grad= -1.9964e-02
  outGain=     2.00000 grad= -3.5585e-02
  vco2Level=     1.50000 grad= -3.1278e-02
  vco2Detune=     0.09262 grad=  4.6030e-03
  satGain=     1.75818 grad= -4.3802e-02
  satBias=    -0.36768 grad=  2.5955e-02
  satA2=    -0.07535 grad= -6.2933e-02
  satA3=    -0.49487 grad=  8.5534e-02
  satA5=     0.16011 grad=  8.7519e-02
  filtSat=     2.66208 grad= -3.5746e-03
epoch=320 loss=1.658711
  shape=     0.71433 grad= -9.5222e-02
  pw=     0.45693 grad= -3.4473e+00
  fBase=    74.99965 grad=  2.6096e-02
  fAmt=   573.16412 grad=  3.6656e-02
  fDecay=     0.14952 grad= -1.4307e-05
  res=     0.50000 grad=  2.8762e-02
  attackTime=     0.00710 grad= -6.1089e-04
  decayTime=     0.35543 grad= -4.3694e-03
  sustain=     0.57539 grad= -4.8058e-03
  releaseTime=     0.02133 grad=  8.1061e-04
  drive=     1.18062 grad= -1.9231e-02
  outGain=     2.00000 grad= -3.4713e-02
  vco2Level=     1.50000 grad= -3.1043e-02
  vco2Detune=     0.09257 grad=  5.4901e-03
  satGain=     1.77694 grad= -2.9512e-02
  satBias=    -0.36959 grad=  1.7989e-02
  satA2=    -0.07361 grad= -7.1802e-02
  satA3=    -0.49705 grad=  1.0077e-01
  satA5=     0.15783 grad=  1.3288e-01
  filtSat=     2.67677 grad= -2.2163e-03
epoch=330 loss=1.656902
  shape=     0.71572 grad= -1.1400e-01
  pw=     0.45697 grad=  2.8061e+00
  fBase=    74.26187 grad=  2.5254e-02
  fAmt=   568.18060 grad=  2.9108e-02
  fDecay=     0.14956 grad= -1.2482e-03
  res=     0.50000 grad=  2.7881e-02
  attackTime=     0.00711 grad= -1.2575e-04
  decayTime=     0.35761 grad= -4.2923e-03
  sustain=     0.57589 grad= -4.6682e-03
  releaseTime=     0.02131 grad=  2.3057e-03
  drive=     1.18818 grad= -2.0332e-02
  outGain=     2.00000 grad= -3.5481e-02
  vco2Level=     1.50000 grad= -2.8859e-02
  vco2Detune=     0.09252 grad=  6.1780e-03
  satGain=     1.79519 grad= -3.9951e-02
  satBias=    -0.37132 grad=  1.9433e-02
  satA2=    -0.07204 grad= -5.4045e-02
  satA3=    -0.49907 grad=  7.9787e-02
  satA5=     0.15568 grad=  9.2327e-02
  filtSat=     2.68968 grad= -3.1909e-03
epoch=340 loss=1.655240
  shape=     0.71706 grad= -1.0195e-01
  pw=     0.45692 grad= -2.6718e+00
  fBase=    73.54892 grad=  2.7880e-02
  fAmt=   563.41089 grad=  3.7102e-02
  fDecay=     0.14957 grad=  2.9794e-03
  res=     0.50000 grad=  2.7365e-02
  attackTime=     0.00712 grad= -7.2359e-04
  decayTime=     0.35973 grad= -4.2582e-03
  sustain=     0.57639 grad= -4.8010e-03
  releaseTime=     0.02125 grad=  3.9698e-03
  drive=     1.19554 grad= -1.8574e-02
  outGain=     2.00000 grad= -3.3552e-02
  vco2Level=     1.50000 grad= -2.9370e-02
  vco2Detune=     0.09250 grad= -1.0613e-02
  satGain=     1.81274 grad= -3.0803e-02
  satBias=    -0.37277 grad=  1.2026e-02
  satA2=    -0.07068 grad= -5.2066e-02
  satA3=    -0.50090 grad=  8.2269e-02
  satA5=     0.15369 grad=  1.0962e-01
  filtSat=     2.70147 grad= -1.9858e-03
epoch=350 loss=1.653712
  shape=     0.71838 grad= -1.1728e-01
  pw=     0.45697 grad=  3.2567e+00
  fBase=    72.85250 grad=  2.6341e-02
  fAmt=   558.80341 grad=  3.0902e-02
  fDecay=     0.14953 grad=  1.4290e-03
  res=     0.50000 grad=  2.6684e-02
  attackTime=     0.00714 grad= -2.8434e-04
  decayTime=     0.36177 grad= -4.2807e-03
  sustain=     0.57689 grad= -5.2804e-03
  releaseTime=     0.02115 grad=  2.9870e-03
  drive=     1.20257 grad= -1.9778e-02
  outGain=     2.00000 grad= -3.4506e-02
  vco2Level=     1.50000 grad= -2.7721e-02
  vco2Detune=     0.09251 grad=  2.6535e-03
  satGain=     1.82960 grad= -3.7815e-02
  satBias=    -0.37394 grad=  1.4906e-02
  satA2=    -0.06954 grad= -4.2562e-02
  satA3=    -0.50250 grad=  7.0462e-02
  satA5=     0.15191 grad=  8.5047e-02
  filtSat=     2.71202 grad= -2.7406e-03
epoch=360 loss=1.652211
  shape=     0.71965 grad= -1.0477e-01
  pw=     0.45693 grad= -1.0953e+00
  fBase=    72.18698 grad=  2.7230e-02
  fAmt=   554.34082 grad=  3.8148e-02
  fDecay=     0.14945 grad=  3.8835e-03
  res=     0.50000 grad=  2.6249e-02
  attackTime=     0.00716 grad= -8.7836e-04
  decayTime=     0.36374 grad= -4.4018e-03
  sustain=     0.57741 grad= -6.1243e-03
  releaseTime=     0.02106 grad=  1.6758e-03
  drive=     1.20930 grad= -1.8906e-02
  outGain=     2.00000 grad= -3.3506e-02
  vco2Level=     1.50000 grad= -2.8431e-02
  vco2Detune=     0.09253 grad= -7.3227e-03
  satGain=     1.84559 grad= -3.0317e-02
  satBias=    -0.37496 grad=  1.2449e-02
  satA2=    -0.06855 grad= -4.7248e-02
  satA3=    -0.50397 grad=  7.8950e-02
  satA5=     0.15026 grad=  1.0739e-01
  filtSat=     2.72135 grad= -1.5754e-03
epoch=370 loss=1.650871
  shape=     0.72087 grad= -1.0724e-01
  pw=     0.45690 grad= -3.4951e+00
  fBase=    71.56076 grad=  2.7372e-02
  fAmt=   549.97211 grad=  4.0743e-02
  fDecay=     0.14936 grad=  4.0415e-03
  res=     0.50000 grad=  2.5721e-02
  attackTime=     0.00719 grad= -1.1649e-03
  decayTime=     0.36567 grad= -4.6509e-03
  sustain=     0.57797 grad= -7.2505e-03
  releaseTime=     0.02099 grad=  1.9544e-03
  drive=     1.21582 grad= -1.9606e-02
  outGain=     2.00000 grad= -3.4106e-02
  vco2Level=     1.50000 grad= -2.8780e-02
  vco2Detune=     0.09255 grad= -1.8993e-02
  satGain=     1.86068 grad= -3.0349e-02
  satBias=    -0.37592 grad=  1.1918e-02
  satA2=    -0.06766 grad= -4.3517e-02
  satA3=    -0.50534 grad=  7.5765e-02
  satA5=     0.14870 grad=  1.0189e-01
  filtSat=     2.72894 grad= -8.0462e-04
epoch=380 loss=1.649509
  shape=     0.72206 grad= -1.1521e-01
  pw=     0.45693 grad=  1.1558e+00
  fBase=    70.97405 grad=  2.6510e-02
  fAmt=   545.72064 grad=  3.6436e-02
  fDecay=     0.14927 grad=  3.1085e-03
  res=     0.50000 grad=  2.5158e-02
  attackTime=     0.00722 grad= -8.8420e-04
  decayTime=     0.36759 grad= -4.5358e-03
  sustain=     0.57859 grad= -7.0047e-03
  releaseTime=     0.02094 grad=  1.1999e-03
  drive=     1.22226 grad= -1.9867e-02
  outGain=     2.00000 grad= -3.4163e-02
  vco2Level=     1.50000 grad= -2.7154e-02
  vco2Detune=     0.09260 grad= -6.5871e-04
  satGain=     1.87523 grad= -3.1472e-02
  satBias=    -0.37681 grad=  1.1495e-02
  satA2=    -0.06687 grad= -3.8403e-02
  satA3=    -0.50658 grad=  7.0841e-02
  satA5=     0.14728 grad=  9.7408e-02
  filtSat=     2.73458 grad= -1.5064e-03
epoch=390 loss=1.648277
  shape=     0.72320 grad= -1.2456e-01
  pw=     0.45692 grad=  8.5462e-01
  fBase=    70.42236 grad=  2.5885e-02
  fAmt=   541.64606 grad=  3.5389e-02
  fDecay=     0.14918 grad=  1.6027e-03
  res=     0.50000 grad=  2.4588e-02
  attackTime=     0.00725 grad= -9.5882e-04
  decayTime=     0.36944 grad= -4.7735e-03
  sustain=     0.57921 grad= -7.9638e-03
  releaseTime=     0.02090 grad=  1.6890e-03
  drive=     1.22840 grad= -2.1352e-02
  outGain=     2.00000 grad= -3.5554e-02
  vco2Level=     1.50000 grad= -2.6772e-02
  vco2Detune=     0.09264 grad= -1.0557e-03
  satGain=     1.88849 grad= -3.4841e-02
  satBias=    -0.37757 grad=  1.1202e-02
  satA2=    -0.06617 grad= -3.0378e-02
  satA3=    -0.50774 grad=  6.1632e-02
  satA5=     0.14592 grad=  7.9220e-02
  filtSat=     2.73925 grad= -1.2346e-03
epoch=400 loss=1.647142
  shape=     0.72430 grad= -1.2735e-01
  pw=     0.45692 grad=  1.6372e+00
  fBase=    69.90852 grad=  2.5324e-02
  fAmt=   537.78448 grad=  3.4197e-02
  fDecay=     0.14910 grad=  9.3046e-04
  res=     0.50000 grad=  2.4188e-02
  attackTime=     0.00729 grad= -9.3134e-04
  decayTime=     0.37123 grad= -4.7722e-03
  sustain=     0.57984 grad= -8.0668e-03
  releaseTime=     0.02086 grad=  8.8699e-04
  drive=     1.23436 grad= -2.1672e-02
  outGain=     2.00000 grad= -3.5749e-02
  vco2Level=     1.50000 grad= -2.5750e-02
  vco2Detune=     0.09268 grad=  1.5335e-03
  satGain=     1.90100 grad= -3.5098e-02
  satBias=    -0.37821 grad=  1.1235e-02
  satA2=    -0.06557 grad= -2.8241e-02
  satA3=    -0.50878 grad=  5.9749e-02
  satA5=     0.14468 grad=  7.7719e-02
  filtSat=     2.74285 grad= -1.3510e-03
epoch=410 loss=1.646089
  shape=     0.72536 grad= -1.1218e-01
  pw=     0.45688 grad= -2.0806e+00
  fBase=    69.43233 grad=  2.7515e-02
  fAmt=   534.20251 grad=  4.0899e-02
  fDecay=     0.14904 grad=  4.3862e-03
  res=     0.50000 grad=  2.4066e-02
  attackTime=     0.00733 grad= -1.3892e-03
  decayTime=     0.37294 grad= -4.6651e-03
  sustain=     0.58045 grad= -7.7167e-03
  releaseTime=     0.02083 grad=  1.4026e-03
  drive=     1.24007 grad= -1.9759e-02
  outGain=     2.00000 grad= -3.3778e-02
  vco2Level=     1.50000 grad= -2.5967e-02
  vco2Detune=     0.09270 grad= -8.1693e-03
  satGain=     1.91263 grad= -2.4521e-02
  satBias=    -0.37876 grad=  5.6110e-03
  satA2=    -0.06506 grad= -3.3574e-02
  satA3=    -0.50973 grad=  6.9735e-02
  satA5=     0.14352 grad=  1.1052e-01
  filtSat=     2.74607 grad= -5.2019e-04
epoch=420 loss=1.645082
  shape=     0.72636 grad= -1.1976e-01
  pw=     0.45688 grad= -6.5421e-01
  fBase=    68.98483 grad=  2.6543e-02
  fAmt=   530.84467 grad=  3.8138e-02
  fDecay=     0.14897 grad=  2.7496e-03
  res=     0.50000 grad=  2.3617e-02
  attackTime=     0.00736 grad= -1.2873e-03
  decayTime=     0.37454 grad= -4.7530e-03
  sustain=     0.58102 grad= -8.0918e-03
  releaseTime=     0.02080 grad=  1.0156e-03
  drive=     1.24546 grad= -2.1015e-02
  outGain=     2.00000 grad= -3.4938e-02
  vco2Level=     1.50000 grad= -2.5182e-02
  vco2Detune=     0.09272 grad= -4.0946e-03
  satGain=     1.92324 grad= -2.7500e-02
  satBias=    -0.37920 grad=  6.6709e-03
  satA2=    -0.06462 grad= -2.9082e-02
  satA3=    -0.51058 grad=  6.3999e-02
  satA5=     0.14244 grad=  9.8808e-02
  filtSat=     2.74874 grad= -6.6935e-04
epoch=430 loss=1.644169
  shape=     0.72730 grad= -1.2443e-01
  pw=     0.45688 grad= -2.5403e-01
  fBase=    68.57161 grad=  2.6119e-02
  fAmt=   527.74957 grad=  3.6776e-02
  fDecay=     0.14891 grad=  1.8992e-03
  res=     0.50000 grad=  2.3252e-02
  attackTime=     0.00740 grad= -1.2627e-03
  decayTime=     0.37606 grad= -4.8120e-03
  sustain=     0.58157 grad= -8.3392e-03
  releaseTime=     0.02078 grad=  1.0158e-03
  drive=     1.25060 grad= -2.1810e-02
  outGain=     2.00000 grad= -3.5657e-02
  vco2Level=     1.50000 grad= -2.4593e-02
  vco2Detune=     0.09274 grad= -4.1168e-03
  satGain=     1.93300 grad= -2.8622e-02
  satBias=    -0.37957 grad=  6.4393e-03
  satA2=    -0.06424 grad= -2.5603e-02
  satA3=    -0.51136 grad=  6.0058e-02
  satA5=     0.14144 grad=  9.2566e-02
  filtSat=     2.75097 grad= -6.7227e-04
epoch=440 loss=1.643332
  shape=     0.72819 grad= -1.2693e-01
  pw=     0.45688 grad=  1.7355e-01
  fBase=    68.19213 grad=  2.5974e-02
  fAmt=   524.92078 grad=  3.5842e-02
  fDecay=     0.14886 grad=  1.5975e-03
  res=     0.50000 grad=  2.2943e-02
  attackTime=     0.00743 grad= -1.2391e-03
  decayTime=     0.37749 grad= -4.7931e-03
  sustain=     0.58209 grad= -8.2970e-03
  releaseTime=     0.02076 grad=  1.0019e-03
  drive=     1.25551 grad= -2.2125e-02
  outGain=     2.00000 grad= -3.5889e-02
  vco2Level=     1.50000 grad= -2.3949e-02
  vco2Detune=     0.09275 grad= -3.8134e-03
  satGain=     1.94197 grad= -2.8384e-02
  satBias=    -0.37989 grad=  5.4488e-03
  satA2=    -0.06390 grad= -2.2963e-02
  satA3=    -0.51206 grad=  5.7606e-02
  satA5=     0.14051 grad=  9.1119e-02
  filtSat=     2.75287 grad= -7.3097e-04
epoch=450 loss=1.642564
  shape=     0.72903 grad= -1.2982e-01
  pw=     0.45687 grad=  1.5180e-01
  fBase=    67.84363 grad=  2.5776e-02
  fAmt=   522.34308 grad=  3.5064e-02
  fDecay=     0.14883 grad=  1.1359e-03
  res=     0.50000 grad=  2.2654e-02
  attackTime=     0.00746 grad= -1.2331e-03
  decayTime=     0.37882 grad= -4.8193e-03
  sustain=     0.58257 grad= -8.4135e-03
  releaseTime=     0.02074 grad=  1.1029e-03
  drive=     1.26016 grad= -2.2680e-02
  outGain=     2.00000 grad= -3.6380e-02
  vco2Level=     1.50000 grad= -2.3478e-02
  vco2Detune=     0.09277 grad= -3.9607e-03
  satGain=     1.95008 grad= -2.8393e-02
  satBias=    -0.38013 grad=  4.4909e-03
  satA2=    -0.06362 grad= -2.0449e-02
  satA3=    -0.51270 grad=  5.5217e-02
  satA5=     0.13963 grad=  8.9209e-02
  filtSat=     2.75452 grad= -6.9990e-04
epoch=460 loss=1.641864
  shape=     0.72981 grad= -1.2929e-01
  pw=     0.45687 grad= -1.2092e-01
  fBase=    67.52541 grad=  2.5726e-02
  fAmt=   520.01471 grad=  3.4879e-02
  fDecay=     0.14880 grad=  1.0708e-03
  res=     0.50000 grad=  2.2424e-02
  attackTime=     0.00749 grad= -1.2437e-03
  decayTime=     0.38006 grad= -4.8079e-03
  sustain=     0.58302 grad= -8.4016e-03
  releaseTime=     0.02072 grad=  1.0101e-03
  drive=     1.26454 grad= -2.2936e-02
  outGain=     2.00000 grad= -3.6576e-02
  vco2Level=     1.50000 grad= -2.3046e-02
  vco2Detune=     0.09279 grad= -4.1059e-03
  satGain=     1.95746 grad= -2.6376e-02
  satBias=    -0.38031 grad=  2.9241e-03
  satA2=    -0.06337 grad= -2.0349e-02
  satA3=    -0.51327 grad=  5.6193e-02
  satA5=     0.13883 grad=  9.6595e-02
  filtSat=     2.75598 grad= -6.5255e-04
epoch=470 loss=1.641227
  shape=     0.73053 grad= -1.3306e-01
  pw=     0.45686 grad=  6.6936e-02
  fBase=    67.23598 grad=  2.5572e-02
  fAmt=   517.92285 grad=  3.3831e-02
  fDecay=     0.14878 grad=  7.2520e-04
  res=     0.50000 grad=  2.2150e-02
  attackTime=     0.00752 grad= -1.2065e-03
  decayTime=     0.38120 grad= -4.8084e-03
  sustain=     0.58344 grad= -8.4151e-03
  releaseTime=     0.02071 grad=  1.1592e-03
  drive=     1.26866 grad= -2.3466e-02
  outGain=     2.00000 grad= -3.7037e-02
  vco2Level=     1.50000 grad= -2.2701e-02
  vco2Detune=     0.09280 grad= -3.6611e-03
  satGain=     1.96411 grad= -2.6795e-02
  satBias=    -0.38044 grad=  1.9887e-03
  satA2=    -0.06317 grad= -1.7375e-02
  satA3=    -0.51378 grad=  5.3388e-02
  satA5=     0.13808 grad=  9.3350e-02
  filtSat=     2.75730 grad= -6.8209e-04
epoch=480 loss=1.640649
  shape=     0.73120 grad= -1.3422e-01
  pw=     0.45686 grad= -3.4670e-02
  fBase=    66.97315 grad=  2.5497e-02
  fAmt=   516.05261 grad=  3.3255e-02
  fDecay=     0.14876 grad=  5.9991e-04
  res=     0.50000 grad=  2.1917e-02
  attackTime=     0.00754 grad= -1.1878e-03
  decayTime=     0.38224 grad= -4.8015e-03
  sustain=     0.58383 grad= -8.4098e-03
  releaseTime=     0.02069 grad=  1.1872e-03
  drive=     1.27252 grad= -2.3869e-02
  outGain=     2.00000 grad= -3.7379e-02
  vco2Level=     1.50000 grad= -2.2439e-02
  vco2Detune=     0.09281 grad= -3.7297e-03
  satGain=     1.97009 grad= -2.5675e-02
  satBias=    -0.38052 grad=  5.9171e-04
  satA2=    -0.06300 grad= -1.6193e-02
  satA3=    -0.51424 grad=  5.2988e-02
  satA5=     0.13739 grad=  9.6972e-02
  filtSat=     2.75851 grad= -6.6896e-04
epoch=490 loss=1.640125
  shape=     0.73183 grad= -1.3680e-01
  pw=     0.45685 grad=  1.4023e-02
  fBase=    66.73537 grad=  2.5353e-02
  fAmt=   514.38812 grad=  3.2377e-02
  fDecay=     0.14875 grad=  3.4876e-04
  res=     0.50000 grad=  2.1681e-02
  attackTime=     0.00756 grad= -1.1541e-03
  decayTime=     0.38320 grad= -4.8037e-03
  sustain=     0.58418 grad= -8.4363e-03
  releaseTime=     0.02068 grad=  1.2432e-03
  drive=     1.27612 grad= -2.4377e-02
  outGain=     2.00000 grad= -3.7824e-02
  vco2Level=     1.50000 grad= -2.2220e-02
  vco2Detune=     0.09282 grad= -3.4788e-03
  satGain=     1.97545 grad= -2.5441e-02
  satBias=    -0.38056 grad= -5.2008e-04
  satA2=    -0.06285 grad= -1.4047e-02
  satA3=    -0.51465 grad=  5.1238e-02
  satA5=     0.13675 grad=  9.6680e-02
  filtSat=     2.75961 grad= -6.8553e-04
epoch=500 loss=1.639653
  shape=     0.73240 grad= -1.3864e-01
  pw=     0.45685 grad=  1.5775e-02
  fBase=    66.52092 grad=  2.5239e-02
  fAmt=   512.91376 grad=  3.1617e-02
  fDecay=     0.14875 grad=  1.8355e-04
  res=     0.50000 grad=  2.1466e-02
  attackTime=     0.00758 grad= -1.1238e-03
  decayTime=     0.38407 grad= -4.8025e-03
  sustain=     0.58450 grad= -8.4513e-03
  releaseTime=     0.02066 grad=  1.2593e-03
  drive=     1.27946 grad= -2.4827e-02
  outGain=     2.00000 grad= -3.8214e-02
  vco2Level=     1.50000 grad= -2.2039e-02
  vco2Detune=     0.09283 grad= -3.3040e-03
  satGain=     1.98023 grad= -2.4828e-02
  satBias=    -0.38056 grad= -1.7295e-03
  satA2=    -0.06274 grad= -1.2275e-02
  satA3=    -0.51501 grad=  4.9913e-02
  satA5=     0.13616 grad=  9.7740e-02
  filtSat=     2.76062 grad= -7.0095e-04
epoch=510 loss=1.639229
  shape=     0.73293 grad= -1.4041e-01
  pw=     0.45685 grad=  2.7020e-03
  fBase=    66.32790 grad=  2.5133e-02
  fAmt=   511.61145 grad=  3.0894e-02
  fDecay=     0.14874 grad=  4.0346e-05
  res=     0.50000 grad=  2.1269e-02
  attackTime=     0.00760 grad= -1.0942e-03
  decayTime=     0.38487 grad= -4.8032e-03
  sustain=     0.58479 grad= -8.4726e-03
  releaseTime=     0.02065 grad=  1.2622e-03
  drive=     1.28256 grad= -2.5253e-02
  outGain=     2.00000 grad= -3.8579e-02
  vco2Level=     1.50000 grad= -2.1891e-02
  vco2Detune=     0.09284 grad= -3.2011e-03
  satGain=     1.98449 grad= -2.4259e-02
  satBias=    -0.38053 grad= -2.8923e-03
  satA2=    -0.06265 grad= -1.0462e-02
  satA3=    -0.51533 grad=  4.8422e-02
  satA5=     0.13563 grad=  9.8307e-02
  filtSat=     2.76155 grad= -7.1984e-04
epoch=520 loss=1.638846
  shape=     0.73341 grad= -1.4187e-01
  pw=     0.45685 grad= -3.6362e-03
  fBase=    66.15440 grad=  2.5032e-02
  fAmt=   510.46246 grad=  3.0234e-02
  fDecay=     0.14874 grad= -6.4021e-05
  res=     0.50000 grad=  2.1095e-02
  attackTime=     0.00762 grad= -1.0661e-03
  decayTime=     0.38559 grad= -4.8003e-03
  sustain=     0.58505 grad= -8.4827e-03
  releaseTime=     0.02064 grad=  1.2190e-03
  drive=     1.28542 grad= -2.5617e-02
  outGain=     2.00000 grad= -3.8888e-02
  vco2Level=     1.50000 grad= -2.1742e-02
  vco2Detune=     0.09285 grad= -2.8270e-03
  satGain=     1.98827 grad= -2.3664e-02
  satBias=    -0.38048 grad= -3.9726e-03
  satA2=    -0.06258 grad= -8.7657e-03
  satA3=    -0.51561 grad=  4.6944e-02
  satA5=     0.13514 grad=  9.8768e-02
  filtSat=     2.76242 grad= -7.4776e-04
epoch=530 loss=1.638505
  shape=     0.73385 grad= -1.4324e-01
  pw=     0.45684 grad= -1.1951e-02
  fBase=    65.99847 grad=  2.4947e-02
  fAmt=   509.44745 grad=  2.9630e-02
  fDecay=     0.14874 grad= -1.3711e-04
  res=     0.50000 grad=  2.0939e-02
  attackTime=     0.00763 grad= -1.0394e-03
  decayTime=     0.38624 grad= -4.7968e-03
  sustain=     0.58529 grad= -8.4883e-03
  releaseTime=     0.02063 grad=  1.1788e-03
  drive=     1.28806 grad= -2.5937e-02
  outGain=     2.00000 grad= -3.9155e-02
  vco2Level=     1.50000 grad= -2.1609e-02
  vco2Detune=     0.09286 grad= -2.4847e-03
  satGain=     1.99162 grad= -2.3124e-02
  satBias=    -0.38041 grad= -4.9773e-03
  satA2=    -0.06252 grad= -7.0753e-03
  satA3=    -0.51586 grad=  4.5347e-02
  satA5=     0.13470 grad=  9.8742e-02
  filtSat=     2.76324 grad= -7.7910e-04
epoch=540 loss=1.638195
  shape=     0.73425 grad= -1.4442e-01
  pw=     0.45684 grad= -1.2404e-02
  fBase=    65.85788 grad=  2.4850e-02
  fAmt=   508.54764 grad=  2.9060e-02
  fDecay=     0.14874 grad= -2.2001e-04
  res=     0.50000 grad=  2.0805e-02
  attackTime=     0.00764 grad= -1.0153e-03
  decayTime=     0.38683 grad= -4.7934e-03
  sustain=     0.58551 grad= -8.4924e-03
  releaseTime=     0.02062 grad=  1.1131e-03
  drive=     1.29049 grad= -2.6221e-02
  outGain=     2.00000 grad= -3.9389e-02
  vco2Level=     1.50000 grad= -2.1466e-02
  vco2Detune=     0.09286 grad= -2.0121e-03
  satGain=     1.99460 grad= -2.2638e-02
  satBias=    -0.38033 grad= -5.8317e-03
  satA2=    -0.06248 grad= -5.5576e-03
  satA3=    -0.51608 grad=  4.3812e-02
  satA5=     0.13431 grad=  9.8537e-02
  filtSat=     2.76401 grad= -8.1878e-04
epoch=550 loss=1.637920
  shape=     0.73462 grad= -1.4556e-01
  pw=     0.45684 grad=  1.1383e-03
  fBase=    65.73063 grad=  2.4756e-02
  fAmt=   507.74551 grad=  2.8526e-02
  fDecay=     0.14875 grad= -2.9579e-04
  res=     0.50000 grad=  2.0687e-02
  attackTime=     0.00765 grad= -9.9407e-04
  decayTime=     0.38738 grad= -4.7885e-03
  sustain=     0.58571 grad= -8.4910e-03
  releaseTime=     0.02061 grad=  1.0462e-03
  drive=     1.29273 grad= -2.6458e-02
  outGain=     2.00000 grad= -3.9581e-02
  vco2Level=     1.50000 grad= -2.1321e-02
  vco2Detune=     0.09286 grad= -1.5285e-03
  satGain=     1.99726 grad= -2.2262e-02
  satBias=    -0.38024 grad= -6.5624e-03
  satA2=    -0.06245 grad= -4.0770e-03
  satA3=    -0.51627 grad=  4.2204e-02
  satA5=     0.13395 grad=  9.7815e-02
  filtSat=     2.76474 grad= -8.6532e-04
epoch=560 loss=1.637667
  shape=     0.73496 grad= -1.4636e-01
  pw=     0.45684 grad=  5.7550e-03
  fBase=    65.61451 grad=  2.4666e-02
  fAmt=   507.02383 grad=  2.8054e-02
  fDecay=     0.14875 grad= -3.5948e-04
  res=     0.50000 grad=  2.0586e-02
  attackTime=     0.00766 grad= -9.7382e-04
  decayTime=     0.38787 grad= -4.7823e-03
  sustain=     0.58589 grad= -8.4831e-03
  releaseTime=     0.02060 grad=  9.7556e-04
  drive=     1.29482 grad= -2.6657e-02
  outGain=     2.00000 grad= -3.9737e-02
  vco2Level=     1.50000 grad= -2.1171e-02
  vco2Detune=     0.09287 grad= -1.0336e-03
  satGain=     1.99966 grad= -2.1801e-02
  satBias=    -0.38014 grad= -7.2173e-03
  satA2=    -0.06243 grad= -2.8582e-03
  satA3=    -0.51643 grad=  4.0806e-02
  satA5=     0.13362 grad=  9.7467e-02
  filtSat=     2.76545 grad= -9.1246e-04
epoch=570 loss=1.637434
  shape=     0.73528 grad= -1.4707e-01
  pw=     0.45684 grad=  3.7974e-03
  fBase=    65.50719 grad=  2.4581e-02
  fAmt=   506.36609 grad=  2.7633e-02
  fDecay=     0.14875 grad= -4.1568e-04
  res=     0.50000 grad=  2.0498e-02
  attackTime=     0.00767 grad= -9.5669e-04
  decayTime=     0.38833 grad= -4.7751e-03
  sustain=     0.58606 grad= -8.4706e-03
  releaseTime=     0.02060 grad=  9.0984e-04
  drive=     1.29677 grad= -2.6822e-02
  outGain=     2.00000 grad= -3.9861e-02
  vco2Level=     1.50000 grad= -2.1020e-02
  vco2Detune=     0.09287 grad= -6.3922e-04
  satGain=     2.00184 grad= -2.1396e-02
  satBias=    -0.38004 grad= -7.7846e-03
  satA2=    -0.06242 grad= -1.7155e-03
  satA3=    -0.51658 grad=  3.9419e-02
  satA5=     0.13331 grad=  9.6886e-02
  filtSat=     2.76615 grad= -9.6200e-04
epoch=580 loss=1.637216
  shape=     0.73558 grad= -1.4761e-01
  pw=     0.45684 grad=  2.5078e-03
  fBase=    65.40643 grad=  2.4490e-02
  fAmt=   505.75580 grad=  2.7232e-02
  fDecay=     0.14875 grad= -4.7833e-04
  res=     0.50000 grad=  2.0421e-02
  attackTime=     0.00768 grad= -9.3997e-04
  decayTime=     0.38877 grad= -4.7674e-03
  sustain=     0.58622 grad= -8.4558e-03
  releaseTime=     0.02059 grad=  8.4808e-04
  drive=     1.29863 grad= -2.6966e-02
  outGain=     2.00000 grad= -3.9968e-02
  vco2Level=     1.50000 grad= -2.0859e-02
  vco2Detune=     0.09287 grad= -2.4368e-04
  satGain=     2.00386 grad= -2.0991e-02
  satBias=    -0.37994 grad= -8.2633e-03
  satA2=    -0.06241 grad= -7.2201e-04
  satA3=    -0.51672 grad=  3.8116e-02
  satA5=     0.13303 grad=  9.6340e-02
  filtSat=     2.76684 grad= -1.0134e-03
epoch=590 loss=1.637009
  shape=     0.73587 grad= -1.4806e-01
  pw=     0.45684 grad=  4.7441e-03
  fBase=    65.30995 grad=  2.4395e-02
  fAmt=   505.17719 grad=  2.6859e-02
  fDecay=     0.14876 grad= -5.4397e-04
  res=     0.50000 grad=  2.0353e-02
  attackTime=     0.00769 grad= -9.2421e-04
  decayTime=     0.38919 grad= -4.7588e-03
  sustain=     0.58637 grad= -8.4370e-03
  releaseTime=     0.02059 grad=  7.8617e-04
  drive=     1.30043 grad= -2.7088e-02
  outGain=     2.00000 grad= -4.0056e-02
  vco2Level=     1.50000 grad= -2.0693e-02
  vco2Detune=     0.09287 grad=  2.0646e-04
  satGain=     2.00577 grad= -2.0618e-02
  satBias=    -0.37984 grad= -8.6700e-03
  satA2=    -0.06240 grad=  1.9847e-04
  satA3=    -0.51685 grad=  3.6830e-02
  satA5=     0.13275 grad=  9.5669e-02
  filtSat=     2.76754 grad= -1.0677e-03
epoch=599 loss=1.636825
  shape=     0.73612 grad= -1.4833e-01
  pw=     0.45684 grad=  2.6142e-03
  fBase=    65.22474 grad=  2.4305e-02
  fAmt=   504.67105 grad=  2.6539e-02
  fDecay=     0.14876 grad= -6.0375e-04
  res=     0.50000 grad=  2.0297e-02
  attackTime=     0.00769 grad= -9.1088e-04
  decayTime=     0.38956 grad= -4.7493e-03
  sustain=     0.58651 grad= -8.4140e-03
  releaseTime=     0.02058 grad=  7.2709e-04
  drive=     1.30204 grad= -2.7181e-02
  outGain=     2.00000 grad= -4.0116e-02
  vco2Level=     1.50000 grad= -2.0528e-02
  vco2Detune=     0.09287 grad=  5.3715e-04
  satGain=     2.00744 grad= -2.0261e-02
  satBias=    -0.37974 grad= -8.9839e-03
  satA2=    -0.06240 grad=  9.3635e-04
  satA3=    -0.51696 grad=  3.5704e-02
  satA5=     0.13251 grad=  9.5092e-02
  filtSat=     2.76820 grad= -1.1197e-03
