epoch=0 loss=1.756138
  shape=     0.71942 grad= -3.8062e+00
  pw=     0.44473 grad=  1.1792e+01
  fBase=   213.96140 grad= -1.1210e+00
  fAmt=   487.05206 grad= -8.8560e-02
  fDecay=     0.01367 grad= -1.2145e-01
  res=     1.13995 grad=  1.0319e-03
  attackTime=     0.04587 grad=  2.2742e-01
  decayTime=     0.15495 grad= -3.1233e-01
  sustain=     0.10329 grad=  5.3050e-02
  releaseTime=     0.11502 grad=  1.4840e-01
  drive=     3.13721 grad= -5.4614e-01
  outGain=     1.30347 grad= -6.2638e-01
  vco2Level=     0.52341 grad= -7.2031e-02
  vco2Detune=     0.63422 grad= -3.0677e+00
  satGain=     1.68003 grad= -1.5879e+00
  satBias=    -0.07499 grad= -5.0099e-02
  satA2=     0.81790 grad=  7.8733e-02
  satA3=    -0.10639 grad= -4.6063e-01
  satA5=     0.49900 grad= -5.9026e-01
  filtSat=     1.31619 grad= -1.6918e-02
epoch=10 loss=1.517754
  shape=     0.72852 grad=  4.1509e-01
  pw=     0.44281 grad= -3.7865e+00
  fBase=   231.37004 grad=  2.6860e-01
  fAmt=   538.20935 grad= -8.3858e-02
  fDecay=     0.01511 grad= -1.0936e-01
  res=     1.03553 grad=  4.5369e-03
  attackTime=     0.04158 grad=  1.3857e-01
  decayTime=     0.15786 grad=  4.9990e-01
  sustain=     0.07497 grad=  3.3961e+00
  releaseTime=     0.10558 grad=  2.8228e-03
  drive=     3.34700 grad=  2.6695e-01
  outGain=     1.33084 grad=  2.5504e-01
  vco2Level=     0.52855 grad=  1.8896e-01
  vco2Detune=     0.63340 grad= -1.2077e+00
  satGain=     1.82237 grad=  5.2843e-01
  satBias=    -0.07461 grad= -3.4399e-01
  satA2=     0.81165 grad= -7.0906e-02
  satA3=    -0.09884 grad=  1.5891e-01
  satA5=     0.50000 grad=  2.9410e-01
  filtSat=     1.41414 grad= -1.4998e-01
epoch=20 loss=1.381319
  shape=     0.73385 grad= -1.9570e+00
  pw=     0.44273 grad= -5.1003e+01
  fBase=   236.25449 grad= -4.3761e-01
  fAmt=   593.33130 grad= -3.3854e-02
  fDecay=     0.01666 grad= -7.3238e-02
  res=     0.94234 grad=  1.5040e-03
  attackTime=     0.03802 grad=  8.3006e-02
  decayTime=     0.14593 grad= -1.1856e-01
  sustain=     0.04452 grad=  6.6795e-01
  releaseTime=     0.09946 grad=  9.1732e-02
  drive=     3.28709 grad= -1.9028e-01
  outGain=     1.32822 grad= -2.2268e-01
  vco2Level=     0.50219 grad=  5.5047e-03
  vco2Detune=     0.63455 grad=  3.9485e-01
  satGain=     1.83839 grad= -3.9087e-01
  satBias=    -0.06526 grad= -3.0009e-01
  satA2=     0.81472 grad=  1.1435e-03
  satA3=    -0.09802 grad= -1.3470e-01
  satA5=     0.49922 grad= -8.7675e-02
  filtSat=     1.51120 grad= -2.2016e-02
epoch=30 loss=1.310945
  shape=     0.74316 grad= -6.4412e-01
  pw=     0.44301 grad= -2.7899e+01
  fBase=   250.05641 grad= -8.0051e-02
  fAmt=   632.79285 grad=  3.5741e-02
  fDecay=     0.01803 grad=  4.2583e-03
  res=     0.87100 grad=  4.9569e-03
  attackTime=     0.03558 grad= -1.9329e-02
  decayTime=     0.14322 grad= -9.8422e-02
  sustain=     0.01762 grad= -5.4761e-02
  releaseTime=     0.09068 grad=  7.0117e-02
  drive=     3.38000 grad=  1.0321e-02
  outGain=     1.34222 grad=  1.4034e-02
  vco2Level=     0.48490 grad=  2.6598e-02
  vco2Detune=     0.63561 grad= -1.1717e-01
  satGain=     1.88129 grad=  5.2666e-01
  satBias=    -0.05395 grad= -6.7479e-01
  satA2=     0.81734 grad= -3.7724e-02
  satA3=    -0.09470 grad=  3.9031e-02
  satA5=     0.49853 grad=  3.0803e-01
  filtSat=     1.57203 grad= -1.4806e-02
epoch=40 loss=1.264457
  shape=     0.75246 grad= -4.1140e-01
  pw=     0.44299 grad= -1.9258e+01
  fBase=   261.60104 grad= -4.5013e-02
  fAmt=   633.56122 grad=  5.7024e-03
  fDecay=     0.01872 grad= -2.5253e-02
  res=     0.78559 grad=  1.8884e-03
  attackTime=     0.03486 grad= -7.7142e-03
  decayTime=     0.14708 grad= -2.0163e-02
  sustain=     0.01162 grad=  9.4383e-02
  releaseTime=     0.08235 grad=  6.2753e-02
  drive=     3.43455 grad=  4.9043e-02
  outGain=     1.34930 grad=  6.1118e-02
  vco2Level=     0.47122 grad=  8.8437e-02
  vco2Detune=     0.63597 grad=  5.5731e-01
  satGain=     1.79981 grad=  4.1297e-01
  satBias=    -0.04149 grad= -3.6442e-01
  satA2=     0.82083 grad=  4.5949e-02
  satA3=    -0.09376 grad=  1.5408e-02
  satA5=     0.49194 grad=  2.0595e-01
  filtSat=     1.60972 grad= -3.7918e-02
epoch=50 loss=1.232072
  shape=     0.76081 grad= -7.4461e-01
  pw=     0.44288 grad= -2.1617e+01
  fBase=   271.19446 grad= -1.3884e-01
  fAmt=   632.18207 grad= -2.7238e-02
  fDecay=     0.01943 grad= -5.1367e-02
  res=     0.71486 grad=  4.8701e-03
  attackTime=     0.03465 grad=  1.3998e-02
  decayTime=     0.15116 grad= -4.0279e-02
  sustain=     0.01021 grad=  6.3113e-02
  releaseTime=     0.07496 grad=  6.8711e-02
  drive=     3.43028 grad= -4.3755e-03
  outGain=     1.34814 grad= -3.1920e-03
  vco2Level=     0.45140 grad=  2.5311e-03
  vco2Detune=     0.63454 grad= -5.4197e-01
  satGain=     1.70070 grad= -1.0640e-02
  satBias=    -0.03193 grad= -4.1606e-02
  satA2=     0.81561 grad=  9.4280e-02
  satA3=    -0.09295 grad= -7.9275e-02
  satA5=     0.48537 grad= -1.5751e-02
  filtSat=     1.65319 grad= -3.9914e-02
epoch=60 loss=1.209293
  shape=     0.76914 grad= -5.1683e-01
  pw=     0.44297 grad=  3.0413e+01
  fBase=   280.79510 grad= -5.3111e-02
  fAmt=   652.46368 grad= -3.1022e-02
  fDecay=     0.02060 grad= -5.2736e-02
  res=     0.64537 grad=  2.3932e-03
  attackTime=     0.03421 grad=  1.5371e-02
  decayTime=     0.15294 grad= -2.9895e-02
  sustain=     0.00424 grad= -2.3581e-01
  releaseTime=     0.06833 grad=  6.4685e-02
  drive=     3.40597 grad=  2.5126e-02
  outGain=     1.34448 grad=  3.4635e-02
  vco2Level=     0.44044 grad= -3.0665e-02
  vco2Detune=     0.63511 grad= -1.6195e-01
  satGain=     1.65740 grad= -5.9610e-05
  satBias=    -0.02807 grad=  9.8127e-02
  satA2=     0.80314 grad=  1.1922e-01
  satA3=    -0.08920 grad= -7.9979e-02
  satA5=     0.48302 grad= -4.2933e-02
  filtSat=     1.70705 grad= -3.2227e-02
epoch=70 loss=1.188969
  shape=     0.77567 grad= -2.3668e-01
  pw=     0.44290 grad= -3.3099e+01
  fBase=   286.61087 grad=  6.8720e-03
  fAmt=   674.96893 grad= -1.6701e-02
  fDecay=     0.02185 grad= -4.1558e-02
  res=     0.59006 grad=  1.5246e-03
  attackTime=     0.03386 grad=  5.3077e-03
  decayTime=     0.15396 grad=  2.8663e-02
  sustain=     0.00538 grad= -1.3582e-02
  releaseTime=     0.06241 grad=  6.4933e-02
  drive=     3.33065 grad=  6.0679e-02
  outGain=     1.33427 grad=  7.2760e-02
  vco2Level=     0.44212 grad= -4.8796e-03
  vco2Detune=     0.63502 grad= -1.8419e-01
  satGain=     1.62044 grad=  1.2274e-01
  satBias=    -0.02834 grad=  1.2321e-01
  satA2=     0.78899 grad=  1.0092e-01
  satA3=    -0.08472 grad= -3.5106e-02
  satA5=     0.48234 grad=  1.3419e-02
  filtSat=     1.75924 grad= -3.0068e-02
epoch=80 loss=1.168735
  shape=     0.78118 grad= -2.5733e-01
  pw=     0.44293 grad= -3.5619e+01
  fBase=   290.34314 grad= -8.9598e-03
  fAmt=   705.07434 grad= -1.7854e-02
  fDecay=     0.02335 grad= -4.2471e-02
  res=     0.57480 grad= -8.2699e-04
  attackTime=     0.03347 grad=  4.7743e-03
  decayTime=     0.15392 grad=  9.9870e-03
  sustain=     0.00777 grad=  1.1823e-02
  releaseTime=     0.05681 grad=  7.5569e-02
  drive=     3.23798 grad=  3.8996e-02
  outGain=     1.32156 grad=  4.9935e-02
  vco2Level=     0.44803 grad= -1.9295e-02
  vco2Detune=     0.63538 grad=  4.3453e-01
  satGain=     1.59031 grad=  1.0787e-01
  satBias=    -0.03125 grad=  1.0992e-01
  satA2=     0.77467 grad=  9.5973e-02
  satA3=    -0.07962 grad= -3.6921e-02
  satA5=     0.48285 grad=  1.0631e-02
  filtSat=     1.80789 grad= -1.9538e-02
epoch=90 loss=1.152381
  shape=     0.78615 grad= -3.4411e-01
  pw=     0.44315 grad=  3.6300e+01
  fBase=   293.73270 grad= -3.6778e-02
  fAmt=   742.13483 grad= -2.1135e-02
  fDecay=     0.02505 grad= -5.3424e-02
  res=     0.60271 grad= -6.2357e-03
  attackTime=     0.03311 grad=  1.2924e-03
  decayTime=     0.15393 grad= -1.2711e-02
  sustain=     0.01011 grad= -5.3031e-02
  releaseTime=     0.05141 grad=  8.3421e-02
  drive=     3.15734 grad=  1.8726e-02
  outGain=     1.30989 grad=  2.7421e-02
  vco2Level=     0.45442 grad= -6.1279e-03
  vco2Detune=     0.63542 grad= -5.9849e-01
  satGain=     1.56089 grad=  5.6196e-02
  satBias=    -0.03481 grad=  1.1830e-01
  satA2=     0.76141 grad=  1.4204e-01
  satA3=    -0.07436 grad= -6.9807e-02
  satA5=     0.48369 grad= -2.8249e-02
  filtSat=     1.84939 grad= -1.6505e-02
epoch=100 loss=1.130447
  shape=     0.79073 grad= -1.2913e-01
  pw=     0.44288 grad= -7.2360e+01
  fBase=   297.20929 grad= -1.8359e-02
  fAmt=   775.58881 grad= -1.2151e-02
  fDecay=     0.02678 grad= -3.1156e-02
  res=     0.65588 grad= -5.0377e-03
  attackTime=     0.03297 grad= -1.3948e-02
  decayTime=     0.15467 grad= -2.6559e-03
  sustain=     0.01295 grad=  1.0813e-02
  releaseTime=     0.04631 grad=  8.6250e-02
  drive=     3.08904 grad=  3.8486e-02
  outGain=     1.29932 grad=  5.1903e-02
  vco2Level=     0.45991 grad=  5.1011e-03
  vco2Detune=     0.63527 grad=  3.5557e-01
  satGain=     1.52635 grad=  1.7087e-01
  satBias=    -0.03846 grad=  7.3749e-02
  satA2=     0.74912 grad=  1.2822e-01
  satA3=    -0.06923 grad= -3.0321e-02
  satA5=     0.48441 grad=  3.1940e-02
  filtSat=     1.88255 grad= -1.7312e-02
epoch=110 loss=1.120036
  shape=     0.79482 grad= -3.2501e-01
  pw=     0.44324 grad=  9.3604e+01
  fBase=   300.98340 grad= -6.6409e-02
  fAmt=   800.53888 grad=  4.8612e-03
  fDecay=     0.02838 grad= -4.5184e-02
  res=     0.71801 grad= -2.5098e-03
  attackTime=     0.03313 grad= -1.3704e-02
  decayTime=     0.15584 grad= -3.2210e-02
  sustain=     0.01514 grad= -7.5538e-02
  releaseTime=     0.04165 grad=  8.7601e-02
  drive=     3.02646 grad=  6.0090e-03
  outGain=     1.28912 grad=  1.7038e-02
  vco2Level=     0.46559 grad= -1.8353e-02
  vco2Detune=     0.63489 grad= -1.7215e+00
  satGain=     1.48496 grad=  2.2995e-02
  satBias=    -0.04208 grad=  1.7258e-01
  satA2=     0.73760 grad=  1.4894e-01
  satA3=    -0.06463 grad= -7.2421e-02
  satA5=     0.48471 grad= -5.0992e-02
  filtSat=     1.90904 grad= -5.5700e-03
epoch=120 loss=1.125480
  shape=     0.79878 grad= -1.9691e-01
  pw=     0.44187 grad= -7.3564e+01
  fBase=   305.73047 grad= -6.4063e-02
  fAmt=   807.25000 grad=  3.8833e-02
  fDecay=     0.02998 grad= -4.0955e-03
  res=     0.77105 grad= -1.8121e-03
  attackTime=     0.03355 grad= -2.6691e-02
  decayTime=     0.15707 grad= -6.8780e-02
  sustain=     0.01572 grad= -3.1451e-01
  releaseTime=     0.03750 grad=  8.1207e-02
  drive=     2.97310 grad=  3.0431e-04
  outGain=     1.27975 grad=  1.5884e-02
  vco2Level=     0.47601 grad= -4.3223e-02
  vco2Detune=     0.63481 grad=  1.9025e+00
  satGain=     1.44935 grad=  1.0967e-01
  satBias=    -0.04709 grad=  2.2413e-01
  satA2=     0.72589 grad=  1.5633e-01
  satA3=    -0.05961 grad= -5.0915e-02
  satA5=     0.48581 grad= -1.8239e-02
  filtSat=     1.92725 grad=  7.6303e-03
epoch=130 loss=1.107446
  shape=     0.80238 grad= -1.2230e-01
  pw=     0.44179 grad= -7.3793e-01
  fBase=   310.77539 grad= -2.8703e-02
  fAmt=   799.90082 grad=  2.8763e-02
  fDecay=     0.03141 grad= -1.5373e-02
  res=     0.82310 grad= -2.5319e-03
  attackTime=     0.03405 grad= -1.5324e-02
  decayTime=     0.15833 grad= -1.1845e-02
  sustain=     0.01798 grad= -1.5411e-01
  releaseTime=     0.03403 grad=  6.5861e-02
  drive=     2.93224 grad=  1.3337e-02
  outGain=     1.27165 grad=  2.7731e-02
  vco2Level=     0.48937 grad= -3.5025e-02
  vco2Detune=     0.63328 grad=  1.0602e+00
  satGain=     1.41696 grad=  1.0607e-01
  satBias=    -0.05367 grad=  2.6185e-01
  satA2=     0.71370 grad=  1.7771e-01
  satA3=    -0.05413 grad= -5.6056e-02
  satA5=     0.48767 grad= -3.3510e-02
  filtSat=     1.93647 grad=  5.7558e-03
epoch=140 loss=1.092664
  shape=     0.80573 grad= -1.3547e-01
  pw=     0.44050 grad= -1.6147e+01
  fBase=   314.86481 grad=  2.2943e-03
  fAmt=   801.20264 grad= -2.0632e-02
  fDecay=     0.03298 grad= -2.9678e-02
  res=     0.88011 grad= -3.5066e-03
  attackTime=     0.03427 grad=  6.5937e-03
  decayTime=     0.15814 grad=  3.2924e-02
  sustain=     0.02070 grad= -3.5666e-02
  releaseTime=     0.03133 grad=  4.5038e-02
  drive=     2.90234 grad=  1.7477e-02
  outGain=     1.26529 grad=  2.3399e-02
  vco2Level=     0.50121 grad=  1.2272e-02
  vco2Detune=     0.63050 grad= -2.0752e-01
  satGain=     1.39161 grad=  5.4585e-02
  satBias=    -0.06072 grad=  1.5152e-01
  satA2=     0.70185 grad=  1.2519e-01
  satA3=    -0.04842 grad= -4.5129e-02
  satA5=     0.49017 grad= -2.6053e-02
  filtSat=     1.94127 grad= -6.8193e-03
epoch=150 loss=1.083974
  shape=     0.80860 grad= -1.1543e-01
  pw=     0.44076 grad=  2.8675e+01
  fBase=   317.33298 grad=  8.9488e-04
  fAmt=   820.75708 grad= -2.1205e-02
  fDecay=     0.03460 grad= -3.5223e-02
  res=     0.94153 grad= -2.1823e-03
  attackTime=     0.03426 grad= -3.0117e-03
  decayTime=     0.15664 grad=  3.5395e-02
  sustain=     0.02543 grad= -1.2846e-02
  releaseTime=     0.02947 grad=  2.3741e-02
  drive=     2.86971 grad=  2.2895e-02
  outGain=     1.25919 grad=  2.8736e-02
  vco2Level=     0.50227 grad=  1.8616e-02
  vco2Detune=     0.63038 grad= -1.5196e+00
  satGain=     1.36752 grad=  7.6991e-02
  satBias=    -0.06664 grad=  7.7324e-02
  satA2=     0.69150 grad=  9.3425e-02
  satA3=    -0.04352 grad= -2.1949e-02
  satA5=     0.49222 grad= -1.2292e-03
  filtSat=     1.94993 grad= -7.7691e-03
epoch=160 loss=1.080935
  shape=     0.81118 grad= -1.7371e-02
  pw=     0.44108 grad= -6.2839e+01
  fBase=   320.15646 grad= -3.8464e-02
  fAmt=   846.01007 grad=  2.9210e-02
  fDecay=     0.03636 grad= -1.4821e-02
  res=     1.00345 grad= -6.9854e-04
  attackTime=     0.03440 grad= -3.0357e-02
  decayTime=     0.15487 grad= -9.6930e-03
  sustain=     0.03040 grad= -1.3997e-01
  releaseTime=     0.02830 grad=  1.4947e-02
  drive=     2.83451 grad=  2.2267e-02
  outGain=     1.25279 grad=  3.8137e-02
  vco2Level=     0.49778 grad=  2.4387e-02
  vco2Detune=     0.63135 grad= -3.1036e-02
  satGain=     1.34226 grad=  1.6905e-01
  satBias=    -0.07156 grad=  1.1162e-01
  satA2=     0.68210 grad=  1.2678e-01
  satA3=    -0.03930 grad= -1.0344e-02
  satA5=     0.49378 grad=  2.6486e-02
  filtSat=     1.96169 grad= -4.1064e-04
epoch=170 loss=1.054720
  shape=     0.81365 grad= -7.9242e-02
  pw=     0.44203 grad= -7.3180e+01
  fBase=   325.48456 grad= -2.1926e-02
  fAmt=   864.11273 grad= -1.8044e-02
  fDecay=     0.03831 grad= -2.9591e-02
  res=     1.05959 grad= -3.2647e-03
  attackTime=     0.03485 grad= -1.3888e-02
  decayTime=     0.15391 grad=  1.5566e-02
  sustain=     0.03415 grad=  4.3691e-02
  releaseTime=     0.02759 grad=  8.6537e-03
  drive=     2.80626 grad=  2.1248e-02
  outGain=     1.24654 grad=  3.4216e-02
  vco2Level=     0.49130 grad= -2.3928e-02
  vco2Detune=     0.63336 grad= -4.7284e-01
  satGain=     1.31449 grad=  7.4526e-02
  satBias=    -0.07593 grad=  1.5344e-01
  satA2=     0.67324 grad=  1.4134e-01
  satA3=    -0.03556 grad= -4.4128e-02
  satA5=     0.49489 grad= -2.0323e-02
  filtSat=     1.97273 grad= -8.3308e-03
epoch=180 loss=1.044799
  shape=     0.81589 grad= -1.9268e-01
  pw=     0.44212 grad= -2.0107e+01
  fBase=   330.18640 grad= -4.8097e-02
  fAmt=   881.64636 grad= -4.0383e-02
  fDecay=     0.04023 grad= -4.2260e-02
  res=     1.11188 grad= -4.8269e-03
  attackTime=     0.03544 grad= -2.4492e-03
  decayTime=     0.15328 grad= -8.2240e-03
  sustain=     0.03612 grad= -4.9348e-02
  releaseTime=     0.02716 grad=  5.7910e-03
  drive=     2.77725 grad= -5.6865e-03
  outGain=     1.23966 grad=  4.6975e-03
  vco2Level=     0.50112 grad= -1.6246e-03
  vco2Detune=     0.63491 grad=  1.0226e+00
  satGain=     1.29019 grad= -2.1505e-02
  satBias=    -0.08071 grad=  1.5218e-01
  satA2=     0.66463 grad=  1.2522e-01
  satA3=    -0.03145 grad= -6.3197e-02
  satA5=     0.49642 grad= -5.1512e-02
  filtSat=     1.97914 grad= -6.5725e-03
epoch=190 loss=1.041708
  shape=     0.81776 grad= -3.6582e-02
  pw=     0.44204 grad= -7.2732e+01
  fBase=   334.32874 grad= -3.6449e-02
  fAmt=   897.89398 grad= -1.1590e-02
  fDecay=     0.04215 grad= -1.9682e-02
  res=     1.16987 grad= -2.8210e-03
  attackTime=     0.03614 grad= -1.6837e-02
  decayTime=     0.15323 grad= -1.9317e-02
  sustain=     0.03763 grad= -9.3786e-02
  releaseTime=     0.02691 grad=  9.2573e-04
  drive=     2.74848 grad=  6.2309e-03
  outGain=     1.23237 grad=  2.1383e-02
  vco2Level=     0.51168 grad=  8.4206e-03
  vco2Detune=     0.63421 grad=  3.4858e-01
  satGain=     1.26787 grad=  7.6812e-02
  satBias=    -0.08576 grad=  1.1603e-01
  satA2=     0.65601 grad=  1.2683e-01
  satA3=    -0.02712 grad= -3.2574e-02
  satA5=     0.49828 grad= -1.0617e-02
  filtSat=     1.98222 grad= -1.6026e-03
epoch=200 loss=1.032922
  shape=     0.81924 grad= -9.5582e-02
  pw=     0.44219 grad= -4.8654e+00
  fBase=   338.40231 grad= -2.8383e-02
  fAmt=   926.64203 grad= -2.2121e-02
  fDecay=     0.04409 grad= -2.7434e-02
  res=     1.24171 grad= -4.0560e-03
  attackTime=     0.03678 grad= -9.3795e-03
  decayTime=     0.15349 grad= -1.4785e-02
  sustain=     0.03857 grad= -7.4677e-02
  releaseTime=     0.02682 grad=  8.1006e-05
  drive=     2.72366 grad=  4.5880e-03
  outGain=     1.22545 grad=  1.9349e-02
  vco2Level=     0.51298 grad= -1.3083e-03
  vco2Detune=     0.63483 grad=  7.3214e-01
  satGain=     1.24744 grad=  1.1078e-02
  satBias=    -0.09002 grad=  1.2441e-01
  satA2=     0.64790 grad=  1.1126e-01
  satA3=    -0.02305 grad= -4.8935e-02
  satA5=     0.49995 grad= -3.6009e-02
  filtSat=     1.98739 grad= -3.5396e-03
epoch=210 loss=1.028551
  shape=     0.82020 grad= -9.5000e-02
  pw=     0.44216 grad=  4.2147e-01
  fBase=   341.71750 grad= -2.9828e-02
  fAmt=   944.54803 grad= -3.2363e-02
  fDecay=     0.04570 grad= -2.9429e-02
  res=     1.31277 grad= -3.0410e-03
  attackTime=     0.03765 grad= -6.1398e-03
  decayTime=     0.15444 grad= -8.4725e-03
  sustain=     0.04089 grad=  4.8258e-02
  releaseTime=     0.02677 grad=  7.0741e-03
  drive=     2.68842 grad=  4.3911e-03
  outGain=     1.21683 grad=  1.7993e-02
  vco2Level=     0.51446 grad= -1.9294e-02
  vco2Detune=     0.63440 grad=  2.8995e-01
  satGain=     1.22551 grad= -1.0660e-02
  satBias=    -0.09381 grad=  1.3987e-01
  satA2=     0.64044 grad=  1.1978e-01
  satA3=    -0.01933 grad= -5.9131e-02
  satA5=     0.50000 grad= -4.7879e-02
  filtSat=     1.99190 grad= -5.7286e-03
epoch=220 loss=1.024685
  shape=     0.82074 grad= -1.5828e-01
  pw=     0.44209 grad= -1.2516e+01
  fBase=   345.14746 grad= -9.1171e-02
  fAmt=   960.42841 grad= -5.0193e-02
  fDecay=     0.04719 grad= -3.8383e-02
  res=     1.37487 grad= -3.8646e-03
  attackTime=     0.03861 grad= -4.3323e-04
  decayTime=     0.15567 grad= -6.1013e-02
  sustain=     0.04135 grad= -1.9154e-01
  releaseTime=     0.02665 grad=  9.8732e-05
  drive=     2.65033 grad= -3.9216e-02
  outGain=     1.20769 grad= -2.7200e-02
  vco2Level=     0.52135 grad=  7.4641e-03
  vco2Detune=     0.63393 grad=  2.1025e-02
  satGain=     1.20431 grad= -4.8443e-02
  satBias=    -0.09760 grad=  9.6125e-02
  satA2=     0.63314 grad=  1.2517e-01
  satA3=    -0.01563 grad= -6.7980e-02
  satA5=     0.50000 grad= -5.0579e-02
  filtSat=     1.99663 grad=  5.8874e-04
epoch=230 loss=1.020925
  shape=     0.82091 grad= -4.9861e-02
  pw=     0.44222 grad= -1.0192e+01
  fBase=   350.36682 grad= -2.2304e-02
  fAmt=   989.67401 grad= -3.8752e-02
  fDecay=     0.04895 grad= -2.9480e-02
  res=     1.40744 grad= -3.2534e-03
  attackTime=     0.03921 grad= -1.6776e-03
  decayTime=     0.15745 grad= -4.8932e-03
  sustain=     0.04238 grad=  5.6567e-02
  releaseTime=     0.02654 grad=  3.5203e-03
  drive=     2.63418 grad=  4.6853e-03
  outGain=     1.20227 grad=  1.6276e-02
  vco2Level=     0.52732 grad= -2.6555e-02
  vco2Detune=     0.63448 grad=  1.1216e-02
  satGain=     1.17866 grad= -1.7733e-02
  satBias=    -0.09895 grad=  1.2224e-01
  satA2=     0.62957 grad=  1.1114e-01
  satA3=    -0.01462 grad= -5.7960e-02
  satA5=     0.49891 grad= -4.6852e-02
  filtSat=     1.99769 grad= -6.3481e-03
epoch=240 loss=1.016849
  shape=     0.82081 grad=  2.7641e-02
  pw=     0.44234 grad=  1.8277e+01
  fBase=   354.86807 grad= -1.0944e-02
  fAmt=  1017.18988 grad= -1.6064e-03
  fDecay=     0.05072 grad= -2.4715e-02
  res=     1.43477 grad= -1.3816e-03
  attackTime=     0.03992 grad= -1.7659e-02
  decayTime=     0.15897 grad= -7.6772e-03
  sustain=     0.04266 grad=  1.6398e-02
  releaseTime=     0.02644 grad=  3.1185e-03
  drive=     2.60490 grad=  2.4247e-02
  outGain=     1.19499 grad=  3.8226e-02
  vco2Level=     0.53213 grad= -2.0999e-02
  vco2Detune=     0.63498 grad=  1.5654e-01
  satGain=     1.15869 grad=  3.9281e-02
  satBias=    -0.10095 grad=  8.7869e-02
  satA2=     0.62553 grad=  9.2226e-02
  satA3=    -0.01285 grad= -3.4386e-02
  satA5=     0.49917 grad= -2.2463e-02
  filtSat=     2.00229 grad= -3.7746e-03
epoch=250 loss=1.014767
  shape=     0.82057 grad=  6.9261e-02
  pw=     0.44239 grad=  4.7952e+01
  fBase=   358.02878 grad= -2.5918e-02
  fAmt=  1036.17285 grad=  2.0030e-02
  fDecay=     0.05240 grad= -2.0585e-02
  res=     1.48415 grad= -1.1844e-03
  attackTime=     0.04079 grad= -3.0072e-02
  decayTime=     0.16041 grad= -3.8444e-02
  sustain=     0.04281 grad= -1.2487e-01
  releaseTime=     0.02637 grad= -2.4704e-03
  drive=     2.56509 grad=  1.6195e-02
  outGain=     1.18597 grad=  3.4923e-02
  vco2Level=     0.53883 grad=  1.1806e-02
  vco2Detune=     0.63472 grad= -2.5978e-01
  satGain=     1.14613 grad=  6.8069e-02
  satBias=    -0.10427 grad=  1.0873e-01
  satA2=     0.62010 grad=  1.2963e-01
  satA3=    -0.00955 grad= -4.0149e-02
  satA5=     0.50000 grad= -2.4335e-02
  filtSat=     2.00886 grad=  4.0139e-03
epoch=260 loss=1.009895
  shape=     0.82005 grad= -3.6896e-03
  pw=     0.44229 grad= -1.0305e+01
  fBase=   360.67496 grad= -2.4555e-02
  fAmt=  1048.60339 grad= -2.6078e-02
  fDecay=     0.05406 grad= -2.8741e-02
  res=     1.55130 grad= -4.1058e-03
  attackTime=     0.04167 grad= -4.1801e-03
  decayTime=     0.16223 grad= -2.4773e-02
  sustain=     0.04383 grad= -4.0617e-02
  releaseTime=     0.02636 grad= -5.2714e-05
  drive=     2.52986 grad= -2.9228e-03
  outGain=     1.17736 grad=  1.0667e-02
  vco2Level=     0.54072 grad=  2.2898e-03
  vco2Detune=     0.63490 grad=  9.0128e-03
  satGain=     1.13387 grad=  6.0839e-03
  satBias=    -0.10757 grad=  8.8060e-02
  satA2=     0.61455 grad=  1.0441e-01
  satA3=    -0.00615 grad= -4.7133e-02
  satA5=     0.50000 grad= -3.2819e-02
  filtSat=     2.01245 grad=  2.1174e-04
epoch=270 loss=1.006838
  shape=     0.81944 grad=  9.2298e-02
  pw=     0.44231 grad= -4.8827e-01
  fBase=   362.78323 grad=  2.1358e-02
  fAmt=  1065.11243 grad= -1.8738e-02
  fDecay=     0.05579 grad= -1.8850e-02
  res=     1.63439 grad= -3.1976e-03
  attackTime=     0.04236 grad= -8.6844e-03
  decayTime=     0.16412 grad=  1.1352e-02
  sustain=     0.04455 grad=  9.8783e-02
  releaseTime=     0.02635 grad=  1.9721e-03
  drive=     2.50467 grad=  3.0123e-02
  outGain=     1.17007 grad=  4.6958e-02
  vco2Level=     0.54081 grad=  5.4971e-03
  vco2Detune=     0.63485 grad= -7.1555e-02
  satGain=     1.12246 grad=  5.0026e-02
  satBias=    -0.11059 grad=  9.4980e-02
  satA2=     0.60925 grad=  1.0399e-01
  satA3=    -0.00288 grad= -3.4095e-02
  satA5=     0.50000 grad= -2.2118e-02
  filtSat=     2.01289 grad= -4.9260e-03
epoch=280 loss=1.004728
  shape=     0.81881 grad=  6.9063e-02
  pw=     0.44222 grad= -2.2080e+01
  fBase=   364.00537 grad=  6.2868e-04
  fAmt=  1091.96167 grad= -2.0478e-02
  fDecay=     0.05748 grad= -1.4436e-02
  res=     1.71893 grad= -4.9885e-03
  attackTime=     0.04291 grad= -4.9801e-03
  decayTime=     0.16561 grad= -9.1135e-03
  sustain=     0.04480 grad= -2.3156e-02
  releaseTime=     0.02634 grad=  2.3325e-04
  drive=     2.47716 grad=  1.6819e-02
  outGain=     1.16242 grad=  3.5928e-02
  vco2Level=     0.54151 grad=  9.0880e-03
  vco2Detune=     0.63487 grad=  3.7019e-01
  satGain=     1.11246 grad=  2.8889e-02
  satBias=    -0.11338 grad=  1.0085e-01
  satA2=     0.60437 grad=  1.1045e-01
  satA3=     0.00023 grad= -4.2230e-02
  satA5=     0.50000 grad= -2.8392e-02
  filtSat=     2.01519 grad= -4.6208e-03
epoch=290 loss=1.001292
  shape=     0.81799 grad=  1.1347e-01
  pw=     0.44236 grad=  2.3470e+01
  fBase=   364.73892 grad=  8.3239e-03
  fAmt=  1116.90186 grad=  1.7412e-02
  fDecay=     0.05888 grad= -9.5522e-03
  res=     1.80610 grad= -1.6767e-03
  attackTime=     0.04352 grad= -2.3506e-02
  decayTime=     0.16726 grad= -2.0104e-02
  sustain=     0.04638 grad= -3.6883e-02
  releaseTime=     0.02632 grad=  2.1992e-03
  drive=     2.44386 grad=  2.7554e-02
  outGain=     1.15376 grad=  4.8259e-02
  vco2Level=     0.54279 grad= -2.6582e-02
  vco2Detune=     0.63468 grad= -3.7907e-01
  satGain=     1.10188 grad=  6.3634e-02
  satBias=    -0.11593 grad=  9.7883e-02
  satA2=     0.59986 grad=  1.0406e-01
  satA3=     0.00308 grad= -3.4103e-02
  satA5=     0.50000 grad= -2.0127e-02
  filtSat=     2.01957 grad=  1.3744e-03
epoch=300 loss=0.998620
  shape=     0.81697 grad=  2.6868e-02
  pw=     0.44226 grad= -2.1132e+01
  fBase=   365.30286 grad= -1.5519e-02
  fAmt=  1131.76013 grad= -2.3267e-02
  fDecay=     0.06015 grad= -2.5846e-02
  res=     1.88345 grad= -3.2533e-03
  attackTime=     0.04423 grad= -2.0140e-03
  decayTime=     0.16935 grad= -2.8211e-02
  sustain=     0.04822 grad= -2.7062e-02
  releaseTime=     0.02627 grad=  4.2913e-03
  drive=     2.41323 grad= -5.3138e-03
  outGain=     1.14553 grad=  1.0002e-02
  vco2Level=     0.54752 grad= -2.1706e-02
  vco2Detune=     0.63482 grad=  2.4762e-01
  satGain=     1.09008 grad=  8.1771e-03
  satBias=    -0.11790 grad=  5.5690e-02
  satA2=     0.59610 grad=  7.0697e-02
  satA3=     0.00534 grad= -3.2933e-02
  satA5=     0.50000 grad= -1.9206e-02
  filtSat=     2.02162 grad=  1.7542e-03
epoch=310 loss=0.996785
  shape=     0.81601 grad=  4.9190e-02
  pw=     0.44225 grad= -1.9331e+01
  fBase=   365.71191 grad= -9.4173e-03
  fAmt=  1147.70947 grad= -1.9045e-02
  fDecay=     0.06153 grad= -1.8675e-02
  res=     1.94954 grad= -3.7829e-03
  attackTime=     0.04478 grad=  1.1591e-04
  decayTime=     0.17147 grad= -2.3004e-02
  sustain=     0.04883 grad= -2.2761e-02
  releaseTime=     0.02618 grad=  1.0462e-03
  drive=     2.39341 grad= -1.6035e-03
  outGain=     1.13912 grad=  1.4760e-02
  vco2Level=     0.55432 grad= -1.8938e-02
  vco2Detune=     0.63470 grad=  1.3893e-01
  satGain=     1.07977 grad=  8.4624e-03
  satBias=    -0.11925 grad=  8.9908e-02
  satA2=     0.59337 grad=  9.9156e-02
  satA3=     0.00696 grad= -4.6048e-02
  satA5=     0.50000 grad= -3.0341e-02
  filtSat=     2.02036 grad=  9.0681e-04
epoch=320 loss=0.994850
  shape=     0.81511 grad=  9.6742e-02
  pw=     0.44236 grad=  1.3460e+01
  fBase=   365.68124 grad=  1.9277e-02
  fAmt=  1160.86108 grad=  1.3488e-02
  fDecay=     0.06256 grad=  1.1892e-03
  res=     2.02528 grad= -2.3978e-03
  attackTime=     0.04507 grad= -6.8273e-03
  decayTime=     0.17338 grad= -7.0336e-03
  sustain=     0.04924 grad=  1.8786e-02
  releaseTime=     0.02612 grad=  6.8342e-04
  drive=     2.37884 grad=  2.1362e-02
  outGain=     1.13342 grad=  4.1686e-02
  vco2Level=     0.56064 grad= -3.4436e-03
  vco2Detune=     0.63470 grad= -2.0428e-01
  satGain=     1.07251 grad=  3.9657e-02
  satBias=    -0.12134 grad=  1.4515e-01
  satA2=     0.58994 grad=  1.2801e-01
  satA3=     0.00935 grad= -5.1553e-02
  satA5=     0.50000 grad= -3.8860e-02
  filtSat=     2.01796 grad=  1.9078e-03
epoch=330 loss=0.993322
  shape=     0.81436 grad=  3.5732e-02
  pw=     0.44226 grad= -1.1611e+01
  fBase=   365.45377 grad= -5.0258e-03
  fAmt=  1170.26685 grad= -1.3448e-02
  fDecay=     0.06322 grad= -1.0319e-02
  res=     2.10445 grad= -4.3173e-03
  attackTime=     0.04516 grad=  3.6125e-03
  decayTime=     0.17495 grad= -1.7868e-02
  sustain=     0.04951 grad= -1.8557e-02
  releaseTime=     0.02610 grad=  1.9716e-04
  drive=     2.36571 grad=  2.0170e-03
  outGain=     1.12787 grad=  2.0238e-02
  vco2Level=     0.56109 grad=  1.6625e-03
  vco2Detune=     0.63469 grad=  4.2015e-02
  satGain=     1.06620 grad=  4.4688e-03
  satBias=    -0.12354 grad=  1.1638e-01
  satA2=     0.58651 grad=  1.1840e-01
  satA3=     0.01178 grad= -5.6104e-02
  satA5=     0.50000 grad= -3.9495e-02
  filtSat=     2.01563 grad= -5.2367e-04
epoch=340 loss=0.992076
  shape=     0.81371 grad=  1.0498e-02
  pw=     0.44226 grad= -1.2893e+01
  fBase=   365.19174 grad= -1.6084e-02
  fAmt=  1175.85852 grad= -1.6905e-02
  fDecay=     0.06374 grad= -1.6752e-02
  res=     2.18383 grad= -4.0474e-03
  attackTime=     0.04517 grad=  7.0732e-03
  decayTime=     0.17642 grad= -2.2415e-02
  sustain=     0.04981 grad= -2.9181e-02
  releaseTime=     0.02609 grad=  4.5774e-04
  drive=     2.35341 grad= -6.0454e-03
  outGain=     1.12257 grad=  1.1133e-02
  vco2Level=     0.56265 grad=  5.2842e-03
  vco2Detune=     0.63478 grad=  2.5369e-01
  satGain=     1.06132 grad= -3.8533e-03
  satBias=    -0.12590 grad=  9.6214e-02
  satA2=     0.58299 grad=  1.0659e-01
  satA3=     0.01442 grad= -5.2875e-02
  satA5=     0.50000 grad= -3.5318e-02
  filtSat=     2.01375 grad=  5.0492e-05
epoch=350 loss=0.990703
  shape=     0.81318 grad=  5.5189e-02
  pw=     0.44235 grad=  7.2948e+00
  fBase=   365.13412 grad=  1.0488e-02
  fAmt=  1181.48413 grad=  1.0948e-02
  fDecay=     0.06429 grad= -1.8837e-03
  res=     2.26251 grad= -1.9737e-03
  attackTime=     0.04512 grad= -3.3153e-03
  decayTime=     0.17784 grad= -1.1108e-02
  sustain=     0.04993 grad=  1.2886e-02
  releaseTime=     0.02607 grad=  1.0076e-03
  drive=     2.34378 grad=  1.4237e-02
  outGain=     1.11780 grad=  3.2831e-02
  vco2Level=     0.56446 grad= -1.2459e-02
  vco2Detune=     0.63474 grad= -2.5494e-01
  satGain=     1.05752 grad=  3.1365e-02
  satBias=    -0.12819 grad=  9.9045e-02
  satA2=     0.57958 grad=  9.1643e-02
  satA3=     0.01707 grad= -3.8827e-02
  satA5=     0.50000 grad= -2.5928e-02
  filtSat=     2.01236 grad=  2.2368e-03
epoch=360 loss=0.989718
  shape=     0.81271 grad=  2.6381e-02
  pw=     0.44227 grad= -8.1882e+00
  fBase=   365.09598 grad= -4.2372e-03
  fAmt=  1185.84448 grad= -1.1207e-02
  fDecay=     0.06480 grad= -1.1420e-02
  res=     2.33389 grad= -2.8636e-03
  attackTime=     0.04504 grad=  5.6571e-03
  decayTime=     0.17916 grad= -1.3594e-02
  sustain=     0.04996 grad=  6.0625e-04
  releaseTime=     0.02604 grad=  1.2941e-03
  drive=     2.33419 grad=  3.5735e-03
  outGain=     1.11323 grad=  2.0965e-02
  vco2Level=     0.56560 grad=  4.6488e-03
  vco2Detune=     0.63478 grad=  1.0736e-01
  satGain=     1.05337 grad=  1.2472e-02
  satBias=    -0.13013 grad=  6.7941e-02
  satA2=     0.57656 grad=  8.3452e-02
  satA3=     0.01941 grad= -3.8596e-02
  satA5=     0.50000 grad= -2.2055e-02
  filtSat=     2.01139 grad= -1.2175e-03
epoch=370 loss=0.988950
  shape=     0.81231 grad=  9.2682e-03
  pw=     0.44226 grad= -1.0094e+01
  fBase=   365.09409 grad= -1.0296e-02
  fAmt=  1189.35449 grad= -1.2002e-02
  fDecay=     0.06526 grad= -1.3197e-02
  res=     2.39605 grad= -2.6601e-03
  attackTime=     0.04493 grad=  7.1443e-03
  decayTime=     0.18042 grad= -1.5623e-02
  sustain=     0.05003 grad= -7.7007e-03
  releaseTime=     0.02602 grad=  3.8607e-04
  drive=     2.32533 grad=  6.0567e-04
  outGain=     1.10898 grad=  1.7618e-02
  vco2Level=     0.56703 grad=  9.8653e-03
  vco2Detune=     0.63480 grad=  1.8987e-01
  satGain=     1.04915 grad=  8.2059e-03
  satBias=    -0.13172 grad=  5.7318e-02
  satA2=     0.57395 grad=  7.7320e-02
  satA3=     0.02143 grad= -3.6520e-02
  satA5=     0.50000 grad= -1.9773e-02
  filtSat=     2.01065 grad= -1.5997e-03
epoch=380 loss=0.988151
  shape=     0.81201 grad=  3.4787e-02
  pw=     0.44234 grad=  3.6483e+00
  fBase=   365.26141 grad=  5.9020e-03
  fAmt=  1193.41248 grad=  8.6916e-03
  fDecay=     0.06572 grad= -1.8394e-03
  res=     2.45045 grad= -1.4395e-03
  attackTime=     0.04478 grad=  5.9120e-04
  decayTime=     0.18159 grad= -1.1451e-02
  sustain=     0.05010 grad=  1.9413e-03
  releaseTime=     0.02600 grad=  4.5318e-04
  drive=     2.31739 grad=  1.1602e-02
  outGain=     1.10506 grad=  2.9112e-02
  vco2Level=     0.56780 grad= -1.4396e-02
  vco2Detune=     0.63478 grad= -2.7799e-01
  satGain=     1.04524 grad=  2.8597e-02
  satBias=    -0.13302 grad=  6.1578e-02
  satA2=     0.57170 grad=  6.7779e-02
  satA3=     0.02319 grad= -2.9347e-02
  satA5=     0.50000 grad= -1.5372e-02
  filtSat=     2.01063 grad=  1.0754e-03
epoch=390 loss=0.987553
  shape=     0.81177 grad=  1.3114e-02
  pw=     0.44227 grad= -5.9083e+00
  fBase=   365.46317 grad= -5.4843e-03
  fAmt=  1196.70667 grad= -6.1270e-03
  fDecay=     0.06616 grad= -9.9210e-03
  res=     2.49660 grad= -2.0037e-03
  attackTime=     0.04462 grad=  6.8362e-03
  decayTime=     0.18263 grad= -1.2291e-02
  sustain=     0.05016 grad= -3.3869e-03
  releaseTime=     0.02599 grad=  1.7640e-04
  drive=     2.30908 grad=  4.8853e-03
  outGain=     1.10128 grad=  2.1871e-02
  vco2Level=     0.56854 grad= -7.1170e-04
  vco2Detune=     0.63480 grad=  1.1988e-01
  satGain=     1.04151 grad=  1.2369e-02
  satBias=    -0.13410 grad=  5.0027e-02
  satA2=     0.56973 grad=  6.7908e-02
  satA3=     0.02473 grad= -3.2542e-02
  satA5=     0.50000 grad= -1.6073e-02
  filtSat=     2.01129 grad= -2.0659e-03
epoch=400 loss=0.987045
  shape=     0.81157 grad=  1.1198e-02
  pw=     0.44227 grad= -6.7581e+00
  fBase=   365.71854 grad= -5.7058e-03
  fAmt=  1198.66260 grad= -4.6087e-03
  fDecay=     0.06656 grad= -9.1095e-03
  res=     2.53562 grad= -1.9403e-03
  attackTime=     0.04446 grad=  7.6215e-03
  decayTime=     0.18360 grad= -1.2694e-02
  sustain=     0.05031 grad= -3.0740e-03
  releaseTime=     0.02598 grad=  4.2066e-04
  drive=     2.30089 grad=  4.1534e-03
  outGain=     1.09770 grad=  2.0939e-02
  vco2Level=     0.56961 grad= -1.6251e-03
  vco2Detune=     0.63480 grad=  1.5181e-01
  satGain=     1.03808 grad=  1.2057e-02
  satBias=    -0.13502 grad=  4.8072e-02
  satA2=     0.56799 grad=  6.6333e-02
  satA3=     0.02611 grad= -3.2073e-02
  satA5=     0.50000 grad= -1.5385e-02
  filtSat=     2.01240 grad= -1.8968e-03
epoch=410 loss=0.986534
  shape=     0.81141 grad=  2.7336e-02
  pw=     0.44233 grad=  4.7779e+00
  fBase=   366.04813 grad= -9.7045e-04
  fAmt=  1200.46008 grad=  3.2046e-03
  fDecay=     0.06695 grad= -7.5475e-03
  res=     2.57028 grad= -1.3551e-03
  attackTime=     0.04427 grad=  3.8105e-03
  decayTime=     0.18451 grad= -1.0347e-02
  sustain=     0.05044 grad=  1.4828e-03
  releaseTime=     0.02598 grad=  9.9721e-04
  drive=     2.29340 grad=  1.0502e-02
  outGain=     1.09438 grad=  2.7871e-02
  vco2Level=     0.57037 grad=  6.6668e-06
  vco2Detune=     0.63477 grad= -2.3687e-01
  satGain=     1.03500 grad=  2.4657e-02
  satBias=    -0.13581 grad=  4.1241e-02
  satA2=     0.56642 grad=  6.2589e-02
  satA3=     0.02737 grad= -2.6819e-02
  satA5=     0.50000 grad= -1.1139e-02
  filtSat=     2.01388 grad= -1.5633e-03
epoch=420 loss=0.986004
  shape=     0.81126 grad=  1.7663e-02
  pw=     0.44228 grad= -4.9567e+00
  fBase=   366.48474 grad= -8.4531e-03
  fAmt=  1202.37854 grad= -1.6826e-03
  fDecay=     0.06739 grad= -1.1103e-02
  res=     2.60331 grad= -1.9872e-03
  attackTime=     0.04408 grad=  7.5244e-03
  decayTime=     0.18532 grad= -1.2445e-02
  sustain=     0.05051 grad= -6.9373e-03
  releaseTime=     0.02596 grad=  2.6822e-04
  drive=     2.28600 grad=  5.6801e-03
  outGain=     1.09122 grad=  2.3171e-02
  vco2Level=     0.57030 grad= -1.5141e-03
  vco2Detune=     0.63477 grad=  9.0811e-02
  satGain=     1.03206 grad=  1.4708e-02
  satBias=    -0.13647 grad=  4.1031e-02
  satA2=     0.56497 grad=  6.5520e-02
  satA3=     0.02852 grad= -3.0834e-02
  satA5=     0.50000 grad= -1.3087e-02
  filtSat=     2.01597 grad= -2.8043e-03
epoch=430 loss=0.985562
  shape=     0.81109 grad=  1.8571e-02
  pw=     0.44228 grad= -6.5240e+00
  fBase=   366.96442 grad= -6.8669e-03
  fAmt=  1203.10291 grad= -1.5016e-03
  fDecay=     0.06783 grad= -1.1695e-02
  res=     2.63510 grad= -1.8106e-03
  attackTime=     0.04390 grad=  8.6076e-03
  decayTime=     0.18608 grad= -1.2093e-02
  sustain=     0.05064 grad= -4.0166e-03
  releaseTime=     0.02595 grad=  3.6429e-04
  drive=     2.27873 grad=  5.0708e-03
  outGain=     1.08820 grad=  2.2298e-02
  vco2Level=     0.57044 grad= -6.2239e-03
  vco2Detune=     0.63480 grad=  1.6349e-01
  satGain=     1.02922 grad=  1.4260e-02
  satBias=    -0.13706 grad=  4.1893e-02
  satA2=     0.56364 grad=  6.4669e-02
  satA3=     0.02958 grad= -3.0958e-02
  satA5=     0.50000 grad= -1.3167e-02
  filtSat=     2.01821 grad= -2.3960e-03
epoch=440 loss=0.985112
  shape=     0.81092 grad=  3.0943e-02
  pw=     0.44232 grad=  5.2911e+00
  fBase=   367.37305 grad= -1.7383e-03
  fAmt=  1203.35388 grad=  2.2599e-04
  fDecay=     0.06825 grad= -1.0392e-02
  res=     2.66362 grad= -1.3057e-03
  attackTime=     0.04371 grad=  6.0319e-03
  decayTime=     0.18678 grad= -1.0779e-02
  sustain=     0.05078 grad= -3.6776e-03
  releaseTime=     0.02595 grad=  3.5656e-04
  drive=     2.27211 grad=  9.4398e-03
  outGain=     1.08541 grad=  2.7203e-02
  vco2Level=     0.57104 grad= -1.1896e-03
  vco2Detune=     0.63478 grad= -2.0029e-01
  satGain=     1.02654 grad=  2.3237e-02
  satBias=    -0.13759 grad=  3.5777e-02
  satA2=     0.56241 grad=  6.2296e-02
  satA3=     0.03055 grad= -2.7322e-02
  satA5=     0.50000 grad= -1.0098e-02
  filtSat=     2.02023 grad= -2.1250e-03
epoch=450 loss=0.984693
  shape=     0.81075 grad=  2.4089e-02
  pw=     0.44228 grad= -5.2949e+00
  fBase=   367.68008 grad= -3.5399e-03
  fAmt=  1203.81396 grad=  3.7702e-04
  fDecay=     0.06866 grad= -1.0618e-02
  res=     2.68852 grad= -1.5394e-03
  attackTime=     0.04352 grad=  8.6987e-03
  decayTime=     0.18743 grad= -1.1777e-02
  sustain=     0.05090 grad= -6.9843e-03
  releaseTime=     0.02594 grad= -7.1701e-05
  drive=     2.26597 grad=  6.4787e-03
  outGain=     1.08283 grad=  2.3908e-02
  vco2Level=     0.57165 grad= -5.9057e-03
  vco2Detune=     0.63480 grad=  5.6646e-02
  satGain=     1.02402 grad=  1.7152e-02
  satBias=    -0.13806 grad=  3.8685e-02
  satA2=     0.56130 grad=  6.1675e-02
  satA3=     0.03144 grad= -2.8876e-02
  satA5=     0.50000 grad= -1.1461e-02
  filtSat=     2.02210 grad= -2.2485e-03
epoch=460 loss=0.984332
  shape=     0.81058 grad=  2.6800e-02
  pw=     0.44228 grad= -6.2843e+00
  fBase=   367.92404 grad= -2.3250e-03
  fAmt=  1204.03284 grad=  1.2044e-03
  fDecay=     0.06905 grad= -9.1041e-03
  res=     2.71078 grad= -1.5326e-03
  attackTime=     0.04334 grad=  9.5643e-03
  decayTime=     0.18804 grad= -1.2063e-02
  sustain=     0.05107 grad= -1.0270e-02
  releaseTime=     0.02594 grad= -3.9939e-05
  drive=     2.26047 grad=  6.0372e-03
  outGain=     1.08048 grad=  2.3396e-02
  vco2Level=     0.57228 grad= -6.0572e-03
  vco2Detune=     0.63481 grad=  1.2641e-01
  satGain=     1.02169 grad=  1.8764e-02
  satBias=    -0.13849 grad=  3.6869e-02
  satA2=     0.56029 grad=  6.0598e-02
  satA3=     0.03225 grad= -2.7955e-02
  satA5=     0.50000 grad= -1.0479e-02
  filtSat=     2.02373 grad= -1.7663e-03
epoch=470 loss=0.983939
  shape=     0.81042 grad=  3.1877e-02
  pw=     0.44232 grad=  3.3382e+00
  fBase=   368.09354 grad= -1.5656e-03
  fAmt=  1204.10986 grad= -6.0108e-04
  fDecay=     0.06938 grad= -1.0163e-02
  res=     2.73077 grad= -1.2053e-03
  attackTime=     0.04316 grad=  8.1303e-03
  decayTime=     0.18860 grad= -1.1861e-02
  sustain=     0.05127 grad= -1.0614e-02
  releaseTime=     0.02594 grad=  3.4693e-04
  drive=     2.25549 grad=  8.0793e-03
  outGain=     1.07833 grad=  2.5714e-02
  vco2Level=     0.57288 grad= -8.6988e-04
  vco2Detune=     0.63480 grad= -1.5611e-01
  satGain=     1.01949 grad=  2.0638e-02
  satBias=    -0.13887 grad=  3.6083e-02
  satA2=     0.55937 grad=  6.2691e-02
  satA3=     0.03298 grad= -2.8239e-02
  satA5=     0.50000 grad= -1.0637e-02
  filtSat=     2.02515 grad= -2.1634e-03
epoch=480 loss=0.983767
  shape=     0.81027 grad=  2.3442e-02
  pw=     0.44227 grad= -8.7793e+00
  fBase=   368.21713 grad= -2.6056e-03
  fAmt=  1204.03918 grad=  2.4087e-03
  fDecay=     0.06968 grad= -7.8249e-03
  res=     2.74787 grad= -1.5086e-03
  attackTime=     0.04298 grad=  1.0710e-02
  decayTime=     0.18913 grad= -1.3899e-02
  sustain=     0.05148 grad= -1.6459e-02
  releaseTime=     0.02594 grad=  5.4414e-04
  drive=     2.25081 grad=  4.3023e-03
  outGain=     1.07636 grad=  2.1448e-02
  vco2Level=     0.57342 grad= -1.1133e-02
  vco2Detune=     0.63486 grad=  2.7851e-01
  satGain=     1.01743 grad=  1.6402e-02
  satBias=    -0.13921 grad=  4.0813e-02
  satA2=     0.55853 grad=  6.1496e-02
  satA3=     0.03365 grad= -2.9556e-02
  satA5=     0.50000 grad= -1.1819e-02
  filtSat=     2.02643 grad= -1.1342e-03
epoch=490 loss=0.983315
  shape=     0.81013 grad=  2.0910e-02
  pw=     0.44231 grad=  2.6971e-02
  fBase=   368.34146 grad= -4.0231e-03
  fAmt=  1203.76404 grad= -2.8727e-03
  fDecay=     0.06995 grad= -1.1864e-02
  res=     2.76255 grad= -1.0736e-03
  attackTime=     0.04282 grad=  9.8644e-03
  decayTime=     0.18963 grad= -1.2257e-02
  sustain=     0.05171 grad= -6.6452e-03
  releaseTime=     0.02593 grad=  9.0919e-04
  drive=     2.24674 grad=  6.3821e-03
  outGain=     1.07459 grad=  2.3864e-02
  vco2Level=     0.57396 grad=  5.7467e-03
  vco2Detune=     0.63488 grad=  4.9388e-02
  satGain=     1.01559 grad=  1.6291e-02
  satBias=    -0.13953 grad=  3.1978e-02
  satA2=     0.55777 grad=  5.8319e-02
  satA3=     0.03426 grad= -2.6792e-02
  satA5=     0.50000 grad= -9.9854e-03
  filtSat=     2.02753 grad= -2.6008e-03
epoch=500 loss=0.983066
  shape=     0.81001 grad=  2.2506e-02
  pw=     0.44231 grad=  6.7721e-01
  fBase=   368.46759 grad= -1.7037e-03
  fAmt=  1204.16272 grad= -1.4241e-03
  fDecay=     0.07021 grad= -1.1184e-02
  res=     2.77500 grad= -9.2672e-04
  attackTime=     0.04267 grad=  9.8372e-03
  decayTime=     0.19008 grad= -1.1539e-02
  sustain=     0.05185 grad= -5.0722e-03
  releaseTime=     0.02593 grad=  9.5005e-04
  drive=     2.24299 grad=  7.3366e-03
  outGain=     1.07298 grad=  2.4689e-02
  vco2Level=     0.57401 grad=  1.5017e-03
  vco2Detune=     0.63488 grad=  1.8899e-02
  satGain=     1.01398 grad=  1.7743e-02
  satBias=    -0.13979 grad=  3.1306e-02
  satA2=     0.55710 grad=  5.5925e-02
  satA3=     0.03480 grad= -2.5759e-02
  satA5=     0.50000 grad= -9.2613e-03
  filtSat=     2.02871 grad= -2.3707e-03
epoch=510 loss=0.982880
  shape=     0.80992 grad=  1.4177e-02
  pw=     0.44229 grad= -5.5088e+00
  fBase=   368.54684 grad= -3.0150e-03
  fAmt=  1204.23865 grad=  4.4618e-04
  fDecay=     0.07046 grad= -9.7895e-03
  res=     2.78523 grad= -1.1508e-03
  attackTime=     0.04253 grad=  1.1215e-02
  decayTime=     0.19047 grad= -1.3890e-02
  sustain=     0.05196 grad= -1.4262e-02
  releaseTime=     0.02592 grad=  6.8417e-04
  drive=     2.23948 grad=  4.5836e-03
  outGain=     1.07152 grad=  2.1745e-02
  vco2Level=     0.57415 grad= -6.5649e-03
  vco2Detune=     0.63488 grad=  1.0773e-01
  satGain=     1.01252 grad=  1.3991e-02
  satBias=    -0.14002 grad=  3.6437e-02
  satA2=     0.55653 grad=  5.6289e-02
  satA3=     0.03526 grad= -2.7673e-02
  satA5=     0.50000 grad= -1.0962e-02
  filtSat=     2.02972 grad= -1.5485e-03
epoch=520 loss=0.982641
  shape=     0.80984 grad=  2.1097e-02
  pw=     0.44232 grad=  1.5703e+00
  fBase=   368.61716 grad= -7.7759e-04
  fAmt=  1204.14612 grad=  2.5227e-05
  fDecay=     0.07067 grad= -1.0107e-02
  res=     2.79401 grad= -9.2099e-04
  attackTime=     0.04240 grad=  1.0027e-02
  decayTime=     0.19085 grad= -1.1825e-02
  sustain=     0.05209 grad= -8.5066e-03
  releaseTime=     0.02591 grad=  6.9285e-04
  drive=     2.23645 grad=  7.7058e-03
  outGain=     1.07022 grad=  2.5192e-02
  vco2Level=     0.57444 grad= -9.9893e-04
  vco2Detune=     0.63489 grad= -8.2225e-03
  satGain=     1.01129 grad=  1.7059e-02
  satBias=    -0.14024 grad=  3.6491e-02
  satA2=     0.55602 grad=  5.8040e-02
  satA3=     0.03569 grad= -2.7383e-02
  satA5=     0.50000 grad= -1.0764e-02
  filtSat=     2.03058 grad= -2.2410e-03
epoch=530 loss=0.982461
  shape=     0.80977 grad=  1.1871e-02
  pw=     0.44230 grad= -2.5526e+00
  fBase=   368.66232 grad= -1.2946e-03
  fAmt=  1204.05994 grad= -3.8921e-04
  fDecay=     0.07086 grad= -9.9047e-03
  res=     2.80198 grad= -1.1817e-03
  attackTime=     0.04228 grad=  1.1933e-02
  decayTime=     0.19118 grad= -1.2096e-02
  sustain=     0.05220 grad= -9.1304e-03
  releaseTime=     0.02591 grad=  3.6713e-04
  drive=     2.23361 grad=  5.5787e-03
  outGain=     1.06903 grad=  2.2996e-02
  vco2Level=     0.57467 grad= -5.8455e-03
  vco2Detune=     0.63488 grad=  6.9480e-02
  satGain=     1.01021 grad=  1.1761e-02
  satBias=    -0.14045 grad=  4.8612e-02
  satA2=     0.55554 grad=  6.4453e-02
  satA3=     0.03608 grad= -3.2441e-02
  satA5=     0.50000 grad= -1.5078e-02
  filtSat=     2.03140 grad= -1.9455e-03
epoch=540 loss=0.982290
  shape=     0.80972 grad=  2.4519e-02
  pw=     0.44231 grad=  4.1728e-01
  fBase=   368.69855 grad= -3.6492e-03
  fAmt=  1203.96790 grad=  1.5784e-03
  fDecay=     0.07103 grad= -1.1345e-02
  res=     2.80926 grad= -4.8079e-04
  attackTime=     0.04217 grad=  8.0242e-03
  decayTime=     0.19148 grad= -1.5211e-02
  sustain=     0.05231 grad= -1.5279e-02
  releaseTime=     0.02591 grad=  3.9248e-04
  drive=     2.23103 grad=  7.7394e-03
  outGain=     1.06795 grad=  2.4628e-02
  vco2Level=     0.57482 grad=  1.0033e-02
  vco2Detune=     0.63488 grad= -6.4890e-03
  satGain=     1.00925 grad=  2.8982e-02
  satBias=    -0.14063 grad= -3.9228e-02
  satA2=     0.55512 grad=  2.8026e-03
  satA3=     0.03643 grad=  3.8784e-03
  satA5=     0.50000 grad=  1.4531e-02
  filtSat=     2.03215 grad= -2.0372e-03
epoch=550 loss=0.982154
  shape=     0.80966 grad=  1.4087e-02
  pw=     0.44232 grad=  1.4056e+00
  fBase=   368.77521 grad=  1.3092e-03
  fAmt=  1203.66406 grad=  2.7859e-04
  fDecay=     0.07120 grad= -9.5500e-03
  res=     2.81399 grad= -9.3166e-04
  attackTime=     0.04208 grad=  1.1811e-02
  decayTime=     0.19180 grad= -1.0969e-02
  sustain=     0.05245 grad= -4.6137e-03
  releaseTime=     0.02590 grad=  8.3638e-04
  drive=     2.22863 grad=  6.7553e-03
  outGain=     1.06697 grad=  2.4112e-02
  vco2Level=     0.57454 grad= -1.1871e-02
  vco2Detune=     0.63488 grad= -1.8904e-02
  satGain=     1.00802 grad=  1.2192e-02
  satBias=    -0.14061 grad=  5.4817e-02
  satA2=     0.55494 grad=  6.6736e-02
  satA3=     0.03655 grad= -3.4132e-02
  satA5=     0.49997 grad= -1.6763e-02
  filtSat=     2.03280 grad= -1.6176e-03
epoch=560 loss=0.982031
  shape=     0.80962 grad=  2.3293e-02
  pw=     0.44232 grad=  1.5086e+00
  fBase=   368.81882 grad= -7.0121e-04
  fAmt=  1203.53992 grad=  1.4603e-03
  fDecay=     0.07135 grad= -1.1555e-02
  res=     2.81861 grad= -2.9550e-04
  attackTime=     0.04198 grad=  8.7423e-03
  decayTime=     0.19207 grad= -1.2810e-02
  sustain=     0.05254 grad= -4.0862e-03
  releaseTime=     0.02590 grad=  8.0430e-04
  drive=     2.22660 grad=  8.7302e-03
  outGain=     1.06610 grad=  2.5414e-02
  vco2Level=     0.57474 grad=  2.5824e-03
  vco2Detune=     0.63488 grad= -5.4458e-02
  satGain=     1.00712 grad=  2.7678e-02
  satBias=    -0.14066 grad= -3.2800e-02
  satA2=     0.55471 grad=  3.4871e-03
  satA3=     0.03675 grad=  2.4369e-03
  satA5=     0.49999 grad=  1.2689e-02
  filtSat=     2.03335 grad= -1.9315e-03
epoch=570 loss=0.981910
  shape=     0.80958 grad=  8.5752e-03
  pw=     0.44231 grad=  3.1480e-01
  fBase=   368.85840 grad=  2.0639e-04
  fAmt=  1203.38379 grad= -9.4055e-04
  fDecay=     0.07151 grad= -1.0320e-02
  res=     2.82188 grad= -9.5321e-04
  attackTime=     0.04190 grad=  1.3036e-02
  decayTime=     0.19232 grad= -1.0968e-02
  sustain=     0.05260 grad= -3.3128e-03
  releaseTime=     0.02590 grad=  7.6909e-04
  drive=     2.22458 grad=  5.6441e-03
  outGain=     1.06529 grad=  2.2884e-02
  vco2Level=     0.57484 grad= -1.3568e-02
  vco2Detune=     0.63488 grad= -3.0891e-02
  satGain=     1.00615 grad=  8.4295e-03
  satBias=    -0.14064 grad=  5.7806e-02
  satA2=     0.55457 grad=  6.7390e-02
  satA3=     0.03684 grad= -3.5675e-02
  satA5=     0.49997 grad= -1.8302e-02
  filtSat=     2.03386 grad= -1.7149e-03
epoch=580 loss=0.981806
  shape=     0.80955 grad=  1.0686e-02
  pw=     0.44232 grad=  1.4356e+00
  fBase=   368.89584 grad=  9.1788e-04
  fAmt=  1203.33899 grad= -3.1077e-04
  fDecay=     0.07165 grad= -1.0268e-02
  res=     2.82509 grad= -9.0416e-04
  attackTime=     0.04182 grad=  1.2709e-02
  decayTime=     0.19256 grad= -1.0657e-02
  sustain=     0.05266 grad= -1.6329e-03
  releaseTime=     0.02589 grad=  7.3593e-04
  drive=     2.22281 grad=  6.3456e-03
  outGain=     1.06453 grad=  2.3654e-02
  vco2Level=     0.57506 grad= -1.1958e-02
  vco2Detune=     0.63489 grad= -2.4635e-02
  satGain=     1.00534 grad=  9.4998e-03
  satBias=    -0.14065 grad=  5.7600e-02
  satA2=     0.55442 grad=  6.6798e-02
  satA3=     0.03696 grad= -3.5028e-02
  satA5=     0.49997 grad= -1.7979e-02
  filtSat=     2.03433 grad= -1.6883e-03
epoch=590 loss=0.981704
  shape=     0.80952 grad=  1.6152e-02
  pw=     0.44231 grad= -1.2790e+00
  fBase=   368.93808 grad= -2.5409e-03
  fAmt=  1203.29016 grad=  3.0941e-04
  fDecay=     0.07179 grad= -1.2087e-02
  res=     2.82790 grad= -3.5437e-04
  attackTime=     0.04174 grad=  1.0149e-02
  decayTime=     0.19279 grad= -1.4348e-02
  sustain=     0.05271 grad= -8.4339e-03
  releaseTime=     0.02589 grad=  4.2467e-04
  drive=     2.22112 grad=  6.5431e-03
  outGain=     1.06382 grad=  2.3112e-02
  vco2Level=     0.57521 grad=  2.0241e-03
  vco2Detune=     0.63490 grad=  1.9281e-02
  satGain=     1.00454 grad=  2.3829e-02
  satBias=    -0.14064 grad= -3.2782e-02
  satA2=     0.55429 grad=  1.2720e-03
  satA3=     0.03706 grad=  2.4018e-03
  satA5=     0.49995 grad=  1.2161e-02
  filtSat=     2.03478 grad= -1.6241e-03
epoch=599 loss=0.981614
  shape=     0.80949 grad=  1.7110e-02
  pw=     0.44231 grad= -7.1623e-01
  fBase=   368.96729 grad= -2.4339e-03
  fAmt=  1203.27869 grad=  7.8055e-04
  fDecay=     0.07192 grad= -1.1698e-02
  res=     2.83047 grad= -2.6838e-04
  attackTime=     0.04167 grad=  1.0001e-02
  decayTime=     0.19299 grad= -1.4289e-02
  sustain=     0.05275 grad= -8.0013e-03
  releaseTime=     0.02589 grad=  4.0421e-04
  drive=     2.21961 grad=  7.0144e-03
  outGain=     1.06318 grad=  2.3600e-02
  vco2Level=     0.57536 grad=  4.1813e-03
  vco2Detune=     0.63491 grad=  4.2950e-02
  satGain=     1.00388 grad=  2.4432e-02
  satBias=    -0.14066 grad= -3.4384e-02
  satA2=     0.55416 grad= -2.1368e-04
  satA3=     0.03716 grad=  3.4367e-03
  satA5=     0.49995 grad=  1.2778e-02
  filtSat=     2.03517 grad= -1.6886e-03
