epoch=0 loss=1.619208
  shape=     0.92001 grad= -1.9826e+00
  pw=     0.44734 grad= -1.1832e+01
  fBase=    30.97147 grad= -1.8960e-01
  fAmt=   587.87213 grad= -1.2536e+00
  fDecay=     0.22854 grad= -1.0634e+00
  res=     0.96243 grad=  3.7578e-03
  attackTime=     0.00727 grad=  4.6381e-02
  decayTime=     0.42802 grad= -1.6254e-01
  sustain=     0.34965 grad= -3.6353e-01
  releaseTime=     0.05761 grad=  8.8879e-02
  drive=     5.27684 grad= -7.3220e-01
  outGain=     0.58214 grad= -9.0186e-01
  vco2Level=     0.35726 grad=  5.2954e-01
  vco2Detune=     0.49344 grad= -1.3930e-01
  satGain=     0.90976 grad= -1.3579e+00
  satBias=    -0.38569 grad=  3.7456e-01
  satA2=     0.35324 grad= -2.1579e-01
  satA3=     0.22745 grad=  4.4340e-01
  satA5=    -0.19954 grad=  1.2028e+00
  filtSat=     3.99600 grad=  1.6131e-02
epoch=10 loss=1.370048
  shape=     0.92905 grad=  1.2866e+00
  pw=     0.45038 grad= -3.3784e+01
  fBase=    33.61874 grad=  7.0577e-02
  fAmt=   643.07025 grad=  2.7596e-01
  fDecay=     0.24780 grad=  4.5158e-01
  res=     0.87148 grad=  2.0275e-02
  attackTime=     0.00659 grad=  1.2391e-02
  decayTime=     0.45978 grad=  1.0016e-01
  sustain=     0.37054 grad=  2.4415e-01
  releaseTime=     0.05224 grad=  5.4382e-02
  drive=     5.72879 grad=  2.8515e-01
  outGain=     0.59723 grad=  2.4726e-01
  vco2Level=     0.33765 grad= -3.4784e-01
  vco2Detune=     0.49809 grad= -3.7141e-01
  satGain=     0.99644 grad=  9.4233e-01
  satBias=    -0.39378 grad= -1.1032e+00
  satA2=     0.35977 grad=  6.1095e-01
  satA3=     0.21970 grad= -9.2291e-01
  satA5=    -0.20847 grad= -1.7147e+00
  filtSat=     3.98859 grad= -3.8235e-02
epoch=20 loss=1.329021
  shape=     0.92682 grad= -2.7932e-01
  pw=     0.45053 grad= -2.0411e+01
  fBase=    33.09454 grad=  1.0752e-02
  fAmt=   650.24390 grad= -2.1772e-02
  fDecay=     0.24160 grad=  9.9351e-02
  res=     0.78262 grad=  2.3467e-02
  attackTime=     0.00616 grad=  6.7849e-03
  decayTime=     0.43761 grad=  4.4853e-02
  sustain=     0.35432 grad=  1.1050e-01
  releaseTime=     0.04765 grad=  6.4617e-02
  drive=     5.62430 grad=  7.5906e-02
  outGain=     0.59682 grad=  8.2559e-03
  vco2Level=     0.35430 grad= -1.8868e-01
  vco2Detune=     0.50312 grad=  1.9833e-01
  satGain=     0.98245 grad= -3.1247e-01
  satBias=    -0.38883 grad=  3.7119e-01
  satA2=     0.35417 grad= -2.4819e-01
  satA3=     0.22489 grad=  3.1211e-01
  satA5=    -0.20629 grad=  5.8771e-01
  filtSat=     4.00000 grad= -2.5059e-02
epoch=30 loss=1.302292
  shape=     0.92788 grad= -4.5244e-02
  pw=     0.45057 grad= -1.4757e+01
  fBase=    32.73509 grad= -2.2617e-02
  fAmt=   661.64136 grad= -1.8185e-01
  fDecay=     0.23632 grad= -9.3096e-02
  res=     0.70316 grad=  1.7296e-02
  attackTime=     0.00589 grad=  1.1429e-03
  decayTime=     0.41512 grad=  1.1658e-02
  sustain=     0.33764 grad=  2.5349e-02
  releaseTime=     0.04326 grad=  6.6323e-02
  drive=     5.50180 grad= -1.7572e-02
  outGain=     0.59648 grad= -7.8166e-02
  vco2Level=     0.37119 grad= -5.1166e-02
  vco2Detune=     0.50817 grad= -3.7658e-01
  satGain=     1.00235 grad= -3.2660e-02
  satBias=    -0.38982 grad= -2.4658e-01
  satA2=     0.35405 grad=  1.5829e-01
  satA3=     0.22482 grad= -2.1688e-01
  satA5=    -0.20903 grad= -2.5849e-01
  filtSat=     4.00000 grad= -2.3405e-02
epoch=40 loss=1.280778
  shape=     0.92776 grad= -6.0154e-02
  pw=     0.45058 grad= -1.3875e+01
  fBase=    33.22894 grad=  1.6560e-03
  fAmt=   685.14392 grad=  6.4719e-02
  fDecay=     0.23689 grad=  5.2060e-02
  res=     0.63590 grad=  2.6911e-02
  attackTime=     0.00576 grad= -7.2327e-03
  decayTime=     0.39976 grad=  3.4827e-02
  sustain=     0.32635 grad=  7.3523e-02
  releaseTime=     0.03918 grad=  6.2493e-02
  drive=     5.45255 grad=  8.2109e-02
  outGain=     0.59858 grad=  3.5150e-02
  vco2Level=     0.38338 grad= -1.9278e-01
  vco2Detune=     0.51323 grad= -2.4831e-01
  satGain=     1.00896 grad= -1.2405e-01
  satBias=    -0.38592 grad=  1.9656e-01
  satA2=     0.34974 grad= -1.4893e-01
  satA3=     0.22904 grad=  1.6344e-01
  satA5=    -0.20674 grad=  2.9119e-01
  filtSat=     4.00000 grad= -1.5998e-02
epoch=50 loss=1.263831
  shape=     0.92763 grad=  1.1991e-01
  pw=     0.45058 grad= -1.0644e+01
  fBase=    33.64917 grad= -1.0839e-02
  fAmt=   697.52417 grad=  3.4758e-02
  fDecay=     0.23618 grad= -1.3557e-02
  res=     0.57138 grad=  2.4554e-02
  attackTime=     0.00581 grad= -6.5017e-03
  decayTime=     0.38200 grad=  2.1810e-02
  sustain=     0.31387 grad=  3.4561e-02
  releaseTime=     0.03561 grad=  5.4161e-02
  drive=     5.34677 grad=  4.6158e-02
  outGain=     0.59883 grad=  3.8527e-03
  vco2Level=     0.39871 grad= -1.4337e-01
  vco2Detune=     0.51741 grad= -4.9512e-01
  satGain=     1.02120 grad=  8.1853e-03
  satBias=    -0.38469 grad= -3.2627e-02
  satA2=     0.34819 grad= -5.8697e-04
  satA3=     0.23076 grad= -3.2621e-02
  satA5=    -0.20650 grad= -4.2940e-02
  filtSat=     4.00000 grad= -1.1407e-02
epoch=60 loss=1.250203
  shape=     0.92654 grad=  1.1852e-01
  pw=     0.45059 grad=  1.0658e+00
  fBase=    34.42208 grad= -1.7973e-02
  fAmt=   706.83569 grad=  1.0741e-02
  fDecay=     0.23714 grad= -4.6618e-02
  res=     0.51542 grad=  2.3291e-02
  attackTime=     0.00591 grad= -1.8540e-03
  decayTime=     0.36727 grad=  1.4805e-02
  sustain=     0.30477 grad=  1.1688e-02
  releaseTime=     0.03263 grad=  4.2212e-02
  drive=     5.26187 grad=  2.0158e-02
  outGain=     0.59954 grad= -2.1489e-02
  vco2Level=     0.41343 grad= -1.0615e-01
  vco2Detune=     0.52163 grad= -1.0715e+00
  satGain=     1.02914 grad= -2.4020e-02
  satBias=    -0.38317 grad= -9.4969e-03
  satA2=     0.34647 grad=  2.2343e-03
  satA3=     0.23277 grad= -2.3216e-02
  satA5=    -0.20565 grad= -1.8268e-04
  filtSat=     4.00000 grad= -7.6638e-03
epoch=70 loss=1.237048
  shape=     0.92391 grad= -1.5297e-02
  pw=     0.45048 grad= -1.3633e+01
  fBase=    35.53799 grad= -1.7175e-02
  fAmt=   711.15155 grad=  2.9785e-03
  fDecay=     0.24004 grad= -3.4640e-02
  res=     0.50000 grad=  2.0814e-02
  attackTime=     0.00597 grad=  5.1083e-04
  decayTime=     0.35586 grad=  1.6671e-02
  sustain=     0.29967 grad=  1.3403e-02
  releaseTime=     0.03028 grad=  3.0160e-02
  drive=     5.20903 grad=  1.1413e-02
  outGain=     0.60129 grad= -3.0095e-02
  vco2Level=     0.42961 grad= -8.8127e-02
  vco2Detune=     0.52711 grad= -2.7788e-01
  satGain=     1.03237 grad= -1.6221e-01
  satBias=    -0.38151 grad=  1.8604e-01
  satA2=     0.34467 grad= -9.8315e-02
  satA3=     0.23493 grad=  1.3484e-01
  satA5=    -0.20443 grad=  3.0672e-01
  filtSat=     4.00000 grad= -5.8114e-03
epoch=80 loss=1.230090
  shape=     0.92169 grad=  9.6514e-02
  pw=     0.45071 grad=  3.1941e+01
  fBase=    36.72008 grad= -2.1167e-02
  fAmt=   710.01892 grad= -3.1033e-02
  fDecay=     0.24239 grad= -3.8033e-02
  res=     0.50000 grad=  1.3250e-02
  attackTime=     0.00597 grad=  2.7925e-03
  decayTime=     0.34374 grad=  1.5519e-02
  sustain=     0.29505 grad=  3.6765e-03
  releaseTime=     0.02857 grad=  1.4482e-02
  drive=     5.15731 grad=  2.3572e-03
  outGain=     0.60297 grad= -2.9469e-02
  vco2Level=     0.44427 grad=  1.2382e-02
  vco2Detune=     0.53101 grad= -7.3020e-01
  satGain=     1.04461 grad= -1.2220e-02
  satBias=    -0.38214 grad= -4.8966e-02
  satA2=     0.34481 grad=  5.2637e-02
  satA3=     0.23504 grad= -6.6823e-02
  satA5=    -0.20542 grad= -5.7420e-02
  filtSat=     4.00000 grad= -7.4458e-03
epoch=90 loss=1.220688
  shape=     0.91900 grad=  2.0600e-01
  pw=     0.45055 grad= -2.5267e-01
  fBase=    38.17144 grad= -9.9340e-03
  fAmt=   712.48090 grad=  3.7069e-02
  fDecay=     0.24514 grad=  2.4745e-02
  res=     0.50000 grad=  1.6535e-02
  attackTime=     0.00593 grad= -2.2068e-03
  decayTime=     0.33235 grad=  2.6620e-02
  sustain=     0.29231 grad=  2.8287e-02
  releaseTime=     0.02749 grad=  5.3552e-03
  drive=     5.12902 grad=  3.3677e-02
  outGain=     0.60525 grad= -3.9054e-04
  vco2Level=     0.45205 grad= -4.4787e-02
  vco2Detune=     0.53464 grad= -1.0985e+00
  satGain=     1.05061 grad=  1.1348e-02
  satBias=    -0.38160 grad=  2.0197e-03
  satA2=     0.34346 grad=  2.8320e-02
  satA3=     0.23635 grad= -2.8468e-02
  satA5=    -0.20515 grad= -6.6818e-03
  filtSat=     4.00000 grad= -6.2130e-03
epoch=100 loss=1.215170
  shape=     0.91597 grad=  8.1223e-02
  pw=     0.45055 grad=  1.7877e+01
  fBase=    39.53634 grad= -2.1109e-02
  fAmt=   711.04999 grad= -4.1095e-03
  fDecay=     0.24626 grad= -3.6396e-02
  res=     0.50000 grad=  1.4389e-02
  attackTime=     0.00595 grad= -4.3831e-05
  decayTime=     0.31906 grad=  1.3104e-02
  sustain=     0.28868 grad= -1.1159e-02
  releaseTime=     0.02695 grad= -4.2720e-03
  drive=     5.08174 grad= -1.4751e-03
  outGain=     0.60702 grad= -3.7424e-02
  vco2Level=     0.45791 grad= -9.0018e-03
  vco2Detune=     0.53829 grad= -3.3317e-01
  satGain=     1.05606 grad= -3.2948e-02
  satBias=    -0.38168 grad=  1.4074e-02
  satA2=     0.34246 grad=  8.6325e-03
  satA3=     0.23714 grad= -7.3181e-03
  satA5=    -0.20535 grad=  2.9581e-02
  filtSat=     4.00000 grad= -3.0082e-03
epoch=110 loss=1.208110
  shape=     0.91323 grad=  1.1514e-01
  pw=     0.45042 grad= -1.0348e+01
  fBase=    41.17988 grad= -1.5965e-02
  fAmt=   710.37976 grad=  9.4618e-03
  fDecay=     0.24823 grad= -5.5488e-03
  res=     0.50000 grad=  1.2787e-02
  attackTime=     0.00595 grad=  8.8708e-04
  decayTime=     0.30750 grad=  2.1491e-02
  sustain=     0.28788 grad=  1.0112e-02
  releaseTime=     0.02687 grad= -3.0148e-03
  drive=     5.06016 grad=  5.2531e-03
  outGain=     0.60976 grad= -3.0606e-02
  vco2Level=     0.46207 grad= -2.5169e-02
  vco2Detune=     0.54250 grad= -5.2720e-01
  satGain=     1.06220 grad=  3.6901e-03
  satBias=    -0.38177 grad= -2.1140e-02
  satA2=     0.34154 grad=  2.7463e-02
  satA3=     0.23782 grad= -3.2800e-02
  satA5=    -0.20558 grad= -3.0086e-02
  filtSat=     4.00000 grad= -3.0032e-03
epoch=120 loss=1.203123
  shape=     0.90972 grad=  2.1039e-02
  pw=     0.45051 grad=  9.8140e+00
  fBase=    42.87025 grad= -2.1374e-02
  fAmt=   708.24896 grad= -2.6814e-02
  fDecay=     0.24962 grad= -3.0509e-02
  res=     0.50000 grad=  1.1371e-02
  attackTime=     0.00594 grad=  4.9296e-04
  decayTime=     0.29536 grad=  1.0878e-02
  sustain=     0.28691 grad= -1.5324e-02
  releaseTime=     0.02695 grad= -2.3532e-04
  drive=     5.04490 grad= -2.5023e-02
  outGain=     0.61282 grad= -6.5025e-02
  vco2Level=     0.46623 grad= -8.4903e-03
  vco2Detune=     0.54721 grad= -1.7030e-01
  satGain=     1.05945 grad= -1.3744e-01
  satBias=    -0.38079 grad=  1.3379e-01
  satA2=     0.33966 grad= -3.9509e-02
  satA3=     0.23948 grad=  7.8347e-02
  satA5=    -0.20467 grad=  2.2948e-01
  filtSat=     4.00000 grad=  1.0157e-04
epoch=130 loss=1.201259
  shape=     0.90703 grad=  1.0547e+00
  pw=     0.45041 grad= -9.5150e+00
  fBase=    44.64739 grad= -8.5160e-03
  fAmt=   707.46277 grad=  5.5972e-02
  fDecay=     0.25070 grad=  2.5756e-02
  res=     0.50000 grad=  6.4612e-03
  attackTime=     0.00594 grad= -2.3815e-03
  decayTime=     0.28382 grad=  2.8978e-02
  sustain=     0.28630 grad=  3.1372e-02
  releaseTime=     0.02698 grad=  2.1540e-02
  drive=     5.05685 grad=  2.1726e-02
  outGain=     0.61695 grad= -7.0245e-03
  vco2Level=     0.47037 grad= -7.7833e-02
  vco2Detune=     0.54891 grad=  5.0896e-01
  satGain=     1.07445 grad=  5.0732e-01
  satBias=    -0.38211 grad= -6.9513e-01
  satA2=     0.33928 grad=  4.8661e-01
  satA3=     0.23926 grad= -6.5461e-01
  satA5=    -0.20638 grad= -1.1056e+00
  filtSat=     4.00000 grad= -3.3272e-03
epoch=140 loss=1.198025
  shape=     0.90277 grad=  2.0921e-01
  pw=     0.45050 grad=  1.5247e+01
  fBase=    46.45341 grad= -1.6658e-02
  fAmt=   705.58997 grad= -5.3535e-03
  fDecay=     0.25132 grad= -2.5761e-03
  res=     0.50000 grad=  8.5078e-03
  attackTime=     0.00599 grad= -1.4485e-03
  decayTime=     0.27183 grad=  2.0890e-02
  sustain=     0.28501 grad=  7.2739e-03
  releaseTime=     0.02690 grad=  9.0951e-04
  drive=     5.06239 grad=  4.1805e-04
  outGain=     0.62075 grad= -3.0609e-02
  vco2Level=     0.47250 grad=  5.2338e-02
  vco2Detune=     0.54703 grad= -2.2006e-02
  satGain=     1.07244 grad=  7.9085e-02
  satBias=    -0.38128 grad= -1.2869e-01
  satA2=     0.33681 grad=  1.3001e-01
  satA3=     0.24108 grad= -1.4684e-01
  satA5=    -0.20600 grad= -2.0694e-01
  filtSat=     4.00000 grad= -3.9436e-03
epoch=150 loss=1.195786
  shape=     0.90091 grad=  2.6499e-01
  pw=     0.45041 grad= -6.5825e+00
  fBase=    48.23201 grad= -2.3641e-02
  fAmt=   702.63928 grad= -1.0368e-02
  fDecay=     0.25122 grad= -3.7295e-02
  res=     0.50000 grad=  1.0386e-02
  attackTime=     0.00605 grad=  4.1088e-05
  decayTime=     0.25873 grad=  1.2019e-02
  sustain=     0.28194 grad= -2.6675e-02
  releaseTime=     0.02684 grad= -1.1710e-03
  drive=     5.05348 grad= -2.4699e-02
  outGain=     0.62405 grad= -5.9435e-02
  vco2Level=     0.47167 grad= -1.1085e-02
  vco2Detune=     0.54720 grad=  1.2012e-01
  satGain=     1.08475 grad=  1.6342e-01
  satBias=    -0.38269 grad= -2.7331e-01
  satA2=     0.33661 grad=  1.6851e-01
  satA3=     0.24060 grad= -2.3717e-01
  satA5=    -0.20771 grad= -4.1629e-01
  filtSat=     4.00000 grad=  1.0611e-03
epoch=160 loss=1.193358
  shape=     0.89868 grad= -7.6782e-02
  pw=     0.45050 grad=  1.1436e+01
  fBase=    50.51399 grad= -8.5796e-03
  fAmt=   701.98096 grad=  2.7457e-02
  fDecay=     0.25291 grad=  3.4120e-02
  res=     0.50000 grad=  1.3844e-02
  attackTime=     0.00611 grad= -1.4803e-03
  decayTime=     0.24818 grad=  3.0613e-02
  sustain=     0.28354 grad=  3.2161e-02
  releaseTime=     0.02680 grad=  1.0808e-03
  drive=     5.07522 grad=  1.9899e-02
  outGain=     0.62840 grad= -1.0918e-02
  vco2Level=     0.47017 grad=  1.8077e-02
  vco2Detune=     0.54753 grad=  1.1044e-01
  satGain=     1.08081 grad= -1.5403e-01
  satBias=    -0.38174 grad=  2.4762e-01
  satA2=     0.33487 grad= -1.1551e-01
  satA3=     0.24200 grad=  1.8569e-01
  satA5=    -0.20647 grad=  3.7501e-01
  filtSat=     4.00000 grad= -2.4811e-03
epoch=170 loss=1.190709
  shape=     0.89643 grad= -8.1635e-02
  pw=     0.45041 grad= -7.6719e+00
  fBase=    52.32175 grad= -2.8880e-02
  fAmt=   697.54077 grad= -5.3278e-02
  fDecay=     0.25208 grad= -5.1770e-02
  res=     0.50000 grad=  9.9872e-03
  attackTime=     0.00615 grad=  7.6192e-04
  decayTime=     0.23602 grad=  3.3686e-03
  sustain=     0.28145 grad= -5.2910e-02
  releaseTime=     0.02676 grad=  6.5104e-04
  drive=     5.07716 grad= -5.2295e-02
  outGain=     0.63210 grad= -9.1442e-02
  vco2Level=     0.47183 grad=  1.0910e-02
  vco2Detune=     0.54696 grad= -3.1106e-01
  satGain=     1.08514 grad= -1.3388e-01
  satBias=    -0.38227 grad=  9.5162e-02
  satA2=     0.33439 grad= -3.6474e-02
  satA3=     0.24210 grad=  6.5988e-02
  satA5=    -0.20690 grad=  1.8179e-01
  filtSat=     3.99986 grad=  3.1835e-03
epoch=180 loss=1.189873
  shape=     0.89486 grad=  5.5646e-01
  pw=     0.45049 grad=  1.9236e+01
  fBase=    54.53002 grad= -5.0206e-03
  fAmt=   697.17883 grad=  5.1854e-02
  fDecay=     0.25241 grad=  4.3096e-02
  res=     0.50000 grad=  1.2455e-02
  attackTime=     0.00619 grad= -3.9443e-03
  decayTime=     0.22623 grad=  3.2144e-02
  sustain=     0.28322 grad=  3.0039e-02
  releaseTime=     0.02670 grad=  1.3247e-03
  drive=     5.11164 grad=  2.8693e-02
  outGain=     0.63700 grad=  2.8040e-03
  vco2Level=     0.47243 grad= -1.6306e-02
  vco2Detune=     0.54715 grad=  3.3050e-02
  satGain=     1.09610 grad=  3.2276e-01
  satBias=    -0.38289 grad= -3.9431e-01
  satA2=     0.33441 grad=  2.6030e-01
  satA3=     0.24203 grad= -3.5974e-01
  satA5=    -0.20750 grad= -6.5193e-01
  filtSat=     3.99725 grad= -2.2419e-03
epoch=190 loss=1.186974
  shape=     0.89212 grad= -2.8255e-01
  pw=     0.45041 grad= -7.0013e+00
  fBase=    56.71416 grad= -1.1001e-02
  fAmt=   695.51990 grad=  1.9776e-02
  fDecay=     0.25230 grad=  2.1200e-02
  res=     0.50000 grad=  1.5398e-02
  attackTime=     0.00627 grad= -5.7141e-04
  decayTime=     0.21639 grad=  2.6953e-02
  sustain=     0.28458 grad=  2.1748e-02
  releaseTime=     0.02661 grad=  2.5892e-03
  drive=     5.13691 grad=  1.6587e-03
  outGain=     0.64153 grad= -3.3151e-02
  vco2Level=     0.47274 grad= -1.0237e-02
  vco2Detune=     0.54704 grad= -5.2236e-02
  satGain=     1.08983 grad= -2.6260e-01
  satBias=    -0.38167 grad=  3.7908e-01
  satA2=     0.33280 grad= -2.2233e-01
  satA3=     0.24372 grad=  3.2010e-01
  satA5=    -0.20654 grad=  5.9874e-01
  filtSat=     3.99523 grad=  9.1871e-04
epoch=200 loss=1.185002
  shape=     0.89064 grad=  5.2865e-02
  pw=     0.45049 grad=  1.8011e+01
  fBase=    58.59035 grad= -3.0811e-02
  fAmt=   691.46515 grad= -5.2940e-02
  fDecay=     0.25094 grad= -5.1501e-02
  res=     0.50000 grad=  9.7759e-03
  attackTime=     0.00636 grad= -1.3462e-03
  decayTime=     0.20577 grad=  2.8170e-03
  sustain=     0.28259 grad= -6.5039e-02
  releaseTime=     0.02650 grad=  2.4804e-04
  drive=     5.13926 grad= -4.5416e-02
  outGain=     0.64523 grad= -8.0821e-02
  vco2Level=     0.47326 grad=  3.7264e-02
  vco2Detune=     0.54710 grad=  4.5208e-02
  satGain=     1.09580 grad= -4.1213e-02
  satBias=    -0.38241 grad= -2.3003e-02
  satA2=     0.33281 grad=  4.7273e-02
  satA3=     0.24350 grad= -4.5522e-02
  satA5=    -0.20744 grad= -1.4114e-02
  filtSat=     3.99494 grad=  1.9332e-03
epoch=210 loss=1.182354
  shape=     0.88928 grad=  4.1393e-01
  pw=     0.45042 grad= -4.8145e+00
  fBase=    61.09058 grad=  9.5946e-04
  fAmt=   692.13641 grad=  6.4280e-02
  fDecay=     0.25130 grad=  6.1023e-02
  res=     0.50000 grad=  1.2609e-02
  attackTime=     0.00644 grad= -2.1420e-03
  decayTime=     0.19790 grad=  3.5641e-02
  sustain=     0.28615 grad=  5.5505e-02
  releaseTime=     0.02642 grad=  3.1092e-03
  drive=     5.18277 grad=  2.8547e-02
  outGain=     0.65031 grad=  2.3615e-03
  vco2Level=     0.47250 grad= -4.1165e-02
  vco2Detune=     0.54701 grad= -1.8014e-01
  satGain=     1.10121 grad=  2.1162e-01
  satBias=    -0.38264 grad= -2.3044e-01
  satA2=     0.33235 grad=  1.5369e-01
  satA3=     0.24372 grad= -2.1286e-01
  satA5=    -0.20778 grad= -3.9269e-01
  filtSat=     3.99079 grad= -6.1565e-04
epoch=220 loss=1.180794
  shape=     0.88751 grad=  4.8190e-02
  pw=     0.45049 grad=  1.8446e+01
  fBase=    63.10008 grad= -1.9222e-02
  fAmt=   688.92932 grad= -1.2108e-02
  fDecay=     0.25008 grad= -8.1735e-03
  res=     0.50000 grad=  1.2921e-02
  attackTime=     0.00654 grad= -2.0961e-03
  decayTime=     0.18896 grad=  1.5590e-02
  sustain=     0.28518 grad= -1.9390e-02
  releaseTime=     0.02629 grad=  1.6795e-03
  drive=     5.19151 grad= -1.3211e-02
  outGain=     0.65408 grad= -4.4566e-02
  vco2Level=     0.47261 grad=  1.5755e-02
  vco2Detune=     0.54706 grad=  8.1894e-02
  satGain=     1.10110 grad= -2.3690e-02
  satBias=    -0.38266 grad=  1.0754e-02
  satA2=     0.33176 grad=  1.5401e-02
  satA3=     0.24411 grad= -9.6248e-03
  satA5=    -0.20774 grad=  1.8707e-02
  filtSat=     3.98969 grad=  1.3588e-04
epoch=230 loss=1.178386
  shape=     0.88604 grad= -1.8511e-02
  pw=     0.45042 grad= -3.6414e+00
  fBase=    65.32858 grad= -1.4684e-02
  fAmt=   687.49872 grad=  4.0857e-03
  fDecay=     0.24941 grad=  4.6717e-03
  res=     0.50000 grad=  1.3459e-02
  attackTime=     0.00663 grad= -3.5847e-04
  decayTime=     0.18139 grad=  1.7559e-02
  sustain=     0.28608 grad= -4.7251e-03
  releaseTime=     0.02617 grad=  2.6186e-03
  drive=     5.21675 grad= -1.4887e-02
  outGain=     0.65838 grad= -4.7407e-02
  vco2Level=     0.47308 grad= -2.2311e-02
  vco2Detune=     0.54707 grad= -5.1437e-02
  satGain=     1.10285 grad= -6.3572e-02
  satBias=    -0.38273 grad=  7.6309e-02
  satA2=     0.33128 grad= -4.4138e-02
  satA3=     0.24441 grad=  6.0842e-02
  satA5=    -0.20778 grad=  1.2382e-01
  filtSat=     3.98625 grad=  2.4845e-03
epoch=240 loss=1.177408
  shape=     0.88485 grad=  9.9040e-02
  pw=     0.45049 grad=  2.0325e+01
  fBase=    67.50052 grad= -1.3590e-02
  fAmt=   685.92535 grad=  4.0761e-03
  fDecay=     0.24856 grad=  8.8484e-03
  res=     0.50000 grad=  1.3509e-02
  attackTime=     0.00672 grad= -2.6832e-03
  decayTime=     0.17433 grad=  1.9854e-02
  sustain=     0.28637 grad=  3.5826e-03
  releaseTime=     0.02604 grad=  2.4089e-03
  drive=     5.24053 grad=  2.0766e-03
  outGain=     0.66258 grad= -2.5820e-02
  vco2Level=     0.47419 grad=  1.1943e-02
  vco2Detune=     0.54712 grad=  6.2642e-02
  satGain=     1.10592 grad=  2.0138e-02
  satBias=    -0.38300 grad= -2.4617e-02
  satA2=     0.33107 grad=  3.5880e-02
  satA3=     0.24448 grad= -3.9556e-02
  satA5=    -0.20803 grad= -4.7470e-02
  filtSat=     3.98219 grad= -1.1426e-03
epoch=250 loss=1.175653
  shape=     0.88366 grad=  1.9152e-02
  pw=     0.45036 grad= -1.4033e+01
  fBase=    69.61928 grad= -5.6146e-03
  fAmt=   684.36206 grad=  1.9881e-02
  fDecay=     0.24763 grad=  2.9917e-02
  res=     0.50000 grad=  1.5338e-02
  attackTime=     0.00680 grad= -6.1779e-05
  decayTime=     0.16792 grad=  1.6703e-02
  sustain=     0.28653 grad=  2.0738e-03
  releaseTime=     0.02591 grad=  1.6791e-03
  drive=     5.26127 grad= -1.2205e-02
  outGain=     0.66659 grad= -4.3067e-02
  vco2Level=     0.47590 grad= -7.5404e-02
  vco2Detune=     0.54710 grad= -3.7152e-01
  satGain=     1.10732 grad= -1.4985e-02
  satBias=    -0.38309 grad=  2.6563e-02
  satA2=     0.33079 grad= -4.2088e-02
  satA3=     0.24469 grad=  3.4844e-02
  satA5=    -0.20808 grad=  4.2116e-02
  filtSat=     3.97850 grad=  4.7680e-03
epoch=260 loss=1.173999
  shape=     0.88266 grad=  5.2130e-02
  pw=     0.45044 grad=  1.1425e+01
  fBase=    71.58680 grad= -1.4577e-02
  fAmt=   682.72577 grad= -3.3374e-03
  fDecay=     0.24646 grad=  3.5666e-03
  res=     0.50000 grad=  1.4261e-02
  attackTime=     0.00688 grad= -2.1425e-03
  decayTime=     0.16232 grad=  1.4777e-02
  sustain=     0.28681 grad= -3.5977e-03
  releaseTime=     0.02578 grad=  2.2172e-03
  drive=     5.28474 grad= -4.8180e-03
  outGain=     0.67060 grad= -3.3935e-02
  vco2Level=     0.47893 grad=  7.2497e-03
  vco2Detune=     0.54715 grad=  9.9580e-02
  satGain=     1.10859 grad= -1.2178e-02
  satBias=    -0.38318 grad=  8.6266e-03
  satA2=     0.33067 grad=  1.5744e-02
  satA3=     0.24480 grad= -1.0144e-02
  satA5=    -0.20813 grad=  1.0539e-02
  filtSat=     3.97297 grad= -5.3562e-04
epoch=270 loss=1.172813
  shape=     0.88177 grad=  3.4344e-02
  pw=     0.45036 grad= -1.0267e+01
  fBase=    73.50376 grad= -1.0844e-02
  fAmt=   680.97168 grad=  1.2389e-02
  fDecay=     0.24534 grad=  1.1100e-02
  res=     0.50000 grad=  1.3365e-02
  attackTime=     0.00696 grad= -6.7716e-04
  decayTime=     0.15744 grad=  1.3908e-02
  sustain=     0.28707 grad=  1.4011e-03
  releaseTime=     0.02566 grad=  2.2681e-03
  drive=     5.30825 grad= -1.1224e-02
  outGain=     0.67453 grad= -3.9707e-02
  vco2Level=     0.48244 grad= -3.8011e-02
  vco2Detune=     0.54727 grad= -3.8979e-02
  satGain=     1.11032 grad= -7.4052e-03
  satBias=    -0.38333 grad=  1.1203e-02
  satA2=     0.33060 grad= -5.5002e-03
  satA3=     0.24486 grad=  5.5362e-03
  satA5=    -0.20826 grad=  1.5477e-02
  filtSat=     3.96707 grad=  2.9053e-03
epoch=280 loss=1.171646
  shape=     0.88106 grad=  4.2775e-02
  pw=     0.45042 grad=  1.0398e+01
  fBase=    75.43478 grad= -1.3250e-02
  fAmt=   679.07300 grad=  4.3730e-03
  fDecay=     0.24440 grad=  5.7565e-03
  res=     0.50000 grad=  1.3007e-02
  attackTime=     0.00704 grad= -2.5439e-03
  decayTime=     0.15313 grad=  1.4206e-02
  sustain=     0.28668 grad=  8.0730e-03
  releaseTime=     0.02554 grad=  2.4505e-03
  drive=     5.33165 grad= -1.2684e-03
  outGain=     0.67832 grad= -2.8850e-02
  vco2Level=     0.48550 grad=  1.3381e-02
  vco2Detune=     0.54728 grad=  1.0316e-01
  satGain=     1.11204 grad=  1.0172e-02
  satBias=    -0.38351 grad= -9.6988e-03
  satA2=     0.33049 grad=  2.6640e-02
  satA3=     0.24490 grad= -2.3963e-02
  satA5=    -0.20841 grad= -2.3992e-02
  filtSat=     3.96114 grad= -4.8186e-04
epoch=290 loss=1.170710
  shape=     0.88060 grad= -2.2978e-02
  pw=     0.45035 grad= -1.0105e+01
  fBase=    77.38136 grad= -9.7142e-03
  fAmt=   676.87335 grad=  1.3948e-02
  fDecay=     0.24365 grad=  1.0571e-02
  res=     0.50000 grad=  1.3243e-02
  attackTime=     0.00713 grad= -9.0660e-04
  decayTime=     0.14926 grad=  1.1857e-02
  sustain=     0.28530 grad=  8.7754e-03
  releaseTime=     0.02542 grad=  2.0504e-03
  drive=     5.35132 grad= -9.7528e-03
  outGain=     0.68187 grad= -3.6918e-02
  vco2Level=     0.48687 grad= -1.4344e-02
  vco2Detune=     0.54727 grad= -9.2817e-02
  satGain=     1.11296 grad= -1.3896e-02
  satBias=    -0.38370 grad=  3.1255e-02
  satA2=     0.33028 grad= -1.7133e-02
  satA3=     0.24496 grad=  2.5431e-02
  satA5=    -0.20853 grad=  4.1934e-02
  filtSat=     3.95586 grad=  3.0443e-03
epoch=300 loss=1.169851
  shape=     0.88026 grad=  5.6703e-02
  pw=     0.45041 grad=  1.1817e+01
  fBase=    79.32878 grad= -1.5781e-02
  fAmt=   674.97864 grad= -1.5960e-03
  fDecay=     0.24306 grad= -2.0073e-03
  res=     0.50000 grad=  1.1278e-02
  attackTime=     0.00721 grad= -2.4872e-03
  decayTime=     0.14594 grad=  1.2122e-02
  sustain=     0.28331 grad=  1.7100e-02
  releaseTime=     0.02531 grad=  2.1693e-03
  drive=     5.37160 grad= -4.1478e-04
  outGain=     0.68532 grad= -2.7087e-02
  vco2Level=     0.48646 grad=  4.1654e-02
  vco2Detune=     0.54727 grad=  5.1558e-02
  satGain=     1.11320 grad=  9.1050e-03
  satBias=    -0.38384 grad= -1.1787e-02
  satA2=     0.32993 grad=  4.9935e-02
  satA3=     0.24510 grad= -3.9285e-02
  satA5=    -0.20857 grad= -2.9079e-02
  filtSat=     3.95085 grad= -1.8815e-03
epoch=310 loss=1.169045
  shape=     0.87984 grad=  7.3189e-03
  pw=     0.45035 grad= -1.0498e+01
  fBase=    81.22077 grad= -4.9233e-03
  fAmt=   673.24347 grad=  1.8420e-02
  fDecay=     0.24249 grad=  2.1203e-02
  res=     0.50000 grad=  1.4545e-02
  attackTime=     0.00730 grad= -1.7599e-04
  decayTime=     0.14298 grad=  8.1603e-03
  sustain=     0.28001 grad=  7.7252e-03
  releaseTime=     0.02521 grad=  1.0980e-03
  drive=     5.38813 grad= -1.2730e-02
  outGain=     0.68855 grad= -4.0754e-02
  vco2Level=     0.48522 grad= -5.4316e-02
  vco2Detune=     0.54726 grad= -9.6311e-02
  satGain=     1.11340 grad= -8.2756e-03
  satBias=    -0.38399 grad=  2.6831e-02
  satA2=     0.32943 grad= -2.6623e-02
  satA3=     0.24530 grad=  2.5926e-02
  satA5=    -0.20861 grad=  3.5959e-02
  filtSat=     3.94738 grad=  5.1202e-03
epoch=320 loss=1.168357
  shape=     0.87938 grad=  9.3396e-03
  pw=     0.45041 grad=  9.1532e+00
  fBase=    82.98752 grad= -5.2692e-03
  fAmt=   671.69012 grad=  1.3395e-02
  fDecay=     0.24190 grad=  2.1395e-02
  res=     0.50000 grad=  1.4258e-02
  attackTime=     0.00736 grad= -2.6151e-03
  decayTime=     0.14067 grad=  1.0500e-02
  sustain=     0.27756 grad=  2.0958e-02
  releaseTime=     0.02513 grad=  1.0118e-03
  drive=     5.41109 grad=  1.9111e-03
  outGain=     0.69193 grad= -2.4490e-02
  vco2Level=     0.48540 grad= -7.6394e-03
  vco2Detune=     0.54726 grad=  8.6622e-02
  satGain=     1.11406 grad= -6.6931e-03
  satBias=    -0.38417 grad=  3.1743e-02
  satA2=     0.32903 grad= -8.6839e-03
  satA3=     0.24545 grad=  1.7057e-02
  satA5=    -0.20870 grad=  3.6381e-02
  filtSat=     3.94124 grad=  1.0294e-03
epoch=330 loss=1.167632
  shape=     0.87892 grad=  3.9366e-02
  pw=     0.45036 grad= -6.9773e+00
  fBase=    84.62632 grad= -9.4754e-03
  fAmt=   669.78687 grad=  1.5134e-02
  fDecay=     0.24129 grad=  6.9335e-03
  res=     0.50000 grad=  1.2206e-02
  attackTime=     0.00743 grad= -6.8766e-04
  decayTime=     0.13859 grad=  8.0182e-03
  sustain=     0.27458 grad=  1.3501e-02
  releaseTime=     0.02508 grad=  1.1087e-03
  drive=     5.42747 grad= -6.9873e-03
  outGain=     0.69497 grad= -3.3184e-02
  vco2Level=     0.48517 grad= -1.2600e-02
  vco2Detune=     0.54726 grad= -5.8017e-02
  satGain=     1.11470 grad=  4.0804e-04
  satBias=    -0.38441 grad=  1.2758e-02
  satA2=     0.32862 grad=  1.2251e-02
  satA3=     0.24559 grad= -4.6519e-03
  satA5=    -0.20884 grad=  1.0042e-02
  filtSat=     3.93633 grad=  2.3217e-03
epoch=340 loss=1.167142
  shape=     0.87839 grad=  4.7430e-02
  pw=     0.45041 grad=  1.0010e+01
  fBase=    86.27049 grad= -9.8432e-03
  fAmt=   667.95917 grad=  3.7461e-03
  fDecay=     0.24086 grad=  6.9396e-03
  res=     0.50000 grad=  1.2625e-02
  attackTime=     0.00751 grad= -2.2871e-03
  decayTime=     0.13681 grad=  6.2999e-03
  sustain=     0.27170 grad=  9.3216e-03
  releaseTime=     0.02502 grad=  1.5880e-03
  drive=     5.44185 grad= -3.2959e-03
  outGain=     0.69782 grad= -2.9450e-02
  vco2Level=     0.48437 grad=  6.8979e-03
  vco2Detune=     0.54725 grad=  6.5102e-02
  satGain=     1.11525 grad=  1.8015e-03
  satBias=    -0.38464 grad=  5.8282e-03
  satA2=     0.32811 grad=  2.5108e-02
  satA3=     0.24577 grad= -1.7660e-02
  satA5=    -0.20896 grad= -1.8684e-03
  filtSat=     3.93246 grad=  4.4194e-04
epoch=350 loss=1.166537
  shape=     0.87786 grad=  3.7445e-02
  pw=     0.45036 grad= -5.9600e+00
  fBase=    87.84945 grad= -7.6708e-03
  fAmt=   666.10303 grad=  1.8130e-02
  fDecay=     0.24047 grad=  9.8272e-03
  res=     0.50000 grad=  1.2756e-02
  attackTime=     0.00757 grad= -5.7753e-04
  decayTime=     0.13536 grad=  6.5330e-03
  sustain=     0.26907 grad=  1.7280e-02
  releaseTime=     0.02498 grad=  1.0870e-03
  drive=     5.45576 grad= -4.8450e-03
  outGain=     0.70056 grad= -3.0921e-02
  vco2Level=     0.48391 grad= -1.8843e-02
  vco2Detune=     0.54725 grad= -7.2448e-02
  satGain=     1.11589 grad=  2.2197e-04
  satBias=    -0.38488 grad=  1.8140e-02
  satA2=     0.32762 grad=  6.9039e-03
  satA3=     0.24594 grad=  7.9073e-04
  satA5=    -0.20910 grad=  1.6826e-02
  filtSat=     3.92834 grad=  2.4208e-03
epoch=360 loss=1.166169
  shape=     0.87739 grad=  3.5102e-02
  pw=     0.45040 grad=  1.0338e+01
  fBase=    89.28446 grad= -1.0915e-02
  fAmt=   664.12073 grad=  1.2602e-03
  fDecay=     0.24002 grad=  4.1842e-03
  res=     0.50000 grad=  1.2314e-02
  attackTime=     0.00763 grad= -1.7981e-03
  decayTime=     0.13415 grad=  4.1013e-03
  sustain=     0.26636 grad=  7.1283e-03
  releaseTime=     0.02494 grad=  1.0592e-03
  drive=     5.46774 grad= -4.1501e-03
  outGain=     0.70313 grad= -3.0014e-02
  vco2Level=     0.48380 grad=  1.4551e-02
  vco2Detune=     0.54726 grad=  7.0120e-02
  satGain=     1.11652 grad=  1.2972e-03
  satBias=    -0.38515 grad=  5.2605e-03
  satA2=     0.32722 grad=  2.6251e-02
  satA3=     0.24606 grad= -1.7753e-02
  satA5=    -0.20927 grad= -2.8320e-03
  filtSat=     3.92399 grad=  3.0503e-04
epoch=370 loss=1.165697
  shape=     0.87703 grad=  1.5881e-02
  pw=     0.45036 grad= -4.6935e+00
  fBase=    90.58987 grad= -6.6960e-03
  fAmt=   662.41278 grad=  1.5324e-02
  fDecay=     0.23954 grad=  1.0331e-02
  res=     0.50000 grad=  1.2903e-02
  attackTime=     0.00768 grad= -5.6973e-04
  decayTime=     0.13323 grad=  4.2187e-03
  sustain=     0.26420 grad=  1.2793e-02
  releaseTime=     0.02490 grad=  8.1803e-04
  drive=     5.48075 grad= -5.5607e-03
  outGain=     0.70564 grad= -3.1149e-02
  vco2Level=     0.48381 grad= -1.5353e-02
  vco2Detune=     0.54726 grad= -5.8068e-02
  satGain=     1.11697 grad=  1.3147e-03
  satBias=    -0.38540 grad=  1.7490e-02
  satA2=     0.32689 grad=  1.5260e-03
  satA3=     0.24615 grad=  4.8535e-03
  satA5=    -0.20941 grad=  1.5580e-02
  filtSat=     3.91907 grad=  2.6275e-03
epoch=380 loss=1.165493
  shape=     0.87679 grad=  5.6620e-03
  pw=     0.45040 grad=  1.0004e+01
  fBase=    91.73318 grad= -9.8304e-03
  fAmt=   660.82318 grad= -2.3545e-04
  fDecay=     0.23900 grad=  5.4847e-03
  res=     0.50000 grad=  1.2614e-02
  attackTime=     0.00773 grad= -1.9290e-03
  decayTime=     0.13249 grad=  3.0885e-03
  sustain=     0.26211 grad=  6.9095e-03
  releaseTime=     0.02487 grad=  1.0581e-03
  drive=     5.49151 grad= -2.3503e-03
  outGain=     0.70795 grad= -2.7650e-02
  vco2Level=     0.48373 grad=  1.8298e-02
  vco2Detune=     0.54726 grad=  3.9927e-02
  satGain=     1.11716 grad= -8.4161e-04
  satBias=    -0.38563 grad=  1.0470e-02
  satA2=     0.32664 grad=  1.7108e-02
  satA3=     0.24619 grad= -8.1219e-03
  satA5=    -0.20954 grad=  4.9121e-03
  filtSat=     3.91438 grad= -1.8917e-08
epoch=390 loss=1.165089
  shape=     0.87666 grad= -3.0101e-03
  pw=     0.45036 grad= -3.7990e+00
  fBase=    92.79034 grad= -6.4309e-03
  fAmt=   659.55072 grad=  1.2999e-02
  fDecay=     0.23847 grad=  9.9855e-03
  res=     0.50000 grad=  1.3395e-02
  attackTime=     0.00778 grad= -6.7616e-04
  decayTime=     0.13189 grad=  3.4370e-03
  sustain=     0.26033 grad=  1.0754e-02
  releaseTime=     0.02483 grad=  9.1711e-04
  drive=     5.50037 grad= -3.4489e-03
  outGain=     0.71009 grad= -2.8443e-02
  vco2Level=     0.48344 grad= -1.1124e-02
  vco2Detune=     0.54727 grad= -4.4289e-02
  satGain=     1.11709 grad=  1.8793e-03
  satBias=    -0.38583 grad=  1.7266e-02
  satA2=     0.32642 grad= -1.8432e-03
  satA3=     0.24623 grad=  7.8144e-03
  satA5=    -0.20964 grad=  1.4980e-02
  filtSat=     3.91046 grad=  2.0404e-03
epoch=400 loss=1.164991
  shape=     0.87662 grad= -6.0142e-03
  pw=     0.45040 grad=  9.7711e+00
  fBase=    93.75560 grad= -8.7071e-03
  fAmt=   658.38416 grad=  1.1499e-03
  fDecay=     0.23796 grad=  6.9952e-03
  res=     0.50000 grad=  1.3318e-02
  attackTime=     0.00783 grad= -2.1313e-03
  decayTime=     0.13138 grad=  2.7016e-03
  sustain=     0.25881 grad=  5.9306e-03
  releaseTime=     0.02480 grad=  7.1878e-04
  drive=     5.50656 grad=  1.4612e-05
  outGain=     0.71202 grad= -2.4781e-02
  vco2Level=     0.48314 grad=  1.5856e-02
  vco2Detune=     0.54728 grad=  7.9446e-02
  satGain=     1.11684 grad=  8.1257e-04
  satBias=    -0.38601 grad=  1.1933e-02
  satA2=     0.32626 grad=  1.1664e-02
  satA3=     0.24625 grad= -3.5926e-03
  satA5=    -0.20972 grad=  6.2109e-03
  filtSat=     3.90722 grad= -1.6192e-04
epoch=410 loss=1.164652
  shape=     0.87664 grad= -3.8641e-03
  pw=     0.45037 grad= -2.8565e+00
  fBase=    94.63744 grad= -5.8811e-03
  fAmt=   657.33484 grad=  1.1773e-02
  fDecay=     0.23747 grad=  1.0458e-02
  res=     0.50000 grad=  1.3530e-02
  attackTime=     0.00788 grad= -5.9131e-04
  decayTime=     0.13097 grad=  2.5899e-03
  sustain=     0.25759 grad=  8.7676e-03
  releaseTime=     0.02478 grad=  5.2754e-04
  drive=     5.51100 grad= -2.6945e-03
  outGain=     0.71379 grad= -2.7324e-02
  vco2Level=     0.48292 grad= -1.2425e-02
  vco2Detune=     0.54727 grad= -3.6605e-02
  satGain=     1.11649 grad=  5.0212e-03
  satBias=    -0.38617 grad=  1.2674e-02
  satA2=     0.32613 grad= -9.2931e-04
  satA3=     0.24625 grad=  4.9711e-03
  satA5=    -0.20979 grad=  7.8510e-03
  filtSat=     3.90446 grad=  1.8605e-03
epoch=420 loss=1.164607
  shape=     0.87668 grad= -7.4975e-03
  pw=     0.45040 grad=  9.6098e+00
  fBase=    95.43296 grad= -8.5129e-03
  fAmt=   656.39374 grad= -3.3202e-04
  fDecay=     0.23699 grad=  6.7741e-03
  res=     0.50000 grad=  1.3423e-02
  attackTime=     0.00792 grad= -1.6647e-03
  decayTime=     0.13062 grad=  1.7848e-03
  sustain=     0.25648 grad=  4.5951e-03
  releaseTime=     0.02476 grad=  5.9434e-04
  drive=     5.51423 grad= -6.7537e-04
  outGain=     0.71541 grad= -2.5425e-02
  vco2Level=     0.48278 grad=  1.3439e-02
  vco2Detune=     0.54728 grad=  3.8846e-02
  satGain=     1.11608 grad=  1.5760e-03
  satBias=    -0.38632 grad=  9.3287e-03
  satA2=     0.32604 grad=  1.1602e-02
  satA3=     0.24625 grad= -4.9081e-03
  satA5=    -0.20984 grad=  2.8535e-03
  filtSat=     3.90205 grad= -8.2030e-05
epoch=430 loss=1.164352
  shape=     0.87674 grad= -7.1545e-03
  pw=     0.45036 grad= -4.6607e+00
  fBase=    96.15646 grad= -5.2698e-03
  fAmt=   655.60864 grad=  1.2011e-02
  fDecay=     0.23652 grad=  1.0786e-02
  res=     0.50000 grad=  1.3669e-02
  attackTime=     0.00796 grad=  1.2370e-05
  decayTime=     0.13034 grad=  1.9239e-03
  sustain=     0.25548 grad=  7.9764e-03
  releaseTime=     0.02474 grad=  8.1683e-04
  drive=     5.51707 grad= -3.3624e-03
  outGain=     0.71691 grad= -2.7720e-02
  vco2Level=     0.48267 grad= -1.4914e-02
  vco2Detune=     0.54728 grad= -2.2566e-02
  satGain=     1.11570 grad=  4.3414e-03
  satBias=    -0.38645 grad=  1.4192e-02
  satA2=     0.32595 grad= -3.4657e-03
  satA3=     0.24624 grad=  7.5359e-03
  satA5=    -0.20989 grad=  1.0429e-02
  filtSat=     3.89990 grad=  2.1525e-03
epoch=440 loss=1.164196
  shape=     0.87680 grad= -9.4427e-03
  pw=     0.45038 grad=  4.3167e+00
  fBase=    96.79240 grad= -7.4971e-03
  fAmt=   654.79388 grad=  1.8828e-03
  fDecay=     0.23608 grad=  7.7140e-03
  res=     0.50000 grad=  1.3153e-02
  attackTime=     0.00798 grad= -1.0053e-03
  decayTime=     0.13013 grad=  1.2432e-03
  sustain=     0.25458 grad=  4.8757e-03
  releaseTime=     0.02472 grad=  7.3560e-04
  drive=     5.52068 grad= -1.7147e-03
  outGain=     0.71833 grad= -2.5921e-02
  vco2Level=     0.48286 grad=  5.8039e-03
  vco2Detune=     0.54728 grad=  2.1822e-02
  satGain=     1.11535 grad=  2.1582e-03
  satBias=    -0.38658 grad=  9.5210e-03
  satA2=     0.32589 grad=  8.1833e-03
  satA3=     0.24622 grad= -2.2812e-03
  satA5=    -0.20995 grad=  3.7389e-03
  filtSat=     3.89731 grad=  4.5888e-04
epoch=450 loss=1.164094
  shape=     0.87687 grad= -1.3975e-02
  pw=     0.45035 grad= -5.3020e+00
  fBase=    97.37392 grad= -5.6957e-03
  fAmt=   654.03381 grad=  1.0459e-02
  fDecay=     0.23567 grad=  9.3085e-03
  res=     0.50000 grad=  1.3412e-02
  attackTime=     0.00799 grad= -2.0974e-04
  decayTime=     0.12996 grad=  1.6741e-03
  sustain=     0.25380 grad=  7.0112e-03
  releaseTime=     0.02470 grad=  7.8849e-04
  drive=     5.52437 grad= -2.7429e-03
  outGain=     0.71965 grad= -2.6430e-02
  vco2Level=     0.48309 grad= -9.2382e-03
  vco2Detune=     0.54729 grad= -1.7636e-02
  satGain=     1.11501 grad=  4.0763e-03
  satBias=    -0.38670 grad=  1.3675e-02
  satA2=     0.32585 grad= -2.5014e-03
  satA3=     0.24620 grad=  7.3326e-03
  satA5=    -0.21000 grad=  9.7356e-03
  filtSat=     3.89477 grad=  1.7754e-03
epoch=460 loss=1.163955
  shape=     0.87696 grad= -1.3320e-02
  pw=     0.45037 grad=  3.1512e+00
  fBase=    97.90777 grad= -7.7272e-03
  fAmt=   653.32642 grad=  1.3953e-03
  fDecay=     0.23531 grad=  6.6460e-03
  res=     0.50000 grad=  1.3070e-02
  attackTime=     0.00801 grad= -1.4062e-03
  decayTime=     0.12980 grad=  1.3314e-03
  sustain=     0.25304 grad=  4.8392e-03
  releaseTime=     0.02469 grad=  6.1333e-04
  drive=     5.52694 grad= -6.6347e-05
  outGain=     0.72083 grad= -2.3580e-02
  vco2Level=     0.48320 grad=  9.9113e-03
  vco2Detune=     0.54729 grad=  2.1385e-02
  satGain=     1.11463 grad=  3.0972e-03
  satBias=    -0.38680 grad=  8.6695e-03
  satA2=     0.32581 grad=  9.6745e-03
  satA3=     0.24617 grad= -3.1188e-03
  satA5=    -0.21004 grad=  2.0311e-03
  filtSat=     3.89270 grad= -2.5156e-05
epoch=470 loss=1.163872
  shape=     0.87704 grad= -1.1632e-02
  pw=     0.45035 grad= -4.7114e+00
  fBase=    98.41215 grad= -5.9434e-03
  fAmt=   652.72607 grad=  9.5115e-03
  fDecay=     0.23500 grad=  8.1488e-03
  res=     0.50000 grad=  1.3462e-02
  attackTime=     0.00803 grad= -4.9884e-04
  decayTime=     0.12966 grad=  1.2428e-03
  sustain=     0.25239 grad=  5.8039e-03
  releaseTime=     0.02468 grad=  6.3296e-04
  drive=     5.52863 grad= -2.0317e-03
  outGain=     0.72187 grad= -2.5397e-02
  vco2Level=     0.48318 grad= -8.4825e-03
  vco2Detune=     0.54729 grad= -1.8120e-02
  satGain=     1.11425 grad=  4.2793e-03
  satBias=    -0.38689 grad=  1.2491e-02
  satA2=     0.32576 grad= -5.4362e-04
  satA3=     0.24616 grad=  5.2912e-03
  satA5=    -0.21007 grad=  8.0029e-03
  filtSat=     3.89114 grad=  1.4847e-03
epoch=480 loss=1.163771
  shape=     0.87711 grad= -1.1499e-02
  pw=     0.45037 grad=  3.0190e+00
  fBase=    98.87225 grad= -7.2010e-03
  fAmt=   652.19110 grad=  9.5864e-04
  fDecay=     0.23472 grad=  7.2552e-03
  res=     0.50000 grad=  1.3043e-02
  attackTime=     0.00805 grad= -1.2945e-03
  decayTime=     0.12954 grad=  1.0674e-03
  sustain=     0.25180 grad=  5.5944e-03
  releaseTime=     0.02466 grad=  6.6089e-04
  drive=     5.52961 grad=  5.5072e-04
  outGain=     0.72281 grad= -2.2613e-02
  vco2Level=     0.48314 grad=  9.6758e-03
  vco2Detune=     0.54730 grad= -4.3118e-04
  satGain=     1.11391 grad=  2.3986e-03
  satBias=    -0.38698 grad=  9.7633e-03
  satA2=     0.32571 grad=  9.6878e-03
  satA3=     0.24615 grad= -2.7756e-03
  satA5=    -0.21010 grad=  3.7159e-03
  filtSat=     3.88993 grad= -1.5371e-04
epoch=490 loss=1.163701
  shape=     0.87717 grad= -9.0112e-03
  pw=     0.45036 grad= -3.4878e+00
  fBase=    99.28725 grad= -5.6411e-03
  fAmt=   651.74304 grad=  8.3978e-03
  fDecay=     0.23446 grad=  8.7068e-03
  res=     0.50000 grad=  1.3348e-02
  attackTime=     0.00807 grad= -4.0314e-04
  decayTime=     0.12945 grad=  1.0480e-03
  sustain=     0.25126 grad=  6.2297e-03
  releaseTime=     0.02465 grad=  7.6804e-04
  drive=     5.53024 grad= -1.3518e-03
  outGain=     0.72365 grad= -2.4433e-02
  vco2Level=     0.48308 grad= -6.9150e-03
  vco2Detune=     0.54730 grad= -7.9825e-03
  satGain=     1.11361 grad=  4.1430e-03
  satBias=    -0.38706 grad=  1.2414e-02
  satA2=     0.32566 grad=  1.2482e-03
  satA3=     0.24614 grad=  3.8466e-03
  satA5=    -0.21013 grad=  7.6805e-03
  filtSat=     3.88896 grad=  1.2468e-03
epoch=500 loss=1.163626
  shape=     0.87722 grad= -9.7264e-03
  pw=     0.45037 grad=  2.6273e+00
  fBase=    99.65661 grad= -6.8146e-03
  fAmt=   651.34753 grad=  1.5026e-03
  fDecay=     0.23423 grad=  7.6474e-03
  res=     0.50000 grad=  1.3131e-02
  attackTime=     0.00808 grad= -1.2319e-03
  decayTime=     0.12937 grad=  8.9869e-04
  sustain=     0.25077 grad=  5.6624e-03
  releaseTime=     0.02464 grad=  6.9302e-04
  drive=     5.53059 grad=  8.5589e-04
  outGain=     0.72440 grad= -2.2143e-02
  vco2Level=     0.48303 grad=  8.0083e-03
  vco2Detune=     0.54730 grad= -6.5081e-03
  satGain=     1.11334 grad=  2.0085e-03
  satBias=    -0.38713 grad=  1.1015e-02
  satA2=     0.32561 grad=  9.0928e-03
  satA3=     0.24614 grad= -1.9805e-03
  satA5=    -0.21015 grad=  5.5156e-03
  filtSat=     3.88814 grad= -1.1830e-04
epoch=510 loss=1.163569
  shape=     0.87726 grad= -1.0045e-02
  pw=     0.45036 grad= -2.5499e+00
  fBase=    99.98909 grad= -5.6534e-03
  fAmt=   651.00763 grad=  7.4543e-03
  fDecay=     0.23401 grad=  8.5494e-03
  res=     0.50000 grad=  1.3347e-02
  attackTime=     0.00809 grad= -4.7281e-04
  decayTime=     0.12931 grad=  9.0178e-04
  sustain=     0.25034 grad=  6.0476e-03
  releaseTime=     0.02463 grad=  7.2827e-04
  drive=     5.53079 grad= -8.2845e-04
  outGain=     0.72507 grad= -2.3736e-02
  vco2Level=     0.48299 grad= -5.7101e-03
  vco2Detune=     0.54730 grad=  5.9397e-03
  satGain=     1.11312 grad=  2.8837e-03
  satBias=    -0.38719 grad=  1.3513e-02
  satA2=     0.32556 grad=  1.4314e-03
  satA3=     0.24613 grad=  4.1649e-03
  satA5=    -0.21018 grad=  9.5115e-03
  filtSat=     3.88746 grad=  1.0189e-03
epoch=520 loss=1.163516
  shape=     0.87730 grad= -7.6134e-03
  pw=     0.45037 grad=  2.2868e+00
  fBase=   100.28594 grad= -6.6159e-03
  fAmt=   650.69958 grad=  2.0703e-03
  fDecay=     0.23382 grad=  7.7436e-03
  res=     0.50000 grad=  1.3128e-02
  attackTime=     0.00811 grad= -1.1484e-03
  decayTime=     0.12926 grad=  7.9657e-04
  sustain=     0.24996 grad=  4.9847e-03
  releaseTime=     0.02462 grad=  5.5914e-04
  drive=     5.53085 grad=  8.6759e-04
  outGain=     0.72568 grad= -2.1957e-02
  vco2Level=     0.48297 grad=  5.9883e-03
  vco2Detune=     0.54730 grad= -5.1377e-03
  satGain=     1.11292 grad=  2.6662e-03
  satBias=    -0.38725 grad=  1.0419e-02
  satA2=     0.32551 grad=  9.0564e-03
  satA3=     0.24613 grad= -2.4237e-03
  satA5=    -0.21020 grad=  4.5765e-03
  filtSat=     3.88687 grad= -3.6916e-05
epoch=530 loss=1.163466
  shape=     0.87733 grad= -8.7243e-03
  pw=     0.45036 grad= -1.7429e+00
  fBase=   100.55294 grad= -5.6400e-03
  fAmt=   650.42279 grad=  6.7643e-03
  fDecay=     0.23364 grad=  8.5535e-03
  res=     0.50000 grad=  1.3281e-02
  attackTime=     0.00812 grad= -5.1884e-04
  decayTime=     0.12922 grad=  7.6096e-04
  sustain=     0.24963 grad=  5.6272e-03
  releaseTime=     0.02462 grad=  3.9000e-04
  drive=     5.53080 grad= -5.6151e-04
  outGain=     0.72623 grad= -2.3318e-02
  vco2Level=     0.48296 grad= -4.6843e-03
  vco2Detune=     0.54730 grad= -7.0077e-03
  satGain=     1.11275 grad=  2.7291e-03
  satBias=    -0.38731 grad=  1.3316e-02
  satA2=     0.32548 grad=  2.5051e-03
  satA3=     0.24613 grad=  3.2195e-03
  satA5=    -0.21022 grad=  9.1844e-03
  filtSat=     3.88637 grad=  8.8942e-04
epoch=540 loss=1.163427
  shape=     0.87736 grad= -5.2950e-03
  pw=     0.45037 grad=  1.9742e+00
  fBase=   100.79359 grad= -6.4438e-03
  fAmt=   650.17126 grad=  2.7755e-03
  fDecay=     0.23348 grad=  7.7972e-03
  res=     0.50000 grad=  1.3219e-02
  attackTime=     0.00813 grad= -1.0893e-03
  decayTime=     0.12918 grad=  6.9972e-04
  sustain=     0.24934 grad=  4.8547e-03
  releaseTime=     0.02461 grad=  5.7172e-04
  drive=     5.53072 grad=  1.0370e-03
  outGain=     0.72672 grad= -2.1659e-02
  vco2Level=     0.48296 grad=  4.3302e-03
  vco2Detune=     0.54730 grad=  1.6454e-02
  satGain=     1.11260 grad=  3.1249e-03
  satBias=    -0.38736 grad=  1.0238e-02
  satA2=     0.32544 grad=  9.0945e-03
  satA3=     0.24613 grad= -2.6697e-03
  satA5=    -0.21024 grad=  4.2198e-03
  filtSat=     3.88591 grad=  6.8634e-06
epoch=550 loss=1.163381
  shape=     0.87738 grad= -7.7165e-03
  pw=     0.45036 grad= -1.3032e+00
  fBase=   101.01093 grad= -5.6490e-03
  fAmt=   649.94244 grad=  6.3335e-03
  fDecay=     0.23333 grad=  8.4160e-03
  res=     0.50000 grad=  1.3295e-02
  attackTime=     0.00814 grad= -5.4046e-04
  decayTime=     0.12915 grad=  6.5227e-04
  sustain=     0.24908 grad=  5.3722e-03
  releaseTime=     0.02461 grad=  4.5791e-04
  drive=     5.53050 grad= -2.0301e-04
  outGain=     0.72716 grad= -2.2839e-02
  vco2Level=     0.48296 grad= -3.7532e-03
  vco2Detune=     0.54730 grad= -1.9627e-02
  satGain=     1.11246 grad=  3.2079e-03
  satBias=    -0.38741 grad=  1.2519e-02
  satA2=     0.32541 grad=  3.3192e-03
  satA3=     0.24613 grad=  2.2693e-03
  satA5=    -0.21026 grad=  7.8762e-03
  filtSat=     3.88554 grad=  7.6868e-04
epoch=560 loss=1.163353
  shape=     0.87740 grad= -1.0407e-02
  pw=     0.45037 grad=  1.5797e+00
  fBase=   101.21212 grad= -6.5342e-03
  fAmt=   649.74475 grad=  2.3382e-03
  fDecay=     0.23320 grad=  7.4318e-03
  res=     0.50000 grad=  1.3146e-02
  attackTime=     0.00814 grad= -9.4123e-04
  decayTime=     0.12912 grad=  4.9187e-04
  sustain=     0.24885 grad=  4.3641e-03
  releaseTime=     0.02460 grad=  7.3008e-04
  drive=     5.53032 grad=  6.4863e-04
  outGain=     0.72756 grad= -2.1869e-02
  vco2Level=     0.48295 grad=  5.0655e-03
  vco2Detune=     0.54730 grad=  7.3380e-03
  satGain=     1.11233 grad=  1.5450e-03
  satBias=    -0.38745 grad=  1.2000e-02
  satA2=     0.32538 grad=  7.3544e-03
  satA3=     0.24613 grad= -4.8998e-04
  satA5=    -0.21028 grad=  7.2456e-03
  filtSat=     3.88522 grad=  4.9242e-05
epoch=570 loss=1.163325
  shape=     0.87742 grad= -8.7756e-03
  pw=     0.45037 grad=  1.6880e+00
  fBase=   101.39795 grad= -6.5574e-03
  fAmt=   649.55951 grad=  1.8600e-03
  fDecay=     0.23307 grad=  7.5116e-03
  res=     0.50000 grad=  1.3102e-02
  attackTime=     0.00815 grad= -9.3179e-04
  decayTime=     0.12910 grad=  5.3265e-04
  sustain=     0.24864 grad=  4.4990e-03
  releaseTime=     0.02460 grad=  6.1078e-04
  drive=     5.53021 grad=  8.3299e-04
  outGain=     0.72794 grad= -2.1644e-02
  vco2Level=     0.48294 grad=  5.6821e-03
  vco2Detune=     0.54731 grad=  1.5076e-02
  satGain=     1.11221 grad=  2.0483e-03
  satBias=    -0.38749 grad=  1.0907e-02
  satA2=     0.32535 grad=  8.5665e-03
  satA3=     0.24613 grad= -1.8019e-03
  satA5=    -0.21029 grad=  5.5837e-03
  filtSat=     3.88489 grad= -5.5431e-05
epoch=580 loss=1.163290
  shape=     0.87744 grad= -7.4584e-03
  pw=     0.45036 grad=  1.3216e+00
  fBase=   101.57047 grad= -6.3812e-03
  fAmt=   649.37836 grad=  2.3285e-03
  fDecay=     0.23295 grad=  7.7078e-03
  res=     0.50000 grad=  1.3100e-02
  attackTime=     0.00816 grad= -8.0239e-04
  decayTime=     0.12908 grad=  4.7928e-04
  sustain=     0.24843 grad=  4.6586e-03
  releaseTime=     0.02459 grad=  6.0735e-04
  drive=     5.53009 grad=  6.2992e-04
  outGain=     0.72829 grad= -2.1774e-02
  vco2Level=     0.48295 grad=  4.4273e-03
  vco2Detune=     0.54731 grad=  4.4291e-03
  satGain=     1.11210 grad=  2.7429e-03
  satBias=    -0.38753 grad=  1.0272e-02
  satA2=     0.32532 grad=  8.4421e-03
  satA3=     0.24612 grad= -2.0479e-03
  satA5=    -0.21031 grad=  4.5767e-03
  filtSat=     3.88457 grad=  6.3411e-05
epoch=590 loss=1.163261
  shape=     0.87746 grad= -7.6329e-03
  pw=     0.45036 grad= -3.5723e-01
  fBase=   101.73750 grad= -5.7345e-03
  fAmt=   649.21277 grad=  5.1105e-03
  fDecay=     0.23284 grad=  8.4226e-03
  res=     0.50000 grad=  1.3139e-02
  attackTime=     0.00816 grad= -5.2193e-04
  decayTime=     0.12906 grad=  5.6248e-04
  sustain=     0.24823 grad=  5.4055e-03
  releaseTime=     0.02459 grad=  5.5296e-04
  drive=     5.53002 grad=  2.2814e-04
  outGain=     0.72864 grad= -2.2116e-02
  vco2Level=     0.48294 grad= -6.7239e-05
  vco2Detune=     0.54731 grad=  3.8714e-04
  satGain=     1.11199 grad=  2.9847e-03
  satBias=    -0.38756 grad=  1.2421e-02
  satA2=     0.32529 grad=  5.2152e-03
  satA3=     0.24612 grad=  1.0550e-03
  satA5=    -0.21032 grad=  7.5203e-03
  filtSat=     3.88426 grad=  5.2941e-04
epoch=599 loss=1.163236
  shape=     0.87747 grad= -8.1042e-03
  pw=     0.45036 grad=  6.2084e-01
  fBase=   101.88538 grad= -5.9982e-03
  fAmt=   649.06708 grad=  3.4826e-03
  fDecay=     0.23274 grad=  8.1002e-03
  res=     0.50000 grad=  1.3074e-02
  attackTime=     0.00816 grad= -6.2438e-04
  decayTime=     0.12905 grad=  4.8894e-04
  sustain=     0.24806 grad=  5.2942e-03
  releaseTime=     0.02459 grad=  6.8409e-04
  drive=     5.52994 grad=  5.1651e-04
  outGain=     0.72894 grad= -2.1814e-02
  vco2Level=     0.48293 grad=  2.3819e-03
  vco2Detune=     0.54731 grad=  5.5238e-03
  satGain=     1.11189 grad=  2.0794e-03
  satBias=    -0.38759 grad=  1.2256e-02
  satA2=     0.32527 grad=  6.5391e-03
  satA3=     0.24612 grad=  8.0919e-05
  satA5=    -0.21033 grad=  7.5232e-03
  filtSat=     3.88400 grad=  2.5154e-04
