epoch=0 loss=1.602292
  shape=     0.92001 grad= -2.0059e+00
  pw=     0.44734 grad= -1.1744e+01
  fBase=    30.97147 grad= -1.8941e-01
  fAmt=   587.87213 grad= -1.2411e+00
  fDecay=     0.22854 grad= -1.0652e+00
  res=     0.96243 grad=  5.0096e-03
  attackTime=     0.00727 grad=  4.4087e-02
  decayTime=     0.42802 grad= -1.6316e-01
  sustain=     0.34965 grad= -3.6627e-01
  releaseTime=     0.05761 grad=  8.8950e-02
  drive=     5.27684 grad= -7.1647e-01
  outGain=     0.58214 grad= -8.8295e-01
  vco2Level=     0.35726 grad=  5.3004e-01
  vco2Detune=     0.49344 grad= -1.3751e-01
  satGain=     0.90976 grad= -1.3724e+00
  satBias=    -0.38569 grad=  4.1101e-01
  satA2=     0.35324 grad= -2.4335e-01
  satA3=     0.22745 grad=  4.7880e-01
  satA5=    -0.19954 grad=  1.2540e+00
  filtSat=     3.99600 grad=  1.3669e-02
epoch=10 loss=1.357536
  shape=     0.92831 grad=  4.0537e-01
  pw=     0.44962 grad= -5.8540e+01
  fBase=    33.64719 grad=  7.2216e-02
  fAmt=   643.34119 grad=  2.9108e-01
  fDecay=     0.24806 grad=  4.5870e-01
  res=     0.90036 grad=  2.2218e-02
  attackTime=     0.00659 grad=  1.1361e-02
  decayTime=     0.46134 grad=  9.3155e-02
  sustain=     0.37158 grad=  2.2838e-01
  releaseTime=     0.05224 grad=  5.5052e-02
  drive=     5.73947 grad=  2.6924e-01
  outGain=     0.59738 grad=  2.2863e-01
  vco2Level=     0.33732 grad= -3.6523e-01
  vco2Detune=     0.49801 grad=  5.0005e-02
  satGain=     0.98751 grad=  1.8261e-01
  satBias=    -0.39196 grad=  7.1819e-02
  satA2=     0.35761 grad= -8.2696e-02
  satA3=     0.22146 grad=  4.3449e-02
  satA5=    -0.20779 grad= -1.9857e-02
  filtSat=     3.98859 grad= -3.0326e-02
epoch=20 loss=1.336438
  shape=     0.92737 grad= -4.2428e-01
  pw=     0.45378 grad= -8.4857e+00
  fBase=    33.09668 grad=  1.6172e-02
  fAmt=   649.12659 grad= -2.7484e-02
  fDecay=     0.24190 grad=  1.3477e-01
  res=     0.83590 grad=  1.6966e-02
  attackTime=     0.00617 grad=  4.2584e-03
  decayTime=     0.44123 grad=  4.4802e-02
  sustain=     0.35671 grad=  1.1131e-01
  releaseTime=     0.04765 grad=  6.4668e-02
  drive=     5.64697 grad=  8.8770e-02
  outGain=     0.59713 grad=  3.4622e-02
  vco2Level=     0.35415 grad= -1.9642e-01
  vco2Detune=     0.50272 grad= -7.2035e-01
  satGain=     0.98753 grad= -3.2889e-01
  satBias=    -0.39115 grad=  4.2503e-01
  satA2=     0.35613 grad= -2.7875e-01
  satA3=     0.22278 grad=  3.4894e-01
  satA5=    -0.20841 grad=  6.4351e-01
  filtSat=     4.00000 grad= -2.5912e-02
epoch=30 loss=1.324229
  shape=     0.92865 grad=  5.5830e-01
  pw=     0.45434 grad= -3.2838e+01
  fBase=    32.62228 grad= -1.8140e-02
  fAmt=   659.32806 grad= -1.4999e-01
  fDecay=     0.23613 grad= -7.4945e-02
  res=     0.76956 grad=  1.1304e-02
  attackTime=     0.00593 grad= -1.4387e-04
  decayTime=     0.42000 grad=  9.1968e-03
  sustain=     0.34088 grad=  2.0980e-02
  releaseTime=     0.04327 grad=  6.7961e-02
  drive=     5.52321 grad= -2.1118e-02
  outGain=     0.59638 grad= -8.0488e-02
  vco2Level=     0.37220 grad= -1.7813e-01
  vco2Detune=     0.50732 grad= -2.0015e-01
  satGain=     1.00437 grad=  4.6769e-01
  satBias=    -0.39199 grad= -9.6942e-01
  satA2=     0.35654 grad=  5.3304e-01
  satA3=     0.22266 grad= -7.8528e-01
  satA5=    -0.21039 grad= -1.3089e+00
  filtSat=     4.00000 grad= -1.8261e-02
epoch=40 loss=1.301603
  shape=     0.92811 grad= -2.1492e-01
  pw=     0.45484 grad=  4.2922e+01
  fBase=    33.05862 grad= -8.9645e-03
  fAmt=   683.69604 grad= -1.2809e-01
  fDecay=     0.23678 grad=  1.2303e-02
  res=     0.70741 grad=  1.2562e-02
  attackTime=     0.00583 grad= -3.4533e-03
  decayTime=     0.40760 grad=  2.4935e-02
  sustain=     0.33155 grad=  5.4325e-02
  releaseTime=     0.03920 grad=  6.1300e-02
  drive=     5.49221 grad=  3.5626e-02
  outGain=     0.59874 grad= -1.9639e-03
  vco2Level=     0.38785 grad= -7.1356e-02
  vco2Detune=     0.51134 grad= -3.7809e-01
  satGain=     1.00027 grad= -2.5673e-01
  satBias=    -0.38780 grad=  1.8046e-01
  satA2=     0.35258 grad= -5.0265e-02
  satA3=     0.22709 grad=  9.1585e-02
  satA5=    -0.20787 grad=  3.3504e-01
  filtSat=     4.00000 grad= -2.6908e-02
epoch=50 loss=1.280458
  shape=     0.92863 grad= -2.9812e-03
  pw=     0.45464 grad= -6.1955e-01
  fBase=    33.39782 grad= -3.9128e-03
  fAmt=   698.76166 grad=  4.6144e-02
  fDecay=     0.23597 grad=  2.5938e-02
  res=     0.64564 grad=  1.9693e-02
  attackTime=     0.00590 grad= -7.5985e-03
  decayTime=     0.39226 grad=  2.5671e-02
  sustain=     0.32064 grad=  4.7505e-02
  releaseTime=     0.03567 grad=  5.6042e-02
  drive=     5.40540 grad=  6.4193e-02
  outGain=     0.59923 grad=  2.9656e-02
  vco2Level=     0.40577 grad= -1.8113e-01
  vco2Detune=     0.51543 grad= -6.5468e-01
  satGain=     1.01413 grad= -2.4395e-02
  satBias=    -0.38749 grad=  4.2206e-02
  satA2=     0.35170 grad= -5.8195e-02
  satA3=     0.22814 grad=  3.3873e-02
  satA5=    -0.20884 grad=  5.8139e-02
  filtSat=     4.00000 grad= -1.2840e-02
epoch=60 loss=1.271089
  shape=     0.92770 grad= -4.6900e-02
  pw=     0.45492 grad=  2.7552e+01
  fBase=    33.94690 grad= -2.9720e-02
  fAmt=   706.87653 grad= -1.6534e-01
  fDecay=     0.23610 grad= -1.0622e-01
  res=     0.58779 grad=  6.6864e-03
  attackTime=     0.00605 grad=  9.1083e-04
  decayTime=     0.37826 grad=  3.1557e-03
  sustain=     0.31180 grad= -1.0095e-02
  releaseTime=     0.03269 grad=  4.3054e-02
  drive=     5.30693 grad= -2.5193e-02
  outGain=     0.59919 grad= -6.1458e-02
  vco2Level=     0.42430 grad= -2.0066e-02
  vco2Detune=     0.52053 grad= -4.3130e-01
  satGain=     1.01703 grad= -1.3023e-01
  satBias=    -0.38599 grad= -6.1239e-02
  satA2=     0.35030 grad=  9.5159e-02
  satA3=     0.23010 grad= -1.0678e-01
  satA5=    -0.20790 grad= -7.7118e-03
  filtSat=     4.00000 grad= -1.8002e-02
epoch=70 loss=1.247072
  shape=     0.92665 grad=  1.6332e-01
  pw=     0.45331 grad=  2.2060e+01
  fBase=    34.98199 grad= -6.0519e-03
  fAmt=   719.31049 grad=  1.8753e-02
  fDecay=     0.23879 grad=  5.0658e-02
  res=     0.54251 grad=  8.4144e-03
  attackTime=     0.00614 grad=  1.9450e-03
  decayTime=     0.36828 grad=  2.8644e-02
  sustain=     0.30734 grad=  4.3799e-02
  releaseTime=     0.03029 grad=  3.1874e-02
  drive=     5.25968 grad=  4.9457e-02
  outGain=     0.60067 grad=  2.9908e-02
  vco2Level=     0.44126 grad= -1.3616e-01
  vco2Detune=     0.52608 grad= -1.0447e+00
  satGain=     1.02669 grad= -1.3693e-02
  satBias=    -0.38473 grad=  4.3687e-04
  satA2=     0.34877 grad=  4.0220e-02
  satA3=     0.23208 grad= -5.6800e-02
  satA5=    -0.20728 grad=  2.2921e-03
  filtSat=     4.00000 grad= -1.2270e-02
epoch=80 loss=1.209339
  shape=     0.92449 grad=  2.7110e-01
  pw=     0.45054 grad= -6.2285e+00
  fBase=    35.90076 grad= -2.3105e-02
  fAmt=   721.35291 grad= -1.2867e-02
  fDecay=     0.23944 grad= -6.0291e-02
  res=     0.50303 grad=  1.3311e-02
  attackTime=     0.00613 grad=  1.4521e-03
  decayTime=     0.35506 grad=  9.0229e-03
  sustain=     0.30152 grad= -1.2095e-02
  releaseTime=     0.02853 grad=  1.2757e-02
  drive=     5.18189 grad=  9.1586e-03
  outGain=     0.60089 grad= -2.0381e-02
  vco2Level=     0.45947 grad=  3.5839e-02
  vco2Detune=     0.53152 grad= -3.2770e-01
  satGain=     1.03486 grad=  1.0995e-01
  satBias=    -0.38451 grad= -1.9609e-01
  satA2=     0.34785 grad=  1.5526e-01
  satA3=     0.23330 grad= -1.9204e-01
  satA5=    -0.20741 grad= -2.9001e-01
  filtSat=     4.00000 grad= -7.2049e-03
epoch=90 loss=1.201785
  shape=     0.92245 grad=  1.9598e-01
  pw=     0.45046 grad= -1.3230e+01
  fBase=    37.30177 grad= -1.4232e-02
  fAmt=   726.48572 grad=  3.3640e-02
  fDecay=     0.24220 grad=  7.1082e-04
  res=     0.50000 grad=  1.5412e-02
  attackTime=     0.00605 grad= -1.0493e-03
  decayTime=     0.34401 grad=  2.3936e-02
  sustain=     0.29929 grad=  2.0686e-02
  releaseTime=     0.02749 grad=  1.7537e-03
  drive=     5.13196 grad=  4.5286e-02
  outGain=     0.60182 grad=  1.8590e-02
  vco2Level=     0.46381 grad=  3.7499e-02
  vco2Detune=     0.53522 grad= -8.0528e-01
  satGain=     1.04088 grad=  4.1960e-02
  satBias=    -0.38394 grad= -2.8315e-02
  satA2=     0.34610 grad=  6.9053e-02
  satA3=     0.23484 grad= -5.8683e-02
  satA5=    -0.20709 grad= -6.0444e-02
  filtSat=     4.00000 grad= -9.7153e-03
epoch=100 loss=1.195246
  shape=     0.92021 grad=  1.3334e-01
  pw=     0.45047 grad=  4.7266e-01
  fBase=    38.70081 grad= -2.2715e-02
  fAmt=   724.78137 grad= -7.8735e-03
  fDecay=     0.24378 grad= -4.5387e-02
  res=     0.50000 grad=  1.3319e-02
  attackTime=     0.00601 grad=  1.4827e-03
  decayTime=     0.33084 grad=  1.0434e-02
  sustain=     0.29641 grad= -1.5982e-02
  releaseTime=     0.02695 grad= -5.4186e-03
  drive=     5.05069 grad=  5.1515e-04
  outGain=     0.60173 grad= -3.3758e-02
  vco2Level=     0.46171 grad=  1.4247e-02
  vco2Detune=     0.53896 grad= -5.9696e-01
  satGain=     1.04371 grad= -3.6756e-03
  satBias=    -0.38408 grad= -3.0562e-02
  satA2=     0.34481 grad=  5.1198e-02
  satA3=     0.23562 grad= -5.0971e-02
  satA5=    -0.20724 grad= -3.7836e-02
  filtSat=     4.00000 grad= -4.3629e-03
epoch=110 loss=1.192135
  shape=     0.91766 grad=  1.7815e-01
  pw=     0.45024 grad= -6.1664e+00
  fBase=    40.34832 grad= -1.6629e-02
  fAmt=   723.39142 grad= -2.5536e-03
  fDecay=     0.24619 grad= -7.9422e-04
  res=     0.50000 grad=  1.0276e-02
  attackTime=     0.00594 grad=  3.1320e-03
  decayTime=     0.32029 grad=  1.9751e-02
  sustain=     0.29706 grad=  8.1867e-03
  releaseTime=     0.02686 grad= -2.9878e-03
  drive=     5.01115 grad=  4.1014e-03
  outGain=     0.60330 grad= -2.0684e-02
  vco2Level=     0.46071 grad= -1.5600e-03
  vco2Detune=     0.54398 grad= -7.5394e-01
  satGain=     1.04813 grad=  1.9604e-02
  satBias=    -0.38430 grad= -5.1995e-02
  satA2=     0.34369 grad=  8.8215e-02
  satA3=     0.23626 grad= -8.8192e-02
  satA5=    -0.20752 grad= -7.6259e-02
  filtSat=     4.00000 grad= -4.1156e-03
epoch=120 loss=1.184963
  shape=     0.91493 grad=  4.3897e-02
  pw=     0.45039 grad= -1.8530e+01
  fBase=    41.97561 grad= -1.9593e-02
  fAmt=   720.00464 grad= -9.5406e-03
  fDecay=     0.24758 grad= -2.2363e-02
  res=     0.50000 grad=  1.2172e-02
  attackTime=     0.00589 grad=  8.8648e-04
  decayTime=     0.30901 grad=  1.2646e-02
  sustain=     0.29723 grad= -9.5002e-03
  releaseTime=     0.02693 grad= -1.5264e-03
  drive=     4.97970 grad= -1.1266e-02
  outGain=     0.60528 grad= -4.8480e-02
  vco2Level=     0.46106 grad=  5.4483e-03
  vco2Detune=     0.54870 grad=  2.9031e-01
  satGain=     1.05098 grad= -4.7973e-02
  satBias=    -0.38450 grad=  2.7778e-02
  satA2=     0.34270 grad=  3.8364e-03
  satA3=     0.23686 grad=  1.0618e-02
  satA5=    -0.20773 grad=  5.5691e-02
  filtSat=     4.00000 grad= -1.8648e-03
epoch=130 loss=1.183771
  shape=     0.91283 grad=  1.7179e-02
  pw=     0.45059 grad=  1.0201e+01
  fBase=    43.69132 grad= -1.5230e-02
  fAmt=   716.80341 grad=  2.0113e-02
  fDecay=     0.24889 grad= -2.3296e-03
  res=     0.50000 grad=  1.4182e-02
  attackTime=     0.00587 grad= -1.0043e-03
  decayTime=     0.29827 grad=  1.7462e-02
  sustain=     0.29786 grad=  2.9463e-03
  releaseTime=     0.02701 grad=  1.0707e-04
  drive=     4.96328 grad=  8.4392e-03
  outGain=     0.60804 grad= -2.3114e-02
  vco2Level=     0.46003 grad=  2.5252e-02
  vco2Detune=     0.54973 grad=  1.7179e-01
  satGain=     1.05448 grad= -2.8594e-02
  satBias=    -0.38479 grad=  5.3808e-02
  satA2=     0.34204 grad= -1.5965e-02
  satA3=     0.23717 grad=  3.3252e-02
  satA5=    -0.20804 grad=  7.3249e-02
  filtSat=     4.00000 grad= -1.7741e-03
epoch=140 loss=1.181958
  shape=     0.91123 grad=  5.2522e-02
  pw=     0.45061 grad=  1.5012e+01
  fBase=    45.41984 grad= -1.4717e-02
  fAmt=   713.60138 grad=  2.2760e-02
  fDecay=     0.24972 grad= -3.9744e-05
  res=     0.50000 grad=  1.4517e-02
  attackTime=     0.00588 grad= -9.0093e-04
  decayTime=     0.28719 grad=  1.7190e-02
  sustain=     0.29770 grad=  1.4425e-03
  releaseTime=     0.02703 grad=  7.7909e-04
  drive=     4.95268 grad=  5.0577e-03
  outGain=     0.61113 grad= -2.6795e-02
  vco2Level=     0.45821 grad= -4.6493e-03
  vco2Detune=     0.54863 grad=  1.5917e-01
  satGain=     1.05698 grad= -4.4429e-03
  satBias=    -0.38496 grad=  1.9066e-02
  satA2=     0.34152 grad= -4.4581e-03
  satA3=     0.23742 grad=  5.7690e-03
  satA5=    -0.20820 grad=  1.9864e-02
  filtSat=     4.00000 grad= -3.7868e-04
epoch=150 loss=1.179187
  shape=     0.90977 grad=  4.4434e-02
  pw=     0.45041 grad= -1.2376e+01
  fBase=    47.18775 grad= -1.7562e-02
  fAmt=   710.31055 grad= -6.9417e-03
  fDecay=     0.25024 grad= -8.5471e-03
  res=     0.50000 grad=  1.3180e-02
  attackTime=     0.00588 grad=  6.8817e-04
  decayTime=     0.27630 grad=  1.5507e-02
  sustain=     0.29747 grad= -2.3847e-03
  releaseTime=     0.02700 grad=  1.8769e-03
  drive=     4.95164 grad= -1.3607e-02
  outGain=     0.61472 grad= -5.1924e-02
  vco2Level=     0.45846 grad= -1.9760e-02
  vco2Detune=     0.54727 grad=  3.1036e-02
  satGain=     1.05919 grad= -1.5377e-02
  satBias=    -0.38507 grad= -1.5010e-02
  satA2=     0.34120 grad=  1.1181e-02
  satA3=     0.23764 grad= -1.6263e-02
  satA5=    -0.20830 grad= -1.1416e-02
  filtSat=     4.00000 grad= -3.9729e-04
epoch=160 loss=1.178576
  shape=     0.90851 grad=  2.8748e-02
  pw=     0.45035 grad= -2.1241e+01
  fBase=    49.07265 grad= -1.5217e-02
  fAmt=   708.42249 grad=  1.2899e-03
  fDecay=     0.25073 grad=  6.6099e-03
  res=     0.50000 grad=  1.2948e-02
  attackTime=     0.00589 grad= -4.3499e-04
  decayTime=     0.26549 grad=  2.0317e-02
  sustain=     0.29699 grad=  9.8460e-03
  releaseTime=     0.02693 grad=  9.0810e-04
  drive=     4.96077 grad= -5.8293e-03
  outGain=     0.61883 grad= -4.1134e-02
  vco2Level=     0.45967 grad= -1.2321e-02
  vco2Detune=     0.54728 grad= -1.2302e-01
  satGain=     1.06175 grad= -2.2010e-02
  satBias=    -0.38502 grad=  1.0393e-02
  satA2=     0.34091 grad=  7.0537e-03
  satA3=     0.23794 grad= -4.1910e-04
  satA5=    -0.20828 grad=  2.1685e-02
  filtSat=     4.00000 grad= -1.0801e-03
epoch=170 loss=1.175650
  shape=     0.90741 grad=  1.9577e-02
  pw=     0.45042 grad= -1.3175e+01
  fBase=    50.97859 grad= -1.7639e-02
  fAmt=   706.38757 grad=  1.7864e-03
  fDecay=     0.25068 grad= -6.1132e-03
  res=     0.50000 grad=  1.3020e-02
  attackTime=     0.00594 grad= -9.2101e-04
  decayTime=     0.25406 grad=  1.6241e-02
  sustain=     0.29535 grad= -5.6937e-03
  releaseTime=     0.02686 grad=  6.1248e-04
  drive=     4.96574 grad= -1.2424e-02
  outGain=     0.62283 grad= -4.9308e-02
  vco2Level=     0.46045 grad= -9.1751e-03
  vco2Detune=     0.54810 grad=  3.3876e-01
  satGain=     1.06420 grad= -1.2871e-02
  satBias=    -0.38500 grad= -4.4894e-03
  satA2=     0.34060 grad=  1.6578e-03
  satA3=     0.23819 grad= -2.9144e-03
  satA5=    -0.20828 grad= -5.3664e-04
  filtSat=     4.00000 grad=  4.1427e-04
epoch=180 loss=1.176378
  shape=     0.90650 grad=  2.1508e-02
  pw=     0.45069 grad=  1.1447e+01
  fBase=    53.02924 grad= -1.2300e-02
  fAmt=   704.56006 grad=  3.7214e-02
  fDecay=     0.25079 grad=  1.2205e-02
  res=     0.50000 grad=  1.3784e-02
  attackTime=     0.00601 grad= -1.3101e-03
  decayTime=     0.24342 grad=  2.1804e-02
  sustain=     0.29497 grad=  7.8685e-03
  releaseTime=     0.02681 grad= -1.0983e-04
  drive=     4.97917 grad=  7.0892e-03
  outGain=     0.62714 grad= -1.8570e-02
  vco2Level=     0.46054 grad= -3.2707e-03
  vco2Detune=     0.54746 grad=  4.8101e-02
  satGain=     1.06635 grad= -1.9390e-03
  satBias=    -0.38494 grad=  4.1176e-02
  satA2=     0.34029 grad= -1.5237e-02
  satA3=     0.23844 grad=  2.2401e-02
  satA5=    -0.20823 grad=  4.3627e-02
  filtSat=     4.00000 grad=  1.4900e-03
epoch=190 loss=1.172084
  shape=     0.90578 grad=  6.4283e-03
  pw=     0.45040 grad= -1.2259e+01
  fBase=    55.09066 grad= -1.6308e-02
  fAmt=   701.42139 grad=  3.9443e-03
  fDecay=     0.25066 grad=  3.3884e-04
  res=     0.50000 grad=  1.3291e-02
  attackTime=     0.00607 grad= -1.8773e-04
  decayTime=     0.23301 grad=  1.8473e-02
  sustain=     0.29467 grad=  2.1690e-04
  releaseTime=     0.02677 grad=  1.0840e-03
  drive=     4.99220 grad= -1.1613e-02
  outGain=     0.63131 grad= -4.7738e-02
  vco2Level=     0.46030 grad= -5.2870e-03
  vco2Detune=     0.54736 grad=  6.0837e-02
  satGain=     1.06772 grad= -1.0922e-02
  satBias=    -0.38504 grad= -1.9572e-05
  satA2=     0.34010 grad= -7.5192e-04
  satA3=     0.23857 grad=  7.1924e-04
  satA5=    -0.20827 grad=  3.3016e-03
  filtSat=     3.99967 grad=  8.4093e-04
epoch=200 loss=1.172793
  shape=     0.90527 grad=  6.2978e-03
  pw=     0.45067 grad=  1.2489e+01
  fBase=    57.22224 grad= -1.1449e-02
  fAmt=   699.18384 grad=  3.9393e-02
  fDecay=     0.25045 grad=  1.3127e-02
  res=     0.50000 grad=  1.5139e-02
  attackTime=     0.00612 grad= -2.2622e-03
  decayTime=     0.22296 grad=  2.2257e-02
  sustain=     0.29416 grad=  8.6819e-03
  releaseTime=     0.02670 grad=  1.6637e-03
  drive=     5.01123 grad=  8.3463e-03
  outGain=     0.63578 grad= -1.8179e-02
  vco2Level=     0.45954 grad=  7.1844e-03
  vco2Detune=     0.54770 grad=  2.9538e-01
  satGain=     1.06895 grad=  2.2361e-03
  satBias=    -0.38502 grad=  4.4570e-02
  satA2=     0.33988 grad= -1.9287e-02
  satA3=     0.23874 grad=  2.8724e-02
  satA5=    -0.20821 grad=  4.5069e-02
  filtSat=     3.99930 grad=  1.7766e-03
epoch=210 loss=1.168476
  shape=     0.90490 grad= -1.9919e-02
  pw=     0.45040 grad= -1.1695e+01
  fBase=    59.37010 grad= -1.5241e-02
  fAmt=   696.05945 grad=  5.6188e-03
  fDecay=     0.25014 grad=  4.4181e-03
  res=     0.50000 grad=  1.3602e-02
  attackTime=     0.00619 grad= -5.4108e-04
  decayTime=     0.21346 grad=  1.8204e-02
  sustain=     0.29401 grad=  2.6315e-05
  releaseTime=     0.02660 grad=  2.6725e-03
  drive=     5.03002 grad= -1.3320e-02
  outGain=     0.64014 grad= -4.9398e-02
  vco2Level=     0.45849 grad= -8.6726e-03
  vco2Detune=     0.54761 grad=  1.2374e-01
  satGain=     1.06942 grad= -1.8601e-02
  satBias=    -0.38510 grad=  1.4671e-02
  satA2=     0.33976 grad= -1.6373e-02
  satA3=     0.23881 grad=  1.7962e-02
  satA5=    -0.20820 grad=  2.4966e-02
  filtSat=     3.99590 grad=  1.7142e-03
epoch=220 loss=1.169227
  shape=     0.90464 grad=  3.9820e-02
  pw=     0.45066 grad=  1.3711e+01
  fBase=    61.52246 grad= -1.1212e-02
  fAmt=   693.65979 grad=  3.9246e-02
  fDecay=     0.24960 grad=  1.2511e-02
  res=     0.50000 grad=  1.5813e-02
  attackTime=     0.00626 grad= -2.9586e-03
  decayTime=     0.20449 grad=  2.1347e-02
  sustain=     0.29359 grad=  5.9179e-03
  releaseTime=     0.02647 grad=  2.2560e-03
  drive=     5.05501 grad=  6.8652e-03
  outGain=     0.64481 grad= -2.0361e-02
  vco2Level=     0.45811 grad= -2.9267e-03
  vco2Detune=     0.54764 grad=  1.4211e-01
  satGain=     1.07022 grad=  2.3914e-02
  satBias=    -0.38511 grad=  1.3312e-02
  satA2=     0.33973 grad= -3.8605e-03
  satA3=     0.23885 grad=  3.2908e-03
  satA5=    -0.20814 grad= -3.0913e-03
  filtSat=     3.99161 grad=  2.2771e-03
epoch=230 loss=1.164678
  shape=     0.90443 grad= -3.9565e-02
  pw=     0.45044 grad=  4.8738e-03
  fBase=    63.68793 grad= -1.4040e-02
  fAmt=   690.67316 grad=  8.0521e-03
  fDecay=     0.24903 grad=  7.8276e-03
  res=     0.50000 grad=  1.4700e-02
  attackTime=     0.00635 grad= -1.4538e-03
  decayTime=     0.19614 grad=  1.8730e-02
  sustain=     0.29355 grad=  3.2795e-03
  releaseTime=     0.02634 grad=  2.4823e-03
  drive=     5.07939 grad= -8.5034e-03
  outGain=     0.64936 grad= -4.3387e-02
  vco2Level=     0.45790 grad= -1.7149e-03
  vco2Detune=     0.54759 grad= -7.7706e-02
  satGain=     1.07030 grad= -1.8414e-02
  satBias=    -0.38516 grad=  2.3809e-02
  satA2=     0.33978 grad= -2.6970e-02
  satA3=     0.23886 grad=  2.8162e-02
  satA5=    -0.20809 grad=  3.4683e-02
  filtSat=     3.98503 grad=  1.3793e-03
epoch=240 loss=1.163095
  shape=     0.90442 grad= -6.3575e-03
  pw=     0.45042 grad= -6.8396e+00
  fBase=    65.82931 grad= -1.4062e-02
  fAmt=   688.11554 grad=  7.2728e-03
  fDecay=     0.24828 grad=  7.9371e-03
  res=     0.50000 grad=  1.3908e-02
  attackTime=     0.00644 grad= -1.2486e-03
  decayTime=     0.18829 grad=  1.7903e-02
  sustain=     0.29296 grad=  1.5306e-03
  releaseTime=     0.02620 grad=  1.9284e-03
  drive=     5.10515 grad= -1.1261e-02
  outGain=     0.65402 grad= -4.5549e-02
  vco2Level=     0.45801 grad= -9.0557e-03
  vco2Detune=     0.54779 grad=  3.5282e-02
  satGain=     1.07049 grad=  5.8092e-04
  satBias=    -0.38515 grad= -7.1386e-03
  satA2=     0.34000 grad= -9.3968e-03
  satA3=     0.23878 grad=  3.0463e-03
  satA5=    -0.20801 grad= -1.1079e-02
  filtSat=     3.97873 grad=  1.7879e-03
epoch=250 loss=1.161531
  shape=     0.90453 grad= -1.6581e-02
  pw=     0.45041 grad= -8.5043e+00
  fBase=    67.97413 grad= -1.2575e-02
  fAmt=   686.01477 grad=  9.7864e-03
  fDecay=     0.24746 grad=  1.2066e-02
  res=     0.50000 grad=  1.3853e-02
  attackTime=     0.00653 grad= -1.7392e-03
  decayTime=     0.18102 grad=  1.8765e-02
  sustain=     0.29226 grad=  7.8300e-03
  releaseTime=     0.02607 grad=  2.6215e-03
  drive=     5.13403 grad= -7.5650e-03
  outGain=     0.65875 grad= -4.0847e-02
  vco2Level=     0.45835 grad= -5.7519e-03
  vco2Detune=     0.54781 grad=  1.8935e-02
  satGain=     1.07047 grad= -3.5772e-03
  satBias=    -0.38505 grad=  4.5708e-03
  satA2=     0.34028 grad= -1.4819e-02
  satA3=     0.23870 grad=  1.2660e-02
  satA5=    -0.20784 grad=  4.9351e-03
  filtSat=     3.97227 grad=  1.3419e-03
epoch=260 loss=1.160022
  shape=     0.90470 grad= -1.5821e-02
  pw=     0.45041 grad= -8.4011e+00
  fBase=    70.07390 grad= -1.3988e-02
  fAmt=   683.95465 grad=  4.6187e-03
  fDecay=     0.24654 grad=  6.6159e-03
  res=     0.50000 grad=  1.3631e-02
  attackTime=     0.00664 grad= -1.8075e-03
  decayTime=     0.17426 grad=  1.6130e-02
  sustain=     0.29110 grad= -5.6804e-05
  releaseTime=     0.02594 grad=  1.9009e-03
  drive=     5.16059 grad= -1.1315e-02
  outGain=     0.66330 grad= -4.4222e-02
  vco2Level=     0.45848 grad= -1.4838e-03
  vco2Detune=     0.54779 grad=  1.3126e-02
  satGain=     1.07028 grad= -4.2360e-03
  satBias=    -0.38494 grad= -9.3004e-04
  satA2=     0.34056 grad= -9.5994e-03
  satA3=     0.23860 grad=  6.9243e-03
  satA5=    -0.20767 grad= -1.4341e-03
  filtSat=     3.96648 grad=  1.5665e-03
epoch=270 loss=1.158646
  shape=     0.90483 grad= -8.6587e-03
  pw=     0.45041 grad= -8.2639e+00
  fBase=    72.16038 grad= -1.1953e-02
  fAmt=   682.14600 grad=  8.6068e-03
  fDecay=     0.24565 grad=  1.1425e-02
  res=     0.50000 grad=  1.3842e-02
  attackTime=     0.00675 grad= -1.5500e-03
  decayTime=     0.16818 grad=  1.6556e-02
  sustain=     0.29011 grad=  5.8989e-03
  releaseTime=     0.02582 grad=  2.3670e-03
  drive=     5.18627 grad= -6.8760e-03
  outGain=     0.66769 grad= -3.8379e-02
  vco2Level=     0.45830 grad= -4.4832e-03
  vco2Detune=     0.54780 grad=  7.3091e-02
  satGain=     1.07012 grad= -3.5651e-03
  satBias=    -0.38484 grad=  4.9873e-03
  satA2=     0.34079 grad= -1.1734e-02
  satA3=     0.23853 grad=  1.0600e-02
  satA5=    -0.20750 grad=  5.2188e-03
  filtSat=     3.96126 grad=  1.1780e-03
epoch=280 loss=1.157418
  shape=     0.90489 grad= -5.5398e-03
  pw=     0.45041 grad= -7.4239e+00
  fBase=    74.17322 grad= -1.2352e-02
  fAmt=   680.37103 grad=  6.1574e-03
  fDecay=     0.24473 grad=  8.9227e-03
  res=     0.50000 grad=  1.4073e-02
  attackTime=     0.00685 grad= -1.3538e-03
  decayTime=     0.16270 grad=  1.4788e-02
  sustain=     0.28902 grad=  1.9208e-03
  releaseTime=     0.02570 grad=  2.1993e-03
  drive=     5.20782 grad= -7.7833e-03
  outGain=     0.67180 grad= -3.8808e-02
  vco2Level=     0.45816 grad= -7.0309e-03
  vco2Detune=     0.54777 grad=  9.4528e-03
  satGain=     1.07006 grad= -4.4846e-03
  satBias=    -0.38478 grad=  2.6614e-03
  satA2=     0.34100 grad= -1.1101e-02
  satA3=     0.23844 grad=  8.6162e-03
  satA5=    -0.20738 grad=  2.9963e-03
  filtSat=     3.95709 grad=  1.1215e-03
epoch=290 loss=1.156341
  shape=     0.90488 grad= -1.9116e-04
  pw=     0.45041 grad= -6.6778e+00
  fBase=    76.12832 grad= -1.0762e-02
  fAmt=   678.84534 grad=  5.9509e-03
  fDecay=     0.24383 grad=  1.2616e-02
  res=     0.50000 grad=  1.4057e-02
  attackTime=     0.00695 grad= -9.1516e-04
  decayTime=     0.15787 grad=  1.4171e-02
  sustain=     0.28814 grad=  4.6881e-03
  releaseTime=     0.02558 grad=  2.1383e-03
  drive=     5.22694 grad= -6.7954e-03
  outGain=     0.67570 grad= -3.7010e-02
  vco2Level=     0.45823 grad= -7.2734e-03
  vco2Detune=     0.54776 grad= -2.7414e-03
  satGain=     1.07015 grad= -7.9374e-04
  satBias=    -0.38473 grad= -3.2165e-04
  satA2=     0.34119 grad= -1.0051e-02
  satA3=     0.23837 grad=  6.4745e-03
  satA5=    -0.20727 grad= -2.4515e-03
  filtSat=     3.95381 grad=  1.1223e-03
epoch=300 loss=1.155410
  shape=     0.90483 grad= -1.8352e-02
  pw=     0.45041 grad= -6.1957e+00
  fBase=    77.93328 grad= -8.8137e-03
  fAmt=   677.57544 grad=  5.3257e-03
  fDecay=     0.24281 grad=  1.5895e-02
  res=     0.50000 grad=  1.4410e-02
  attackTime=     0.00703 grad= -1.0215e-03
  decayTime=     0.15361 grad=  1.2212e-02
  sustain=     0.28708 grad=  3.1613e-03
  releaseTime=     0.02547 grad=  2.2530e-03
  drive=     5.24417 grad= -7.9464e-03
  outGain=     0.67940 grad= -3.7929e-02
  vco2Level=     0.45839 grad= -1.2872e-02
  vco2Detune=     0.54777 grad=  2.2596e-02
  satGain=     1.07019 grad= -8.6931e-03
  satBias=    -0.38469 grad=  1.2350e-02
  satA2=     0.34141 grad= -2.3924e-02
  satA3=     0.23829 grad=  2.1140e-02
  satA5=    -0.20717 grad=  1.7181e-02
  filtSat=     3.95080 grad=  1.7299e-03
epoch=310 loss=1.154613
  shape=     0.90483 grad= -1.2633e-02
  pw=     0.45041 grad= -5.3223e+00
  fBase=    79.55049 grad= -7.0071e-03
  fAmt=   676.68427 grad=  6.3731e-03
  fDecay=     0.24167 grad=  1.8788e-02
  res=     0.50000 grad=  1.4833e-02
  attackTime=     0.00710 grad= -1.2731e-03
  decayTime=     0.15001 grad=  1.1016e-02
  sustain=     0.28621 grad=  2.7148e-03
  releaseTime=     0.02536 grad=  1.9501e-03
  drive=     5.26254 grad= -6.8635e-03
  outGain=     0.68301 grad= -3.6263e-02
  vco2Level=     0.45886 grad= -1.7478e-02
  vco2Detune=     0.54778 grad=  2.9734e-02
  satGain=     1.07021 grad= -8.3222e-04
  satBias=    -0.38465 grad=  4.5365e-03
  satA2=     0.34170 grad= -2.3150e-02
  satA3=     0.23817 grad=  1.6688e-02
  satA5=    -0.20707 grad=  3.9107e-03
  filtSat=     3.94697 grad=  1.8965e-03
epoch=320 loss=1.153926
  shape=     0.90491 grad= -1.1887e-02
  pw=     0.45041 grad= -4.1551e+00
  fBase=    81.00039 grad= -6.5391e-03
  fAmt=   676.06543 grad=  7.2205e-03
  fDecay=     0.24046 grad=  1.8365e-02
  res=     0.50000 grad=  1.4851e-02
  attackTime=     0.00718 grad= -1.4541e-03
  decayTime=     0.14698 grad=  9.9985e-03
  sustain=     0.28556 grad=  2.9711e-03
  releaseTime=     0.02527 grad=  1.0511e-03
  drive=     5.27996 grad= -5.9343e-03
  outGain=     0.68645 grad= -3.4792e-02
  vco2Level=     0.45934 grad= -1.5761e-02
  vco2Detune=     0.54780 grad= -5.7527e-03
  satGain=     1.07001 grad=  9.8382e-04
  satBias=    -0.38460 grad=  4.5452e-03
  satA2=     0.34203 grad= -2.2233e-02
  satA3=     0.23803 grad=  1.5956e-02
  satA5=    -0.20696 grad=  2.6750e-03
  filtSat=     3.94300 grad=  1.8753e-03
epoch=330 loss=1.153335
  shape=     0.90503 grad=  1.3237e-02
  pw=     0.45041 grad= -8.4164e-01
  fBase=    82.34017 grad= -1.9902e-02
  fAmt=   675.63098 grad= -9.8906e-03
  fDecay=     0.23928 grad= -1.2868e-02
  res=     0.50000 grad=  1.1134e-02
  attackTime=     0.00727 grad= -1.4189e-03
  decayTime=     0.14438 grad=  9.0241e-03
  sustain=     0.28498 grad=  1.4385e-03
  releaseTime=     0.02521 grad=  1.0986e-03
  drive=     5.29497 grad= -5.9278e-03
  outGain=     0.68968 grad= -3.3551e-02
  vco2Level=     0.45952 grad=  4.6270e-02
  vco2Detune=     0.54784 grad=  3.9155e-02
  satGain=     1.06969 grad= -2.2157e-03
  satBias=    -0.38456 grad= -1.6119e-02
  satA2=     0.34235 grad=  3.6088e-02
  satA3=     0.23789 grad= -2.8589e-02
  satA5=    -0.20685 grad= -2.4136e-02
  filtSat=     3.93964 grad= -2.2365e-03
epoch=340 loss=1.152736
  shape=     0.90500 grad= -1.6102e-03
  pw=     0.45041 grad= -3.2433e+00
  fBase=    83.87987 grad= -9.2410e-03
  fAmt=   675.46844 grad=  8.3501e-03
  fDecay=     0.23851 grad=  1.1351e-02
  res=     0.50000 grad=  1.3267e-02
  attackTime=     0.00735 grad= -1.0821e-03
  decayTime=     0.14200 grad=  1.0208e-02
  sustain=     0.28355 grad=  1.3956e-02
  releaseTime=     0.02515 grad=  1.4562e-03
  drive=     5.30463 grad= -5.9186e-04
  outGain=     0.69256 grad= -2.7877e-02
  vco2Level=     0.45807 grad=  6.0744e-03
  vco2Detune=     0.54781 grad= -9.4149e-03
  satGain=     1.06954 grad= -1.0577e-02
  satBias=    -0.38451 grad=  2.2161e-02
  satA2=     0.34232 grad= -1.1506e-02
  satA3=     0.23793 grad=  1.7595e-02
  satA5=    -0.20673 grad=  2.8163e-02
  filtSat=     3.94016 grad=  8.8368e-05
epoch=350 loss=1.152334
  shape=     0.90481 grad=  3.6447e-02
  pw=     0.45045 grad=  7.1899e+00
  fBase=    85.36671 grad= -1.0290e-02
  fAmt=   674.81427 grad=  1.9178e-03
  fDecay=     0.23778 grad=  7.6265e-03
  res=     0.50000 grad=  1.3536e-02
  attackTime=     0.00742 grad= -1.1639e-03
  decayTime=     0.13982 grad=  6.0343e-03
  sustain=     0.28135 grad= -1.8532e-03
  releaseTime=     0.02510 grad=  1.2949e-03
  drive=     5.30812 grad= -5.5622e-03
  outGain=     0.69509 grad= -3.2738e-02
  vco2Level=     0.45635 grad=  9.6723e-04
  vco2Detune=     0.54783 grad= -1.5304e-02
  satGain=     1.06979 grad=  8.6028e-03
  satBias=    -0.38460 grad= -1.2292e-02
  satA2=     0.34223 grad=  8.1766e-03
  satA3=     0.23794 grad= -1.3630e-02
  satA5=    -0.20674 grad= -2.3624e-02
  filtSat=     3.94176 grad=  7.7235e-04
epoch=360 loss=1.151851
  shape=     0.90448 grad=  2.6422e-02
  pw=     0.45040 grad= -5.8749e+00
  fBase=    86.79588 grad= -8.4069e-03
  fAmt=   674.05609 grad=  1.1181e-02
  fDecay=     0.23718 grad=  1.0938e-02
  res=     0.50000 grad=  1.2961e-02
  attackTime=     0.00747 grad= -5.5472e-04
  decayTime=     0.13815 grad=  8.6531e-03
  sustain=     0.28014 grad=  1.8404e-02
  releaseTime=     0.02505 grad=  1.6397e-03
  drive=     5.31766 grad= -5.5228e-04
  outGain=     0.69771 grad= -2.7817e-02
  vco2Level=     0.45553 grad=  9.4806e-04
  vco2Detune=     0.54784 grad=  2.8564e-02
  satGain=     1.07006 grad= -2.8274e-03
  satBias=    -0.38467 grad=  1.2383e-02
  satA2=     0.34219 grad= -5.2348e-04
  satA3=     0.23796 grad=  5.1765e-03
  satA5=    -0.20673 grad=  1.2405e-02
  filtSat=     3.94070 grad=  2.3750e-04
epoch=370 loss=1.151422
  shape=     0.90410 grad=  2.2654e-02
  pw=     0.45043 grad=  4.0422e+00
  fBase=    88.12128 grad= -1.1289e-02
  fAmt=   672.82343 grad=  3.1247e-03
  fDecay=     0.23662 grad=  3.0199e-03
  res=     0.50000 grad=  1.2759e-02
  attackTime=     0.00750 grad= -1.0320e-03
  decayTime=     0.13662 grad=  4.1881e-03
  sustain=     0.27786 grad=  2.0201e-04
  releaseTime=     0.02499 grad=  9.8555e-04
  drive=     5.32310 grad= -6.5414e-03
  outGain=     0.70008 grad= -3.3510e-02
  vco2Level=     0.45465 grad=  6.4724e-03
  vco2Detune=     0.54783 grad= -4.0321e-02
  satGain=     1.07052 grad=  1.1782e-03
  satBias=    -0.38481 grad= -3.0637e-03
  satA2=     0.34211 grad=  6.2997e-03
  satA3=     0.23795 grad= -7.1220e-03
  satA5=    -0.20681 grad= -8.7768e-03
  filtSat=     3.94036 grad=  7.2893e-04
epoch=380 loss=1.151124
  shape=     0.90375 grad=  1.8545e-02
  pw=     0.45040 grad= -6.1045e+00
  fBase=    89.34698 grad= -5.8987e-03
  fAmt=   671.58270 grad=  1.2574e-02
  fDecay=     0.23611 grad=  1.3921e-02
  res=     0.50000 grad=  1.3898e-02
  attackTime=     0.00754 grad= -8.6340e-04
  decayTime=     0.13550 grad=  5.3759e-03
  sustain=     0.27635 grad=  1.0501e-02
  releaseTime=     0.02495 grad=  1.1377e-03
  drive=     5.33291 grad= -3.5231e-03
  outGain=     0.70250 grad= -3.0789e-02
  vco2Level=     0.45440 grad= -1.4412e-02
  vco2Detune=     0.54785 grad= -2.0639e-03
  satGain=     1.07078 grad=  7.7519e-04
  satBias=    -0.38492 grad=  9.9594e-03
  satA2=     0.34209 grad= -1.1027e-02
  satA3=     0.23794 grad=  1.0145e-02
  satA5=    -0.20685 grad=  8.4755e-03
  filtSat=     3.93799 grad=  1.6313e-03
epoch=390 loss=1.150790
  shape=     0.90347 grad=  1.0806e-02
  pw=     0.45043 grad=  3.7673e+00
  fBase=    90.38734 grad= -8.1023e-03
  fAmt=   670.18073 grad=  5.3644e-03
  fDecay=     0.23552 grad=  8.2724e-03
  res=     0.50000 grad=  1.3084e-02
  attackTime=     0.00758 grad= -1.5019e-03
  decayTime=     0.13461 grad=  3.5949e-03
  sustain=     0.27494 grad=  5.7251e-03
  releaseTime=     0.02491 grad=  1.3891e-03
  drive=     5.34234 grad= -3.5580e-03
  outGain=     0.70479 grad= -2.9469e-02
  vco2Level=     0.45463 grad=  4.1970e-03
  vco2Detune=     0.54786 grad= -1.3683e-02
  satGain=     1.07085 grad=  2.0399e-03
  satBias=    -0.38504 grad=  2.8106e-03
  satA2=     0.34217 grad= -1.2579e-03
  satA3=     0.23787 grad=  7.9343e-04
  satA5=    -0.20690 grad= -2.1643e-03
  filtSat=     3.93468 grad=  7.0575e-04
epoch=400 loss=1.150518
  shape=     0.90326 grad=  5.1486e-03
  pw=     0.45040 grad= -3.9653e+00
  fBase=    91.44250 grad= -9.2391e-03
  fAmt=   669.02991 grad=  7.5815e-03
  fDecay=     0.23506 grad=  6.7367e-03
  res=     0.50000 grad=  1.3113e-02
  attackTime=     0.00762 grad= -7.9608e-04
  decayTime=     0.13387 grad=  4.3729e-03
  sustain=     0.27335 grad=  1.3496e-02
  releaseTime=     0.02488 grad=  6.3286e-04
  drive=     5.34964 grad= -2.1653e-03
  outGain=     0.70687 grad= -2.8605e-02
  vco2Level=     0.45425 grad=  5.7266e-03
  vco2Detune=     0.54784 grad=  8.3615e-03
  satGain=     1.07088 grad= -4.6335e-03
  satBias=    -0.38514 grad=  1.2619e-02
  satA2=     0.34217 grad= -2.5960e-03
  satA3=     0.23784 grad=  7.3213e-03
  satA5=    -0.20693 grad=  1.3263e-02
  filtSat=     3.93278 grad=  2.6849e-04
epoch=410 loss=1.150251
  shape=     0.90309 grad=  1.8252e-02
  pw=     0.45043 grad=  4.0052e+00
  fBase=    92.48215 grad= -9.3399e-03
  fAmt=   667.95850 grad=  7.4421e-03
  fDecay=     0.23468 grad=  5.8775e-03
  res=     0.50000 grad=  1.3161e-02
  attackTime=     0.00766 grad= -1.1882e-03
  decayTime=     0.13321 grad=  3.1296e-03
  sustain=     0.27142 grad=  8.2749e-03
  releaseTime=     0.02486 grad=  5.7702e-04
  drive=     5.35420 grad= -1.7633e-03
  outGain=     0.70873 grad= -2.7356e-02
  vco2Level=     0.45350 grad=  8.2046e-03
  vco2Detune=     0.54786 grad= -2.3613e-02
  satGain=     1.07090 grad=  5.4590e-03
  satBias=    -0.38524 grad= -2.6481e-04
  satA2=     0.34213 grad=  5.0169e-03
  satA3=     0.23782 grad= -4.5396e-03
  satA5=    -0.20697 grad= -8.0156e-03
  filtSat=     3.93204 grad=  2.8786e-04
epoch=420 loss=1.150035
  shape=     0.90295 grad=  1.2005e-03
  pw=     0.45040 grad= -3.5755e+00
  fBase=    93.43373 grad= -7.8917e-03
  fAmt=   666.84393 grad=  9.8669e-03
  fDecay=     0.23431 grad=  8.0745e-03
  res=     0.50000 grad=  1.3655e-02
  attackTime=     0.00770 grad= -5.6842e-04
  decayTime=     0.13271 grad=  2.5592e-03
  sustain=     0.26982 grad=  8.2677e-03
  releaseTime=     0.02484 grad=  9.2367e-04
  drive=     5.35903 grad= -3.8731e-03
  outGain=     0.71050 grad= -3.0319e-02
  vco2Level=     0.45303 grad= -5.4987e-03
  vco2Detune=     0.54785 grad=  4.6884e-02
  satGain=     1.07083 grad= -4.2659e-03
  satBias=    -0.38534 grad=  1.4881e-02
  satA2=     0.34213 grad= -1.0954e-02
  satA3=     0.23779 grad=  1.3016e-02
  satA5=    -0.20700 grad=  1.6249e-02
  filtSat=     3.93069 grad=  1.2429e-03
epoch=430 loss=1.149836
  shape=     0.90282 grad=  1.0751e-02
  pw=     0.45042 grad=  3.2240e+00
  fBase=    94.27288 grad= -7.8936e-03
  fAmt=   665.69659 grad=  7.7908e-03
  fDecay=     0.23394 grad=  7.9399e-03
  res=     0.50000 grad=  1.3425e-02
  attackTime=     0.00772 grad= -9.3706e-04
  decayTime=     0.13232 grad=  2.0714e-03
  sustain=     0.26849 grad=  7.8024e-03
  releaseTime=     0.02482 grad=  1.1630e-03
  drive=     5.36415 grad= -2.2566e-03
  outGain=     0.71216 grad= -2.7668e-02
  vco2Level=     0.45287 grad=  4.4504e-03
  vco2Detune=     0.54784 grad= -1.8201e-02
  satGain=     1.07068 grad=  3.6095e-03
  satBias=    -0.38544 grad=  4.5086e-03
  satA2=     0.34218 grad= -7.9901e-04
  satA3=     0.23773 grad=  1.3760e-03
  satA5=    -0.20703 grad= -1.1256e-03
  filtSat=     3.92868 grad=  7.1692e-04
epoch=440 loss=1.149655
  shape=     0.90273 grad= -5.7740e-04
  pw=     0.45040 grad= -2.7818e+00
  fBase=    95.01155 grad= -7.5402e-03
  fAmt=   664.62012 grad=  8.4720e-03
  fDecay=     0.23356 grad=  8.1453e-03
  res=     0.50000 grad=  1.3578e-02
  attackTime=     0.00775 grad= -6.7811e-04
  decayTime=     0.13202 grad=  1.8893e-03
  sustain=     0.26727 grad=  8.1276e-03
  releaseTime=     0.02479 grad=  1.0116e-03
  drive=     5.36889 grad= -3.4666e-03
  outGain=     0.71370 grad= -2.9380e-02
  vco2Level=     0.45279 grad= -3.2371e-03
  vco2Detune=     0.54784 grad=  1.6003e-02
  satGain=     1.07047 grad= -3.1037e-03
  satBias=    -0.38553 grad=  1.3183e-02
  satA2=     0.34224 grad= -9.2577e-03
  satA3=     0.23766 grad=  1.1309e-02
  satA5=    -0.20707 grad=  1.3453e-02
  filtSat=     3.92656 grad=  1.0744e-03
epoch=450 loss=1.149510
  shape=     0.90265 grad=  9.3399e-03
  pw=     0.45042 grad=  3.6696e+00
  fBase=    95.68626 grad= -7.8898e-03
  fAmt=   663.68951 grad=  6.3288e-03
  fDecay=     0.23321 grad=  7.5349e-03
  res=     0.50000 grad=  1.3098e-02
  attackTime=     0.00777 grad= -1.2307e-03
  decayTime=     0.13179 grad=  1.6198e-03
  sustain=     0.26619 grad=  7.5163e-03
  releaseTime=     0.02477 grad=  9.7902e-04
  drive=     5.37324 grad= -1.7903e-03
  outGain=     0.71512 grad= -2.6538e-02
  vco2Level=     0.45271 grad=  6.4842e-03
  vco2Detune=     0.54783 grad=  5.0350e-03
  satGain=     1.07028 grad=  4.6981e-03
  satBias=    -0.38562 grad=  2.0564e-03
  satA2=     0.34230 grad=  1.5960e-03
  satA3=     0.23760 grad= -1.1710e-03
  satA5=    -0.20709 grad= -4.7816e-03
  filtSat=     3.92467 grad=  4.4459e-04
epoch=460 loss=1.149356
  shape=     0.90260 grad=  1.6242e-03
  pw=     0.45040 grad= -1.8768e+00
  fBase=    96.30049 grad= -7.2748e-03
  fAmt=   662.85327 grad=  8.5129e-03
  fDecay=     0.23288 grad=  8.2236e-03
  res=     0.50000 grad=  1.3551e-02
  attackTime=     0.00779 grad= -7.4016e-04
  decayTime=     0.13159 grad=  1.6679e-03
  sustain=     0.26518 grad=  8.0269e-03
  releaseTime=     0.02475 grad=  9.3477e-04
  drive=     5.37674 grad= -2.5853e-03
  outGain=     0.71639 grad= -2.7877e-02
  vco2Level=     0.45258 grad= -1.8088e-03
  vco2Detune=     0.54782 grad=  1.1405e-03
  satGain=     1.07006 grad= -2.2106e-04
  satBias=    -0.38570 grad=  1.0198e-02
  satA2=     0.34235 grad= -6.8406e-03
  satA3=     0.23754 grad=  8.2626e-03
  satA5=    -0.20712 grad=  8.1933e-03
  filtSat=     3.92309 grad=  9.2693e-04
epoch=470 loss=1.149248
  shape=     0.90255 grad=  6.8505e-03
  pw=     0.45042 grad=  3.5632e+00
  fBase=    96.85902 grad= -7.4404e-03
  fAmt=   662.10223 grad=  6.5303e-03
  fDecay=     0.23258 grad=  8.0620e-03
  res=     0.50000 grad=  1.3168e-02
  attackTime=     0.00781 grad= -9.5921e-04
  decayTime=     0.13142 grad=  1.5798e-03
  sustain=     0.26428 grad=  7.9868e-03
  releaseTime=     0.02473 grad=  1.0071e-03
  drive=     5.37973 grad= -1.3584e-03
  outGain=     0.71755 grad= -2.5845e-02
  vco2Level=     0.45247 grad=  4.7019e-03
  vco2Detune=     0.54784 grad=  1.1664e-02
  satGain=     1.06986 grad=  4.3068e-03
  satBias=    -0.38577 grad=  3.2711e-03
  satA2=     0.34240 grad=  4.1196e-05
  satA3=     0.23749 grad=  2.9284e-04
  satA5=    -0.20714 grad= -3.1025e-03
  filtSat=     3.92170 grad=  4.2808e-04
epoch=480 loss=1.149121
  shape=     0.90252 grad= -7.6618e-04
  pw=     0.45041 grad= -9.2570e-01
  fBase=    97.36362 grad= -7.2396e-03
  fAmt=   661.42719 grad=  7.5341e-03
  fDecay=     0.23231 grad=  7.7118e-03
  res=     0.50000 grad=  1.3462e-02
  attackTime=     0.00783 grad= -6.2187e-04
  decayTime=     0.13129 grad=  1.2729e-03
  sustain=     0.26347 grad=  7.4600e-03
  releaseTime=     0.02471 grad=  1.0660e-03
  drive=     5.38223 grad= -2.2844e-03
  outGain=     0.71860 grad= -2.7078e-02
  vco2Level=     0.45236 grad=  5.7701e-05
  vco2Detune=     0.54783 grad= -9.1823e-03
  satGain=     1.06966 grad= -4.5346e-04
  satBias=    -0.38584 grad=  1.0235e-02
  satA2=     0.34244 grad= -6.4261e-03
  satA3=     0.23745 grad=  8.0172e-03
  satA5=    -0.20716 grad=  8.1723e-03
  filtSat=     3.92050 grad=  7.7746e-04
epoch=490 loss=1.149030
  shape=     0.90249 grad=  4.0507e-03
  pw=     0.45041 grad=  1.2312e+00
  fBase=    97.82190 grad= -7.4264e-03
  fAmt=   660.83362 grad=  5.9442e-03
  fDecay=     0.23206 grad=  7.4852e-03
  res=     0.50000 grad=  1.3105e-02
  attackTime=     0.00785 grad= -7.7349e-04
  decayTime=     0.13117 grad=  1.0724e-03
  sustain=     0.26274 grad=  7.4430e-03
  releaseTime=     0.02470 grad=  9.2194e-04
  drive=     5.38444 grad= -1.9781e-03
  outGain=     0.71955 grad= -2.6314e-02
  vco2Level=     0.45226 grad=  4.2465e-03
  vco2Detune=     0.54783 grad=  2.2819e-05
  satGain=     1.06948 grad=  2.9028e-03
  satBias=    -0.38590 grad=  4.4517e-03
  satA2=     0.34248 grad= -7.3711e-04
  satA3=     0.23741 grad=  1.6418e-03
  satA5=    -0.20718 grad= -8.0864e-04
  filtSat=     3.91945 grad=  5.0180e-04
epoch=500 loss=1.148955
  shape=     0.90247 grad= -6.2646e-03
  pw=     0.45040 grad= -3.0535e+00
  fBase=    98.23230 grad= -7.1143e-03
  fAmt=   660.29260 grad=  7.2734e-03
  fDecay=     0.23184 grad=  7.7511e-03
  res=     0.50000 grad=  1.3659e-02
  attackTime=     0.00786 grad= -5.4119e-04
  decayTime=     0.13108 grad=  1.2661e-03
  sustain=     0.26207 grad=  7.4628e-03
  releaseTime=     0.02468 grad=  5.8559e-04
  drive=     5.38633 grad= -2.1545e-03
  outGain=     0.72040 grad= -2.6889e-02
  vco2Level=     0.45218 grad= -7.6099e-04
  vco2Detune=     0.54782 grad=  5.3759e-03
  satGain=     1.06930 grad= -2.8375e-03
  satBias=    -0.38596 grad=  1.3374e-02
  satA2=     0.34251 grad= -8.7589e-03
  satA3=     0.23737 grad=  1.1321e-02
  satA5=    -0.20719 grad=  1.3316e-02
  filtSat=     3.91852 grad=  7.1845e-04
epoch=510 loss=1.148874
  shape=     0.90245 grad=  1.6212e-03
  pw=     0.45040 grad= -2.3735e+00
  fBase=    98.60863 grad= -6.9653e-03
  fAmt=   659.81696 grad=  8.1039e-03
  fDecay=     0.23164 grad=  7.8865e-03
  res=     0.50000 grad=  1.3625e-02
  attackTime=     0.00787 grad= -6.2588e-04
  decayTime=     0.13099 grad=  1.4518e-03
  sustain=     0.26148 grad=  7.7299e-03
  releaseTime=     0.02467 grad=  6.1857e-04
  drive=     5.38790 grad= -1.1893e-03
  outGain=     0.72117 grad= -2.5614e-02
  vco2Level=     0.45208 grad= -1.4448e-03
  vco2Detune=     0.54783 grad=  3.8128e-02
  satGain=     1.06915 grad=  1.6505e-03
  satBias=    -0.38601 grad=  8.0760e-03
  satA2=     0.34254 grad= -4.9086e-03
  satA3=     0.23733 grad=  6.1410e-03
  satA5=    -0.20720 grad=  4.5829e-03
  filtSat=     3.91777 grad=  5.8439e-04
epoch=520 loss=1.148822
  shape=     0.90244 grad=  9.3281e-03
  pw=     0.45042 grad=  4.1248e+00
  fBase=    98.94857 grad= -7.7343e-03
  fAmt=   659.38416 grad=  4.7150e-03
  fDecay=     0.23146 grad=  6.6404e-03
  res=     0.50000 grad=  1.3191e-02
  attackTime=     0.00788 grad= -1.0869e-03
  decayTime=     0.13091 grad=  8.9194e-04
  sustain=     0.26096 grad=  5.6233e-03
  releaseTime=     0.02467 grad=  6.2514e-04
  drive=     5.38903 grad= -6.9409e-04
  outGain=     0.72185 grad= -2.4497e-02
  vco2Level=     0.45200 grad=  8.1559e-03
  vco2Detune=     0.54782 grad= -3.1152e-02
  satGain=     1.06899 grad=  7.8307e-03
  satBias=    -0.38605 grad= -2.5596e-03
  satA2=     0.34257 grad=  4.7982e-03
  satA3=     0.23730 grad= -5.4139e-03
  satA5=    -0.20721 grad= -1.2122e-02
  filtSat=     3.91718 grad=  1.0014e-04
epoch=530 loss=1.148742
  shape=     0.90243 grad=  5.4374e-03
  pw=     0.45040 grad= -9.1296e-01
  fBase=    99.25833 grad= -6.7934e-03
  fAmt=   659.00854 grad=  8.0130e-03
  fDecay=     0.23131 grad=  7.9157e-03
  res=     0.50000 grad=  1.3592e-02
  attackTime=     0.00789 grad= -8.4465e-04
  decayTime=     0.13085 grad=  1.2149e-03
  sustain=     0.26051 grad=  7.2067e-03
  releaseTime=     0.02466 grad=  6.1011e-04
  drive=     5.38982 grad= -4.6350e-04
  outGain=     0.72245 grad= -2.4508e-02
  vco2Level=     0.45189 grad= -2.8014e-04
  vco2Detune=     0.54783 grad=  3.0429e-03
  satGain=     1.06885 grad=  4.4231e-03
  satBias=    -0.38609 grad=  4.9360e-03
  satA2=     0.34259 grad= -2.3120e-03
  satA3=     0.23728 grad=  2.8213e-03
  satA5=    -0.20722 grad= -7.7893e-04
  filtSat=     3.91674 grad=  4.5612e-04
epoch=540 loss=1.148693
  shape=     0.90242 grad=  2.4918e-03
  pw=     0.45040 grad= -1.0494e+00
  fBase=    99.53375 grad= -6.6947e-03
  fAmt=   658.64709 grad=  8.0384e-03
  fDecay=     0.23116 grad=  8.0871e-03
  res=     0.50000 grad=  1.3640e-02
  attackTime=     0.00790 grad= -7.9585e-04
  decayTime=     0.13080 grad=  1.2245e-03
  sustain=     0.26012 grad=  7.3823e-03
  releaseTime=     0.02465 grad=  5.9843e-04
  drive=     5.39040 grad= -3.4640e-04
  outGain=     0.72299 grad= -2.4325e-02
  vco2Level=     0.45183 grad=  4.0539e-05
  vco2Detune=     0.54783 grad=  2.1020e-02
  satGain=     1.06872 grad=  2.5212e-03
  satBias=    -0.38613 grad=  7.9401e-03
  satA2=     0.34262 grad= -3.9952e-03
  satA3=     0.23725 grad=  5.3730e-03
  satA5=    -0.20723 grad=  3.7725e-03
  filtSat=     3.91633 grad=  4.4663e-04
epoch=550 loss=1.148648
  shape=     0.90242 grad= -9.2247e-04
  pw=     0.45040 grad= -9.6209e-01
  fBase=    99.78247 grad= -6.9091e-03
  fAmt=   658.31372 grad=  7.0940e-03
  fDecay=     0.23103 grad=  7.6271e-03
  res=     0.50000 grad=  1.3472e-02
  attackTime=     0.00791 grad= -7.8017e-04
  decayTime=     0.13075 grad=  8.6485e-04
  sustain=     0.25977 grad=  6.4891e-03
  releaseTime=     0.02465 grad=  5.9232e-04
  drive=     5.39088 grad= -9.1779e-04
  outGain=     0.72349 grad= -2.4744e-02
  vco2Level=     0.45178 grad=  1.6709e-03
  vco2Detune=     0.54783 grad=  2.4114e-03
  satGain=     1.06859 grad=  1.1862e-03
  satBias=    -0.38617 grad=  8.9378e-03
  satA2=     0.34264 grad= -4.5705e-03
  satA3=     0.23723 grad=  6.3612e-03
  satA5=    -0.20724 grad=  5.6141e-03
  filtSat=     3.91595 grad=  4.7287e-04
epoch=560 loss=1.148604
  shape=     0.90241 grad=  2.9137e-03
  pw=     0.45041 grad=  3.0883e-01
  fBase=   100.01141 grad= -7.1902e-03
  fAmt=   658.01862 grad=  5.9685e-03
  fDecay=     0.23091 grad=  7.0858e-03
  res=     0.50000 grad=  1.3312e-02
  attackTime=     0.00792 grad= -8.6112e-04
  decayTime=     0.13072 grad=  5.6271e-04
  sustain=     0.25947 grad=  5.5942e-03
  releaseTime=     0.02464 grad=  6.1326e-04
  drive=     5.39140 grad= -1.2113e-03
  outGain=     0.72394 grad= -2.4999e-02
  vco2Level=     0.45172 grad=  2.8318e-03
  vco2Detune=     0.54783 grad= -1.0840e-02
  satGain=     1.06848 grad=  2.9038e-03
  satBias=    -0.38620 grad=  5.1772e-03
  satA2=     0.34266 grad= -1.1999e-03
  satA3=     0.23721 grad=  2.2198e-03
  satA5=    -0.20725 grad=  7.5839e-05
  filtSat=     3.91559 grad=  3.9218e-04
epoch=570 loss=1.148565
  shape=     0.90240 grad=  8.1237e-04
  pw=     0.45041 grad= -5.4853e-01
  fBase=   100.22446 grad= -7.0172e-03
  fAmt=   657.75183 grad=  6.8026e-03
  fDecay=     0.23080 grad=  7.2556e-03
  res=     0.50000 grad=  1.3424e-02
  attackTime=     0.00793 grad= -7.8486e-04
  decayTime=     0.13069 grad=  7.5053e-04
  sustain=     0.25919 grad=  6.1575e-03
  releaseTime=     0.02464 grad=  3.4333e-04
  drive=     5.39192 grad= -8.0814e-04
  outGain=     0.72436 grad= -2.4506e-02
  vco2Level=     0.45167 grad=  1.4614e-03
  vco2Detune=     0.54783 grad=  1.5163e-02
  satGain=     1.06837 grad=  2.2151e-03
  satBias=    -0.38623 grad=  6.9611e-03
  satA2=     0.34267 grad= -3.0124e-03
  satA3=     0.23719 grad=  4.3210e-03
  satA5=    -0.20726 grad=  2.6852e-03
  filtSat=     3.91525 grad=  3.9459e-04
epoch=580 loss=1.148527
  shape=     0.90240 grad=  2.8977e-04
  pw=     0.45041 grad= -5.1696e-02
  fBase=   100.42304 grad= -6.7975e-03
  fAmt=   657.49341 grad=  7.1216e-03
  fDecay=     0.23070 grad=  7.6798e-03
  res=     0.50000 grad=  1.3461e-02
  attackTime=     0.00794 grad= -8.5214e-04
  decayTime=     0.13066 grad=  7.2566e-04
  sustain=     0.25892 grad=  6.4008e-03
  releaseTime=     0.02463 grad=  3.6114e-04
  drive=     5.39230 grad= -6.0770e-04
  outGain=     0.72475 grad= -2.4275e-02
  vco2Level=     0.45163 grad=  1.0179e-03
  vco2Detune=     0.54783 grad=  1.0528e-02
  satGain=     1.06827 grad=  2.0290e-03
  satBias=    -0.38626 grad=  7.9227e-03
  satA2=     0.34269 grad= -3.8776e-03
  satA3=     0.23717 grad=  5.2121e-03
  satA5=    -0.20727 grad=  3.8863e-03
  filtSat=     3.91495 grad=  4.2295e-04
epoch=590 loss=1.148490
  shape=     0.90240 grad=  2.6243e-04
  pw=     0.45041 grad= -4.8919e-02
  fBase=   100.61318 grad= -6.8614e-03
  fAmt=   657.24414 grad=  6.4852e-03
  fDecay=     0.23060 grad=  7.6006e-03
  res=     0.50000 grad=  1.3382e-02
  attackTime=     0.00795 grad= -6.6776e-04
  decayTime=     0.13063 grad=  7.2183e-04
  sustain=     0.25865 grad=  6.5442e-03
  releaseTime=     0.02463 grad=  4.4476e-04
  drive=     5.39262 grad= -7.3674e-04
  outGain=     0.72512 grad= -2.4278e-02
  vco2Level=     0.45159 grad=  2.3402e-03
  vco2Detune=     0.54783 grad= -4.9294e-03
  satGain=     1.06817 grad=  2.2987e-03
  satBias=    -0.38629 grad=  7.0058e-03
  satA2=     0.34271 grad= -2.9217e-03
  satA3=     0.23715 grad=  4.2667e-03
  satA5=    -0.20727 grad=  2.6253e-03
  filtSat=     3.91467 grad=  3.7881e-04
epoch=599 loss=1.148461
  shape=     0.90239 grad=  3.4446e-04
  pw=     0.45041 grad= -1.9626e-01
  fBase=   100.78100 grad= -6.6628e-03
  fAmt=   657.02600 grad=  6.7189e-03
  fDecay=     0.23050 grad=  7.8788e-03
  res=     0.50000 grad=  1.3428e-02
  attackTime=     0.00795 grad= -6.8806e-04
  decayTime=     0.13061 grad=  6.5339e-04
  sustain=     0.25841 grad=  6.7245e-03
  releaseTime=     0.02463 grad=  4.1379e-04
  drive=     5.39291 grad= -6.6597e-04
  outGain=     0.72546 grad= -2.4231e-02
  vco2Level=     0.45155 grad=  1.4664e-03
  vco2Detune=     0.54783 grad=  6.9577e-03
  satGain=     1.06808 grad=  2.1919e-03
  satBias=    -0.38631 grad=  7.4946e-03
  satA2=     0.34272 grad= -3.3716e-03
  satA3=     0.23713 grad=  4.7380e-03
  satA5=    -0.20728 grad=  3.2921e-03
  filtSat=     3.91443 grad=  4.0895e-04
