epoch=0 loss=1.686513
  shape=     0.99900 grad= -8.3895e-01
  pw=     0.45831 grad=  1.2462e+01
  fBase=    31.16904 grad= -2.2349e-01
  fAmt=   834.30627 grad= -8.8397e-01
  fDecay=     0.17184 grad= -1.3706e+00
  res=     1.57405 grad=  2.7901e-03
  attackTime=     0.00390 grad= -2.1463e-02
  decayTime=     0.88435 grad= -5.6271e-02
  sustain=     0.60578 grad= -1.7663e-01
  releaseTime=     0.02016 grad= -7.3273e-02
  drive=     6.64519 grad= -6.0810e-01
  outGain=     0.31515 grad= -7.8792e-01
  vco2Level=     0.25915 grad= -2.7051e-02
  vco2Detune=     0.43565 grad= -2.3484e-02
  satGain=     0.66607 grad= -7.0535e-01
  satBias=    -0.39920 grad=  2.9289e-01
  satA2=     0.50476 grad=  5.0933e-01
  satA3=     0.59716 grad= -5.9037e-01
  satA5=    -0.05546 grad= -6.1193e-01
  filtSat=     3.78021 grad=  2.5947e-02
epoch=10 loss=1.503007
  shape=     1.00000 grad=  4.1637e-01
  pw=     0.45792 grad= -4.7266e+01
  fBase=    34.13625 grad=  6.3058e-03
  fAmt=   901.56366 grad=  5.3350e-01
  fDecay=     0.18836 grad=  1.4365e-01
  res=     1.42666 grad=  2.9811e-02
  attackTime=     0.00432 grad= -3.0450e-02
  decayTime=     0.96442 grad=  8.8696e-03
  sustain=     0.63211 grad=  2.4361e-02
  releaseTime=     0.02225 grad= -3.5381e-02
  drive=     7.19897 grad=  2.4770e-01
  outGain=     0.32338 grad=  1.6057e-01
  vco2Level=     0.28696 grad= -1.0388e+00
  vco2Detune=     0.43974 grad= -2.1209e-01
  satGain=     0.72619 grad=  2.1343e-01
  satBias=    -0.40000 grad= -5.4772e-02
  satA2=     0.49610 grad= -1.7742e-01
  satA3=     0.60632 grad=  7.5872e-02
  satA5=    -0.04602 grad= -3.3451e-02
  filtSat=     3.71975 grad= -6.0506e-03
epoch=20 loss=1.450713
  shape=     0.99645 grad=  1.6008e-01
  pw=     0.45888 grad= -2.4496e+00
  fBase=    35.28746 grad= -1.2861e-02
  fAmt=   867.38812 grad=  1.5166e-01
  fDecay=     0.19216 grad=  1.8520e-02
  res=     1.28268 grad=  2.2303e-02
  attackTime=     0.00479 grad= -2.4919e-02
  decayTime=     0.97358 grad=  3.9909e-03
  sustain=     0.63599 grad=  1.0580e-02
  releaseTime=     0.02393 grad= -8.4180e-03
  drive=     7.01033 grad=  9.7817e-02
  outGain=     0.32384 grad= -5.2182e-03
  vco2Level=     0.31849 grad= -6.6842e-01
  vco2Detune=     0.44438 grad= -3.6425e-01
  satGain=     0.72681 grad= -1.7813e-02
  satBias=    -0.40000 grad=  7.3484e-02
  satA2=     0.49572 grad=  1.2552e-04
  satA3=     0.61011 grad= -1.0390e-01
  satA5=    -0.04014 grad= -1.9152e-01
  filtSat=     3.76810 grad= -1.3017e-02
epoch=30 loss=1.415503
  shape=     0.99319 grad= -1.1028e-01
  pw=     0.45855 grad=  1.0919e+01
  fBase=    36.24748 grad= -3.6758e-02
  fAmt=   835.52997 grad= -1.5590e-03
  fDecay=     0.19435 grad= -1.5860e-01
  res=     1.16552 grad=  1.3880e-02
  attackTime=     0.00520 grad=  1.5982e-02
  decayTime=     0.96811 grad= -3.3811e-03
  sustain=     0.63535 grad= -1.2428e-02
  releaseTime=     0.02497 grad=  7.0442e-05
  drive=     6.80261 grad= -8.0720e-02
  outGain=     0.32472 grad= -2.1315e-01
  vco2Level=     0.34871 grad= -8.5977e-01
  vco2Detune=     0.44845 grad=  2.1213e-01
  satGain=     0.73240 grad= -1.5118e-01
  satBias=    -0.40000 grad= -6.1584e-02
  satA2=     0.49678 grad= -3.7629e-02
  satA3=     0.61357 grad= -8.6424e-02
  satA5=    -0.03411 grad= -2.1466e-01
  filtSat=     3.82634 grad=  1.2972e-02
epoch=40 loss=1.375505
  shape=     0.99301 grad=  9.4255e-02
  pw=     0.45849 grad=  2.0250e+01
  fBase=    37.52386 grad=  2.4601e-03
  fAmt=   816.95331 grad=  1.0846e-01
  fDecay=     0.19895 grad=  7.6199e-02
  res=     1.07605 grad=  1.2378e-02
  attackTime=     0.00519 grad=  6.4890e-03
  decayTime=     0.96990 grad=  5.9042e-03
  sustain=     0.63676 grad=  1.9263e-02
  releaseTime=     0.02534 grad=  7.1867e-03
  drive=     6.82487 grad=  1.1634e-02
  outGain=     0.32919 grad= -7.5877e-02
  vco2Level=     0.38078 grad= -7.2885e-01
  vco2Detune=     0.44778 grad= -4.8181e-02
  satGain=     0.75722 grad= -3.6956e-02
  satBias=    -0.39669 grad= -8.1598e-02
  satA2=     0.49953 grad= -8.9766e-02
  satA3=     0.61674 grad= -1.1243e-02
  satA5=    -0.02739 grad= -1.0079e-01
  filtSat=     3.79779 grad=  8.2799e-03
epoch=50 loss=1.345301
  shape=     0.99148 grad= -3.1317e-02
  pw=     0.45802 grad=  3.9349e-01
  fBase=    38.02966 grad= -1.2397e-02
  fAmt=   790.50287 grad= -6.1428e-02
  fDecay=     0.19922 grad= -2.3548e-03
  res=     1.00247 grad=  9.5273e-03
  attackTime=     0.00508 grad= -3.2948e-03
  decayTime=     0.95062 grad=  4.0050e-03
  sustain=     0.63095 grad=  1.3203e-02
  releaseTime=     0.02497 grad=  8.1163e-03
  drive=     6.83598 grad= -1.7829e-02
  outGain=     0.33327 grad= -9.5379e-02
  vco2Level=     0.41150 grad= -4.1824e-01
  vco2Detune=     0.44678 grad= -2.1121e-01
  satGain=     0.77480 grad= -1.1735e-01
  satBias=    -0.39010 grad= -4.0212e-02
  satA2=     0.50481 grad= -2.0871e-02
  satA3=     0.61793 grad= -5.4532e-02
  satA5=    -0.02198 grad= -1.1835e-01
  filtSat=     3.73345 grad= -4.3702e-03
epoch=60 loss=1.333559
  shape=     0.99037 grad=  8.7099e-02
  pw=     0.45827 grad=  2.7129e+01
  fBase=    38.46559 grad=  3.3851e-04
  fAmt=   781.55878 grad= -1.1687e-03
  fDecay=     0.19827 grad=  8.2081e-02
  res=     0.94198 grad=  9.1301e-03
  attackTime=     0.00511 grad= -9.8817e-03
  decayTime=     0.92329 grad=  6.7284e-03
  sustain=     0.62209 grad=  2.1669e-02
  releaseTime=     0.02441 grad=  2.0434e-03
  drive=     6.84997 grad=  2.0275e-02
  outGain=     0.33700 grad= -3.1328e-02
  vco2Level=     0.43482 grad= -2.7167e-01
  vco2Detune=     0.44787 grad= -2.2901e-01
  satGain=     0.80108 grad= -4.8105e-02
  satBias=    -0.38487 grad= -3.9217e-02
  satA2=     0.50866 grad= -3.6079e-02
  satA3=     0.61965 grad= -1.5784e-02
  satA5=    -0.01710 grad= -4.1394e-02
  filtSat=     3.71181 grad= -4.9038e-03
epoch=70 loss=1.323810
  shape=     0.98825 grad=  3.4125e-02
  pw=     0.45788 grad= -1.2270e+01
  fBase=    38.70878 grad= -1.0368e-02
  fAmt=   779.46411 grad= -4.7579e-02
  fDecay=     0.19521 grad=  1.3949e-02
  res=     0.88989 grad=  7.2861e-03
  attackTime=     0.00532 grad= -8.8730e-03
  decayTime=     0.88798 grad=  4.5201e-03
  sustain=     0.61030 grad=  1.4153e-02
  releaseTime=     0.02415 grad= -4.4739e-03
  drive=     6.80609 grad=  1.4825e-02
  outGain=     0.33956 grad= -3.6417e-02
  vco2Level=     0.45101 grad= -1.1688e-01
  vco2Detune=     0.44991 grad= -6.4312e-02
  satGain=     0.82421 grad= -4.9580e-02
  satBias=    -0.37932 grad= -1.2844e-01
  satA2=     0.51230 grad= -6.5896e-02
  satA3=     0.62031 grad=  4.3732e-02
  satA5=    -0.01459 grad=  6.3821e-02
  filtSat=     3.72713 grad= -8.7086e-03
epoch=80 loss=1.329973
  shape=     0.98615 grad=  1.0534e-01
  pw=     0.45458 grad=  1.7387e+01
  fBase=    39.18511 grad= -1.3257e-02
  fAmt=   786.09528 grad= -5.6837e-02
  fDecay=     0.19267 grad=  1.7907e-02
  res=     0.84972 grad=  4.1292e-03
  attackTime=     0.00551 grad= -4.6813e-03
  decayTime=     0.85339 grad=  4.9396e-03
  sustain=     0.59857 grad=  1.4578e-02
  releaseTime=     0.02428 grad= -5.1178e-03
  drive=     6.75406 grad=  2.8134e-02
  outGain=     0.34156 grad= -7.9875e-03
  vco2Level=     0.46061 grad=  4.9097e-02
  vco2Detune=     0.45040 grad=  4.0333e-01
  satGain=     0.84671 grad= -3.0145e-02
  satBias=    -0.37101 grad= -7.7354e-02
  satA2=     0.51664 grad= -3.3209e-02
  satA3=     0.61885 grad=  3.2272e-02
  satA5=    -0.01559 grad=  8.7277e-02
  filtSat=     3.76762 grad= -1.2454e-02
epoch=90 loss=1.309390
  shape=     0.98286 grad=  9.9212e-02
  pw=     0.45147 grad= -2.2430e+01
  fBase=    39.92583 grad= -1.8943e-02
  fAmt=   792.78540 grad= -1.2809e-02
  fDecay=     0.19050 grad= -9.9816e-03
  res=     0.81706 grad=  8.2313e-03
  attackTime=     0.00558 grad=  2.5825e-03
  decayTime=     0.82057 grad=  2.8398e-03
  sustain=     0.58748 grad=  7.4412e-03
  releaseTime=     0.02464 grad= -5.5722e-03
  drive=     6.68883 grad=  1.0643e-02
  outGain=     0.34303 grad= -3.6235e-02
  vco2Level=     0.46591 grad= -3.5331e-02
  vco2Detune=     0.44997 grad= -7.0268e-02
  satGain=     0.86210 grad= -1.5230e-02
  satBias=    -0.36150 grad= -1.2263e-01
  satA2=     0.52175 grad= -7.0660e-02
  satA3=     0.61562 grad=  6.1857e-02
  satA5=    -0.01936 grad=  1.0660e-01
  filtSat=     3.80821 grad= -3.3031e-03
epoch=100 loss=1.295463
  shape=     0.97923 grad=  1.9948e-01
  pw=     0.45241 grad= -2.4179e+01
  fBase=    41.13596 grad= -5.7942e-03
  fAmt=   799.72443 grad=  8.5951e-02
  fDecay=     0.18970 grad=  5.6447e-02
  res=     0.78352 grad=  9.1507e-03
  attackTime=     0.00554 grad= -5.9568e-03
  decayTime=     0.79589 grad=  5.4543e-03
  sustain=     0.57934 grad=  1.5126e-02
  releaseTime=     0.02502 grad=  2.0782e-03
  drive=     6.65957 grad=  2.8977e-02
  outGain=     0.34501 grad= -2.7544e-03
  vco2Level=     0.46973 grad= -1.6974e-01
  vco2Detune=     0.45034 grad=  3.2157e-01
  satGain=     0.87670 grad=  4.5675e-02
  satBias=    -0.35160 grad= -1.1551e-01
  satA2=     0.52739 grad= -1.0115e-01
  satA3=     0.61158 grad=  8.3005e-02
  satA5=    -0.02428 grad=  1.1276e-01
  filtSat=     3.83251 grad=  5.2386e-03
epoch=110 loss=1.290806
  shape=     0.97404 grad=  7.4051e-02
  pw=     0.45256 grad=  1.1375e+01
  fBase=    42.40232 grad= -2.3057e-02
  fAmt=   799.43048 grad= -3.1398e-02
  fDecay=     0.18868 grad= -2.8268e-02
  res=     0.74859 grad=  3.8881e-03
  attackTime=     0.00558 grad=  3.6772e-03
  decayTime=     0.77180 grad=  1.4542e-03
  sustain=     0.57138 grad=  3.4438e-03
  releaseTime=     0.02506 grad=  3.7849e-03
  drive=     6.62469 grad= -2.9944e-02
  outGain=     0.34679 grad= -6.5343e-02
  vco2Level=     0.47418 grad= -9.6983e-02
  vco2Detune=     0.45005 grad= -1.4515e-01
  satGain=     0.88355 grad= -4.8235e-02
  satBias=    -0.34302 grad= -1.1186e-01
  satA2=     0.53309 grad= -6.7301e-02
  satA3=     0.60748 grad=  3.7787e-02
  satA5=    -0.02925 grad=  5.9260e-02
  filtSat=     3.83535 grad=  4.4268e-03
epoch=120 loss=1.285667
  shape=     0.96919 grad=  1.5153e-01
  pw=     0.45240 grad= -2.0616e+01
  fBase=    43.98126 grad= -1.3397e-02
  fAmt=   800.09521 grad=  1.3803e-02
  fDecay=     0.18867 grad=  1.9485e-02
  res=     0.71980 grad=  4.5706e-03
  attackTime=     0.00562 grad= -7.4383e-03
  decayTime=     0.75204 grad=  4.4794e-03
  sustain=     0.56489 grad=  1.2204e-02
  releaseTime=     0.02490 grad=  1.0897e-03
  drive=     6.64805 grad=  1.1445e-02
  outGain=     0.34925 grad= -1.7187e-02
  vco2Level=     0.47927 grad= -5.6741e-02
  vco2Detune=     0.45017 grad=  1.7328e-01
  satGain=     0.89418 grad=  5.6935e-03
  satBias=    -0.33378 grad= -1.0173e-01
  satA2=     0.53960 grad= -7.5976e-02
  satA3=     0.60274 grad=  6.8915e-02
  satA5=    -0.03473 grad=  1.1409e-01
  filtSat=     3.81707 grad=  5.1732e-04
epoch=130 loss=1.281638
  shape=     0.96361 grad=  1.6407e-01
  pw=     0.45240 grad= -1.6916e+01
  fBase=    45.56620 grad= -1.2251e-02
  fAmt=   803.66449 grad=  3.7864e-03
  fDecay=     0.18821 grad=  2.6475e-02
  res=     0.69900 grad=  2.7445e-03
  attackTime=     0.00573 grad=  1.8287e-03
  decayTime=     0.72649 grad=  5.3821e-03
  sustain=     0.55606 grad=  1.4670e-02
  releaseTime=     0.02477 grad=  3.2304e-04
  drive=     6.64359 grad=  4.9518e-03
  outGain=     0.35115 grad= -2.0462e-02
  vco2Level=     0.48201 grad= -3.8124e-02
  vco2Detune=     0.45005 grad=  1.4716e-02
  satGain=     0.90410 grad=  2.1611e-03
  satBias=    -0.32587 grad= -6.9167e-02
  satA2=     0.54533 grad= -5.5460e-02
  satA3=     0.59816 grad=  5.0783e-02
  satA5=    -0.04054 grad=  9.3019e-02
  filtSat=     3.81757 grad=  1.1331e-03
epoch=140 loss=1.277885
  shape=     0.95719 grad=  1.3089e-01
  pw=     0.45242 grad= -6.1844e+00
  fBase=    47.11006 grad= -1.9805e-02
  fAmt=   807.91510 grad= -3.1852e-02
  fDecay=     0.18714 grad= -3.9021e-03
  res=     0.68409 grad=  1.6655e-03
  attackTime=     0.00575 grad= -9.6298e-04
  decayTime=     0.69643 grad=  4.0225e-03
  sustain=     0.54523 grad=  1.0430e-02
  releaseTime=     0.02471 grad= -1.2284e-03
  drive=     6.63470 grad= -6.8984e-03
  outGain=     0.35285 grad= -3.4784e-02
  vco2Level=     0.48384 grad= -1.4772e-02
  vco2Detune=     0.45007 grad=  3.1392e-02
  satGain=     0.91237 grad= -2.8459e-02
  satBias=    -0.31990 grad= -7.3369e-02
  satA2=     0.54992 grad= -4.7983e-02
  satA3=     0.59438 grad=  4.0559e-02
  satA5=    -0.04575 grad=  8.7347e-02
  filtSat=     3.82033 grad= -1.0288e-03
epoch=150 loss=1.274168
  shape=     0.95067 grad=  1.4974e-01
  pw=     0.45244 grad= -3.2925e+00
  fBase=    48.84638 grad= -1.7896e-02
  fAmt=   811.53235 grad= -1.8116e-02
  fDecay=     0.18645 grad=  4.6591e-03
  res=     0.66979 grad=  1.5451e-03
  attackTime=     0.00580 grad= -1.6875e-03
  decayTime=     0.66781 grad=  4.8733e-03
  sustain=     0.53467 grad=  1.2599e-02
  releaseTime=     0.02477 grad= -4.1739e-04
  drive=     6.63718 grad= -6.9210e-04
  outGain=     0.35477 grad= -2.7564e-02
  vco2Level=     0.48641 grad= -2.6761e-02
  vco2Detune=     0.45010 grad= -6.9024e-04
  satGain=     0.92240 grad= -1.9443e-02
  satBias=    -0.31440 grad= -5.5109e-02
  satA2=     0.55446 grad= -4.2366e-02
  satA3=     0.59086 grad=  3.4179e-02
  satA5=    -0.05057 grad=  7.4791e-02
  filtSat=     3.81766 grad= -8.3725e-04
epoch=160 loss=1.271219
  shape=     0.94375 grad=  1.7197e-01
  pw=     0.45240 grad= -2.0845e+01
  fBase=    50.69064 grad= -1.6565e-02
  fAmt=   817.68060 grad=  9.3265e-03
  fDecay=     0.18553 grad=  1.1858e-02
  res=     0.65835 grad=  1.5483e-03
  attackTime=     0.00587 grad=  5.1250e-03
  decayTime=     0.63750 grad=  5.0945e-03
  sustain=     0.52309 grad=  1.2881e-02
  releaseTime=     0.02482 grad=  5.5823e-04
  drive=     6.62318 grad= -6.9708e-03
  outGain=     0.35648 grad= -3.0997e-02
  vco2Level=     0.48773 grad= -7.4678e-02
  vco2Detune=     0.45008 grad=  7.4019e-02
  satGain=     0.93355 grad= -2.0543e-03
  satBias=    -0.31025 grad= -4.4655e-02
  satA2=     0.55800 grad= -4.5797e-02
  satA3=     0.58808 grad=  3.6040e-02
  satA5=    -0.05494 grad=  6.6755e-02
  filtSat=     3.82842 grad=  4.3376e-03
epoch=170 loss=1.274392
  shape=     0.93650 grad=  1.5696e-01
  pw=     0.45270 grad=  6.0371e+01
  fBase=    52.68050 grad= -2.5322e-02
  fAmt=   820.80493 grad= -9.1703e-02
  fDecay=     0.18466 grad= -6.5648e-03
  res=     0.64940 grad=  6.6945e-04
  attackTime=     0.00587 grad= -1.2421e-02
  decayTime=     0.60818 grad=  5.0809e-03
  sustain=     0.51156 grad=  1.2598e-02
  releaseTime=     0.02479 grad=  1.0829e-03
  drive=     6.62605 grad=  2.0990e-02
  outGain=     0.35833 grad= -1.3663e-02
  vco2Level=     0.48985 grad=  1.5594e-01
  vco2Detune=     0.45017 grad= -3.6752e-01
  satGain=     0.94246 grad= -5.2536e-02
  satBias=    -0.30690 grad=  1.0226e-04
  satA2=     0.56124 grad=  2.0702e-02
  satA3=     0.58564 grad= -1.0299e-02
  satA5=    -0.05878 grad=  5.3940e-02
  filtSat=     3.82483 grad= -1.5799e-02
epoch=180 loss=1.274040
  shape=     0.92906 grad=  1.3601e-01
  pw=     0.45276 grad=  5.0675e+01
  fBase=    54.85765 grad= -2.8300e-02
  fAmt=   824.71564 grad= -8.0992e-02
  fDecay=     0.18383 grad= -2.2709e-02
  res=     0.64050 grad=  6.9691e-04
  attackTime=     0.00594 grad= -1.7614e-03
  decayTime=     0.57952 grad=  3.9978e-03
  sustain=     0.49993 grad=  9.3879e-03
  releaseTime=     0.02468 grad=  7.2007e-04
  drive=     6.60853 grad=  2.4444e-03
  outGain=     0.36001 grad= -3.4887e-02
  vco2Level=     0.49121 grad=  1.0688e-01
  vco2Detune=     0.44994 grad= -5.2401e-01
  satGain=     0.95149 grad= -5.4598e-02
  satBias=    -0.30441 grad= -1.5725e-02
  satA2=     0.56385 grad=  5.3474e-03
  satA3=     0.58368 grad= -2.9888e-03
  satA5=    -0.06233 grad=  5.4348e-02
  filtSat=     3.83204 grad= -9.9772e-03
epoch=190 loss=1.261293
  shape=     0.92177 grad=  1.8190e-01
  pw=     0.45258 grad=  9.9343e+00
  fBase=    57.24047 grad= -1.4693e-02
  fAmt=   829.89240 grad=  4.4937e-02
  fDecay=     0.18298 grad=  2.0763e-02
  res=     0.63355 grad=  3.4819e-03
  attackTime=     0.00593 grad= -1.8618e-03
  decayTime=     0.55216 grad=  5.6767e-03
  sustain=     0.48852 grad=  1.3411e-02
  releaseTime=     0.02454 grad=  2.1923e-03
  drive=     6.60495 grad= -1.5723e-03
  outGain=     0.36187 grad= -2.5927e-02
  vco2Level=     0.49237 grad= -1.3826e-01
  vco2Detune=     0.45031 grad= -6.0845e-02
  satGain=     0.96244 grad=  5.1283e-04
  satBias=    -0.30224 grad= -6.8644e-02
  satA2=     0.56622 grad= -8.4235e-02
  satA3=     0.58195 grad=  5.5119e-02
  satA5=    -0.06571 grad=  7.7433e-02
  filtSat=     3.83716 grad=  6.9651e-03
epoch=200 loss=1.261507
  shape=     0.91455 grad=  2.1532e-01
  pw=     0.45233 grad= -4.4832e+01
  fBase=    59.74956 grad= -1.0013e-02
  fAmt=   831.61890 grad=  7.4055e-02
  fDecay=     0.18210 grad=  3.7841e-02
  res=     0.62697 grad=  4.6377e-03
  attackTime=     0.00597 grad= -2.5957e-03
  decayTime=     0.52750 grad=  6.0518e-03
  sustain=     0.47804 grad=  1.4335e-02
  releaseTime=     0.02433 grad=  4.2741e-03
  drive=     6.61574 grad=  1.4937e-03
  outGain=     0.36380 grad= -1.9593e-02
  vco2Level=     0.49499 grad= -1.9258e-01
  vco2Detune=     0.45007 grad=  1.3276e-01
  satGain=     0.97141 grad=  3.8062e-02
  satBias=    -0.30026 grad= -2.1057e-02
  satA2=     0.56872 grad= -5.8626e-02
  satA3=     0.58033 grad=  4.0126e-02
  satA5=    -0.06868 grad=  4.5865e-02
  filtSat=     3.82838 grad=  1.1038e-02
epoch=210 loss=1.254925
  shape=     0.90744 grad=  1.6329e-01
  pw=     0.45244 grad= -1.2085e+01
  fBase=    62.36993 grad= -2.1530e-02
  fAmt=   832.17725 grad= -9.4634e-03
  fDecay=     0.18129 grad=  5.4327e-03
  res=     0.62178 grad= -1.5368e-03
  attackTime=     0.00604 grad=  4.1387e-03
  decayTime=     0.50374 grad=  5.6496e-03
  sustain=     0.46757 grad=  1.2920e-02
  releaseTime=     0.02413 grad= -5.5015e-04
  drive=     6.63112 grad= -1.0177e-02
  outGain=     0.36570 grad= -2.9143e-02
  vco2Level=     0.49809 grad= -3.3891e-02
  vco2Detune=     0.45023 grad=  3.9016e-01
  satGain=     0.97803 grad= -1.0205e-02
  satBias=    -0.29906 grad= -1.6800e-02
  satA2=     0.57064 grad= -1.9342e-02
  satA3=     0.57928 grad=  1.6174e-02
  satA5=    -0.07086 grad=  4.1880e-02
  filtSat=     3.81485 grad=  2.4021e-03
epoch=220 loss=1.255225
  shape=     0.90061 grad=  1.8354e-01
  pw=     0.45265 grad=  6.6207e+01
  fBase=    65.07965 grad= -2.8673e-02
  fAmt=   834.67877 grad= -1.0003e-01
  fDecay=     0.18043 grad= -9.7431e-03
  res=     0.62067 grad= -3.2810e-03
  attackTime=     0.00607 grad= -6.2400e-03
  decayTime=     0.47929 grad=  5.7860e-03
  sustain=     0.45616 grad=  1.4148e-02
  releaseTime=     0.02400 grad= -7.0958e-04
  drive=     6.64440 grad=  6.3515e-03
  outGain=     0.36748 grad= -2.0064e-02
  vco2Level=     0.50029 grad=  1.3910e-01
  vco2Detune=     0.44997 grad= -4.2181e-01
  satGain=     0.98424 grad= -4.6815e-02
  satBias=    -0.29829 grad=  8.2473e-02
  satA2=     0.57202 grad=  9.4746e-02
  satA3=     0.57849 grad= -8.2744e-02
  satA5=    -0.07278 grad= -4.7834e-02
  filtSat=     3.80634 grad= -1.3176e-02
epoch=230 loss=1.248715
  shape=     0.89384 grad=  1.6850e-01
  pw=     0.45255 grad=  2.5193e+00
  fBase=    67.95381 grad= -1.9160e-02
  fAmt=   838.13239 grad=  1.8433e-02
  fDecay=     0.17977 grad=  3.0961e-03
  res=     0.62146 grad=  1.1763e-03
  attackTime=     0.00611 grad=  6.0828e-04
  decayTime=     0.45572 grad=  6.2166e-03
  sustain=     0.44459 grad=  1.4205e-02
  releaseTime=     0.02391 grad=  3.0409e-03
  drive=     6.65133 grad= -3.5932e-03
  outGain=     0.36909 grad= -2.5971e-02
  vco2Level=     0.50184 grad= -8.7160e-02
  vco2Detune=     0.45010 grad= -1.3004e-01
  satGain=     0.98953 grad= -3.4689e-03
  satBias=    -0.29830 grad= -2.2302e-02
  satA2=     0.57263 grad= -3.6710e-02
  satA3=     0.57826 grad=  1.8302e-02
  satA5=    -0.07424 grad=  3.1252e-02
  filtSat=     3.80270 grad=  4.1844e-03
epoch=240 loss=1.249742
  shape=     0.88745 grad=  1.9676e-01
  pw=     0.45234 grad= -4.5681e+01
  fBase=    70.98789 grad= -1.2707e-02
  fAmt=   840.21844 grad=  4.9512e-02
  fDecay=     0.17933 grad=  2.6848e-02
  res=     0.62130 grad=  2.3620e-03
  attackTime=     0.00614 grad= -3.7832e-04
  decayTime=     0.43413 grad=  6.3457e-03
  sustain=     0.43365 grad=  1.4457e-02
  releaseTime=     0.02374 grad=  4.3931e-03
  drive=     6.66167 grad=  1.1474e-04
  outGain=     0.37073 grad= -1.8759e-02
  vco2Level=     0.50374 grad= -1.3680e-01
  vco2Detune=     0.45018 grad=  2.2940e-01
  satGain=     0.99433 grad=  2.9669e-02
  satBias=    -0.29800 grad= -8.2699e-03
  satA2=     0.57361 grad= -4.0080e-02
  satA3=     0.57770 grad=  3.1453e-02
  satA5=    -0.07592 grad=  4.3487e-02
  filtSat=     3.79513 grad=  8.3986e-03
epoch=250 loss=1.243529
  shape=     0.88136 grad=  1.5060e-01
  pw=     0.45244 grad= -1.3506e+01
  fBase=    74.07758 grad= -2.3433e-02
  fAmt=   841.35681 grad= -1.5099e-02
  fDecay=     0.17895 grad=  1.8791e-04
  res=     0.62117 grad= -2.1807e-03
  attackTime=     0.00618 grad=  2.0557e-03
  decayTime=     0.41356 grad=  5.9975e-03
  sustain=     0.42269 grad=  1.3213e-02
  releaseTime=     0.02355 grad= -1.4625e-03
  drive=     6.67071 grad= -6.9263e-03
  outGain=     0.37233 grad= -2.5472e-02
  vco2Level=     0.50588 grad= -1.2506e-02
  vco2Detune=     0.45013 grad=  2.6788e-01
  satGain=     0.99799 grad= -1.0900e-02
  satBias=    -0.29765 grad= -1.4224e-02
  satA2=     0.57473 grad= -1.6471e-02
  satA3=     0.57698 grad=  1.8941e-02
  satA5=    -0.07768 grad=  4.9887e-02
  filtSat=     3.78559 grad=  8.9022e-04
epoch=260 loss=1.241937
  shape=     0.87569 grad=  1.0737e-01
  pw=     0.45263 grad=  4.8938e+01
  fBase=    77.43690 grad= -3.0516e-02
  fAmt=   843.07202 grad= -5.9672e-02
  fDecay=     0.17879 grad= -1.1822e-02
  res=     0.62413 grad= -4.0570e-03
  attackTime=     0.00621 grad= -3.5829e-03
  decayTime=     0.39350 grad=  7.7321e-03
  sustain=     0.41151 grad=  1.7673e-02
  releaseTime=     0.02383 grad= -6.8948e-03
  drive=     6.67796 grad=  5.7586e-03
  outGain=     0.37385 grad= -1.6026e-02
  vco2Level=     0.50705 grad=  1.3646e-01
  vco2Detune=     0.45005 grad= -3.1817e-01
  satGain=     1.00202 grad= -4.5841e-02
  satBias=    -0.29696 grad= -6.1136e-02
  satA2=     0.57604 grad= -4.0823e-02
  satA3=     0.57583 grad=  4.8742e-02
  satA5=    -0.07987 grad=  1.0335e-01
  filtSat=     3.77955 grad= -8.7434e-03
epoch=270 loss=1.237001
  shape=     0.87077 grad=  1.4202e-01
  pw=     0.45244 grad= -1.8255e+01
  fBase=    80.96320 grad= -2.1245e-02
  fAmt=   844.11188 grad=  2.8439e-03
  fDecay=     0.17866 grad=  7.0547e-03
  res=     0.63126 grad= -2.2533e-03
  attackTime=     0.00623 grad=  2.7567e-05
  decayTime=     0.37219 grad=  6.4754e-03
  sustain=     0.39858 grad=  1.6321e-02
  releaseTime=     0.02439 grad=  2.3621e-03
  drive=     6.67813 grad= -1.0156e-02
  outGain=     0.37521 grad= -3.0849e-02
  vco2Level=     0.50702 grad= -5.2222e-02
  vco2Detune=     0.45004 grad=  1.1853e-01
  satGain=     1.00863 grad= -9.3231e-03
  satBias=    -0.29424 grad= -4.3607e-02
  satA2=     0.57927 grad= -5.1110e-02
  satA3=     0.57267 grad=  4.5810e-02
  satA5=    -0.08380 grad=  7.2077e-02
  filtSat=     3.77669 grad=  3.9623e-03
epoch=280 loss=1.233369
  shape=     0.86611 grad=  1.3860e-01
  pw=     0.45257 grad=  1.0006e+01
  fBase=    84.45148 grad= -2.4413e-02
  fAmt=   843.73322 grad=  1.5431e-02
  fDecay=     0.17864 grad= -9.5785e-03
  res=     0.63794 grad= -1.3188e-03
  attackTime=     0.00630 grad= -4.8093e-03
  decayTime=     0.35330 grad=  7.2877e-03
  sustain=     0.38568 grad=  1.8768e-02
  releaseTime=     0.02443 grad=  3.1046e-03
  drive=     6.69613 grad= -2.1934e-03
  outGain=     0.37687 grad= -2.4992e-02
  vco2Level=     0.50837 grad= -3.0235e-02
  vco2Detune=     0.45005 grad=  1.6662e-03
  satGain=     1.01673 grad= -1.0865e-02
  satBias=    -0.29125 grad= -5.4773e-02
  satA2=     0.58290 grad= -6.7230e-02
  satA3=     0.56947 grad=  5.5410e-02
  satA5=    -0.08752 grad=  7.6906e-02
  filtSat=     3.76482 grad=  2.7316e-03
epoch=290 loss=1.230219
  shape=     0.86157 grad=  1.5526e-01
  pw=     0.45259 grad=  2.2063e+01
  fBase=    88.04286 grad= -2.3311e-02
  fAmt=   842.89056 grad=  7.7702e-03
  fDecay=     0.17869 grad= -4.3048e-03
  res=     0.64521 grad= -1.2997e-03
  attackTime=     0.00639 grad= -2.5422e-03
  decayTime=     0.33560 grad=  7.6144e-03
  sustain=     0.37244 grad=  1.9614e-02
  releaseTime=     0.02425 grad= -6.9507e-05
  drive=     6.71567 grad= -2.9588e-03
  outGain=     0.37856 grad= -2.6355e-02
  vco2Level=     0.50977 grad= -2.7249e-02
  vco2Detune=     0.44998 grad= -1.2017e-01
  satGain=     1.02502 grad= -1.1456e-02
  satBias=    -0.28848 grad= -3.5155e-02
  satA2=     0.58642 grad= -5.0174e-02
  satA3=     0.56643 grad=  3.9207e-02
  satA5=    -0.09097 grad=  6.1327e-02
  filtSat=     3.75215 grad=  2.3902e-03
epoch=300 loss=1.227152
  shape=     0.85700 grad=  1.6654e-01
  pw=     0.45247 grad= -1.4140e+01
  fBase=    91.67690 grad= -2.0998e-02
  fAmt=   841.95911 grad=  1.2392e-02
  fDecay=     0.17870 grad=  1.0271e-02
  res=     0.65217 grad= -1.6056e-03
  attackTime=     0.00646 grad= -6.4737e-04
  decayTime=     0.31928 grad=  6.8635e-03
  sustain=     0.35944 grad=  1.7492e-02
  releaseTime=     0.02419 grad= -7.2937e-04
  drive=     6.73922 grad= -9.1833e-03
  outGain=     0.38031 grad= -3.1128e-02
  vco2Level=     0.51121 grad= -6.1460e-02
  vco2Detune=     0.45007 grad=  1.0892e-01
  satGain=     1.03257 grad= -1.6790e-03
  satBias=    -0.28625 grad= -2.3102e-02
  satA2=     0.58952 grad= -4.1817e-02
  satA3=     0.56380 grad=  3.6964e-02
  satA5=    -0.09402 grad=  5.7959e-02
  filtSat=     3.73769 grad=  5.0529e-03
epoch=310 loss=1.223642
  shape=     0.85235 grad=  1.6924e-01
  pw=     0.45258 grad=  1.4288e+01
  fBase=    95.38837 grad= -2.4496e-02
  fAmt=   841.26483 grad=  1.2498e-02
  fDecay=     0.17872 grad= -5.9417e-03
  res=     0.65803 grad= -2.7920e-04
  attackTime=     0.00654 grad= -2.5869e-03
  decayTime=     0.30477 grad=  6.5984e-03
  sustain=     0.34716 grad=  1.7521e-02
  releaseTime=     0.02421 grad= -3.8793e-04
  drive=     6.76245 grad= -5.0250e-03
  outGain=     0.38206 grad= -2.9639e-02
  vco2Level=     0.51268 grad= -4.4281e-02
  vco2Detune=     0.45028 grad= -1.5196e-01
  satGain=     1.03926 grad= -7.5786e-03
  satBias=    -0.28459 grad= -2.6153e-02
  satA2=     0.59213 grad= -4.7986e-02
  satA3=     0.56157 grad=  3.6968e-02
  satA5=    -0.09673 grad=  5.7822e-02
  filtSat=     3.72346 grad=  3.8022e-03
epoch=320 loss=1.221007
  shape=     0.84776 grad=  1.5980e-01
  pw=     0.45258 grad=  3.3412e+01
  fBase=    99.08743 grad= -3.0070e-02
  fAmt=   840.37366 grad= -2.5741e-02
  fDecay=     0.17867 grad= -9.9764e-03
  res=     0.66309 grad= -1.2305e-03
  attackTime=     0.00661 grad= -4.7031e-03
  decayTime=     0.29184 grad=  5.4651e-03
  sustain=     0.33547 grad=  1.4729e-02
  releaseTime=     0.02422 grad=  1.8502e-04
  drive=     6.78776 grad= -3.2198e-03
  outGain=     0.38382 grad= -2.9364e-02
  vco2Level=     0.51423 grad=  2.4176e-02
  vco2Detune=     0.45029 grad= -2.2916e-01
  satGain=     1.04470 grad= -2.3594e-02
  satBias=    -0.28332 grad= -1.2726e-02
  satA2=     0.59444 grad= -1.7811e-02
  satA3=     0.55960 grad=  1.6921e-02
  satA5=    -0.09917 grad=  4.7386e-02
  filtSat=     3.70748 grad= -1.7052e-03
epoch=330 loss=1.218958
  shape=     0.84338 grad=  1.7885e-01
  pw=     0.45248 grad= -1.8331e+01
  fBase=   102.80735 grad= -1.6071e-02
  fAmt=   840.18677 grad=  2.8009e-02
  fDecay=     0.17857 grad=  2.1186e-02
  res=     0.66679 grad= -6.6418e-04
  attackTime=     0.00669 grad=  8.4483e-04
  decayTime=     0.28112 grad=  6.6073e-03
  sustain=     0.32516 grad=  1.8080e-02
  releaseTime=     0.02420 grad=  5.9377e-05
  drive=     6.81355 grad= -8.4987e-03
  outGain=     0.38559 grad= -3.1160e-02
  vco2Level=     0.51567 grad= -8.8438e-02
  vco2Detune=     0.45039 grad=  2.8531e-01
  satGain=     1.04979 grad=  1.1207e-02
  satBias=    -0.28235 grad= -1.2900e-02
  satA2=     0.59642 grad= -4.4529e-02
  satA3=     0.55790 grad=  3.7995e-02
  satA5=    -0.10134 grad=  5.1665e-02
  filtSat=     3.69252 grad=  7.7064e-03
epoch=340 loss=1.215756
  shape=     0.83924 grad=  1.5267e-01
  pw=     0.45257 grad=  2.3717e+01
  fBase=   106.37958 grad= -2.6473e-02
  fAmt=   839.80579 grad= -1.3431e-02
  fDecay=     0.17828 grad=  1.2132e-03
  res=     0.66976 grad= -7.0016e-04
  attackTime=     0.00676 grad= -3.5204e-03
  decayTime=     0.27201 grad=  4.4766e-03
  sustain=     0.31593 grad=  1.2236e-02
  releaseTime=     0.02420 grad= -7.3779e-04
  drive=     6.83844 grad= -3.8234e-03
  outGain=     0.38733 grad= -3.1253e-02
  vco2Level=     0.51710 grad=  2.0023e-03
  vco2Detune=     0.45033 grad= -1.8921e-01
  satGain=     1.05350 grad= -1.4351e-02
  satBias=    -0.28155 grad= -1.3664e-02
  satA2=     0.59826 grad= -2.7370e-02
  satA3=     0.55627 grad=  2.5493e-02
  satA5=    -0.10337 grad=  5.0793e-02
  filtSat=     3.67665 grad=  6.3493e-04
epoch=350 loss=1.213914
  shape=     0.83542 grad=  1.4590e-01
  pw=     0.45258 grad=  3.5648e+01
  fBase=   109.83842 grad= -2.8949e-02
  fAmt=   839.87354 grad= -3.8553e-02
  fDecay=     0.17790 grad=  9.8656e-05
  res=     0.67239 grad= -1.4344e-03
  attackTime=     0.00683 grad= -4.7849e-03
  decayTime=     0.26439 grad=  4.2558e-03
  sustain=     0.30780 grad=  1.2872e-02
  releaseTime=     0.02424 grad=  6.4369e-05
  drive=     6.86186 grad= -8.1385e-04
  outGain=     0.38904 grad= -2.9289e-02
  vco2Level=     0.51835 grad=  4.7813e-02
  vco2Detune=     0.45037 grad= -1.4732e-01
  satGain=     1.05668 grad= -2.3426e-02
  satBias=    -0.28091 grad= -4.9877e-03
  satA2=     0.59995 grad= -7.4476e-03
  satA3=     0.55473 grad=  1.3506e-02
  satA5=    -0.10531 grad=  4.6065e-02
  filtSat=     3.66177 grad= -3.3656e-03
epoch=360 loss=1.212512
  shape=     0.83190 grad=  1.6324e-01
  pw=     0.45249 grad= -2.1484e+01
  fBase=   113.16280 grad= -1.5781e-02
  fAmt=   840.49243 grad=  3.2103e-02
  fDecay=     0.17746 grad=  1.6580e-02
  res=     0.67464 grad= -1.0958e-04
  attackTime=     0.00690 grad=  1.6824e-03
  decayTime=     0.25794 grad=  4.5270e-03
  sustain=     0.30033 grad=  1.4541e-02
  releaseTime=     0.02425 grad=  4.2494e-04
  drive=     6.88175 grad= -1.0065e-02
  outGain=     0.39068 grad= -3.4558e-02
  vco2Level=     0.51942 grad= -1.0130e-01
  vco2Detune=     0.45040 grad=  2.0053e-01
  satGain=     1.05946 grad=  1.4129e-02
  satBias=    -0.28041 grad= -9.4432e-03
  satA2=     0.60143 grad= -4.4669e-02
  satA3=     0.55333 grad=  3.6483e-02
  satA5=    -0.10709 grad=  4.4833e-02
  filtSat=     3.64895 grad=  8.9172e-03
epoch=370 loss=1.210093
  shape=     0.82863 grad=  1.4720e-01
  pw=     0.45257 grad=  2.6558e+01
  fBase=   116.31665 grad= -2.5336e-02
  fAmt=   840.72198 grad= -2.3577e-02
  fDecay=     0.17700 grad=  5.9255e-03
  res=     0.67649 grad= -1.0778e-03
  attackTime=     0.00695 grad= -3.7261e-03
  decayTime=     0.25251 grad=  3.7730e-03
  sustain=     0.29355 grad=  1.2666e-02
  releaseTime=     0.02425 grad= -1.7731e-04
  drive=     6.90040 grad= -4.5985e-04
  outGain=     0.39226 grad= -2.8918e-02
  vco2Level=     0.52055 grad=  2.1765e-02
  vco2Detune=     0.45039 grad= -1.2682e-01
  satGain=     1.06113 grad= -1.2258e-02
  satBias=    -0.28007 grad=  3.7521e-04
  satA2=     0.60275 grad= -9.4900e-03
  satA3=     0.55205 grad=  1.4266e-02
  satA5=    -0.10870 grad=  4.0389e-02
  filtSat=     3.63577 grad= -1.2026e-03
epoch=380 loss=1.208821
  shape=     0.82560 grad=  1.5369e-01
  pw=     0.45257 grad=  3.5306e+01
  fBase=   119.35726 grad= -2.9095e-02
  fAmt=   841.14838 grad= -4.0238e-02
  fDecay=     0.17657 grad=  2.0921e-03
  res=     0.67856 grad= -2.2102e-03
  attackTime=     0.00701 grad= -3.9116e-03
  decayTime=     0.24791 grad=  2.5621e-03
  sustain=     0.28739 grad=  8.9316e-03
  releaseTime=     0.02426 grad= -3.8066e-04
  drive=     6.91606 grad= -6.7331e-04
  outGain=     0.39375 grad= -2.8785e-02
  vco2Level=     0.52150 grad=  5.6188e-02
  vco2Detune=     0.45038 grad= -1.7159e-01
  satGain=     1.06205 grad= -1.4777e-02
  satBias=    -0.27994 grad=  1.7742e-02
  satA2=     0.60378 grad=  2.1297e-02
  satA3=     0.55101 grad= -9.5289e-03
  satA5=    -0.11007 grad=  1.8390e-02
  filtSat=     3.62434 grad= -3.6784e-03
epoch=390 loss=1.207737
  shape=     0.82273 grad=  1.5262e-01
  pw=     0.45250 grad= -2.2388e+01
  fBase=   122.29977 grad= -1.3987e-02
  fAmt=   841.77423 grad=  3.9155e-02
  fDecay=     0.17617 grad=  1.4366e-02
  res=     0.68121 grad=  3.0638e-04
  attackTime=     0.00705 grad=  1.6996e-03
  decayTime=     0.24417 grad=  3.8054e-03
  sustain=     0.28207 grad=  1.4461e-02
  releaseTime=     0.02427 grad=  2.1655e-04
  drive=     6.92992 grad= -7.8523e-03
  outGain=     0.39515 grad= -3.3776e-02
  vco2Level=     0.52226 grad= -1.0779e-01
  vco2Detune=     0.45041 grad=  1.7797e-01
  satGain=     1.06190 grad=  1.9118e-02
  satBias=    -0.28011 grad= -5.7998e-03
  satA2=     0.60436 grad= -4.5010e-02
  satA3=     0.55036 grad=  3.6128e-02
  satA5=    -0.11110 grad=  4.0149e-02
  filtSat=     3.61451 grad=  9.3711e-03
epoch=400 loss=1.206086
  shape=     0.82013 grad=  1.3432e-01
  pw=     0.45256 grad=  2.3835e+01
  fBase=   125.00723 grad= -2.4763e-02
  fAmt=   841.91650 grad= -2.2280e-02
  fDecay=     0.17577 grad=  4.9968e-03
  res=     0.68363 grad= -1.1964e-03
  attackTime=     0.00709 grad= -3.0644e-03
  decayTime=     0.24090 grad=  2.6629e-03
  sustain=     0.27691 grad=  1.1700e-02
  releaseTime=     0.02428 grad=  2.2035e-04
  drive=     6.94200 grad= -4.4035e-05
  outGain=     0.39648 grad= -2.8827e-02
  vco2Level=     0.52308 grad=  2.0412e-02
  vco2Detune=     0.45040 grad= -1.2229e-01
  satGain=     1.06109 grad= -8.5841e-03
  satBias=    -0.28029 grad=  5.4421e-03
  satA2=     0.60493 grad= -2.5676e-03
  satA3=     0.54972 grad=  8.6639e-03
  satA5=    -0.11204 grad=  3.0777e-02
  filtSat=     3.60443 grad= -1.1776e-03
epoch=410 loss=1.205171
  shape=     0.81786 grad=  1.3497e-01
  pw=     0.45256 grad=  3.0561e+01
  fBase=   127.59269 grad= -2.6231e-02
  fAmt=   842.25580 grad= -3.4316e-02
  fDecay=     0.17545 grad=  4.5663e-03
  res=     0.68564 grad= -1.8203e-03
  attackTime=     0.00713 grad= -3.0434e-03
  decayTime=     0.23813 grad=  2.5061e-03
  sustain=     0.27200 grad=  1.1603e-02
  releaseTime=     0.02427 grad=  4.6675e-04
  drive=     6.95142 grad=  8.6648e-04
  outGain=     0.39772 grad= -2.7875e-02
  vco2Level=     0.52379 grad=  4.3195e-02
  vco2Detune=     0.45042 grad= -1.2756e-01
  satGain=     1.06071 grad= -1.0782e-02
  satBias=    -0.28038 grad=  1.4579e-02
  satA2=     0.60553 grad=  1.5291e-02
  satA3=     0.54905 grad= -4.9146e-03
  satA5=    -0.11296 grad=  1.8814e-02
  filtSat=     3.59605 grad= -3.0854e-03
epoch=420 loss=1.204321
  shape=     0.81581 grad=  1.2656e-01
  pw=     0.45251 grad= -1.8423e+01
  fBase=   130.02098 grad= -1.4894e-02
  fAmt=   842.61896 grad=  3.5485e-02
  fDecay=     0.17516 grad=  9.1462e-03
  res=     0.68743 grad=  7.3700e-04
  attackTime=     0.00716 grad=  1.0853e-03
  decayTime=     0.23578 grad=  2.3614e-03
  sustain=     0.26742 grad=  1.2580e-02
  releaseTime=     0.02424 grad=  1.8697e-04
  drive=     6.95885 grad= -6.9103e-03
  outGain=     0.39887 grad= -3.4429e-02
  vco2Level=     0.52443 grad= -1.0031e-01
  vco2Detune=     0.45046 grad=  1.2546e-01
  satGain=     1.06008 grad=  1.5738e-02
  satBias=    -0.28052 grad= -9.8390e-03
  satA2=     0.60602 grad= -4.7881e-02
  satA3=     0.54850 grad=  3.8563e-02
  satA5=    -0.11375 grad=  4.1432e-02
  filtSat=     3.58872 grad=  8.6308e-03
epoch=430 loss=1.203237
  shape=     0.81398 grad=  1.2633e-01
  pw=     0.45256 grad=  2.1745e+01
  fBase=   132.25783 grad= -2.2992e-02
  fAmt=   842.64270 grad= -1.8360e-02
  fDecay=     0.17489 grad=  7.1334e-03
  res=     0.68887 grad= -1.1581e-03
  attackTime=     0.00719 grad= -2.4156e-03
  decayTime=     0.23377 grad=  2.5256e-03
  sustain=     0.26319 grad=  1.2201e-02
  releaseTime=     0.02423 grad= -9.3347e-04
  drive=     6.96573 grad=  7.8817e-04
  outGain=     0.39995 grad= -2.8045e-02
  vco2Level=     0.52513 grad=  1.2995e-02
  vco2Detune=     0.45046 grad= -1.6821e-02
  satGain=     1.05912 grad= -3.8007e-03
  satBias=    -0.28064 grad=  9.6301e-03
  satA2=     0.60650 grad=  1.4502e-03
  satA3=     0.54797 grad=  4.9664e-03
  satA5=    -0.11445 grad=  2.3413e-02
  filtSat=     3.58121 grad= -8.0818e-04
epoch=440 loss=1.202594
  shape=     0.81235 grad=  1.2304e-01
  pw=     0.45256 grad=  2.8583e+01
  fBase=   134.34186 grad= -2.5486e-02
  fAmt=   842.70544 grad= -3.2201e-02
  fDecay=     0.17464 grad=  4.9537e-03
  res=     0.69021 grad= -1.8144e-03
  attackTime=     0.00722 grad= -2.2142e-03
  decayTime=     0.23205 grad=  2.0420e-03
  sustain=     0.25935 grad=  1.1398e-02
  releaseTime=     0.02425 grad= -6.5201e-04
  drive=     6.97091 grad=  3.2169e-04
  outGain=     0.40096 grad= -2.8872e-02
  vco2Level=     0.52575 grad=  3.4462e-02
  vco2Detune=     0.45046 grad= -7.3400e-02
  satGain=     1.05820 grad= -8.9418e-03
  satBias=    -0.28076 grad=  1.5517e-02
  satA2=     0.60694 grad=  1.6877e-02
  satA3=     0.54747 grad= -6.8174e-03
  satA5=    -0.11512 grad=  1.4626e-02
  filtSat=     3.57467 grad= -2.7031e-03
epoch=450 loss=1.201871
  shape=     0.81089 grad=  1.1855e-01
  pw=     0.45252 grad= -1.3716e+01
  fBase=   136.27777 grad= -1.2955e-02
  fAmt=   842.91913 grad=  3.6722e-02
  fDecay=     0.17441 grad=  1.0856e-02
  res=     0.69149 grad=  9.2468e-04
  attackTime=     0.00724 grad=  4.6120e-04
  decayTime=     0.23060 grad=  2.3833e-03
  sustain=     0.25582 grad=  1.3629e-02
  releaseTime=     0.02427 grad= -1.7776e-04
  drive=     6.97529 grad= -3.5321e-03
  outGain=     0.40189 grad= -3.1435e-02
  vco2Level=     0.52630 grad= -9.6313e-02
  vco2Detune=     0.45046 grad=  6.2199e-02
  satGain=     1.05739 grad=  1.7541e-02
  satBias=    -0.28089 grad= -7.7422e-03
  satA2=     0.60730 grad= -4.8633e-02
  satA3=     0.54704 grad=  4.0145e-02
  satA5=    -0.11571 grad=  4.3411e-02
  filtSat=     3.56909 grad=  8.1122e-03
epoch=460 loss=1.201213
  shape=     0.80959 grad=  1.1740e-01
  pw=     0.45255 grad=  2.2955e+01
  fBase=   138.02054 grad= -2.3395e-02
  fAmt=   842.90546 grad= -2.1826e-02
  fDecay=     0.17419 grad=  5.5932e-03
  res=     0.69250 grad= -1.3044e-03
  attackTime=     0.00726 grad= -1.8143e-03
  decayTime=     0.22933 grad=  1.5888e-03
  sustain=     0.25253 grad=  1.0914e-02
  releaseTime=     0.02428 grad=  8.4283e-05
  drive=     6.97873 grad= -3.4726e-04
  outGain=     0.40274 grad= -2.9576e-02
  vco2Level=     0.52686 grad=  1.5341e-02
  vco2Detune=     0.45047 grad= -8.3894e-03
  satGain=     1.05643 grad= -4.9329e-03
  satBias=    -0.28101 grad=  1.2487e-02
  satA2=     0.60767 grad=  7.1721e-03
  satA3=     0.54662 grad=  8.9313e-04
  satA5=    -0.11627 grad=  2.0643e-02
  filtSat=     3.56362 grad= -1.0746e-03
epoch=470 loss=1.200759
  shape=     0.80842 grad=  1.1747e-01
  pw=     0.45255 grad=  2.7412e+01
  fBase=   139.61618 grad= -2.4324e-02
  fAmt=   842.97589 grad= -2.8868e-02
  fDecay=     0.17399 grad=  5.4501e-03
  res=     0.69333 grad= -1.6484e-03
  attackTime=     0.00728 grad= -2.0768e-03
  decayTime=     0.22832 grad=  1.2822e-03
  sustain=     0.24961 grad=  1.0255e-02
  releaseTime=     0.02428 grad= -5.1891e-04
  drive=     6.98173 grad= -7.2433e-05
  outGain=     0.40353 grad= -2.9507e-02
  vco2Level=     0.52737 grad=  2.6303e-02
  vco2Detune=     0.45047 grad= -1.6060e-02
  satGain=     1.05557 grad= -7.5268e-03
  satBias=    -0.28115 grad=  1.5596e-02
  satA2=     0.60797 grad=  1.4536e-02
  satA3=     0.54625 grad= -4.2980e-03
  satA5=    -0.11678 grad=  1.7875e-02
  filtSat=     3.55883 grad= -2.1447e-03
epoch=480 loss=1.200142
  shape=     0.80736 grad=  1.1602e-01
  pw=     0.45252 grad= -9.1383e+00
  fBase=   141.06175 grad= -1.1767e-02
  fAmt=   843.12720 grad=  3.4561e-02
  fDecay=     0.17380 grad=  1.2203e-02
  res=     0.69410 grad=  1.0345e-03
  attackTime=     0.00730 grad=  1.3859e-04
  decayTime=     0.22751 grad=  1.6688e-03
  sustain=     0.24702 grad=  1.2691e-02
  releaseTime=     0.02429 grad=  7.8885e-05
  drive=     6.98424 grad= -3.0543e-03
  outGain=     0.40426 grad= -3.2095e-02
  vco2Level=     0.52784 grad= -9.6100e-02
  vco2Detune=     0.45049 grad=  7.9115e-03
  satGain=     1.05482 grad=  1.6973e-02
  satBias=    -0.28128 grad= -5.1845e-03
  satA2=     0.60824 grad= -4.6111e-02
  satA3=     0.54593 grad=  3.7794e-02
  satA5=    -0.11724 grad=  4.1859e-02
  filtSat=     3.55465 grad=  7.8483e-03
epoch=490 loss=1.199777
  shape=     0.80642 grad=  1.1251e-01
  pw=     0.45255 grad=  2.2982e+01
  fBase=   142.34842 grad= -2.2181e-02
  fAmt=   843.13361 grad= -2.0013e-02
  fDecay=     0.17361 grad=  6.8968e-03
  res=     0.69470 grad= -1.1505e-03
  attackTime=     0.00731 grad= -1.7925e-03
  decayTime=     0.22683 grad=  1.2130e-03
  sustain=     0.24467 grad=  1.0738e-02
  releaseTime=     0.02430 grad=  2.4468e-06
  drive=     6.98666 grad= -1.3717e-04
  outGain=     0.40493 grad= -2.9882e-02
  vco2Level=     0.52833 grad=  7.1789e-03
  vco2Detune=     0.45050 grad= -1.1261e-02
  satGain=     1.05407 grad= -4.4859e-03
  satBias=    -0.28140 grad=  1.1975e-02
  satA2=     0.60851 grad=  4.9938e-03
  satA3=     0.54561 grad=  2.5624e-03
  satA5=    -0.11768 grad=  2.2453e-02
  filtSat=     3.55050 grad= -8.4061e-04
epoch=500 loss=1.199378
  shape=     0.80557 grad=  1.1000e-01
  pw=     0.45255 grad=  2.2192e+01
  fBase=   143.50906 grad= -2.2010e-02
  fAmt=   843.18835 grad= -1.7867e-02
  fDecay=     0.17342 grad=  7.0447e-03
  res=     0.69526 grad= -1.0790e-03
  attackTime=     0.00733 grad= -1.4624e-03
  decayTime=     0.22625 grad=  8.4696e-04
  sustain=     0.24256 grad=  9.4752e-03
  releaseTime=     0.02430 grad= -5.0614e-04
  drive=     6.98847 grad= -9.9431e-04
  outGain=     0.40554 grad= -3.0821e-02
  vco2Level=     0.52876 grad=  1.4710e-03
  vco2Detune=     0.45050 grad=  1.9612e-02
  satGain=     1.05340 grad= -4.0971e-03
  satBias=    -0.28152 grad=  1.1000e-02
  satA2=     0.60873 grad=  2.8972e-03
  satA3=     0.54533 grad=  3.9145e-03
  satA5=    -0.11807 grad=  2.3242e-02
  filtSat=     3.54695 grad= -3.5380e-04
epoch=510 loss=1.198887
  shape=     0.80483 grad=  1.0512e-01
  pw=     0.45252 grad= -4.3721e+00
  fBase=   144.50075 grad= -1.6936e-02
  fAmt=   842.61090 grad=  2.1020e-02
  fDecay=     0.17325 grad=  4.8319e-03
  res=     0.69543 grad=  4.8056e-04
  attackTime=     0.00734 grad= -6.9191e-04
  decayTime=     0.22584 grad= -9.8371e-04
  sustain=     0.24081 grad=  5.3929e-03
  releaseTime=     0.02431 grad= -5.5526e-04
  drive=     6.99118 grad= -6.5749e-03
  outGain=     0.40610 grad= -3.6981e-02
  vco2Level=     0.52935 grad= -7.8330e-02
  vco2Detune=     0.45049 grad=  1.3057e-03
  satGain=     1.05239 grad=  9.6796e-03
  satBias=    -0.28160 grad= -4.0576e-04
  satA2=     0.60904 grad= -3.0203e-02
  satA3=     0.54502 grad=  2.5350e-02
  satA5=    -0.11845 grad=  3.2927e-02
  filtSat=     3.54216 grad=  6.4178e-03
epoch=520 loss=1.199128
  shape=     0.80417 grad=  1.1286e-01
  pw=     0.45255 grad=  4.2767e+01
  fBase=   145.40192 grad= -3.4371e-02
  fAmt=   841.58856 grad= -7.4807e-02
  fDecay=     0.17314 grad= -3.6746e-03
  res=     0.69533 grad= -3.3788e-03
  attackTime=     0.00735 grad= -4.8586e-03
  decayTime=     0.22582 grad= -1.4299e-04
  sustain=     0.23956 grad=  8.2334e-03
  releaseTime=     0.02432 grad=  5.3576e-04
  drive=     6.99613 grad=  2.5071e-03
  outGain=     0.40666 grad= -2.9644e-02
  vco2Level=     0.53007 grad=  1.0131e-01
  vco2Detune=     0.45048 grad= -2.1970e-02
  satGain=     1.05125 grad= -2.4868e-02
  satBias=    -0.28165 grad=  3.3932e-02
  satA2=     0.60937 grad=  6.5094e-02
  satA3=     0.54470 grad= -3.9133e-02
  satA5=    -0.11880 grad= -2.3177e-03
  filtSat=     3.53633 grad= -9.9163e-03
epoch=530 loss=1.198341
  shape=     0.80358 grad=  1.0810e-01
  pw=     0.45254 grad=  2.4602e+01
  fBase=   146.26454 grad= -2.4922e-02
  fAmt=   841.38092 grad= -3.2910e-02
  fDecay=     0.17304 grad=  2.9938e-03
  res=     0.69563 grad= -1.6395e-03
  attackTime=     0.00736 grad= -2.5120e-03
  decayTime=     0.22558 grad=  1.0503e-03
  sustain=     0.23804 grad=  1.2526e-02
  releaseTime=     0.02432 grad=  6.8749e-05
  drive=     6.99842 grad=  8.3682e-04
  outGain=     0.40713 grad= -3.0262e-02
  vco2Level=     0.53056 grad=  2.4742e-02
  vco2Detune=     0.45046 grad=  9.3409e-03
  satGain=     1.05064 grad= -1.0439e-02
  satBias=    -0.28175 grad=  1.6658e-02
  satA2=     0.60953 grad=  1.7881e-02
  satA3=     0.54450 grad= -4.5887e-03
  satA5=    -0.11909 grad=  2.1992e-02
  filtSat=     3.53324 grad= -3.2252e-03
epoch=540 loss=1.197924
  shape=     0.80304 grad=  1.0850e-01
  pw=     0.45252 grad= -8.5423e-01
  fBase=   146.98755 grad= -1.8125e-02
  fAmt=   840.77539 grad=  1.3162e-02
  fDecay=     0.17295 grad=  2.8878e-03
  res=     0.69567 grad=  1.7419e-04
  attackTime=     0.00737 grad= -9.6577e-04
  decayTime=     0.22532 grad= -7.3347e-04
  sustain=     0.23654 grad=  7.6031e-03
  releaseTime=     0.02432 grad= -3.6755e-04
  drive=     7.00080 grad= -5.2705e-03
  outGain=     0.40757 grad= -3.6430e-02
  vco2Level=     0.53112 grad= -6.9079e-02
  vco2Detune=     0.45044 grad= -1.9551e-02
  satGain=     1.04982 grad=  6.5355e-03
  satBias=    -0.28183 grad=  5.5954e-03
  satA2=     0.60975 grad= -1.9615e-02
  satA3=     0.54426 grad=  1.8725e-02
  satA5=    -0.11938 grad=  3.1702e-02
  filtSat=     3.52950 grad=  4.8016e-03
epoch=550 loss=1.197659
  shape=     0.80255 grad=  1.1619e-01
  pw=     0.45252 grad=  4.4509e+00
  fBase=   147.67525 grad= -1.8298e-02
  fAmt=   840.10333 grad=  5.1435e-03
  fDecay=     0.17289 grad=  4.2603e-03
  res=     0.69561 grad=  1.3153e-06
  attackTime=     0.00738 grad= -1.9542e-03
  decayTime=     0.22532 grad=  4.0578e-04
  sustain=     0.23545 grad=  1.1496e-02
  releaseTime=     0.02432 grad= -2.5750e-04
  drive=     7.00450 grad= -1.9378e-03
  outGain=     0.40799 grad= -3.3384e-02
  vco2Level=     0.53170 grad= -5.4322e-02
  vco2Detune=     0.45046 grad=  4.3009e-03
  satGain=     1.04910 grad=  4.6494e-03
  satBias=    -0.28190 grad=  1.0842e-02
  satA2=     0.60995 grad= -9.9269e-03
  satA3=     0.54405 grad=  1.2284e-02
  satA5=    -0.11964 grad=  2.8711e-02
  filtSat=     3.52560 grad=  2.8248e-03
epoch=560 loss=1.197402
  shape=     0.80210 grad=  1.1307e-01
  pw=     0.45250 grad= -4.4821e+00
  fBase=   148.29184 grad= -1.5978e-02
  fAmt=   839.44104 grad=  1.8303e-02
  fDecay=     0.17284 grad=  4.4620e-03
  res=     0.69553 grad=  3.6695e-05
  attackTime=     0.00739 grad= -1.1026e-03
  decayTime=     0.22526 grad=  5.5046e-04
  sustain=     0.23432 grad=  1.2563e-02
  releaseTime=     0.02432 grad= -6.6863e-05
  drive=     7.00727 grad= -3.5375e-03
  outGain=     0.40837 grad= -3.4004e-02
  vco2Level=     0.53226 grad= -7.9807e-02
  vco2Detune=     0.45045 grad=  5.3617e-02
  satGain=     1.04838 grad=  8.9661e-03
  satBias=    -0.28198 grad=  6.1700e-03
  satA2=     0.61012 grad= -2.3814e-02
  satA3=     0.54386 grad=  2.3461e-02
  satA5=    -0.11989 grad=  3.7898e-02
  filtSat=     3.52213 grad=  5.0960e-03
epoch=570 loss=1.197169
  shape=     0.80167 grad=  1.1216e-01
  pw=     0.45251 grad=  5.8576e+00
  fBase=   148.86400 grad= -2.1193e-02
  fAmt=   838.82928 grad= -6.7518e-03
  fDecay=     0.17279 grad=  1.3470e-03
  res=     0.69556 grad= -6.9887e-04
  attackTime=     0.00740 grad= -1.7214e-03
  decayTime=     0.22518 grad=  9.0236e-05
  sustain=     0.23321 grad=  1.1528e-02
  releaseTime=     0.02433 grad= -3.4890e-05
  drive=     7.00985 grad= -2.7362e-03
  outGain=     0.40872 grad= -3.4442e-02
  vco2Level=     0.53279 grad= -3.7020e-02
  vco2Detune=     0.45042 grad= -2.9919e-03
  satGain=     1.04775 grad= -1.1979e-03
  satBias=    -0.28206 grad=  1.3261e-02
  satA2=     0.61028 grad= -1.2730e-03
  satA3=     0.54368 grad=  8.7748e-03
  satA5=    -0.12013 grad=  3.1716e-02
  filtSat=     3.51896 grad=  1.2147e-03
epoch=580 loss=1.196962
  shape=     0.80128 grad=  1.1607e-01
  pw=     0.45250 grad= -6.4426e+00
  fBase=   149.43866 grad= -1.4336e-02
  fAmt=   838.52661 grad=  2.1441e-02
  fDecay=     0.17276 grad=  6.3483e-03
  res=     0.69575 grad=  3.2310e-05
  attackTime=     0.00741 grad= -6.4312e-04
  decayTime=     0.22513 grad=  9.6381e-04
  sustain=     0.23214 grad=  1.4551e-02
  releaseTime=     0.02432 grad=  2.6046e-04
  drive=     7.01233 grad= -3.6448e-03
  outGain=     0.40905 grad= -3.4325e-02
  vco2Level=     0.53324 grad= -9.1279e-02
  vco2Detune=     0.45041 grad= -4.8020e-03
  satGain=     1.04737 grad=  1.0762e-02
  satBias=    -0.28215 grad=  8.0022e-03
  satA2=     0.61039 grad= -2.4826e-02
  satA3=     0.54354 grad=  2.4384e-02
  satA5=    -0.12036 grad=  3.9754e-02
  filtSat=     3.51656 grad=  5.6685e-03
epoch=590 loss=1.196764
  shape=     0.80090 grad=  1.1760e-01
  pw=     0.45251 grad=  7.7038e+00
  fBase=   149.99329 grad= -2.0203e-02
  fAmt=   838.39771 grad= -1.0681e-02
  fDecay=     0.17272 grad=  5.0187e-03
  res=     0.69607 grad= -1.0090e-03
  attackTime=     0.00742 grad= -1.9657e-03
  decayTime=     0.22499 grad=  1.3835e-03
  sustain=     0.23100 grad=  1.5211e-02
  releaseTime=     0.02432 grad= -9.5151e-05
  drive=     7.01413 grad=  1.8307e-04
  outGain=     0.40937 grad= -3.1047e-02
  vco2Level=     0.53363 grad= -2.7903e-02
  vco2Detune=     0.45042 grad=  4.3249e-03
  satGain=     1.04709 grad= -1.0114e-03
  satBias=    -0.28226 grad=  1.6898e-02
  satA2=     0.61047 grad=  2.9064e-03
  satA3=     0.54341 grad=  7.7837e-03
  satA5=    -0.12059 grad=  3.4012e-02
  filtSat=     3.51471 grad=  5.9502e-05
epoch=599 loss=1.196571
  shape=     0.80055 grad=  1.1731e-01
  pw=     0.45250 grad= -6.2508e-01
  fBase=   150.47633 grad= -1.6716e-02
  fAmt=   838.34009 grad=  8.8636e-03
  fDecay=     0.17268 grad=  6.5063e-03
  res=     0.69641 grad= -3.7438e-04
  attackTime=     0.00742 grad= -6.6033e-04
  decayTime=     0.22480 grad=  9.2627e-04
  sustain=     0.22992 grad=  1.3754e-02
  releaseTime=     0.02432 grad= -5.5424e-04
  drive=     7.01524 grad= -2.7771e-03
  outGain=     0.40964 grad= -3.3925e-02
  vco2Level=     0.53396 grad= -6.7496e-02
  vco2Detune=     0.45042 grad=  5.5870e-03
  satGain=     1.04685 grad=  6.0562e-03
  satBias=    -0.28236 grad=  1.2203e-02
  satA2=     0.61053 grad= -1.3700e-02
  satA3=     0.54330 grad=  1.8014e-02
  satA5=    -0.12079 grad=  3.8580e-02
  filtSat=     3.51329 grad=  3.6485e-03
