epoch=0 loss=2.132044
  shape=     0.59979 grad= -3.7753e+00
  pw=     0.45809 grad= -1.3203e+01
  fBase=    92.57861 grad= -6.6544e-01
  fAmt=   881.99115 grad= -8.5176e-01
  fDecay=     0.12078 grad= -1.2398e+00
  res=     0.71775 grad= -3.6335e-02
  attackTime=     0.00741 grad=  2.4173e-02
  decayTime=     0.24569 grad= -1.6736e-01
  sustain=     0.51230 grad= -6.5272e-01
  releaseTime=     0.03214 grad=  4.0853e-02
  drive=     0.97115 grad= -7.9871e-01
  outGain=     1.99264 grad= -8.1693e-01
  vco2Level=     1.47259 grad= -7.9848e-02
  vco2Detune=     0.08825 grad= -1.1594e-01
  satGain=     1.15874 grad= -8.1296e-01
  satBias=    -0.33775 grad= -1.6037e-01
  satA2=    -0.10755 grad=  8.9233e-01
  satA3=    -0.44987 grad= -8.9321e-01
  satA5=     0.18834 grad= -9.3415e-01
  filtSat=     1.98513 grad=  1.8120e-02
epoch=10 loss=1.779847
  shape=     0.60979 grad= -1.3355e+00
  pw=     0.45934 grad= -1.1000e+01
  fBase=   101.93320 grad= -1.9431e-01
  fAmt=   969.56805 grad= -1.6738e-02
  fDecay=     0.13323 grad= -4.0004e-01
  res=     0.75591 grad=  4.5024e-02
  attackTime=     0.00674 grad=  5.3752e-03
  decayTime=     0.26998 grad= -2.9376e-02
  sustain=     0.54071 grad= -1.3012e-01
  releaseTime=     0.02907 grad=  5.2130e-02
  drive=     1.06589 grad= -5.3821e-02
  outGain=     2.00000 grad= -6.8719e-02
  vco2Level=     1.50000 grad= -2.8709e-02
  vco2Detune=     0.08878 grad= -2.0453e-01
  satGain=     1.27587 grad= -1.5712e-01
  satBias=    -0.32935 grad= -3.6815e-02
  satA2=    -0.11706 grad=  9.7190e-02
  satA3=    -0.44036 grad= -6.7034e-02
  satA5=     0.19791 grad= -4.6732e-02
  filtSat=     2.02067 grad= -5.0401e-02
epoch=20 loss=1.758526
  shape=     0.61773 grad=  1.8518e-01
  pw=     0.45967 grad=  2.4815e+00
  fBase=   107.80485 grad=  1.0242e-01
  fAmt=   989.48694 grad=  4.5891e-01
  fDecay=     0.14136 grad=  2.0051e-01
  res=     0.69325 grad=  8.3479e-02
  attackTime=     0.00659 grad= -4.9336e-03
  decayTime=     0.28200 grad=  4.3130e-02
  sustain=     0.55463 grad=  1.5738e-01
  releaseTime=     0.02621 grad=  5.2755e-02
  drive=     1.09126 grad=  3.6192e-01
  outGain=     1.99779 grad=  3.5360e-01
  vco2Level=     1.50000 grad= -1.2580e-02
  vco2Detune=     0.08928 grad=  1.1023e-01
  satGain=     1.32624 grad=  3.1697e-01
  satBias=    -0.32094 grad= -1.2320e-01
  satA2=    -0.12023 grad= -3.5240e-01
  satA3=    -0.43788 grad=  4.5365e-01
  satA5=     0.19982 grad=  6.1456e-01
  filtSat=     2.12224 grad= -6.6765e-02
epoch=30 loss=1.707978
  shape=     0.62102 grad= -8.3830e-01
  pw=     0.45938 grad=  5.2920e+00
  fBase=   108.57181 grad= -8.0207e-02
  fAmt=   939.83197 grad=  4.7846e-02
  fDecay=     0.14237 grad= -1.6634e-01
  res=     0.62192 grad=  5.1172e-02
  attackTime=     0.00670 grad=  8.9362e-03
  decayTime=     0.27789 grad= -3.0871e-03
  sustain=     0.55149 grad= -2.1483e-02
  releaseTime=     0.02374 grad=  2.9825e-02
  drive=     1.04211 grad=  4.8486e-02
  outGain=     1.97239 grad=  3.9763e-02
  vco2Level=     1.50000 grad= -2.9395e-02
  vco2Detune=     0.08923 grad=  4.5944e-02
  satGain=     1.29034 grad= -5.5454e-02
  satBias=    -0.31127 grad= -4.7930e-02
  satA2=    -0.11687 grad=  1.8814e-02
  satA3=    -0.44239 grad=  2.2926e-02
  satA5=     0.19431 grad=  5.5036e-02
  filtSat=     2.22595 grad= -4.9108e-02
epoch=40 loss=1.668676
  shape=     0.62888 grad= -9.7398e-01
  pw=     0.45608 grad=  7.4622e+00
  fBase=   110.84303 grad= -9.7442e-02
  fAmt=   913.84503 grad= -9.3436e-02
  fDecay=     0.14575 grad= -1.7981e-01
  res=     0.56642 grad=  3.9009e-02
  attackTime=     0.00645 grad=  1.3725e-02
  decayTime=     0.27692 grad= -8.6265e-03
  sustain=     0.55165 grad= -4.0640e-02
  releaseTime=     0.02203 grad=  2.6802e-03
  drive=     1.01257 grad= -1.5323e-02
  outGain=     1.95716 grad= -1.9315e-02
  vco2Level=     1.50000 grad= -4.4336e-02
  vco2Detune=     0.08919 grad= -9.3808e-02
  satGain=     1.28751 grad= -1.6222e-01
  satBias=    -0.30486 grad= -2.9972e-02
  satA2=    -0.11552 grad=  1.6154e-01
  satA3=    -0.44473 grad= -1.4377e-01
  satA5=     0.19136 grad= -1.6948e-01
  filtSat=     2.32198 grad= -5.0494e-02
epoch=50 loss=1.647192
  shape=     0.63826 grad= -4.0769e-01
  pw=     0.45375 grad=  2.0247e+01
  fBase=   113.99075 grad=  6.2220e-03
  fAmt=   906.51227 grad=  4.5515e-02
  fDecay=     0.15038 grad=  1.6037e-02
  res=     0.52122 grad=  4.8930e-02
  attackTime=     0.00597 grad=  1.4874e-02
  decayTime=     0.27799 grad=  1.5406e-02
  sustain=     0.55384 grad=  5.8696e-02
  releaseTime=     0.02132 grad= -7.4709e-03
  drive=     0.99835 grad=  1.0782e-01
  outGain=     1.95026 grad=  1.0593e-01
  vco2Level=     1.50000 grad= -3.8114e-02
  vco2Detune=     0.08930 grad=  7.1904e-02
  satGain=     1.31052 grad= -1.3562e-02
  satBias=    -0.30033 grad= -2.9857e-02
  satA2=    -0.11610 grad= -1.7815e-02
  satA3=    -0.44507 grad=  5.4461e-02
  satA5=     0.19071 grad=  6.8836e-02
  filtSat=     2.40944 grad= -4.9188e-02
epoch=60 loss=1.599864
  shape=     0.64578 grad= -5.7001e-01
  pw=     0.44913 grad= -1.8942e+01
  fBase=   115.22841 grad= -5.9110e-03
  fAmt=   890.50500 grad=  7.1111e-02
  fDecay=     0.15233 grad= -2.5435e-02
  res=     0.50000 grad=  4.1320e-02
  attackTime=     0.00543 grad=  1.5787e-02
  decayTime=     0.27415 grad=  5.9082e-03
  sustain=     0.55028 grad=  2.5882e-02
  releaseTime=     0.02134 grad= -1.0447e-02
  drive=     0.97121 grad=  4.5146e-02
  outGain=     1.93532 grad=  3.7425e-02
  vco2Level=     1.50000 grad= -5.4943e-02
  vco2Detune=     0.08914 grad=  2.9272e-02
  satGain=     1.31753 grad=  1.3185e-02
  satBias=    -0.29591 grad= -5.3185e-02
  satA2=    -0.11522 grad= -9.0449e-02
  satA3=    -0.44693 grad=  1.5462e-01
  satA5=     0.18855 grad=  2.2414e-01
  filtSat=     2.49166 grad= -2.3073e-02
epoch=70 loss=1.587630
  shape=     0.65359 grad= -5.8771e-01
  pw=     0.44941 grad=  9.4552e+00
  fBase=   116.22384 grad= -2.7359e-02
  fAmt=   876.05389 grad= -1.2585e-02
  fDecay=     0.15416 grad= -6.8215e-02
  res=     0.50000 grad=  3.4186e-02
  attackTime=     0.00488 grad=  1.5965e-02
  decayTime=     0.27083 grad= -3.9504e-04
  sustain=     0.54655 grad=  7.3828e-03
  releaseTime=     0.02174 grad= -7.9937e-03
  drive=     0.95162 grad=  1.4181e-04
  outGain=     1.92485 grad= -5.6172e-03
  vco2Level=     1.50000 grad= -3.8911e-02
  vco2Detune=     0.08880 grad=  4.8938e-02
  satGain=     1.32359 grad= -6.5198e-02
  satBias=    -0.29109 grad= -1.7197e-02
  satA2=    -0.11365 grad=  1.0194e-02
  satA3=    -0.44966 grad=  1.8955e-02
  satA5=     0.18538 grad=  2.2148e-02
  filtSat=     2.55662 grad= -2.2902e-02
epoch=80 loss=1.580256
  shape=     0.66117 grad= -3.3938e-01
  pw=     0.44925 grad= -8.6330e+00
  fBase=   117.27746 grad=  1.0968e-02
  fAmt=   867.85571 grad=  4.8587e-02
  fDecay=     0.15642 grad= -1.2096e-02
  res=     0.50000 grad=  3.7645e-02
  attackTime=     0.00448 grad= -2.0961e-03
  decayTime=     0.26912 grad=  5.5139e-03
  sustain=     0.54352 grad=  3.7995e-02
  releaseTime=     0.02217 grad=  9.7457e-04
  drive=     0.94110 grad=  4.1735e-02
  outGain=     1.91994 grad=  3.4883e-02
  vco2Level=     1.50000 grad= -4.5884e-02
  vco2Detune=     0.08861 grad= -6.2671e-02
  satGain=     1.33760 grad= -6.3591e-04
  satBias=    -0.28659 grad= -4.3568e-02
  satA2=    -0.11271 grad= -2.5664e-02
  satA3=    -0.45176 grad=  7.2013e-02
  satA5=     0.18285 grad=  1.1648e-01
  filtSat=     2.61021 grad= -2.0269e-02
epoch=90 loss=1.575316
  shape=     0.66740 grad= -3.4569e-01
  pw=     0.44923 grad= -1.0731e+01
  fBase=   117.55814 grad= -2.3847e-04
  fAmt=   858.80469 grad=  2.0083e-02
  fDecay=     0.15799 grad= -2.9053e-02
  res=     0.50000 grad=  3.2061e-02
  attackTime=     0.00438 grad= -1.6947e-03
  decayTime=     0.26670 grad=  1.2583e-03
  sustain=     0.53864 grad=  2.3967e-02
  releaseTime=     0.02229 grad=  1.5465e-03
  drive=     0.92808 grad=  7.3369e-03
  outGain=     1.91352 grad= -7.5563e-04
  vco2Level=     1.50000 grad= -4.5274e-02
  vco2Detune=     0.08861 grad= -7.6318e-02
  satGain=     1.34749 grad= -1.7216e-02
  satBias=    -0.28312 grad= -1.6446e-02
  satA2=    -0.11131 grad= -4.9758e-02
  satA3=    -0.45420 grad=  8.3842e-02
  satA5=     0.18002 grad=  1.2228e-01
  filtSat=     2.66116 grad= -1.4025e-02
epoch=100 loss=1.572035
  shape=     0.67299 grad= -3.0542e-01
  pw=     0.44944 grad=  1.0502e+01
  fBase=   117.64747 grad=  5.6613e-03
  fAmt=   853.24408 grad= -1.7956e-03
  fDecay=     0.15949 grad= -1.5337e-02
  res=     0.50000 grad=  3.1061e-02
  attackTime=     0.00437 grad=  6.4365e-04
  decayTime=     0.26509 grad=  2.2384e-03
  sustain=     0.53376 grad=  2.8906e-02
  releaseTime=     0.02226 grad=  9.1287e-04
  drive=     0.92065 grad=  7.3649e-03
  outGain=     1.91068 grad=  1.0288e-03
  vco2Level=     1.50000 grad= -3.5864e-02
  vco2Detune=     0.08868 grad=  3.6989e-02
  satGain=     1.36083 grad= -4.2945e-02
  satBias=    -0.28108 grad=  2.0228e-03
  satA2=    -0.10990 grad= -3.7831e-03
  satA3=    -0.45646 grad=  1.8414e-02
  satA5=     0.17747 grad=  1.0181e-02
  filtSat=     2.70360 grad= -1.5429e-02
epoch=110 loss=1.569153
  shape=     0.67779 grad= -2.1608e-01
  pw=     0.44926 grad= -6.3127e+00
  fBase=   117.27410 grad=  2.0939e-02
  fAmt=   847.79102 grad=  3.2514e-02
  fDecay=     0.16040 grad=  9.9769e-03
  res=     0.50000 grad=  2.7399e-02
  attackTime=     0.00436 grad=  1.1912e-03
  decayTime=     0.26356 grad=  1.7795e-03
  sustain=     0.52832 grad=  2.8641e-02
  releaseTime=     0.02222 grad= -9.0229e-04
  drive=     0.91660 grad= -1.8476e-03
  outGain=     1.91011 grad= -1.0365e-02
  vco2Level=     1.50000 grad= -5.5061e-02
  vco2Detune=     0.08876 grad= -6.2060e-02
  satGain=     1.37469 grad= -8.3318e-03
  satBias=    -0.27946 grad= -2.0665e-02
  satA2=    -0.10874 grad= -3.0204e-02
  satA3=    -0.45840 grad=  6.1325e-02
  satA5=     0.17531 grad=  9.5129e-02
  filtSat=     2.73693 grad= -5.2907e-03
epoch=120 loss=1.567299
  shape=     0.68187 grad= -2.1322e-01
  pw=     0.44924 grad= -6.8827e+00
  fBase=   116.37684 grad=  1.4458e-02
  fAmt=   841.05402 grad=  2.5358e-02
  fDecay=     0.16061 grad= -5.4836e-04
  res=     0.50000 grad=  2.6515e-02
  attackTime=     0.00432 grad=  4.3206e-04
  decayTime=     0.26240 grad= -4.2126e-04
  sustain=     0.52291 grad=  1.9847e-02
  releaseTime=     0.02228 grad= -1.5810e-03
  drive=     0.91595 grad= -1.2072e-02
  outGain=     1.91182 grad= -2.1042e-02
  vco2Level=     1.50000 grad= -5.3380e-02
  vco2Detune=     0.08892 grad= -9.9571e-03
  satGain=     1.38792 grad= -1.6358e-02
  satBias=    -0.27749 grad= -1.5899e-02
  satA2=    -0.10796 grad= -2.1731e-02
  satA3=    -0.45995 grad=  4.8053e-02
  satA5=     0.17353 grad=  7.5543e-02
  filtSat=     2.76015 grad= -3.7868e-03
epoch=130 loss=1.566053
  shape=     0.68556 grad= -1.9654e-01
  pw=     0.44944 grad=  6.6932e+00
  fBase=   115.38296 grad=  1.4308e-02
  fAmt=   834.33179 grad=  1.4960e-02
  fDecay=     0.16070 grad=  2.5547e-03
  res=     0.50000 grad=  2.7891e-02
  attackTime=     0.00430 grad= -4.5125e-04
  decayTime=     0.26206 grad=  5.1209e-05
  sustain=     0.51821 grad=  2.0854e-02
  releaseTime=     0.02240 grad= -3.0764e-04
  drive=     0.91862 grad= -3.7913e-03
  outGain=     1.91575 grad= -1.0866e-02
  vco2Level=     1.50000 grad= -4.4898e-02
  vco2Detune=     0.08897 grad=  1.0029e-03
  satGain=     1.40277 grad= -3.6107e-02
  satBias=    -0.27565 grad= -3.1130e-03
  satA2=    -0.10749 grad=  1.5815e-02
  satA3=    -0.46115 grad= -5.0562e-03
  satA5=     0.17215 grad= -1.9235e-02
  filtSat=     2.77717 grad= -7.6250e-03
epoch=140 loss=1.564035
  shape=     0.68884 grad= -1.7262e-01
  pw=     0.44926 grad= -2.9373e+00
  fBase=   114.27959 grad=  1.2475e-02
  fAmt=   826.35040 grad=  2.5807e-02
  fDecay=     0.16064 grad= -4.3858e-03
  res=     0.50000 grad=  2.7033e-02
  attackTime=     0.00430 grad= -1.1387e-03
  decayTime=     0.26201 grad= -1.1987e-03
  sustain=     0.51372 grad=  1.6403e-02
  releaseTime=     0.02246 grad= -1.1545e-04
  drive=     0.92165 grad= -1.1063e-02
  outGain=     1.91997 grad= -1.9591e-02
  vco2Level=     1.50000 grad= -4.8431e-02
  vco2Detune=     0.08893 grad=  4.2817e-03
  satGain=     1.41735 grad= -1.7493e-02
  satBias=    -0.27401 grad= -8.7059e-03
  satA2=    -0.10714 grad= -1.8700e-02
  satA3=    -0.46217 grad=  3.8238e-02
  satA5=     0.17098 grad=  5.9020e-02
  filtSat=     2.79177 grad= -3.9636e-03
epoch=150 loss=1.562720
  shape=     0.69186 grad= -1.4595e-01
  pw=     0.44925 grad= -4.9437e+00
  fBase=   113.25770 grad=  1.4628e-02
  fAmt=   818.01251 grad=  3.2209e-02
  fDecay=     0.16070 grad= -4.9866e-05
  res=     0.50000 grad=  2.7379e-02
  attackTime=     0.00433 grad= -9.5784e-04
  decayTime=     0.26237 grad= -5.5941e-04
  sustain=     0.50967 grad=  1.8566e-02
  releaseTime=     0.02248 grad= -2.8054e-04
  drive=     0.92537 grad= -7.6974e-03
  outGain=     1.92469 grad= -1.6463e-02
  vco2Level=     1.50000 grad= -4.7731e-02
  vco2Detune=     0.08890 grad= -2.8494e-02
  satGain=     1.43261 grad= -1.1130e-02
  satBias=    -0.27283 grad= -9.6066e-03
  satA2=    -0.10681 grad= -2.3599e-02
  satA3=    -0.46309 grad=  4.4232e-02
  satA5=     0.16996 grad=  7.0622e-02
  filtSat=     2.80531 grad= -3.6994e-03
epoch=160 loss=1.561835
  shape=     0.69461 grad= -1.5259e-01
  pw=     0.44943 grad=  5.7890e+00
  fBase=   112.28114 grad=  1.0174e-02
  fAmt=   809.01440 grad=  2.1098e-02
  fDecay=     0.16081 grad= -2.6753e-03
  res=     0.50000 grad=  2.8298e-02
  attackTime=     0.00436 grad= -3.6026e-04
  decayTime=     0.26281 grad= -4.1341e-04
  sustain=     0.50571 grad=  1.7549e-02
  releaseTime=     0.02250 grad=  2.4764e-04
  drive=     0.92893 grad= -3.5364e-03
  outGain=     1.92935 grad= -1.0827e-02
  vco2Level=     1.50000 grad= -3.9443e-02
  vco2Detune=     0.08889 grad=  1.9047e-02
  satGain=     1.44763 grad= -3.6637e-02
  satBias=    -0.27211 grad=  8.0637e-03
  satA2=    -0.10642 grad=  1.0701e-02
  satA3=    -0.46401 grad= -7.1110e-03
  satA5=     0.16898 grad= -3.1492e-02
  filtSat=     2.81859 grad= -6.9071e-03
epoch=170 loss=1.560151
  shape=     0.69715 grad= -1.2752e-01
  pw=     0.44927 grad= -2.5458e+00
  fBase=   111.37995 grad=  1.1960e-02
  fAmt=   799.89661 grad=  2.7573e-02
  fDecay=     0.16099 grad= -4.5769e-03
  res=     0.50000 grad=  2.7493e-02
  attackTime=     0.00438 grad= -2.8895e-04
  decayTime=     0.26325 grad= -6.4059e-04
  sustain=     0.50180 grad=  1.7668e-02
  releaseTime=     0.02251 grad= -6.8559e-04
  drive=     0.93239 grad= -8.0155e-03
  outGain=     1.93396 grad= -1.6266e-02
  vco2Level=     1.50000 grad= -4.0939e-02
  vco2Detune=     0.08886 grad= -1.3355e-02
  satGain=     1.46331 grad= -1.5531e-02
  satBias=    -0.27199 grad= -1.5419e-03
  satA2=    -0.10600 grad= -2.0644e-02
  satA3=    -0.46485 grad=  3.4504e-02
  satA5=     0.16815 grad=  5.1756e-02
  filtSat=     2.83206 grad= -4.2425e-03
epoch=180 loss=1.559075
  shape=     0.69949 grad= -1.1967e-01
  pw=     0.44925 grad= -4.8328e+00
  fBase=   110.48901 grad=  1.1404e-02
  fAmt=   790.65350 grad=  2.6583e-02
  fDecay=     0.16118 grad= -5.6656e-03
  res=     0.50000 grad=  2.7337e-02
  attackTime=     0.00440 grad= -2.3102e-04
  decayTime=     0.26367 grad= -7.7534e-04
  sustain=     0.49788 grad=  1.7275e-02
  releaseTime=     0.02254 grad= -4.1441e-04
  drive=     0.93579 grad= -9.1780e-03
  outGain=     1.93856 grad= -1.7714e-02
  vco2Level=     1.50000 grad= -3.9865e-02
  vco2Detune=     0.08885 grad= -4.0661e-02
  satGain=     1.47891 grad= -1.4193e-02
  satBias=    -0.27223 grad=  6.4434e-05
  satA2=    -0.10553 grad= -2.4450e-02
  satA3=    -0.46569 grad=  3.7596e-02
  satA5=     0.16735 grad=  5.8146e-02
  filtSat=     2.84525 grad= -4.0483e-03
epoch=190 loss=1.558155
  shape=     0.70168 grad= -1.1975e-01
  pw=     0.44943 grad=  5.2518e+00
  fBase=   109.62347 grad=  1.1385e-02
  fAmt=   781.58789 grad=  2.6244e-02
  fDecay=     0.16139 grad=  3.6473e-04
  res=     0.50000 grad=  2.8170e-02
  attackTime=     0.00441 grad= -2.0573e-04
  decayTime=     0.26408 grad= -2.5394e-05
  sustain=     0.49397 grad=  1.8237e-02
  releaseTime=     0.02256 grad=  2.0313e-06
  drive=     0.93935 grad= -2.2037e-03
  outGain=     1.94328 grad= -9.8127e-03
  vco2Level=     1.50000 grad= -3.5539e-02
  vco2Detune=     0.08887 grad=  3.5767e-02
  satGain=     1.49437 grad= -3.0307e-02
  satBias=    -0.27289 grad=  1.2012e-02
  satA2=    -0.10496 grad= -1.2867e-03
  satA3=    -0.46657 grad=  3.9989e-03
  satA5=     0.16652 grad= -1.6093e-02
  filtSat=     2.85815 grad= -5.9706e-03
epoch=200 loss=1.556851
  shape=     0.70371 grad= -1.0581e-01
  pw=     0.44927 grad= -2.4683e+00
  fBase=   108.76711 grad=  1.0512e-02
  fAmt=   772.65009 grad=  2.3658e-02
  fDecay=     0.16159 grad= -7.0824e-03
  res=     0.50000 grad=  2.7214e-02
  attackTime=     0.00441 grad= -2.0816e-04
  decayTime=     0.26441 grad= -6.7524e-04
  sustain=     0.48999 grad=  1.7241e-02
  releaseTime=     0.02259 grad= -3.8728e-04
  drive=     0.94273 grad= -8.9732e-03
  outGain=     1.94789 grad= -1.7102e-02
  vco2Level=     1.50000 grad= -3.4292e-02
  vco2Detune=     0.08886 grad= -2.1286e-02
  satGain=     1.50974 grad= -1.7474e-02
  satBias=    -0.27401 grad=  7.5556e-03
  satA2=    -0.10429 grad= -2.3691e-02
  satA3=    -0.46747 grad=  3.0873e-02
  satA5=     0.16570 grad=  4.2675e-02
  filtSat=     2.87111 grad= -4.3404e-03
epoch=210 loss=1.555877
  shape=     0.70562 grad= -9.7631e-02
  pw=     0.44926 grad= -4.4796e+00
  fBase=   107.94013 grad=  1.1637e-02
  fAmt=   763.97632 grad=  2.4563e-02
  fDecay=     0.16182 grad= -5.0343e-03
  res=     0.50000 grad=  2.7022e-02
  attackTime=     0.00442 grad= -1.9355e-04
  decayTime=     0.26478 grad= -5.0635e-04
  sustain=     0.48610 grad=  1.7963e-02
  releaseTime=     0.02261 grad= -3.3168e-04
  drive=     0.94634 grad= -8.7319e-03
  outGain=     1.95266 grad= -1.7038e-02
  vco2Level=     1.50000 grad= -3.4240e-02
  vco2Detune=     0.08887 grad= -4.5779e-02
  satGain=     1.52502 grad= -1.3541e-02
  satBias=    -0.27550 grad=  7.2456e-03
  satA2=    -0.10352 grad= -2.9607e-02
  satA3=    -0.46840 grad=  3.7748e-02
  satA5=     0.16485 grad=  5.6806e-02
  filtSat=     2.88372 grad= -4.1497e-03
epoch=220 loss=1.554991
  shape=     0.70742 grad= -9.9165e-02
  pw=     0.44945 grad=  3.5422e+00
  fBase=   107.12567 grad=  1.3530e-02
  fAmt=   755.55853 grad=  3.1836e-02
  fDecay=     0.16204 grad=  5.6056e-03
  res=     0.50000 grad=  2.7947e-02
  attackTime=     0.00442 grad= -5.4765e-04
  decayTime=     0.26520 grad= -4.7188e-05
  sustain=     0.48230 grad=  1.7352e-02
  releaseTime=     0.02264 grad= -2.8829e-04
  drive=     0.95011 grad= -6.5313e-04
  outGain=     1.95753 grad= -8.9126e-03
  vco2Level=     1.50000 grad= -3.5794e-02
  vco2Detune=     0.08887 grad=  2.5645e-02
  satGain=     1.54006 grad= -2.5542e-02
  satBias=    -0.27725 grad=  1.1978e-02
  satA2=    -0.10268 grad= -5.8983e-03
  satA3=    -0.46936 grad=  9.5044e-03
  satA5=     0.16397 grad= -7.0899e-03
  filtSat=     2.89595 grad= -5.2643e-03
epoch=230 loss=1.553813
  shape=     0.70910 grad= -9.5993e-02
  pw=     0.44930 grad= -2.2871e+00
  fBase=   106.27762 grad=  1.1062e-02
  fAmt=   746.99823 grad=  2.3543e-02
  fDecay=     0.16216 grad= -5.4331e-03
  res=     0.50000 grad=  2.6555e-02
  attackTime=     0.00443 grad= -8.3815e-06
  decayTime=     0.26561 grad= -1.0300e-03
  sustain=     0.47862 grad=  1.5238e-02
  releaseTime=     0.02267 grad= -4.6632e-04
  drive=     0.95358 grad= -1.0807e-02
  outGain=     1.96220 grad= -1.8693e-02
  vco2Level=     1.50000 grad= -3.1175e-02
  vco2Detune=     0.08884 grad= -2.1974e-02
  satGain=     1.55525 grad= -1.7822e-02
  satBias=    -0.27915 grad=  1.2642e-02
  satA2=    -0.10188 grad= -2.7756e-02
  satA3=    -0.47024 grad=  3.1257e-02
  satA5=     0.16323 grad=  3.9862e-02
  filtSat=     2.90782 grad= -3.4394e-03
epoch=240 loss=1.552853
  shape=     0.71076 grad= -9.3774e-02
  pw=     0.44929 grad= -3.2917e+00
  fBase=   105.46429 grad=  9.9529e-03
  fAmt=   738.68719 grad=  2.3014e-02
  fDecay=     0.16229 grad= -7.1795e-03
  res=     0.50000 grad=  2.6465e-02
  attackTime=     0.00444 grad= -6.6356e-05
  decayTime=     0.26622 grad= -1.0857e-03
  sustain=     0.47522 grad=  1.4787e-02
  releaseTime=     0.02269 grad= -3.6372e-04
  drive=     0.95753 grad= -1.1152e-02
  outGain=     1.96717 grad= -1.9226e-02
  vco2Level=     1.50000 grad= -2.9792e-02
  vco2Detune=     0.08886 grad= -3.5080e-02
  satGain=     1.57042 grad= -1.5436e-02
  satBias=    -0.28120 grad=  1.4373e-02
  satA2=    -0.10099 grad= -3.6730e-02
  satA3=    -0.47120 grad=  4.2327e-02
  satA5=     0.16240 grad=  5.8958e-02
  filtSat=     2.91886 grad= -3.5775e-03
epoch=250 loss=1.551759
  shape=     0.71240 grad= -1.0269e-01
  pw=     0.44943 grad=  3.1780e+00
  fBase=   104.69542 grad=  1.2363e-02
  fAmt=   730.57104 grad=  3.1666e-02
  fDecay=     0.16245 grad=  3.3988e-03
  res=     0.50000 grad=  2.7317e-02
  attackTime=     0.00445 grad= -4.8216e-04
  decayTime=     0.26687 grad= -6.3383e-04
  sustain=     0.47198 grad=  1.4766e-02
  releaseTime=     0.02271 grad= -3.0865e-04
  drive=     0.96163 grad= -3.2099e-03
  outGain=     1.97222 grad= -1.1723e-02
  vco2Level=     1.50000 grad= -3.3600e-02
  vco2Detune=     0.08887 grad=  5.1578e-02
  satGain=     1.58505 grad= -2.4257e-02
  satBias=    -0.28340 grad=  1.1267e-02
  satA2=    -0.09996 grad= -1.2294e-02
  satA3=    -0.47233 grad=  1.9831e-02
  satA5=     0.16135 grad=  1.0496e-02
  filtSat=     2.92951 grad= -4.6111e-03
epoch=260 loss=1.550827
  shape=     0.71399 grad= -8.9218e-02
  pw=     0.44931 grad= -4.1173e+00
  fBase=   103.93304 grad=  1.1274e-02
  fAmt=   722.56360 grad=  2.5199e-02
  fDecay=     0.16257 grad= -4.4866e-03
  res=     0.50000 grad=  2.6089e-02
  attackTime=     0.00446 grad= -1.2957e-04
  decayTime=     0.26756 grad= -1.0340e-03
  sustain=     0.46885 grad=  1.4622e-02
  releaseTime=     0.02273 grad= -3.9279e-04
  drive=     0.96568 grad= -1.0599e-02
  outGain=     1.97722 grad= -1.8498e-02
  vco2Level=     1.50000 grad= -2.8971e-02
  vco2Detune=     0.08887 grad= -2.9560e-02
  satGain=     1.59971 grad= -1.5099e-02
  satBias=    -0.28547 grad=  1.1285e-02
  satA2=    -0.09898 grad= -3.0726e-02
  satA3=    -0.47342 grad=  3.8183e-02
  satA5=     0.16032 grad=  5.4278e-02
  filtSat=     2.93981 grad= -3.2041e-03
epoch=270 loss=1.549802
  shape=     0.71553 grad= -8.8631e-02
  pw=     0.44932 grad= -5.3073e+00
  fBase=   103.18040 grad=  1.1259e-02
  fAmt=   714.70868 grad=  2.5976e-02
  fDecay=     0.16268 grad= -4.0265e-03
  res=     0.50000 grad=  2.5705e-02
  attackTime=     0.00447 grad= -3.7914e-05
  decayTime=     0.26826 grad= -1.2009e-03
  sustain=     0.46584 grad=  1.3757e-02
  releaseTime=     0.02275 grad= -7.0611e-04
  drive=     0.96971 grad= -1.1354e-02
  outGain=     1.98216 grad= -1.9221e-02
  vco2Level=     1.50000 grad= -2.8879e-02
  vco2Detune=     0.08886 grad= -2.0739e-02
  satGain=     1.61413 grad= -1.3588e-02
  satBias=    -0.28742 grad=  1.1501e-02
  satA2=    -0.09804 grad= -3.3636e-02
  satA3=    -0.47450 grad=  4.1727e-02
  satA5=     0.15930 grad=  6.1313e-02
  filtSat=     2.94974 grad= -2.8165e-03
epoch=280 loss=1.548741
  shape=     0.71702 grad= -1.0575e-01
  pw=     0.44947 grad=  1.6483e+00
  fBase=   102.43287 grad=  1.1847e-02
  fAmt=   706.88263 grad=  3.1214e-02
  fDecay=     0.16274 grad=  2.3861e-03
  res=     0.50000 grad=  2.6526e-02
  attackTime=     0.00448 grad= -6.2580e-04
  decayTime=     0.26901 grad= -1.2526e-03
  sustain=     0.46300 grad=  1.2029e-02
  releaseTime=     0.02278 grad= -2.6937e-04
  drive=     0.97365 grad= -4.3072e-03
  outGain=     1.98702 grad= -1.3145e-02
  vco2Level=     1.50000 grad= -3.3237e-02
  vco2Detune=     0.08881 grad=  5.7491e-02
  satGain=     1.62845 grad= -2.9957e-02
  satBias=    -0.28930 grad=  1.2782e-02
  satA2=    -0.09715 grad= -4.3708e-03
  satA3=    -0.47554 grad=  1.0706e-02
  satA5=     0.15832 grad= -9.7305e-03
  filtSat=     2.95914 grad= -4.5378e-03
epoch=290 loss=1.547739
  shape=     0.71848 grad= -9.0205e-02
  pw=     0.44936 grad= -4.5741e+00
  fBase=   101.69351 grad=  1.1186e-02
  fAmt=   699.18787 grad=  2.4939e-02
  fDecay=     0.16276 grad= -2.3425e-03
  res=     0.50000 grad=  2.5362e-02
  attackTime=     0.00449 grad=  7.3965e-06
  decayTime=     0.26988 grad= -1.4415e-03
  sustain=     0.46038 grad=  1.2571e-02
  releaseTime=     0.02280 grad= -2.7229e-05
  drive=     0.97757 grad= -1.0976e-02
  outGain=     1.99184 grad= -1.9143e-02
  vco2Level=     1.50000 grad= -3.0020e-02
  vco2Detune=     0.08880 grad= -2.8133e-02
  satGain=     1.64270 grad= -1.4793e-02
  satBias=    -0.29116 grad=  1.3774e-02
  satA2=    -0.09627 grad= -3.7188e-02
  satA3=    -0.47659 grad=  4.6023e-02
  satA5=     0.15733 grad=  6.6748e-02
  filtSat=     2.96809 grad= -3.2159e-03
epoch=300 loss=1.546819
  shape=     0.71990 grad= -8.7119e-02
  pw=     0.44936 grad= -5.1081e+00
  fBase=   101.01622 grad=  1.2258e-02
  fAmt=   691.99500 grad=  2.6251e-02
  fDecay=     0.16284 grad= -3.6985e-04
  res=     0.50000 grad=  2.5196e-02
  attackTime=     0.00449 grad=  7.2750e-05
  decayTime=     0.27084 grad= -1.2025e-03
  sustain=     0.45798 grad=  1.3299e-02
  releaseTime=     0.02281 grad= -3.8638e-04
  drive=     0.98162 grad= -1.0190e-02
  outGain=     1.99671 grad= -1.8475e-02
  vco2Level=     1.50000 grad= -3.0358e-02
  vco2Detune=     0.08879 grad= -4.1369e-02
  satGain=     1.65675 grad= -1.2576e-02
  satBias=    -0.29320 grad=  1.1775e-02
  satA2=    -0.09531 grad= -3.8074e-02
  satA3=    -0.47770 grad=  4.8968e-02
  satA5=     0.15626 grad=  7.4861e-02
  filtSat=     2.97700 grad= -3.1825e-03
epoch=310 loss=1.545820
  shape=     0.72128 grad= -1.0690e-01
  pw=     0.44949 grad=  1.1511e+00
  fBase=   100.34105 grad=  1.1670e-02
  fAmt=   684.95551 grad=  2.9802e-02
  fDecay=     0.16286 grad=  6.7198e-04
  res=     0.50000 grad=  2.5931e-02
  attackTime=     0.00450 grad= -5.0529e-04
  decayTime=     0.27173 grad= -1.6844e-03
  sustain=     0.45562 grad=  1.0313e-02
  releaseTime=     0.02282 grad= -3.6557e-04
  drive=     0.98519 grad= -5.3983e-03
  outGain=     2.00000 grad= -1.4485e-02
  vco2Level=     1.50000 grad= -3.2045e-02
  vco2Detune=     0.08874 grad=  7.0478e-02
  satGain=     1.67088 grad= -3.0880e-02
  satBias=    -0.29517 grad=  1.3696e-02
  satA2=    -0.09442 grad= -5.2744e-03
  satA3=    -0.47875 grad=  1.2316e-02
  satA5=     0.15526 grad= -7.5289e-03
  filtSat=     2.98608 grad= -4.5397e-03
epoch=320 loss=1.545001
  shape=     0.72262 grad= -1.1528e-01
  pw=     0.44955 grad=  5.9825e+00
  fBase=    99.64511 grad=  9.2032e-03
  fAmt=   677.96417 grad=  2.2591e-02
  fDecay=     0.16280 grad= -5.0182e-03
  res=     0.50000 grad=  2.4862e-02
  attackTime=     0.00451 grad= -3.6774e-04
  decayTime=     0.27277 grad= -3.5224e-03
  sustain=     0.45355 grad=  3.9045e-03
  releaseTime=     0.02284 grad= -6.7298e-04
  drive=     0.98854 grad= -1.1894e-02
  outGain=     2.00000 grad= -2.1064e-02
  vco2Level=     1.50000 grad= -3.3418e-02
  vco2Detune=     0.08865 grad=  1.0498e-01
  satGain=     1.68547 grad= -3.7677e-02
  satBias=    -0.29693 grad=  1.6163e-02
  satA2=    -0.09367 grad=  2.1016e-03
  satA3=    -0.47970 grad= -4.1720e-04
  satA5=     0.15443 grad= -2.9476e-02
  filtSat=     2.99476 grad= -4.2003e-03
epoch=330 loss=1.543903
  shape=     0.72388 grad= -7.3608e-02
  pw=     0.44950 grad= -9.2575e+00
  fBase=    99.22894 grad=  9.8793e-03
  fAmt=   672.29285 grad=  3.2952e-02
  fDecay=     0.16312 grad= -1.9040e-03
  res=     0.50000 grad=  2.7121e-02
  attackTime=     0.00452 grad= -5.2783e-05
  decayTime=     0.27423 grad=  3.6550e-04
  sustain=     0.45208 grad=  1.7903e-02
  releaseTime=     0.02286 grad= -3.2570e-04
  drive=     0.99241 grad=  1.4129e-03
  outGain=     2.00000 grad= -7.9763e-03
  vco2Level=     1.50000 grad= -1.9831e-02
  vco2Detune=     0.08832 grad= -1.5637e-01
  satGain=     1.70024 grad= -1.0216e-02
  satBias=    -0.29999 grad=  2.2500e-02
  satA2=    -0.09250 grad= -5.2736e-02
  satA3=    -0.48085 grad=  6.3713e-02
  satA5=     0.15336 grad=  9.0497e-02
  filtSat=     3.00489 grad= -5.8233e-03
epoch=340 loss=1.542277
  shape=     0.72505 grad= -9.6430e-02
  pw=     0.44961 grad= -1.1554e+00
  fBase=    98.84425 grad=  1.0915e-02
  fAmt=   666.41418 grad=  2.8836e-02
  fDecay=     0.16343 grad=  1.7867e-04
  res=     0.50000 grad=  2.5989e-02
  attackTime=     0.00453 grad=  4.5951e-04
  decayTime=     0.27482 grad=  3.4816e-04
  sustain=     0.44986 grad=  1.7890e-02
  releaseTime=     0.02287 grad= -2.7436e-04
  drive=     0.99378 grad=  1.0034e-03
  outGain=     2.00000 grad= -7.9636e-03
  vco2Level=     1.50000 grad= -1.8234e-02
  vco2Detune=     0.08808 grad=  1.2563e-01
  satGain=     1.71432 grad= -2.9631e-02
  satBias=    -0.30343 grad=  2.4285e-02
  satA2=    -0.09124 grad= -2.2775e-02
  satA3=    -0.48208 grad=  2.9695e-02
  satA5=     0.15228 grad=  1.1660e-02
  filtSat=     3.01726 grad= -6.1491e-03
epoch=350 loss=1.540540
  shape=     0.72623 grad= -6.8467e-02
  pw=     0.44967 grad= -1.3118e+01
  fBase=    98.36327 grad=  1.6235e-02
  fAmt=   660.76544 grad=  3.6284e-02
  fDecay=     0.16353 grad=  9.2897e-03
  res=     0.50000 grad=  2.5561e-02
  attackTime=     0.00452 grad=  6.1446e-04
  decayTime=     0.27486 grad=  1.1324e-03
  sustain=     0.44718 grad=  2.0196e-02
  releaseTime=     0.02290 grad= -7.2513e-04
  drive=     0.99403 grad=  4.4582e-03
  outGain=     2.00000 grad= -4.4073e-03
  vco2Level=     1.50000 grad= -1.9512e-02
  vco2Detune=     0.08766 grad=  6.9766e-02
  satGain=     1.73109 grad= -6.1968e-03
  satBias=    -0.30648 grad=  5.7013e-03
  satA2=    -0.09034 grad= -4.7502e-02
  satA3=    -0.48306 grad=  7.4624e-02
  satA5=     0.15172 grad=  1.1685e-01
  filtSat=     3.02980 grad= -5.1205e-03
epoch=360 loss=1.540270
  shape=     0.72741 grad= -2.2783e-01
  pw=     0.44985 grad=  4.2295e+01
  fBase=    97.75629 grad=  1.2924e-02
  fAmt=   656.20569 grad= -2.0012e-02
  fDecay=     0.16330 grad=  1.5535e-02
  res=     0.50000 grad=  2.3474e-02
  attackTime=     0.00450 grad=  1.8729e-03
  decayTime=     0.27439 grad=  1.9996e-03
  sustain=     0.44413 grad=  2.4578e-02
  releaseTime=     0.02293 grad= -8.0691e-04
  drive=     0.99346 grad= -1.5549e-03
  outGain=     2.00000 grad= -8.2008e-03
  vco2Level=     1.50000 grad= -1.5752e-02
  vco2Detune=     0.08708 grad=  1.9560e-01
  satGain=     1.75075 grad= -1.3968e-01
  satBias=    -0.30882 grad=  4.8495e-02
  satA2=    -0.08974 grad=  9.3214e-02
  satA3=    -0.48388 grad= -1.0960e-01
  satA5=     0.15146 grad= -3.5022e-01
  filtSat=     3.04313 grad= -1.2694e-02
epoch=370 loss=1.537768
  shape=     0.72865 grad= -1.2835e-01
  pw=     0.44982 grad=  9.4407e+00
  fBase=    97.02982 grad=  1.1130e-02
  fAmt=   651.00110 grad=  2.9221e-02
  fDecay=     0.16276 grad=  7.4570e-03
  res=     0.50000 grad=  2.4747e-02
  attackTime=     0.00448 grad=  1.2460e-03
  decayTime=     0.27353 grad= -7.2080e-04
  sustain=     0.44094 grad=  1.1041e-02
  releaseTime=     0.02298 grad= -1.2572e-03
  drive=     0.99137 grad= -3.3295e-05
  outGain=     2.00000 grad= -8.4556e-03
  vco2Level=     1.50000 grad= -1.6507e-02
  vco2Detune=     0.08683 grad= -1.0436e-01
  satGain=     1.77042 grad= -3.3214e-02
  satBias=    -0.30951 grad= -3.9160e-03
  satA2=    -0.08968 grad=  8.8214e-03
  satA3=    -0.48450 grad=  2.0603e-02
  satA5=     0.15139 grad=  9.3142e-03
  filtSat=     3.05597 grad= -5.5147e-03
epoch=380 loss=1.537789
  shape=     0.72995 grad= -4.9580e-02
  pw=     0.44972 grad= -1.9641e+01
  fBase=    96.49824 grad=  9.7166e-03
  fAmt=   645.06525 grad=  6.5048e-02
  fDecay=     0.16249 grad= -4.1339e-03
  res=     0.50000 grad=  2.6026e-02
  attackTime=     0.00445 grad=  1.8168e-04
  decayTime=     0.27361 grad= -3.0561e-03
  sustain=     0.43898 grad=  2.0128e-03
  releaseTime=     0.02305 grad= -8.2785e-04
  drive=     0.99044 grad=  1.7615e-03
  outGain=     2.00000 grad= -8.9546e-03
  vco2Level=     1.50000 grad= -1.6760e-02
  vco2Detune=     0.08689 grad= -1.3836e-01
  satGain=     1.78707 grad=  4.6106e-02
  satBias=    -0.30909 grad= -4.5805e-02
  satA2=    -0.08985 grad= -5.2295e-02
  satA3=    -0.48513 grad=  1.2141e-01
  satA5=     0.15108 grad=  2.8761e-01
  filtSat=     3.06576 grad= -7.1784e-04
epoch=390 loss=1.536108
  shape=     0.73122 grad= -6.1403e-02
  pw=     0.44977 grad= -8.6937e+00
  fBase=    96.14422 grad=  1.2231e-02
  fAmt=   639.34161 grad=  5.2972e-02
  fDecay=     0.16251 grad=  2.3587e-03
  res=     0.50000 grad=  2.4660e-02
  attackTime=     0.00443 grad=  5.3879e-04
  decayTime=     0.27458 grad= -2.1120e-03
  sustain=     0.43801 grad=  6.0836e-03
  releaseTime=     0.02310 grad= -2.5212e-04
  drive=     0.99131 grad= -2.8145e-04
  outGain=     2.00000 grad= -1.0250e-02
  vco2Level=     1.50000 grad= -1.6296e-02
  vco2Detune=     0.08701 grad= -8.3945e-02
  satGain=     1.79984 grad=  3.5054e-02
  satBias=    -0.30831 grad= -3.4306e-02
  satA2=    -0.08988 grad= -5.0496e-02
  satA3=    -0.48595 grad=  1.1110e-01
  satA5=     0.15028 grad=  2.5574e-01
  filtSat=     3.07272 grad= -1.4222e-03
epoch=400 loss=1.536581
  shape=     0.73238 grad= -2.4382e-01
  pw=     0.44986 grad=  3.5113e+01
  fBase=    95.83311 grad= -1.5189e-03
  fAmt=   634.21094 grad= -2.0304e-02
  fDecay=     0.16260 grad= -1.5145e-02
  res=     0.50000 grad=  2.1720e-02
  attackTime=     0.00440 grad=  1.6068e-03
  decayTime=     0.27581 grad= -5.1363e-03
  sustain=     0.43735 grad= -2.7869e-04
  releaseTime=     0.02312 grad=  1.0129e-04
  drive=     0.99313 grad= -2.6598e-02
  outGain=     2.00000 grad= -3.5171e-02
  vco2Level=     1.50000 grad= -1.4295e-02
  vco2Detune=     0.08705 grad=  2.0923e-01
  satGain=     1.80817 grad= -1.1826e-01
  satBias=    -0.30739 grad=  4.1779e-02
  satA2=    -0.08969 grad=  6.4282e-02
  satA3=    -0.48696 grad= -7.1294e-02
  satA5=     0.14902 grad= -2.4823e-01
  filtSat=     3.07811 grad= -6.5664e-03
epoch=410 loss=1.534915
  shape=     0.73355 grad= -1.3762e-01
  pw=     0.44982 grad=  1.3449e+01
  fBase=    95.58220 grad=  9.7512e-03
  fAmt=   630.56763 grad=  1.5082e-02
  fDecay=     0.16276 grad=  4.3152e-04
  res=     0.50000 grad=  2.3025e-02
  attackTime=     0.00438 grad=  7.5246e-04
  decayTime=     0.27721 grad= -1.9378e-03
  sustain=     0.43684 grad=  9.2492e-03
  releaseTime=     0.02312 grad=  7.0761e-04
  drive=     0.99606 grad= -9.3773e-03
  outGain=     2.00000 grad= -1.8128e-02
  vco2Level=     1.50000 grad= -1.3368e-02
  vco2Detune=     0.08702 grad=  5.0620e-02
  satGain=     1.81897 grad= -3.2277e-02
  satBias=    -0.30698 grad=  3.2629e-03
  satA2=    -0.08954 grad= -3.8122e-03
  satA3=    -0.48779 grad=  3.2449e-02
  satA5=     0.14808 grad=  3.6657e-02
  filtSat=     3.08321 grad= -4.6380e-03
epoch=420 loss=1.534424
  shape=     0.73461 grad= -5.7096e-02
  pw=     0.44975 grad= -1.3763e+01
  fBase=    95.29922 grad=  1.2499e-02
  fAmt=   627.40802 grad=  4.7269e-02
  fDecay=     0.16283 grad=  8.9694e-04
  res=     0.50000 grad=  2.4099e-02
  attackTime=     0.00437 grad= -3.4041e-04
  decayTime=     0.27832 grad= -2.0208e-03
  sustain=     0.43614 grad=  7.3178e-03
  releaseTime=     0.02310 grad=  2.4154e-04
  drive=     0.99864 grad= -1.7146e-03
  outGain=     2.00000 grad= -1.1522e-02
  vco2Level=     1.50000 grad= -1.4349e-02
  vco2Detune=     0.08700 grad= -1.2393e-01
  satGain=     1.82792 grad=  3.6216e-02
  satBias=    -0.30663 grad= -3.2268e-02
  satA2=    -0.08932 grad= -5.3436e-02
  satA3=    -0.48864 grad=  1.1487e-01
  satA5=     0.14706 grad=  2.7290e-01
  filtSat=     3.08830 grad= -1.6909e-03
epoch=430 loss=1.533641
  shape=     0.73557 grad= -9.7014e-02
  pw=     0.44977 grad= -4.5925e+00
  fBase=    95.02419 grad=  9.7091e-03
  fAmt=   624.62146 grad=  2.9365e-02
  fDecay=     0.16288 grad= -1.3411e-03
  res=     0.50000 grad=  2.3338e-02
  attackTime=     0.00436 grad= -1.4546e-04
  decayTime=     0.27928 grad= -2.2951e-03
  sustain=     0.43541 grad=  6.8085e-03
  releaseTime=     0.02309 grad=  4.9500e-05
  drive=     1.00101 grad= -6.7632e-03
  outGain=     2.00000 grad= -1.5786e-02
  vco2Level=     1.50000 grad= -1.2614e-02
  vco2Detune=     0.08701 grad= -8.2211e-02
  satGain=     1.83562 grad=  2.0361e-03
  satBias=    -0.30634 grad= -1.2524e-02
  satA2=    -0.08906 grad= -3.2074e-02
  satA3=    -0.48948 grad=  7.6866e-02
  satA5=     0.14602 grad=  1.6212e-01
  filtSat=     3.09323 grad= -3.1236e-03
epoch=440 loss=1.533605
  shape=     0.73644 grad= -1.8667e-01
  pw=     0.44983 grad=  2.0024e+01
  fBase=    94.77743 grad=  4.1627e-03
  fAmt=   622.10248 grad= -6.2058e-03
  fDecay=     0.16294 grad= -7.2441e-03
  res=     0.50000 grad=  2.1836e-02
  attackTime=     0.00436 grad=  4.2056e-04
  decayTime=     0.28020 grad= -3.3996e-03
  sustain=     0.43477 grad=  5.0406e-03
  releaseTime=     0.02309 grad= -2.0743e-04
  drive=     1.00333 grad= -1.9074e-02
  outGain=     2.00000 grad= -2.7403e-02
  vco2Level=     1.50000 grad= -1.2202e-02
  vco2Detune=     0.08704 grad=  9.7924e-02
  satGain=     1.84209 grad= -7.4595e-02
  satBias=    -0.30609 grad=  2.5843e-02
  satA2=    -0.08875 grad=  2.4246e-02
  satA3=    -0.49032 grad= -1.5247e-02
  satA5=     0.14495 grad= -1.0148e-01
  filtSat=     3.09772 grad= -5.6150e-03
epoch=450 loss=1.532757
  shape=     0.73728 grad= -1.3606e-01
  pw=     0.44979 grad=  7.6360e+00
  fBase=    94.56892 grad=  8.7160e-03
  fAmt=   620.10516 grad=  1.1914e-02
  fDecay=     0.16303 grad= -1.6893e-03
  res=     0.50000 grad=  2.2527e-02
  attackTime=     0.00436 grad=  1.9261e-05
  decayTime=     0.28113 grad= -2.1735e-03
  sustain=     0.43421 grad=  8.3258e-03
  releaseTime=     0.02309 grad= -1.2920e-04
  drive=     1.00580 grad= -1.0802e-02
  outGain=     2.00000 grad= -1.9215e-02
  vco2Level=     1.50000 grad= -1.1189e-02
  vco2Detune=     0.08707 grad=  3.3296e-02
  satGain=     1.84964 grad= -3.3535e-02
  satBias=    -0.30605 grad=  6.8471e-03
  satA2=    -0.08851 grad= -6.7512e-03
  satA3=    -0.49103 grad=  3.4180e-02
  satA5=     0.14410 grad=  3.8916e-02
  filtSat=     3.10194 grad= -4.6075e-03
epoch=460 loss=1.532456
  shape=     0.73804 grad= -7.3478e-02
  pw=     0.44974 grad= -1.1991e+01
  fBase=    94.35680 grad=  1.1781e-02
  fAmt=   618.28967 grad=  3.6387e-02
  fDecay=     0.16308 grad=  2.0897e-04
  res=     0.50000 grad=  2.3326e-02
  attackTime=     0.00436 grad= -4.6130e-04
  decayTime=     0.28189 grad= -1.8656e-03
  sustain=     0.43361 grad=  8.3755e-03
  releaseTime=     0.02310 grad= -1.0558e-04
  drive=     1.00791 grad= -4.1432e-03
  outGain=     2.00000 grad= -1.3363e-02
  vco2Level=     1.50000 grad= -1.1874e-02
  vco2Detune=     0.08707 grad= -8.5204e-02
  satGain=     1.85643 grad=  1.8615e-02
  satBias=    -0.30603 grad= -1.9905e-02
  satA2=    -0.08827 grad= -4.3510e-02
  satA3=    -0.49169 grad=  9.6374e-02
  satA5=     0.14331 grad=  2.2264e-01
  filtSat=     3.10595 grad= -2.5253e-03
epoch=470 loss=1.531924
  shape=     0.73873 grad= -1.0722e-01
  pw=     0.44976 grad= -1.1893e+00
  fBase=    94.14809 grad=  1.0331e-02
  fAmt=   616.63086 grad=  2.1260e-02
  fDecay=     0.16311 grad=  1.2734e-04
  res=     0.50000 grad=  2.2749e-02
  attackTime=     0.00436 grad= -1.4634e-04
  decayTime=     0.28251 grad= -1.6823e-03
  sustain=     0.43297 grad=  9.3247e-03
  releaseTime=     0.02310 grad= -2.1230e-04
  drive=     1.00971 grad= -7.0374e-03
  outGain=     2.00000 grad= -1.5482e-02
  vco2Level=     1.50000 grad= -1.0253e-02
  vco2Detune=     0.08707 grad= -3.1381e-02
  satGain=     1.86250 grad= -1.1575e-02
  satBias=    -0.30603 grad= -3.5166e-03
  satA2=    -0.08804 grad= -2.3106e-02
  satA3=    -0.49231 grad=  6.1261e-02
  satA5=     0.14256 grad=  1.1795e-01
  filtSat=     3.10976 grad= -3.9999e-03
epoch=480 loss=1.531868
  shape=     0.73935 grad= -1.5328e-01
  pw=     0.44981 grad=  1.4225e+01
  fBase=    93.95085 grad=  7.9348e-03
  fAmt=   615.15918 grad=  2.9187e-03
  fDecay=     0.16313 grad= -1.6985e-03
  res=     0.50000 grad=  2.2041e-02
  attackTime=     0.00436 grad=  2.3282e-04
  decayTime=     0.28302 grad= -2.0551e-03
  sustain=     0.43234 grad=  9.0580e-03
  releaseTime=     0.02310 grad= -1.7481e-04
  drive=     1.01128 grad= -1.3356e-02
  outGain=     2.00000 grad= -2.1571e-02
  vco2Level=     1.50000 grad= -1.0285e-02
  vco2Detune=     0.08707 grad=  8.0523e-02
  satGain=     1.86810 grad= -5.0804e-02
  satBias=    -0.30607 grad=  1.7071e-02
  satA2=    -0.08782 grad=  5.0720e-03
  satA3=    -0.49288 grad=  1.2701e-02
  satA5=     0.14188 grad= -2.3274e-02
  filtSat=     3.11335 grad= -5.2990e-03
epoch=490 loss=1.531320
  shape=     0.73991 grad= -1.2392e-01
  pw=     0.44978 grad=  3.7485e+00
  fBase=    93.77348 grad=  8.8764e-03
  fAmt=   613.88037 grad=  1.3987e-02
  fDecay=     0.16314 grad= -1.3697e-03
  res=     0.50000 grad=  2.2429e-02
  attackTime=     0.00436 grad=  3.2593e-05
  decayTime=     0.28348 grad= -1.9778e-03
  sustain=     0.43177 grad=  8.4219e-03
  releaseTime=     0.02311 grad= -2.3237e-04
  drive=     1.01274 grad= -9.7800e-03
  outGain=     2.00000 grad= -1.8015e-02
  vco2Level=     1.50000 grad= -9.4186e-03
  vco2Detune=     0.08707 grad=  9.3986e-05
  satGain=     1.87340 grad= -2.6647e-02
  satBias=    -0.30615 grad=  5.2340e-03
  satA2=    -0.08763 grad= -1.3057e-02
  satA3=    -0.49339 grad=  4.3097e-02
  satA5=     0.14128 grad=  6.5100e-02
  filtSat=     3.11669 grad= -4.4516e-03
epoch=500 loss=1.531213
  shape=     0.74040 grad= -8.6736e-02
  pw=     0.44973 grad= -1.1804e+01
  fBase=    93.61725 grad=  8.6704e-03
  fAmt=   612.64227 grad=  2.9010e-02
  fDecay=     0.16316 grad= -4.0935e-03
  res=     0.50000 grad=  2.2865e-02
  attackTime=     0.00436 grad= -3.1614e-04
  decayTime=     0.28392 grad= -2.6281e-03
  sustain=     0.43128 grad=  5.5975e-03
  releaseTime=     0.02312 grad= -2.9719e-04
  drive=     1.01407 grad= -8.0782e-03
  outGain=     2.00000 grad= -1.6994e-02
  vco2Level=     1.50000 grad= -9.8215e-03
  vco2Detune=     0.08708 grad= -8.8469e-02
  satGain=     1.87757 grad=  6.0701e-03
  satBias=    -0.30617 grad= -1.1524e-02
  satA2=    -0.08742 grad= -3.6357e-02
  satA3=    -0.49389 grad=  8.2451e-02
  satA5=     0.14065 grad=  1.8562e-01
  filtSat=     3.11960 grad= -2.7214e-03
epoch=510 loss=1.530820
  shape=     0.74085 grad= -1.1240e-01
  pw=     0.44975 grad= -5.3135e+00
  fBase=    93.49100 grad=  7.5954e-03
  fAmt=   611.52844 grad=  1.8424e-02
  fDecay=     0.16321 grad= -4.7455e-03
  res=     0.50000 grad=  2.2477e-02
  attackTime=     0.00436 grad= -2.7476e-05
  decayTime=     0.28440 grad= -2.5971e-03
  sustain=     0.43091 grad=  6.1416e-03
  releaseTime=     0.02312 grad= -2.3578e-04
  drive=     1.01542 grad= -1.0614e-02
  outGain=     2.00000 grad= -1.9056e-02
  vco2Level=     1.50000 grad= -8.8293e-03
  vco2Detune=     0.08710 grad= -3.8027e-02
  satGain=     1.88140 grad= -1.6502e-02
  satBias=    -0.30621 grad=  1.8764e-04
  satA2=    -0.08723 grad= -2.1049e-02
  satA3=    -0.49435 grad=  5.6614e-02
  satA5=     0.14008 grad=  1.0611e-01
  filtSat=     3.12210 grad= -3.6091e-03
epoch=520 loss=1.530614
  shape=     0.74126 grad= -1.3553e-01
  pw=     0.44977 grad=  5.6966e+00
  fBase=    93.38055 grad=  8.1683e-03
  fAmt=   610.57092 grad=  8.6423e-03
  fDecay=     0.16326 grad= -2.5423e-03
  res=     0.50000 grad=  2.2149e-02
  attackTime=     0.00436 grad=  1.1178e-04
  decayTime=     0.28484 grad= -2.0465e-03
  sustain=     0.43058 grad=  8.6187e-03
  releaseTime=     0.02313 grad= -5.7220e-06
  drive=     1.01670 grad= -1.1660e-02
  outGain=     2.00000 grad= -1.9707e-02
  vco2Level=     1.50000 grad= -8.1493e-03
  vco2Detune=     0.08711 grad=  4.9231e-02
  satGain=     1.88522 grad= -3.8438e-02
  satBias=    -0.30628 grad=  1.2054e-02
  satA2=    -0.08707 grad= -4.7881e-03
  satA3=    -0.49474 grad=  2.8635e-02
  satA5=     0.13960 grad=  2.1690e-02
  filtSat=     3.12435 grad= -4.6939e-03
epoch=530 loss=1.530378
  shape=     0.74163 grad= -1.2295e-01
  pw=     0.44976 grad=  1.2195e+00
  fBase=    93.27325 grad=  8.9671e-03
  fAmt=   609.72113 grad=  1.2840e-02
  fDecay=     0.16330 grad= -1.6258e-03
  res=     0.50000 grad=  2.2254e-02
  attackTime=     0.00436 grad=  4.1063e-05
  decayTime=     0.28520 grad= -1.7923e-03
  sustain=     0.43024 grad=  9.1523e-03
  releaseTime=     0.02313 grad=  7.0101e-06
  drive=     1.01780 grad= -9.7854e-03
  outGain=     2.00000 grad= -1.7793e-02
  vco2Level=     1.50000 grad= -7.6958e-03
  vco2Detune=     0.08712 grad=  2.0966e-02
  satGain=     1.88877 grad= -2.8359e-02
  satBias=    -0.30636 grad=  6.7861e-03
  satA2=    -0.08692 grad= -1.1858e-02
  satA3=    -0.49509 grad=  4.1371e-02
  satA5=     0.13918 grad=  5.9644e-02
  filtSat=     3.12646 grad= -4.4536e-03
epoch=540 loss=1.530268
  shape=     0.74196 grad= -9.9255e-02
  pw=     0.44974 grad= -7.4374e+00
  fBase=    93.17142 grad=  9.4368e-03
  fAmt=   608.96674 grad=  2.2064e-02
  fDecay=     0.16332 grad= -2.0462e-03
  res=     0.50000 grad=  2.2534e-02
  attackTime=     0.00437 grad= -2.0170e-04
  decayTime=     0.28550 grad= -1.9404e-03
  sustain=     0.42990 grad=  8.1879e-03
  releaseTime=     0.02313 grad= -1.0916e-04
  drive=     1.01874 grad= -7.8377e-03
  outGain=     2.00000 grad= -1.6229e-02
  vco2Level=     1.50000 grad= -8.0958e-03
  vco2Detune=     0.08712 grad= -3.6769e-02
  satGain=     1.89204 grad= -7.6456e-03
  satBias=    -0.30644 grad= -3.8226e-03
  satA2=    -0.08680 grad= -2.6426e-02
  satA3=    -0.49541 grad=  6.6531e-02
  satA5=     0.13880 grad=  1.3746e-01
  filtSat=     3.12843 grad= -3.6227e-03
epoch=550 loss=1.530044
  shape=     0.74227 grad= -1.1212e-01
  pw=     0.44975 grad= -2.3426e+00
  fBase=    93.07755 grad=  9.2607e-03
  fAmt=   608.28827 grad=  1.6736e-02
  fDecay=     0.16334 grad= -1.5960e-03
  res=     0.50000 grad=  2.2404e-02
  attackTime=     0.00437 grad= -1.0011e-04
  decayTime=     0.28576 grad= -1.7815e-03
  sustain=     0.42959 grad=  8.8848e-03
  releaseTime=     0.02313 grad= -1.0305e-04
  drive=     1.01958 grad= -8.4628e-03
  outGain=     2.00000 grad= -1.6500e-02
  vco2Level=     1.50000 grad= -7.2750e-03
  vco2Detune=     0.08712 grad= -2.6638e-03
  satGain=     1.89506 grad= -1.9439e-02
  satBias=    -0.30652 grad=  2.5831e-03
  satA2=    -0.08668 grad= -1.8111e-02
  satA3=    -0.49570 grad=  5.2160e-02
  satA5=     0.13846 grad=  9.3038e-02
  filtSat=     3.13025 grad= -4.2028e-03
epoch=560 loss=1.529926
  shape=     0.74254 grad= -1.2752e-01
  pw=     0.44977 grad=  5.2441e+00
  fBase=    92.98971 grad=  9.4493e-03
  fAmt=   607.68079 grad=  1.0771e-02
  fDecay=     0.16335 grad= -4.7151e-04
  res=     0.50000 grad=  2.2248e-02
  attackTime=     0.00437 grad=  7.9292e-05
  decayTime=     0.28598 grad= -1.5621e-03
  sustain=     0.42929 grad=  1.0044e-02
  releaseTime=     0.02313 grad=  2.5573e-04
  drive=     1.02033 grad= -9.7300e-03
  outGain=     2.00000 grad= -1.7675e-02
  vco2Level=     1.50000 grad= -7.3371e-03
  vco2Detune=     0.08711 grad=  5.1371e-02
  satGain=     1.89793 grad= -3.3549e-02
  satBias=    -0.30661 grad=  9.6758e-03
  satA2=    -0.08658 grad= -7.4095e-03
  satA3=    -0.49596 grad=  3.4202e-02
  satA5=     0.13816 grad=  3.8758e-02
  filtSat=     3.13196 grad= -4.7641e-03
epoch=570 loss=1.529760
  shape=     0.74280 grad= -1.1707e-01
  pw=     0.44977 grad=  2.0012e+00
  fBase=    92.90483 grad=  1.0148e-02
  fAmt=   607.11975 grad=  1.4431e-02
  fDecay=     0.16336 grad=  6.8158e-04
  res=     0.50000 grad=  2.2360e-02
  attackTime=     0.00437 grad=  3.6470e-05
  decayTime=     0.28617 grad= -1.2945e-03
  sustain=     0.42899 grad=  1.0507e-02
  releaseTime=     0.02313 grad= -7.4572e-05
  drive=     1.02099 grad= -7.8467e-03
  outGain=     2.00000 grad= -1.5723e-02
  vco2Level=     1.50000 grad= -6.8824e-03
  vco2Detune=     0.08711 grad=  2.1704e-02
  satGain=     1.90066 grad= -2.5310e-02
  satBias=    -0.30669 grad=  5.4578e-03
  satA2=    -0.08649 grad= -1.2984e-02
  satA3=    -0.49619 grad=  4.4416e-02
  satA5=     0.13789 grad=  6.9449e-02
  filtSat=     3.13360 grad= -4.6235e-03
epoch=580 loss=1.529645
  shape=     0.74304 grad= -1.0245e-01
  pw=     0.44975 grad= -4.0537e+00
  fBase=    92.82269 grad=  9.8626e-03
  fAmt=   606.57770 grad=  2.0215e-02
  fDecay=     0.16336 grad= -3.0127e-04
  res=     0.50000 grad=  2.2570e-02
  attackTime=     0.00437 grad= -9.5373e-05
  decayTime=     0.28633 grad= -1.5137e-03
  sustain=     0.42870 grad=  9.3565e-03
  releaseTime=     0.02313 grad= -4.2883e-05
  drive=     1.02157 grad= -6.8820e-03
  outGain=     2.00000 grad= -1.4965e-02
  vco2Level=     1.50000 grad= -6.9606e-03
  vco2Detune=     0.08710 grad= -2.4452e-02
  satGain=     1.90315 grad= -1.2243e-02
  satBias=    -0.30676 grad= -9.7202e-04
  satA2=    -0.08641 grad= -2.2545e-02
  satA3=    -0.49642 grad=  6.0588e-02
  satA5=     0.13763 grad=  1.1987e-01
  filtSat=     3.13515 grad= -4.0987e-03
epoch=590 loss=1.529504
  shape=     0.74327 grad= -1.0839e-01
  pw=     0.44976 grad= -1.2178e+00
  fBase=    92.74443 grad=  9.7257e-03
  fAmt=   606.04919 grad=  1.7468e-02
  fDecay=     0.16336 grad= -1.2273e-04
  res=     0.50000 grad=  2.2452e-02
  attackTime=     0.00437 grad= -4.6450e-05
  decayTime=     0.28649 grad= -1.4609e-03
  sustain=     0.42843 grad=  9.5682e-03
  releaseTime=     0.02313 grad= -1.8999e-04
  drive=     1.02213 grad= -7.4449e-03
  outGain=     2.00000 grad= -1.5396e-02
  vco2Level=     1.50000 grad= -6.6291e-03
  vco2Detune=     0.08710 grad= -9.3647e-03
  satGain=     1.90548 grad= -1.7894e-02
  satBias=    -0.30683 grad=  2.4736e-03
  satA2=    -0.08632 grad= -1.8884e-02
  satA3=    -0.49663 grad=  5.3442e-02
  satA5=     0.13737 grad=  9.7994e-02
  filtSat=     3.13666 grad= -4.3364e-03
epoch=599 loss=1.529401
  shape=     0.74347 grad= -1.1937e-01
  pw=     0.44977 grad=  2.4796e+00
  fBase=    92.67696 grad=  9.0502e-03
  fAmt=   605.58453 grad=  1.3009e-02
  fDecay=     0.16336 grad= -7.4652e-04
  res=     0.50000 grad=  2.2261e-02
  attackTime=     0.00437 grad=  1.0436e-04
  decayTime=     0.28663 grad= -1.5467e-03
  sustain=     0.42819 grad=  9.5100e-03
  releaseTime=     0.02313 grad= -2.7197e-04
  drive=     1.02263 grad= -8.9251e-03
  outGain=     2.00000 grad= -1.6766e-02
  vco2Level=     1.50000 grad= -6.4621e-03
  vco2Detune=     0.08710 grad=  1.6774e-02
  satGain=     1.90754 grad= -2.7076e-02
  satBias=    -0.30689 grad=  7.2358e-03
  satA2=    -0.08624 grad= -1.2450e-02
  satA3=    -0.49683 grad=  4.2172e-02
  satA5=     0.13714 grad=  6.3934e-02
  filtSat=     3.13799 grad= -4.6560e-03
