epoch=0 loss=3.639680
  shape=     0.50000 grad= -2.3747e+00
  pw=     0.50000 grad= -4.7362e+00
  fBase=   489.89798 grad= -9.6756e-01
  fAmt=   108.54906 grad= -6.8726e-02
  fDecay=     0.10000 grad= -6.0873e-02
  res=     1.73205 grad= -4.3912e-02
  attackTime=     0.02236 grad=  9.0580e-02
  decayTime=     0.14142 grad= -1.6289e-01
  sustain=     0.50000 grad= -6.2109e-01
  releaseTime=     0.10000 grad=  1.5504e-01
  drive=     1.41421 grad= -7.0547e-01
  outGain=     0.31623 grad= -7.5042e-01
  vco2Level=     0.75000 grad= -5.9567e-01
  vco2Detune=     0.31623 grad= -1.5170e-01
  satGain=     1.41421 grad= -4.8891e-01
  satBias=     0.00000 grad=  0.0000e+00
  satA2=     0.00000 grad=  1.7562e-01
  satA3=     0.00000 grad= -2.0897e-01
  satA5=     0.00000 grad= -9.3192e-02
  filtSat=     2.00000 grad=  1.0828e-01
epoch=10 loss=3.250001
  shape=     0.51000 grad= -1.0964e+01
  pw=     0.50329 grad= -1.5251e+00
  fBase=   540.59595 grad= -6.1512e-01
  fAmt=   120.13025 grad= -8.1437e-02
  fDecay=     0.11051 grad= -5.9535e-02
  res=     1.90767 grad= -1.8684e-02
  attackTime=     0.02023 grad=  9.1477e-02
  decayTime=     0.15610 grad= -1.0979e-01
  sustain=     0.52865 grad= -1.5323e-01
  releaseTime=     0.09059 grad=  1.0888e-01
  drive=     1.56105 grad= -4.7823e-01
  outGain=     0.32575 grad= -5.3057e-01
  vco2Level=     0.77979 grad= -3.7344e-01
  vco2Detune=     0.31608 grad=  6.4570e-02
  satGain=     1.56088 grad= -3.1051e-01
  satBias=    -0.00821 grad=  1.3724e-02
  satA2=    -0.00990 grad=  1.1858e-01
  satA3=     0.00995 grad= -1.6393e-01
  satA5=     0.01005 grad= -1.0202e-01
  filtSat=     1.90060 grad=  9.2679e-02
epoch=20 loss=3.006747
  shape=     0.51999 grad= -8.2842e+00
  pw=     0.49980 grad=  1.7786e+01
  fBase=   588.06598 grad= -1.0391e-01
  fAmt=   133.14810 grad= -8.4504e-02
  fDecay=     0.12185 grad= -4.2251e-02
  res=     2.05656 grad= -3.5259e-03
  attackTime=     0.01831 grad=  8.7725e-02
  decayTime=     0.17042 grad= -4.2412e-02
  sustain=     0.54353 grad=  3.0794e-01
  releaseTime=     0.08277 grad=  6.4970e-02
  drive=     1.70431 grad= -1.8081e-01
  outGain=     0.33459 grad= -2.3167e-01
  vco2Level=     0.80354 grad=  9.4230e-02
  vco2Detune=     0.31362 grad= -1.4606e-01
  satGain=     1.69818 grad= -6.9943e-02
  satBias=    -0.01861 grad=  2.9966e-03
  satA2=    -0.01808 grad= -2.5670e-02
  satA3=     0.01886 grad= -3.1013e-02
  satA5=     0.01985 grad= -5.3219e-02
  filtSat=     1.80426 grad=  6.4152e-02
epoch=30 loss=2.886638
  shape=     0.52998 grad= -6.0030e+00
  pw=     0.49683 grad=  7.0897e+00
  fBase=   611.13477 grad=  2.5538e-01
  fAmt=   147.51744 grad= -8.1714e-02
  fDecay=     0.13260 grad= -2.3225e-02
  res=     2.13715 grad=  4.7027e-03
  attackTime=     0.01660 grad=  7.9834e-02
  decayTime=     0.18059 grad=  4.9257e-03
  sustain=     0.52914 grad=  5.8947e-01
  releaseTime=     0.07681 grad=  4.6799e-02
  drive=     1.80558 grad=  1.7448e-02
  outGain=     0.34094 grad= -2.6839e-02
  vco2Level=     0.80691 grad=  4.3886e-01
  vco2Detune=     0.31300 grad=  3.0661e-01
  satGain=     1.77325 grad=  9.4613e-02
  satBias=    -0.02254 grad= -1.8136e-02
  satA2=    -0.01947 grad= -1.2876e-01
  satA3=     0.02292 grad=  9.0748e-02
  satA5=     0.02648 grad=  2.2876e-02
  filtSat=     1.71959 grad=  3.9826e-02
epoch=40 loss=2.765398
  shape=     0.53994 grad= -4.9065e+00
  pw=     0.49627 grad= -1.8342e+01
  fBase=   600.85809 grad=  2.4536e-01
  fAmt=   163.38889 grad= -8.7017e-02
  fDecay=     0.14163 grad= -2.3466e-02
  res=     2.14391 grad=  3.3244e-03
  attackTime=     0.01511 grad=  7.2776e-02
  decayTime=     0.18444 grad=  4.3528e-03
  sustain=     0.49796 grad=  5.9446e-01
  releaseTime=     0.07209 grad=  5.6185e-02
  drive=     1.84682 grad= -1.0516e-02
  outGain=     0.34418 grad= -5.7564e-02
  vco2Level=     0.78657 grad=  5.9817e-01
  vco2Detune=     0.31328 grad= -1.1331e+00
  satGain=     1.76324 grad=  7.9966e-02
  satBias=    -0.01425 grad= -1.6959e-02
  satA2=    -0.01292 grad= -1.3084e-01
  satA3=     0.01991 grad=  8.5549e-02
  satA5=     0.02621 grad=  3.5053e-02
  filtSat=     1.64933 grad=  4.9687e-02
epoch=50 loss=2.643310
  shape=     0.54988 grad= -4.3878e+00
  pw=     0.49614 grad= -1.3922e+01
  fBase=   579.91620 grad=  8.7478e-02
  fAmt=   182.13240 grad= -1.1129e-01
  fDecay=     0.15090 grad= -3.2140e-02
  res=     2.11740 grad=  1.4380e-03
  attackTime=     0.01380 grad=  6.8183e-02
  decayTime=     0.18576 grad= -1.5297e-02
  sustain=     0.46363 grad=  5.1054e-01
  releaseTime=     0.06739 grad=  7.1616e-02
  drive=     1.87244 grad= -1.0706e-01
  outGain=     0.34677 grad= -1.6278e-01
  vco2Level=     0.75379 grad=  6.5833e-01
  vco2Detune=     0.31359 grad= -8.7108e-01
  satGain=     1.73222 grad= -2.5562e-02
  satBias=    -0.00447 grad= -3.7104e-03
  satA2=    -0.00400 grad= -7.6195e-02
  satA3=     0.01465 grad=  1.3219e-02
  satA5=     0.02346 grad= -2.0499e-02
  filtSat=     1.58238 grad=  5.2293e-02
epoch=60 loss=2.521061
  shape=     0.55980 grad= -3.6137e+00
  pw=     0.49576 grad=  1.0160e+01
  fBase=   566.05499 grad=  4.1246e-02
  fAmt=   205.12949 grad= -1.3061e-01
  fDecay=     0.16281 grad= -3.2218e-02
  res=     2.10850 grad= -5.4673e-03
  attackTime=     0.01266 grad=  6.6402e-02
  decayTime=     0.18875 grad= -1.2917e-02
  sustain=     0.43091 grad=  5.2844e-01
  releaseTime=     0.06226 grad=  7.5378e-02
  drive=     1.92515 grad= -1.2481e-01
  outGain=     0.35094 grad= -1.8127e-01
  vco2Level=     0.71812 grad=  4.4473e-01
  vco2Detune=     0.31393 grad= -2.3956e-01
  satGain=     1.73699 grad= -5.1139e-02
  satBias=     0.00181 grad= -3.7557e-03
  satA2=     0.00374 grad= -7.2654e-02
  satA3=     0.01122 grad=  9.4080e-03
  satA5=     0.02341 grad= -2.2922e-02
  filtSat=     1.51166 grad=  5.0189e-02
epoch=70 loss=2.396151
  shape=     0.56968 grad= -2.7840e+00
  pw=     0.49095 grad= -1.0599e+01
  fBase=   559.47467 grad=  1.2320e-01
  fAmt=   233.49297 grad= -1.3335e-01
  fDecay=     0.17654 grad= -2.0552e-02
  res=     2.15449 grad= -9.4889e-03
  attackTime=     0.01164 grad=  6.0537e-02
  decayTime=     0.19174 grad=  1.2555e-02
  sustain=     0.39814 grad=  6.5491e-01
  releaseTime=     0.05707 grad=  7.4419e-02
  drive=     1.99682 grad= -7.1366e-02
  outGain=     0.35616 grad= -1.2401e-01
  vco2Level=     0.68691 grad=  3.3743e-01
  vco2Detune=     0.31456 grad= -3.7216e-01
  satGain=     1.77544 grad= -1.7692e-03
  satBias=     0.00530 grad= -9.7172e-03
  satA2=     0.01014 grad= -1.2562e-01
  satA3=     0.00903 grad=  5.4363e-02
  satA5=     0.02540 grad=  1.3521e-02
  filtSat=     1.44859 grad=  4.7261e-02
epoch=80 loss=2.278659
  shape=     0.57952 grad= -2.3215e+00
  pw=     0.48762 grad=  3.1286e+01
  fBase=   549.77612 grad=  1.4173e-02
  fAmt=   267.14935 grad= -2.1818e-01
  fDecay=     0.18811 grad= -1.3680e-02
  res=     2.25321 grad= -7.9945e-03
  attackTime=     0.01073 grad=  6.4094e-02
  decayTime=     0.18987 grad=  3.3102e-02
  sustain=     0.36231 grad=  7.8270e-01
  releaseTime=     0.05216 grad=  7.7948e-02
  drive=     2.05899 grad= -4.9949e-02
  outGain=     0.36088 grad= -8.6059e-02
  vco2Level=     0.66138 grad=  4.5349e-01
  vco2Detune=     0.31511 grad=  3.4504e-02
  satGain=     1.81157 grad= -6.6889e-02
  satBias=     0.00847 grad= -4.2545e-04
  satA2=     0.01679 grad= -4.2904e-02
  satA3=     0.00555 grad=  3.9266e-02
  satA5=     0.02594 grad= -2.3042e-03
  filtSat=     1.39800 grad= -1.1746e-02
epoch=90 loss=2.164039
  shape=     0.58931 grad= -1.8845e+00
  pw=     0.48753 grad=  5.6987e+00
  fBase=   536.88391 grad=  7.1543e-02
  fAmt=   307.98334 grad= -2.1811e-01
  fDecay=     0.19520 grad= -2.4907e-03
  res=     2.39606 grad= -1.0174e-02
  attackTime=     0.00989 grad=  6.1764e-02
  decayTime=     0.18239 grad=  3.5783e-02
  sustain=     0.32341 grad=  8.6644e-01
  releaseTime=     0.04749 grad=  8.7165e-02
  drive=     2.10796 grad= -5.3913e-02
  outGain=     0.36475 grad= -8.6736e-02
  vco2Level=     0.63805 grad=  3.6518e-01
  vco2Detune=     0.31549 grad=  1.4005e-01
  satGain=     1.84423 grad= -4.4971e-02
  satBias=     0.01095 grad= -1.1126e-03
  satA2=     0.02353 grad= -5.7079e-02
  satA3=     0.00060 grad=  5.2425e-02
  satA5=     0.02491 grad=  1.4198e-02
  filtSat=     1.36355 grad=  6.4513e-03
epoch=100 loss=2.042807
  shape=     0.59905 grad= -1.5769e+00
  pw=     0.48508 grad= -2.9520e+01
  fBase=   524.00604 grad=  1.2182e-01
  fAmt=   356.96613 grad= -2.1260e-01
  fDecay=     0.19821 grad=  3.4906e-03
  res=     2.57815 grad= -1.0972e-02
  attackTime=     0.00912 grad=  5.6861e-02
  decayTime=     0.17288 grad=  2.5871e-02
  sustain=     0.28294 grad=  9.3246e-01
  releaseTime=     0.04295 grad=  9.7269e-02
  drive=     2.15977 grad= -7.6871e-02
  outGain=     0.36851 grad= -1.1201e-01
  vco2Level=     0.61619 grad=  1.8746e-01
  vco2Detune=     0.31527 grad= -1.1880e-01
  satGain=     1.89126 grad= -2.4655e-02
  satBias=     0.01193 grad= -2.7636e-03
  satA2=     0.02946 grad= -9.9053e-02
  satA3=    -0.00423 grad=  5.8001e-02
  satA5=     0.02481 grad=  2.5211e-02
  filtSat=     1.33972 grad=  3.9627e-02
epoch=110 loss=1.919926
  shape=     0.60873 grad= -1.0042e+00
  pw=     0.48158 grad= -5.0589e-01
  fBase=   509.72360 grad=  1.3466e-01
  fAmt=   413.27472 grad= -2.0142e-01
  fDecay=     0.19777 grad=  2.6680e-03
  res=     2.77350 grad= -7.1541e-03
  attackTime=     0.00845 grad=  3.9000e-02
  decayTime=     0.16424 grad=  1.5847e-02
  sustain=     0.24173 grad=  9.9075e-01
  releaseTime=     0.03854 grad=  1.0767e-01
  drive=     2.22250 grad= -6.7135e-02
  outGain=     0.37279 grad= -1.2020e-01
  vco2Level=     0.59952 grad=  5.0648e-02
  vco2Detune=     0.31531 grad= -1.7574e-01
  satGain=     1.95109 grad= -3.9325e-02
  satBias=     0.01199 grad=  8.5053e-04
  satA2=     0.03496 grad= -4.5669e-02
  satA3=    -0.00879 grad=  4.0800e-02
  satA5=     0.02510 grad=  4.5625e-03
  filtSat=     1.31319 grad=  2.2598e-02
epoch=120 loss=1.812951
  shape=     0.61827 grad= -9.9959e-01
  pw=     0.48130 grad=  3.9071e+01
  fBase=   488.72601 grad=  7.2696e-02
  fAmt=   471.63742 grad= -2.2961e-01
  fDecay=     0.19379 grad= -9.0599e-03
  res=     2.95607 grad= -4.9736e-03
  attackTime=     0.00792 grad=  3.2125e-02
  decayTime=     0.15860 grad= -1.0436e-02
  sustain=     0.20092 grad=  9.2821e-01
  releaseTime=     0.03434 grad=  1.1488e-01
  drive=     2.29702 grad= -1.0771e-01
  outGain=     0.37800 grad= -1.7015e-01
  vco2Level=     0.59341 grad=  2.8371e-02
  vco2Detune=     0.31552 grad=  2.2500e-02
  satGain=     1.99987 grad= -7.7061e-02
  satBias=     0.01295 grad= -7.4583e-03
  satA2=     0.04184 grad= -6.1706e-02
  satA3=    -0.01329 grad=  1.5104e-02
  satA5=     0.02389 grad=  2.2268e-05
  filtSat=     1.25743 grad=  2.6666e-02
epoch=130 loss=1.718400
  shape=     0.62743 grad= -7.6582e-01
  pw=     0.48131 grad= -1.2784e+01
  fBase=   468.34702 grad=  1.7809e-01
  fAmt=   530.58807 grad= -8.6401e-02
  fDecay=     0.19381 grad= -2.4687e-03
  res=     3.10086 grad= -1.9931e-03
  attackTime=     0.00755 grad=  6.3509e-03
  decayTime=     0.15787 grad= -6.1979e-03
  sustain=     0.16246 grad=  8.8907e-01
  releaseTime=     0.03049 grad=  1.1436e-01
  drive=     2.38602 grad= -5.6387e-02
  outGain=     0.38450 grad= -1.4842e-01
  vco2Level=     0.59279 grad= -1.4113e-01
  vco2Detune=     0.31564 grad= -5.5090e-03
  satGain=     2.05081 grad=  1.8224e-02
  satBias=     0.01870 grad= -6.3223e-03
  satA2=     0.05131 grad= -2.0719e-01
  satA3=    -0.01857 grad=  1.0785e-01
  satA5=     0.01703 grad=  1.5701e-01
  filtSat=     1.18587 grad=  6.6141e-02
epoch=140 loss=1.645692
  shape=     0.63588 grad= -9.0317e-01
  pw=     0.48156 grad=  4.5708e+01
  fBase=   447.37958 grad=  3.8532e-02
  fAmt=   579.35632 grad= -1.4271e-01
  fDecay=     0.19696 grad= -1.9426e-02
  res=     3.18360 grad=  3.8932e-03
  attackTime=     0.00736 grad= -5.9536e-03
  decayTime=     0.16028 grad= -2.8142e-02
  sustain=     0.12753 grad=  6.3986e-01
  releaseTime=     0.02713 grad=  9.6130e-02
  drive=     2.47310 grad= -6.7772e-02
  outGain=     0.39169 grad= -1.7581e-01
  vco2Level=     0.59747 grad= -6.3449e-02
  vco2Detune=     0.31580 grad=  9.3001e-03
  satGain=     2.08234 grad= -7.1318e-02
  satBias=     0.02382 grad=  4.3250e-04
  satA2=     0.06481 grad= -1.0875e-01
  satA3=    -0.02676 grad=  5.9885e-02
  satA5=     0.00167 grad=  1.3485e-01
  filtSat=     1.09490 grad=  5.3103e-03
epoch=150 loss=1.583692
  shape=     0.64414 grad= -7.5748e-01
  pw=     0.47942 grad= -3.8427e+01
  fBase=   431.16470 grad=  1.3744e-01
  fAmt=   618.00391 grad=  4.5794e-02
  fDecay=     0.20456 grad= -4.3950e-03
  res=     3.15275 grad=  5.6052e-03
  attackTime=     0.00735 grad= -2.0746e-02
  decayTime=     0.16569 grad= -1.3468e-02
  sustain=     0.09903 grad=  4.0785e-01
  releaseTime=     0.02456 grad=  3.0453e-02
  drive=     2.54799 grad= -2.0619e-02
  outGain=     0.39941 grad= -1.4969e-01
  vco2Level=     0.60439 grad= -2.4695e-01
  vco2Detune=     0.31630 grad= -1.8949e-01
  satGain=     2.13290 grad= -2.8443e-02
  satBias=     0.01585 grad=  9.7014e-02
  satA2=     0.07968 grad= -3.2394e-01
  satA3=    -0.03765 grad=  1.9883e-01
  satA5=    -0.01835 grad=  4.1668e-01
  filtSat=     1.02385 grad=  6.3571e-02
epoch=160 loss=1.528313
  shape=     0.65196 grad= -6.2366e-01
  pw=     0.47789 grad= -3.1081e+01
  fBase=   418.17963 grad=  9.1811e-02
  fAmt=   642.04987 grad=  3.4353e-02
  fDecay=     0.21062 grad=  2.7275e-03
  res=     3.01372 grad=  8.3382e-03
  attackTime=     0.00747 grad= -2.1551e-02
  decayTime=     0.17097 grad= -2.3403e-03
  sustain=     0.07886 grad=  1.9254e-01
  releaseTime=     0.02326 grad= -1.5134e-02
  drive=     2.60154 grad= -2.2861e-02
  outGain=     0.40699 grad= -1.2723e-01
  vco2Level=     0.61492 grad= -2.9858e-01
  vco2Detune=     0.31739 grad= -2.7813e-01
  satGain=     2.21436 grad= -6.7660e-02
  satBias=    -0.00435 grad=  1.6258e-01
  satA2=     0.09583 grad= -3.2205e-01
  satA3=    -0.04944 grad=  1.2260e-01
  satA5=    -0.03816 grad=  3.1314e-01
  filtSat=     0.97168 grad=  4.6597e-02
epoch=170 loss=1.520489
  shape=     0.65827 grad= -3.4267e-01
  pw=     0.47813 grad=  3.4770e+01
  fBase=   408.27109 grad=  1.7879e-02
  fAmt=   656.61884 grad= -3.1016e-02
  fDecay=     0.21102 grad=  2.1689e-03
  res=     2.79882 grad=  1.2125e-02
  attackTime=     0.00768 grad= -1.9893e-02
  decayTime=     0.17358 grad= -9.8840e-03
  sustain=     0.06693 grad= -1.0209e-03
  releaseTime=     0.02307 grad= -3.2525e-02
  drive=     2.63868 grad= -1.1633e-02
  outGain=     0.41368 grad= -8.8342e-02
  vco2Level=     0.63219 grad= -3.2328e-01
  vco2Detune=     0.31958 grad= -4.6034e-01
  satGain=     2.27862 grad=  4.8856e-02
  satBias=    -0.02277 grad=  4.5581e-02
  satA2=     0.11056 grad= -1.3282e-01
  satA3=    -0.05294 grad= -1.9904e-01
  satA5=    -0.04536 grad= -4.0167e-01
  filtSat=     0.94195 grad= -2.1036e-02
epoch=180 loss=1.502878
  shape=     0.66291 grad= -4.1851e-01
  pw=     0.48005 grad= -1.5068e+01
  fBase=   401.08603 grad=  4.5802e-03
  fAmt=   662.65265 grad= -4.3185e-02
  fDecay=     0.20977 grad= -3.5961e-03
  res=     2.56980 grad=  8.9453e-03
  attackTime=     0.00789 grad= -1.0776e-02
  decayTime=     0.17574 grad=  7.2799e-03
  sustain=     0.06209 grad=  3.6539e-02
  releaseTime=     0.02351 grad= -2.5912e-02
  drive=     2.66564 grad= -5.3379e-03
  outGain=     0.41900 grad= -4.1176e-02
  vco2Level=     0.65538 grad= -2.2141e-01
  vco2Detune=     0.32239 grad=  1.4832e-02
  satGain=     2.26658 grad= -5.7165e-03
  satBias=    -0.03745 grad=  1.8283e-02
  satA2=     0.12234 grad= -9.3390e-02
  satA3=    -0.04563 grad= -9.8772e-02
  satA5=    -0.03690 grad= -1.9213e-01
  filtSat=     0.92941 grad= -2.9062e-02
epoch=190 loss=1.494775
  shape=     0.66762 grad= -3.3710e-01
  pw=     0.48087 grad= -9.3285e+00
  fBase=   398.00461 grad= -1.1399e-02
  fAmt=   674.55359 grad= -7.8208e-02
  fDecay=     0.21242 grad=  9.7614e-04
  res=     2.35300 grad=  6.8411e-03
  attackTime=     0.00815 grad= -1.4435e-03
  decayTime=     0.17564 grad= -2.6700e-04
  sustain=     0.05976 grad=  8.6712e-03
  releaseTime=     0.02412 grad= -1.8662e-02
  drive=     2.66277 grad= -2.6579e-02
  outGain=     0.42211 grad= -4.9026e-02
  vco2Level=     0.67151 grad= -8.9418e-02
  vco2Detune=     0.32261 grad=  3.0837e-01
  satGain=     2.30494 grad=  2.8163e-03
  satBias=    -0.04860 grad= -2.3048e-02
  satA2=     0.13177 grad= -2.1658e-02
  satA3=    -0.04184 grad= -1.2115e-01
  satA5=    -0.03372 grad= -2.9197e-01
  filtSat=     0.97543 grad= -1.6553e-02
epoch=200 loss=1.489887
  shape=     0.67175 grad= -3.2370e-01
  pw=     0.48123 grad=  6.8036e+01
  fBase=   397.97992 grad= -7.8821e-03
  fAmt=   703.64490 grad= -9.1892e-02
  fDecay=     0.21101 grad=  1.4329e-02
  res=     2.15800 grad=  1.1972e-02
  attackTime=     0.00834 grad= -8.1203e-03
  decayTime=     0.17279 grad= -1.0456e-02
  sustain=     0.05787 grad= -6.7074e-02
  releaseTime=     0.02469 grad= -1.7776e-02
  drive=     2.65445 grad=  2.4493e-03
  outGain=     0.42418 grad= -4.4684e-02
  vco2Level=     0.67825 grad=  5.3956e-02
  vco2Detune=     0.32144 grad= -1.5940e-02
  satGain=     2.34076 grad= -2.5745e-02
  satBias=    -0.05089 grad= -6.0115e-04
  satA2=     0.13615 grad= -3.3943e-02
  satA3=    -0.03674 grad= -4.7502e-02
  satA5=    -0.02715 grad= -1.0559e-01
  filtSat=     1.04663 grad= -3.6785e-02
epoch=210 loss=1.487614
  shape=     0.67536 grad= -1.9329e-01
  pw=     0.48128 grad=  5.0854e+01
  fBase=   394.47876 grad=  1.1417e-02
  fAmt=   721.11426 grad= -6.9085e-02
  fDecay=     0.20094 grad=  1.9095e-02
  res=     1.98487 grad=  9.0622e-03
  attackTime=     0.00845 grad= -2.9919e-03
  decayTime=     0.17464 grad= -1.3441e-02
  sustain=     0.05908 grad= -5.3448e-02
  releaseTime=     0.02521 grad= -9.8585e-03
  drive=     2.65692 grad= -1.2748e-02
  outGain=     0.42674 grad= -5.0653e-02
  vco2Level=     0.68303 grad=  6.9138e-03
  vco2Detune=     0.32132 grad=  2.2079e-02
  satGain=     2.37642 grad=  4.0008e-02
  satBias=    -0.05632 grad= -3.4549e-02
  satA2=     0.14198 grad=  3.2073e-02
  satA3=    -0.03680 grad= -1.5139e-01
  satA5=    -0.02750 grad= -4.2372e-01
  filtSat=     1.06168 grad= -7.1533e-03
epoch=220 loss=1.477221
  shape=     0.67827 grad= -2.4710e-01
  pw=     0.48039 grad=  4.3779e+01
  fBase=   388.49832 grad= -3.9531e-02
  fAmt=   730.83447 grad= -1.2472e-01
  fDecay=     0.18785 grad= -8.1468e-03
  res=     1.84165 grad=  1.0477e-02
  attackTime=     0.00853 grad= -6.4598e-03
  decayTime=     0.17791 grad= -2.2962e-02
  sustain=     0.06069 grad= -5.0137e-02
  releaseTime=     0.02556 grad= -1.5446e-03
  drive=     2.66297 grad= -1.6314e-02
  outGain=     0.42922 grad= -4.6932e-02
  vco2Level=     0.68717 grad=  6.6827e-02
  vco2Detune=     0.32166 grad=  7.0233e-02
  satGain=     2.37287 grad=  2.0621e-02
  satBias=    -0.06164 grad= -6.0441e-02
  satA2=     0.14729 grad=  5.4780e-02
  satA3=    -0.03647 grad= -2.0241e-01
  satA5=    -0.02572 grad= -5.4784e-01
  filtSat=     1.04388 grad= -3.6911e-02
epoch=230 loss=1.471774
  shape=     0.68097 grad= -3.8304e-01
  pw=     0.48027 grad= -1.4638e+01
  fBase=   384.37006 grad=  1.6957e-02
  fAmt=   745.92969 grad= -2.7861e-02
  fDecay=     0.18220 grad= -4.5751e-03
  res=     1.71449 grad=  8.0965e-03
  attackTime=     0.00864 grad= -1.8536e-03
  decayTime=     0.18051 grad= -5.1493e-03
  sustain=     0.06118 grad=  5.4624e-05
  releaseTime=     0.02568 grad=  3.1585e-03
  drive=     2.65942 grad=  1.9036e-03
  outGain=     0.43090 grad= -1.8897e-02
  vco2Level=     0.68737 grad=  5.7784e-02
  vco2Detune=     0.32156 grad=  2.0425e-01
  satGain=     2.36927 grad= -4.8054e-02
  satBias=    -0.06458 grad=  6.7513e-02
  satA2=     0.15099 grad= -1.9762e-01
  satA3=    -0.03542 grad=  1.0642e-01
  satA5=    -0.02258 grad=  2.0147e-01
  filtSat=     1.04625 grad=  1.2067e-03
epoch=240 loss=1.474219
  shape=     0.68387 grad= -1.4363e-01
  pw=     0.48055 grad=  3.6377e+01
  fBase=   381.18362 grad=  1.7571e-02
  fAmt=   763.57373 grad= -7.2985e-02
  fDecay=     0.18109 grad=  1.3374e-02
  res=     1.60323 grad=  9.5335e-03
  attackTime=     0.00872 grad= -8.7571e-03
  decayTime=     0.18195 grad=  6.2858e-03
  sustain=     0.06093 grad=  2.9048e-02
  releaseTime=     0.02567 grad=  1.0891e-03
  drive=     2.65096 grad=  2.2524e-02
  outGain=     0.43207 grad= -1.6243e-03
  vco2Level=     0.68406 grad=  7.2473e-02
  vco2Detune=     0.32109 grad=  1.4102e-01
  satGain=     2.38835 grad=  3.6507e-02
  satBias=    -0.06846 grad= -2.4773e-02
  satA2=     0.15559 grad=  2.7389e-02
  satA3=    -0.03681 grad= -1.1262e-01
  satA5=    -0.02231 grad= -3.8143e-01
  filtSat=     1.05545 grad= -2.9294e-02
epoch=250 loss=1.466291
  shape=     0.68632 grad= -2.4211e-01
  pw=     0.48043 grad=  2.2377e+01
  fBase=   377.14441 grad=  2.1559e-02
  fAmt=   782.59686 grad= -2.2815e-02
  fDecay=     0.17589 grad=  3.5112e-03
  res=     1.50370 grad=  5.5153e-03
  attackTime=     0.00879 grad=  1.6591e-03
  decayTime=     0.18274 grad= -2.4308e-02
  sustain=     0.06089 grad= -7.6424e-02
  releaseTime=     0.02566 grad= -2.9106e-03
  drive=     2.63746 grad= -1.9746e-02
  outGain=     0.43292 grad= -4.2952e-02
  vco2Level=     0.67949 grad=  2.6922e-02
  vco2Detune=     0.32080 grad=  6.5171e-02
  satGain=     2.38474 grad= -2.4655e-03
  satBias=    -0.07131 grad=  3.7660e-02
  satA2=     0.15917 grad= -1.2187e-01
  satA3=    -0.03722 grad= -8.4709e-03
  satA5=    -0.02006 grad= -1.0351e-01
  filtSat=     1.06220 grad=  2.3590e-02
epoch=260 loss=1.461742
  shape=     0.68874 grad= -1.6757e-01
  pw=     0.48031 grad= -1.3350e+01
  fBase=   372.43784 grad=  3.2804e-02
  fAmt=   794.69952 grad= -3.3804e-02
  fDecay=     0.17059 grad=  1.0070e-02
  res=     1.42479 grad=  6.3110e-03
  attackTime=     0.00882 grad= -3.6104e-03
  decayTime=     0.18667 grad=  4.3461e-03
  sustain=     0.06217 grad=  2.8890e-02
  releaseTime=     0.02569 grad=  1.1693e-03
  drive=     2.63651 grad=  1.1079e-02
  outGain=     0.43419 grad= -2.5067e-03
  vco2Level=     0.67563 grad=  5.8451e-02
  vco2Detune=     0.32080 grad= -7.6829e-02
  satGain=     2.38436 grad=  1.6491e-02
  satBias=    -0.07592 grad=  7.0480e-03
  satA2=     0.16416 grad= -4.2726e-02
  satA3=    -0.03896 grad= -1.7669e-02
  satA5=    -0.01923 grad= -1.5803e-01
  filtSat=     1.04423 grad= -1.5710e-03
epoch=270 loss=1.460987
  shape=     0.69089 grad= -1.5929e-01
  pw=     0.48049 grad=  3.1496e+01
  fBase=   367.49219 grad=  1.3176e-02
  fAmt=   805.20801 grad= -4.0821e-02
  fDecay=     0.16684 grad= -3.1597e-03
  res=     1.35055 grad=  7.7216e-03
  attackTime=     0.00889 grad= -1.0238e-02
  decayTime=     0.18871 grad= -7.4276e-03
  sustain=     0.06239 grad= -3.9635e-03
  releaseTime=     0.02568 grad=  1.5539e-03
  drive=     2.62676 grad=  1.4306e-02
  outGain=     0.43494 grad= -5.9334e-03
  vco2Level=     0.67226 grad=  5.4892e-02
  vco2Detune=     0.32063 grad=  1.5835e-01
  satGain=     2.37120 grad=  1.1430e-02
  satBias=    -0.08001 grad=  4.0730e-03
  satA2=     0.16885 grad= -4.0427e-02
  satA3=    -0.03957 grad= -6.4406e-02
  satA5=    -0.01631 grad= -2.6353e-01
  filtSat=     1.03370 grad= -1.8051e-02
epoch=280 loss=1.457962
  shape=     0.69289 grad= -4.0120e-02
  pw=     0.48031 grad= -2.1578e+01
  fBase=   363.25076 grad=  4.0281e-02
  fAmt=   814.64252 grad=  5.4284e-03
  fDecay=     0.16694 grad=  5.0180e-03
  res=     1.28172 grad=  4.5289e-03
  attackTime=     0.00898 grad=  3.2993e-04
  decayTime=     0.19078 grad= -6.0062e-03
  sustain=     0.06240 grad= -5.2984e-03
  releaseTime=     0.02565 grad=  8.9633e-05
  drive=     2.61119 grad=  3.5250e-03
  outGain=     0.43543 grad= -1.1975e-02
  vco2Level=     0.66846 grad=  1.0179e-02
  vco2Detune=     0.32009 grad=  5.1914e-03
  satGain=     2.37029 grad=  2.5198e-02
  satBias=    -0.08408 grad= -2.1488e-03
  satA2=     0.17344 grad=  1.2813e-02
  satA3=    -0.04097 grad= -9.3720e-03
  satA5=    -0.01478 grad= -8.4633e-02
  filtSat=     1.03392 grad=  1.3405e-02
epoch=290 loss=1.458175
  shape=     0.69434 grad= -1.6752e-01
  pw=     0.48051 grad=  5.2639e+01
  fBase=   358.29059 grad= -5.5086e-03
  fAmt=   817.42224 grad= -8.2477e-02
  fDecay=     0.16582 grad= -6.8551e-03
  res=     1.22117 grad=  8.4749e-03
  attackTime=     0.00901 grad= -6.9464e-03
  decayTime=     0.19310 grad=  7.2987e-03
  sustain=     0.06253 grad=  3.2500e-02
  releaseTime=     0.02563 grad=  7.7125e-04
  drive=     2.60493 grad=  2.5184e-02
  outGain=     0.43631 grad=  3.2317e-03
  vco2Level=     0.66756 grad=  1.1913e-01
  vco2Detune=     0.31998 grad= -6.0503e-02
  satGain=     2.35541 grad= -1.7342e-02
  satBias=    -0.08766 grad= -5.3425e-03
  satA2=     0.17740 grad= -2.4648e-02
  satA3=    -0.04112 grad= -4.8793e-02
  satA5=    -0.01185 grad= -1.9927e-01
  filtSat=     1.01864 grad= -5.0208e-02
epoch=300 loss=1.455749
  shape=     0.69600 grad= -8.5270e-03
  pw=     0.48042 grad=  6.5002e+00
  fBase=   354.42972 grad=  4.6044e-02
  fAmt=   824.57782 grad=  1.3868e-02
  fDecay=     0.16703 grad=  1.1978e-02
  res=     1.16438 grad=  3.8383e-03
  attackTime=     0.00903 grad=  4.4114e-03
  decayTime=     0.19374 grad=  6.3293e-03
  sustain=     0.06222 grad=  2.1991e-02
  releaseTime=     0.02562 grad= -5.1715e-04
  drive=     2.59565 grad=  6.4322e-03
  outGain=     0.43704 grad= -3.0992e-03
  vco2Level=     0.66536 grad= -2.4515e-02
  vco2Detune=     0.31999 grad=  3.6567e-02
  satGain=     2.36520 grad=  3.0959e-02
  satBias=    -0.09168 grad=  5.9194e-03
  satA2=     0.18221 grad= -1.4961e-02
  satA3=    -0.04256 grad= -4.5497e-02
  satA5=    -0.01067 grad= -2.2902e-01
  filtSat=     1.01688 grad=  1.2846e-02
epoch=310 loss=1.454009
  shape=     0.69699 grad= -2.7915e-02
  pw=     0.48038 grad=  3.8810e+00
  fBase=   350.62888 grad=  1.2299e-02
  fAmt=   831.06915 grad= -9.5477e-03
  fDecay=     0.16733 grad= -6.6098e-03
  res=     1.12018 grad=  3.4291e-03
  attackTime=     0.00901 grad=  2.3807e-03
  decayTime=     0.19359 grad= -1.7484e-02
  sustain=     0.06201 grad= -6.4688e-02
  releaseTime=     0.02563 grad= -3.0710e-03
  drive=     2.58456 grad= -6.5802e-03
  outGain=     0.43744 grad= -2.1678e-02
  vco2Level=     0.66213 grad=  3.9899e-02
  vco2Detune=     0.31978 grad=  6.0700e-02
  satGain=     2.36230 grad=  6.2429e-04
  satBias=    -0.09359 grad= -2.1165e-03
  satA2=     0.18455 grad=  3.4663e-04
  satA3=    -0.04336 grad= -8.6741e-03
  satA5=    -0.00885 grad= -6.9256e-02
  filtSat=     1.01903 grad=  4.0581e-03
epoch=320 loss=1.453952
  shape=     0.69748 grad= -5.5436e-02
  pw=     0.48032 grad= -2.1249e+01
  fBase=   346.93149 grad=  2.2293e-02
  fAmt=   832.20868 grad= -2.9035e-04
  fDecay=     0.16751 grad= -5.7039e-03
  res=     1.08357 grad=  2.5685e-03
  attackTime=     0.00899 grad=  1.2607e-03
  decayTime=     0.19614 grad= -2.5100e-03
  sustain=     0.06300 grad= -7.5064e-03
  releaseTime=     0.02568 grad= -1.2493e-04
  drive=     2.57811 grad=  5.9685e-03
  outGain=     0.43804 grad= -7.1080e-03
  vco2Level=     0.65950 grad=  5.1856e-02
  vco2Detune=     0.31964 grad= -2.7840e-02
  satGain=     2.35469 grad= -8.8802e-03
  satBias=    -0.09487 grad=  1.3049e-02
  satA2=     0.18584 grad= -3.1547e-02
  satA3=    -0.04433 grad=  7.0327e-02
  satA5=    -0.00787 grad=  1.4932e-01
  filtSat=     1.01411 grad=  7.0406e-04
epoch=330 loss=1.453792
  shape=     0.69788 grad= -2.4285e-02
  pw=     0.48043 grad=  1.3659e+01
  fBase=   343.43991 grad=  3.1713e-02
  fAmt=   834.37042 grad=  1.4617e-02
  fDecay=     0.16800 grad=  3.3419e-03
  res=     1.05800 grad=  2.7390e-03
  attackTime=     0.00896 grad=  3.8911e-03
  decayTime=     0.19745 grad= -6.8139e-04
  sustain=     0.06348 grad= -1.4574e-03
  releaseTime=     0.02570 grad= -1.3033e-04
  drive=     2.57163 grad=  2.2765e-03
  outGain=     0.43856 grad= -1.1565e-02
  vco2Level=     0.65674 grad= -1.9145e-02
  vco2Detune=     0.31966 grad= -1.8921e-02
  satGain=     2.34950 grad=  1.0390e-02
  satBias=    -0.09567 grad=  1.1003e-02
  satA2=     0.18664 grad= -3.0774e-02
  satA3=    -0.04527 grad= -1.4167e-02
  satA5=    -0.00710 grad= -9.9911e-02
  filtSat=     1.01296 grad=  8.5734e-03
epoch=340 loss=1.452455
  shape=     0.69824 grad= -1.0074e-02
  pw=     0.48039 grad=  5.9075e+00
  fBase=   340.29422 grad=  1.5986e-02
  fAmt=   837.35126 grad= -1.4656e-02
  fDecay=     0.16916 grad= -2.9281e-03
  res=     1.03761 grad=  1.9213e-03
  attackTime=     0.00891 grad=  3.3904e-03
  decayTime=     0.19813 grad= -3.0109e-03
  sustain=     0.06371 grad= -1.2493e-02
  releaseTime=     0.02571 grad= -2.8271e-04
  drive=     2.56544 grad=  1.3743e-03
  outGain=     0.43908 grad= -1.2479e-02
  vco2Level=     0.65421 grad=  3.5723e-02
  vco2Detune=     0.31964 grad=  2.0199e-02
  satGain=     2.34849 grad= -9.6682e-04
  satBias=    -0.09624 grad= -4.8683e-03
  satA2=     0.18728 grad=  9.5222e-03
  satA3=    -0.04609 grad= -8.6048e-03
  satA5=    -0.00647 grad= -5.8693e-02
  filtSat=     1.01555 grad= -5.8749e-03
epoch=350 loss=1.452799
  shape=     0.69846 grad= -2.1797e-02
  pw=     0.48032 grad= -2.5791e+01
  fBase=   337.29523 grad=  3.7156e-02
  fAmt=   839.90881 grad=  2.9853e-02
  fDecay=     0.17024 grad=  2.3688e-03
  res=     1.01877 grad=  3.4827e-03
  attackTime=     0.00887 grad= -8.2140e-04
  decayTime=     0.19914 grad=  7.3627e-04
  sustain=     0.06413 grad= -3.0199e-03
  releaseTime=     0.02572 grad=  2.2328e-05
  drive=     2.55985 grad=  1.3544e-02
  outGain=     0.43970 grad= -3.6351e-03
  vco2Level=     0.65189 grad=  8.0064e-03
  vco2Detune=     0.31960 grad= -5.3983e-02
  satGain=     2.34782 grad= -5.0955e-03
  satBias=    -0.09658 grad=  2.8629e-02
  satA2=     0.18763 grad= -6.3222e-02
  satA3=    -0.04683 grad=  1.1275e-01
  satA5=    -0.00601 grad=  2.8126e-01
  filtSat=     1.01896 grad=  7.6390e-03
epoch=360 loss=1.452731
  shape=     0.69862 grad= -2.7759e-02
  pw=     0.48042 grad=  2.5045e+01
  fBase=   334.18704 grad= -2.7927e-03
  fAmt=   840.79022 grad= -5.4551e-02
  fDecay=     0.17080 grad= -5.8529e-03
  res=     1.00139 grad=  2.5540e-04
  attackTime=     0.00884 grad=  9.1956e-03
  decayTime=     0.20018 grad= -5.4736e-03
  sustain=     0.06461 grad= -2.0124e-02
  releaseTime=     0.02573 grad= -7.0793e-04
  drive=     2.55390 grad= -1.6411e-02
  outGain=     0.44036 grad= -3.0268e-02
  vco2Level=     0.64977 grad=  3.9387e-02
  vco2Detune=     0.31966 grad=  6.0095e-03
  satGain=     2.34812 grad= -1.1387e-03
  satBias=    -0.09715 grad= -2.4603e-02
  satA2=     0.18811 grad=  3.6243e-02
  satA3=    -0.04813 grad= -1.1167e-01
  satA5=    -0.00646 grad= -3.5918e-01
  filtSat=     1.02063 grad= -8.9961e-03
epoch=370 loss=1.454031
  shape=     0.69883 grad= -3.6045e-02
  pw=     0.48026 grad= -3.3828e+01
  fBase=   331.39337 grad=  4.1866e-02
  fAmt=   844.18805 grad=  4.8959e-02
  fDecay=     0.17096 grad=  2.5334e-03
  res=     0.98262 grad=  4.0680e-03
  attackTime=     0.00879 grad= -7.6367e-03
  decayTime=     0.20084 grad=  5.8815e-04
  sustain=     0.06501 grad= -5.6910e-03
  releaseTime=     0.02573 grad=  1.1840e-03
  drive=     2.55271 grad=  2.3674e-02
  outGain=     0.44127 grad=  5.3895e-03
  vco2Level=     0.64883 grad=  7.0875e-03
  vco2Detune=     0.31975 grad= -2.1221e-02
  satGain=     2.34850 grad= -9.0323e-03
  satBias=    -0.09783 grad=  4.2616e-02
  satA2=     0.18906 grad= -9.6393e-02
  satA3=    -0.04806 grad=  1.7292e-01
  satA5=    -0.00491 grad=  4.6068e-01
  filtSat=     1.01991 grad=  6.8827e-03
epoch=380 loss=1.452885
  shape=     0.69913 grad= -2.4148e-02
  pw=     0.48029 grad= -3.1410e+01
  fBase=   328.99121 grad=  5.5502e-02
  fAmt=   847.53247 grad=  4.7944e-02
  fDecay=     0.17187 grad=  1.7653e-02
  res=     0.95799 grad=  4.8019e-03
  attackTime=     0.00880 grad= -2.4919e-04
  decayTime=     0.20208 grad=  1.3618e-02
  sustain=     0.06562 grad=  2.8669e-02
  releaseTime=     0.02573 grad=  7.5812e-04
  drive=     2.54478 grad=  2.5285e-02
  outGain=     0.44202 grad=  7.0855e-03
  vco2Level=     0.64747 grad= -1.6561e-02
  vco2Detune=     0.31988 grad=  6.4829e-02
  satGain=     2.35466 grad= -8.9834e-03
  satBias=    -0.09877 grad=  5.5414e-02
  satA2=     0.19030 grad= -1.3311e-01
  satA3=    -0.04874 grad=  1.9164e-01
  satA5=    -0.00458 grad=  4.8895e-01
  filtSat=     1.02773 grad=  1.2870e-02
epoch=390 loss=1.452542
  shape=     0.69924 grad= -7.1566e-02
  pw=     0.48030 grad= -3.0146e+01
  fBase=   326.06244 grad=  2.3353e-02
  fAmt=   847.79871 grad=  2.6035e-02
  fDecay=     0.17107 grad= -6.3638e-03
  res=     0.94149 grad=  9.4924e-04
  attackTime=     0.00880 grad=  4.0278e-03
  decayTime=     0.20310 grad= -1.0801e-02
  sustain=     0.06612 grad= -3.4692e-02
  releaseTime=     0.02572 grad=  4.2280e-04
  drive=     2.53692 grad= -6.0571e-03
  outGain=     0.44274 grad= -2.6174e-02
  vco2Level=     0.64596 grad=  2.3294e-02
  vco2Detune=     0.31999 grad=  9.0011e-02
  satGain=     2.34745 grad= -1.8759e-02
  satBias=    -0.09897 grad=  2.8114e-02
  satA2=     0.19038 grad= -7.6635e-02
  satA3=    -0.04886 grad=  1.3584e-01
  satA5=    -0.00367 grad=  3.7776e-01
  filtSat=     1.03168 grad=  1.7381e-02
epoch=400 loss=1.451635
  shape=     0.69961 grad=  1.9213e-03
  pw=     0.48031 grad= -2.7663e+01
  fBase=   323.74088 grad=  4.0182e-02
  fAmt=   851.12732 grad=  2.0645e-02
  fDecay=     0.17147 grad=  1.1822e-02
  res=     0.92626 grad=  2.8029e-03
  attackTime=     0.00875 grad=  3.2278e-03
  decayTime=     0.20450 grad=  1.0509e-02
  sustain=     0.06667 grad=  2.4352e-02
  releaseTime=     0.02571 grad=  1.2084e-03
  drive=     2.53676 grad=  1.3278e-02
  outGain=     0.44390 grad= -1.5831e-03
  vco2Level=     0.64426 grad=  9.7254e-04
  vco2Detune=     0.31998 grad=  8.0734e-02
  satGain=     2.35824 grad=  3.0559e-03
  satBias=    -0.09986 grad=  2.2262e-02
  satA2=     0.19159 grad= -4.7595e-02
  satA3=    -0.04997 grad=  8.0110e-02
  satA5=    -0.00416 grad=  1.6699e-01
  filtSat=     1.03235 grad=  7.2295e-03
epoch=410 loss=1.451670
  shape=     0.69980 grad= -2.8962e-02
  pw=     0.48031 grad= -3.0090e+01
  fBase=   321.35663 grad=  4.6199e-02
  fAmt=   855.37140 grad=  5.3424e-02
  fDecay=     0.17088 grad=  9.8642e-03
  res=     0.91000 grad=  6.1890e-03
  attackTime=     0.00871 grad= -4.8817e-03
  decayTime=     0.20471 grad=  5.4429e-03
  sustain=     0.06691 grad=  1.6882e-03
  releaseTime=     0.02570 grad=  4.5187e-04
  drive=     2.53413 grad=  2.7801e-02
  outGain=     0.44489 grad=  6.4080e-03
  vco2Level=     0.64295 grad=  5.5929e-04
  vco2Detune=     0.31996 grad=  8.2209e-02
  satGain=     2.36004 grad= -1.1357e-02
  satBias=    -0.10032 grad=  5.4623e-02
  satA2=     0.19232 grad= -1.3757e-01
  satA3=    -0.04986 grad=  2.0877e-01
  satA5=    -0.00290 grad=  5.5678e-01
  filtSat=     1.03523 grad=  8.7929e-03
epoch=420 loss=1.450925
  shape=     0.70001 grad= -6.3882e-03
  pw=     0.48031 grad= -2.6801e+01
  fBase=   319.09036 grad=  3.1254e-02
  fAmt=   856.50201 grad=  1.5337e-02
  fDecay=     0.17094 grad=  5.9045e-03
  res=     0.89156 grad=  1.4668e-03
  attackTime=     0.00871 grad=  2.1930e-03
  decayTime=     0.20593 grad=  4.6676e-03
  sustain=     0.06757 grad=  7.0994e-03
  releaseTime=     0.02570 grad=  6.2374e-04
  drive=     2.52853 grad=  9.3406e-03
  outGain=     0.44578 grad= -5.3878e-03
  vco2Level=     0.64162 grad=  2.2687e-02
  vco2Detune=     0.31994 grad=  7.1123e-02
  satGain=     2.36561 grad= -2.2719e-05
  satBias=    -0.10143 grad=  1.8301e-02
  satA2=     0.19371 grad= -4.0404e-02
  satA3=    -0.05077 grad=  7.8137e-02
  satA5=    -0.00297 grad=  1.6751e-01
  filtSat=     1.03757 grad=  6.2941e-03
epoch=430 loss=1.453169
  shape=     0.70015 grad= -2.6602e-02
  pw=     0.48058 grad=  3.9752e+01
  fBase=   316.67694 grad= -1.5054e-02
  fAmt=   857.10779 grad= -6.5248e-02
  fDecay=     0.17028 grad= -1.3390e-02
  res=     0.87875 grad= -4.0394e-04
  attackTime=     0.00869 grad=  3.0047e-03
  decayTime=     0.20649 grad= -9.4269e-03
  sustain=     0.06799 grad= -2.9200e-02
  releaseTime=     0.02570 grad= -4.7352e-04
  drive=     2.52297 grad= -1.0242e-02
  outGain=     0.44658 grad= -2.9034e-02
  vco2Level=     0.64027 grad=  6.7382e-02
  vco2Detune=     0.31991 grad= -9.9397e-02
  satGain=     2.36494 grad= -4.0745e-03
  satBias=    -0.10229 grad= -3.6017e-02
  satA2=     0.19471 grad=  7.3216e-02
  satA3=    -0.05124 grad= -1.5181e-01
  satA5=    -0.00239 grad= -4.7583e-01
  filtSat=     1.03810 grad= -2.3612e-02
epoch=440 loss=1.452015
  shape=     0.70039 grad= -1.4926e-02
  pw=     0.48055 grad=  2.6782e+01
  fBase=   314.62332 grad=  7.4986e-04
  fAmt=   858.63379 grad= -3.4091e-02
  fDecay=     0.17026 grad= -8.2584e-03
  res=     0.86626 grad= -2.5939e-03
  attackTime=     0.00869 grad=  8.6301e-03
  decayTime=     0.20770 grad= -6.5197e-03
  sustain=     0.06854 grad= -1.7696e-02
  releaseTime=     0.02569 grad=  1.6879e-04
  drive=     2.51777 grad= -1.7964e-02
  outGain=     0.44741 grad= -3.3279e-02
  vco2Level=     0.63870 grad=  1.9827e-02
  vco2Detune=     0.31993 grad= -3.6458e-02
  satGain=     2.36827 grad=  5.7038e-03
  satBias=    -0.10309 grad= -2.2906e-02
  satA2=     0.19572 grad=  4.5330e-02
  satA3=    -0.05184 grad= -1.3864e-01
  satA5=    -0.00215 grad= -4.6405e-01
  filtSat=     1.04059 grad= -1.1672e-03
epoch=450 loss=1.449553
  shape=     0.70057 grad= -1.9074e-02
  pw=     0.48041 grad=  1.1584e+01
  fBase=   312.22195 grad= -2.8473e-03
  fAmt=   855.94983 grad= -4.3334e-02
  fDecay=     0.17047 grad= -1.1330e-02
  res=     0.86434 grad= -1.3134e-03
  attackTime=     0.00864 grad=  2.1194e-03
  decayTime=     0.20812 grad=  5.3827e-03
  sustain=     0.06877 grad=  1.0847e-02
  releaseTime=     0.02568 grad=  1.1789e-03
  drive=     2.52036 grad=  6.0050e-03
  outGain=     0.44841 grad= -3.1013e-03
  vco2Level=     0.63847 grad=  8.9127e-02
  vco2Detune=     0.31997 grad=  1.5744e-01
  satGain=     2.36417 grad= -1.2296e-02
  satBias=    -0.10409 grad= -1.7488e-02
  satA2=     0.19692 grad=  3.5594e-02
  satA3=    -0.05148 grad= -3.3620e-02
  satA5=    -0.00044 grad= -1.3960e-01
  filtSat=     1.03035 grad= -2.6396e-02
epoch=460 loss=1.448877
  shape=     0.70075 grad= -1.7384e-02
  pw=     0.48038 grad= -7.0208e+00
  fBase=   310.52921 grad=  4.6222e-03
  fAmt=   858.08710 grad= -2.3336e-02
  fDecay=     0.17262 grad= -6.3177e-03
  res=     0.86333 grad= -1.0284e-03
  attackTime=     0.00862 grad=  1.6809e-03
  decayTime=     0.20702 grad= -3.3483e-03
  sustain=     0.06868 grad= -2.3407e-02
  releaseTime=     0.02567 grad= -1.7046e-03
  drive=     2.51354 grad=  1.3212e-03
  outGain=     0.44884 grad= -1.1089e-02
  vco2Level=     0.63601 grad=  6.8101e-02
  vco2Detune=     0.31971 grad=  2.1410e-02
  satGain=     2.37190 grad= -9.0889e-03
  satBias=    -0.10470 grad= -4.7857e-03
  satA2=     0.19783 grad=  7.3024e-03
  satA3=    -0.05219 grad=  1.4597e-02
  satA5=    -0.00018 grad=  8.0717e-03
  filtSat=     1.03811 grad= -9.4627e-03
epoch=470 loss=1.448546
  shape=     0.70090 grad= -3.8844e-02
  pw=     0.48037 grad= -2.0204e+01
  fBase=   309.13394 grad=  2.1525e-02
  fAmt=   863.90814 grad=  8.0306e-03
  fDecay=     0.17358 grad=  8.5676e-03
  res=     0.86493 grad= -6.2269e-05
  attackTime=     0.00861 grad=  4.2750e-04
  decayTime=     0.20658 grad= -5.7385e-03
  sustain=     0.06905 grad= -4.4461e-02
  releaseTime=     0.02570 grad= -4.2516e-03
  drive=     2.50587 grad=  4.8980e-03
  outGain=     0.44919 grad= -9.8419e-03
  vco2Level=     0.63256 grad=  4.0132e-02
  vco2Detune=     0.31963 grad= -4.4078e-02
  satGain=     2.38160 grad= -5.7295e-03
  satBias=    -0.10499 grad=  2.0666e-02
  satA2=     0.19837 grad= -5.9596e-02
  satA3=    -0.05306 grad=  7.5005e-02
  satA5=    -0.00024 grad=  1.4666e-01
  filtSat=     1.04945 grad=  6.7859e-03
epoch=480 loss=1.447692
  shape=     0.70118 grad= -3.1236e-02
  pw=     0.48041 grad= -1.5306e+01
  fBase=   307.92859 grad=  4.4030e-02
  fAmt=   873.66913 grad=  3.4997e-02
  fDecay=     0.17180 grad=  2.6987e-02
  res=     0.86971 grad=  3.6998e-03
  attackTime=     0.00859 grad= -5.2403e-03
  decayTime=     0.20733 grad=  2.4760e-03
  sustain=     0.07009 grad= -2.1384e-02
  releaseTime=     0.02578 grad= -1.2453e-03
  drive=     2.50036 grad=  2.7054e-02
  outGain=     0.44965 grad=  8.2618e-03
  vco2Level=     0.62820 grad=  1.4855e-02
  vco2Detune=     0.31965 grad=  8.5427e-03
  satGain=     2.39436 grad=  5.7978e-04
  satBias=    -0.10529 grad=  4.5929e-02
  satA2=     0.19905 grad= -1.2110e-01
  satA3=    -0.05364 grad=  1.4691e-01
  satA5=     0.00024 grad=  3.4138e-01
  filtSat=     1.06046 grad=  7.7624e-03
epoch=490 loss=1.448135
  shape=     0.70156 grad= -6.4885e-02
  pw=     0.48052 grad=  5.6289e+01
  fBase=   306.52371 grad= -2.6951e-02
  fAmt=   883.39178 grad= -1.0929e-01
  fDecay=     0.16749 grad= -8.2485e-03
  res=     0.86942 grad= -4.1279e-03
  attackTime=     0.00859 grad=  2.9735e-03
  decayTime=     0.20898 grad= -1.4243e-02
  sustain=     0.07146 grad= -5.3761e-02
  releaseTime=     0.02583 grad= -3.6803e-04
  drive=     2.49133 grad= -1.1847e-02
  outGain=     0.45007 grad= -2.7173e-02
  vco2Level=     0.62387 grad=  1.4869e-01
  vco2Detune=     0.31963 grad=  1.3592e-02
  satGain=     2.40945 grad= -2.3184e-02
  satBias=    -0.10632 grad= -3.9044e-02
  satA2=     0.20059 grad=  6.6206e-02
  satA3=    -0.05472 grad= -1.5714e-01
  satA5=     0.00024 grad= -5.2161e-01
  filtSat=     1.07094 grad= -3.4703e-02
epoch=500 loss=1.445698
  shape=     0.70201 grad= -3.8505e-02
  pw=     0.48044 grad= -1.4866e+01
  fBase=   305.13831 grad=  3.8343e-02
  fAmt=   892.10358 grad=  4.0920e-02
  fDecay=     0.16328 grad=  1.7441e-02
  res=     0.86809 grad=  2.9530e-03
  attackTime=     0.00861 grad= -5.1783e-03
  decayTime=     0.21213 grad= -7.0587e-03
  sustain=     0.07303 grad= -2.4529e-02
  releaseTime=     0.02585 grad=  1.7205e-03
  drive=     2.48552 grad=  9.2711e-03
  outGain=     0.45071 grad= -1.1294e-02
  vco2Level=     0.62038 grad= -3.8402e-02
  vco2Detune=     0.31967 grad= -6.7716e-02
  satGain=     2.42416 grad=  5.7696e-03
  satBias=    -0.10765 grad=  4.0589e-02
  satA2=     0.20251 grad= -1.0757e-01
  satA3=    -0.05547 grad=  7.8026e-02
  satA5=     0.00062 grad=  1.4965e-01
  filtSat=     1.07617 grad=  2.0628e-02
epoch=510 loss=1.445313
  shape=     0.70242 grad= -1.4542e-02
  pw=     0.48043 grad= -1.7242e+01
  fBase=   303.52158 grad=  4.2024e-02
  fAmt=   897.04230 grad=  4.8248e-02
  fDecay=     0.16001 grad=  1.4169e-02
  res=     0.86623 grad=  3.3188e-03
  attackTime=     0.00864 grad= -6.6654e-03
  decayTime=     0.21512 grad= -1.5307e-03
  sustain=     0.07415 grad= -1.3508e-05
  releaseTime=     0.02583 grad=  2.1446e-03
  drive=     2.48079 grad=  1.6011e-02
  outGain=     0.45141 grad= -5.0699e-03
  vco2Level=     0.61820 grad= -4.4416e-02
  vco2Detune=     0.31980 grad= -2.0645e-03
  satGain=     2.43305 grad=  1.0255e-02
  satBias=    -0.10910 grad=  3.7742e-02
  satA2=     0.20443 grad= -9.2962e-02
  satA3=    -0.05585 grad=  8.7241e-02
  satA5=     0.00138 grad=  2.0185e-01
  filtSat=     1.07660 grad=  1.6495e-02
epoch=520 loss=1.445498
  shape=     0.70267 grad= -6.0255e-02
  pw=     0.48053 grad=  3.3901e+01
  fBase=   301.70316 grad= -1.3625e-02
  fAmt=   898.42267 grad= -6.6827e-02
  fDecay=     0.15836 grad= -2.1129e-02
  res=     0.86509 grad= -4.0487e-03
  attackTime=     0.00868 grad=  1.4119e-03
  decayTime=     0.21718 grad= -7.8580e-03
  sustain=     0.07466 grad= -1.0378e-02
  releaseTime=     0.02580 grad= -5.4592e-04
  drive=     2.47480 grad= -7.7107e-03
  outGain=     0.45207 grad= -2.6349e-02
  vco2Level=     0.61683 grad=  1.0873e-01
  vco2Detune=     0.31992 grad= -1.5584e-02
  satGain=     2.43367 grad= -1.7653e-02
  satBias=    -0.11020 grad= -2.7208e-02
  satA2=     0.20573 grad=  5.0081e-02
  satA3=    -0.05596 grad= -9.8708e-02
  satA5=     0.00214 grad= -3.1505e-01
  filtSat=     1.07615 grad= -2.3784e-02
epoch=530 loss=1.444253
  shape=     0.70307 grad= -7.0151e-03
  pw=     0.48045 grad= -1.4011e+01
  fBase=   300.08643 grad=  4.0246e-02
  fAmt=   899.63586 grad=  3.5539e-02
  fDecay=     0.15866 grad=  1.5460e-02
  res=     0.86345 grad=  2.7472e-03
  attackTime=     0.00870 grad=  2.0930e-03
  decayTime=     0.21870 grad=  4.1752e-03
  sustain=     0.07480 grad=  2.1906e-02
  releaseTime=     0.02574 grad=  8.3247e-03
  drive=     2.46972 grad=  6.9283e-03
  outGain=     0.45280 grad= -1.0169e-02
  vco2Level=     0.61556 grad= -7.1848e-02
  vco2Detune=     0.31999 grad=  1.0941e-02
  satGain=     2.44310 grad=  1.0797e-02
  satBias=    -0.11157 grad=  3.0691e-02
  satA2=     0.20753 grad= -7.7406e-02
  satA3=    -0.05679 grad=  2.8916e-02
  satA5=     0.00193 grad= -1.7698e-03
  filtSat=     1.07644 grad=  1.8399e-02
epoch=540 loss=1.444122
  shape=     0.70337 grad= -5.1351e-03
  pw=     0.48044 grad= -1.8773e+01
  fBase=   298.41977 grad=  3.8906e-02
  fAmt=   902.15472 grad=  5.4834e-02
  fDecay=     0.15799 grad=  1.1499e-02
  res=     0.86070 grad=  4.2746e-03
  attackTime=     0.00869 grad= -3.8394e-03
  decayTime=     0.21893 grad= -2.3770e-03
  sustain=     0.07455 grad= -2.0491e-03
  releaseTime=     0.02562 grad=  4.8587e-03
  drive=     2.46650 grad=  1.2025e-02
  outGain=     0.45348 grad= -7.2617e-03
  vco2Level=     0.61536 grad= -7.5665e-02
  vco2Detune=     0.31993 grad= -2.7057e-03
  satGain=     2.45072 grad=  8.1565e-03
  satBias=    -0.11276 grad=  4.0077e-02
  satA2=     0.20916 grad= -1.0613e-01
  satA3=    -0.05670 grad=  9.0162e-02
  satA5=     0.00303 grad=  2.1088e-01
  filtSat=     1.07629 grad=  1.9958e-02
epoch=550 loss=1.444351
  shape=     0.70359 grad= -3.5255e-02
  pw=     0.48052 grad=  3.7814e+01
  fBase=   296.91183 grad= -1.7532e-02
  fAmt=   901.90582 grad= -7.6958e-02
  fDecay=     0.15796 grad= -1.8881e-02
  res=     0.85582 grad= -3.4243e-03
  attackTime=     0.00869 grad=  2.9008e-03
  decayTime=     0.21986 grad= -3.9887e-03
  sustain=     0.07458 grad= -6.2898e-03
  releaseTime=     0.02551 grad=  2.5741e-03
  drive=     2.46254 grad= -5.2183e-03
  outGain=     0.45409 grad= -1.8361e-02
  vco2Level=     0.61556 grad=  1.0305e-01
  vco2Detune=     0.31992 grad=  9.9670e-03
  satGain=     2.45757 grad= -2.1704e-02
  satBias=    -0.11402 grad= -3.0136e-02
  satA2=     0.21082 grad=  5.6073e-02
  satA3=    -0.05698 grad= -1.1973e-01
  satA5=     0.00355 grad= -4.1376e-01
  filtSat=     1.07523 grad= -3.0353e-02
epoch=560 loss=1.443429
  shape=     0.70371 grad=  1.4284e-02
  pw=     0.48045 grad= -1.3820e+01
  fBase=   295.60693 grad=  3.1738e-02
  fAmt=   902.57428 grad=  3.8519e-02
  fDecay=     0.15826 grad=  9.0885e-03
  res=     0.85271 grad=  1.9371e-03
  attackTime=     0.00870 grad= -6.8401e-04
  decayTime=     0.22050 grad= -1.0429e-03
  sustain=     0.07461 grad= -3.7753e-03
  releaseTime=     0.02544 grad=  8.6309e-04
  drive=     2.45734 grad=  8.6697e-03
  outGain=     0.45456 grad= -7.0265e-03
  vco2Level=     0.61529 grad= -4.4362e-02
  vco2Detune=     0.31996 grad=  1.3745e-04
  satGain=     2.46344 grad=  8.5381e-03
  satBias=    -0.11492 grad=  2.5984e-02
  satA2=     0.21202 grad= -6.5063e-02
  satA3=    -0.05719 grad=  6.4279e-02
  satA5=     0.00409 grad=  1.4087e-01
  filtSat=     1.07721 grad=  1.4598e-02
epoch=570 loss=1.443418
  shape=     0.70375 grad=  1.6091e-02
  pw=     0.48044 grad= -1.7181e+01
  fBase=   294.37698 grad=  3.4748e-02
  fAmt=   902.78931 grad=  4.7442e-02
  fDecay=     0.15836 grad=  1.0822e-02
  res=     0.85156 grad=  2.3848e-03
  attackTime=     0.00869 grad= -1.2602e-03
  decayTime=     0.22116 grad= -5.5851e-04
  sustain=     0.07474 grad= -3.9848e-03
  releaseTime=     0.02540 grad= -3.0318e-04
  drive=     2.45338 grad=  1.1018e-02
  outGain=     0.45502 grad= -4.8332e-03
  vco2Level=     0.61504 grad= -5.1287e-02
  vco2Detune=     0.31998 grad= -1.2182e-02
  satGain=     2.46682 grad=  9.9236e-03
  satBias=    -0.11558 grad=  3.0357e-02
  satA2=     0.21287 grad= -7.7103e-02
  satA3=    -0.05730 grad=  9.0291e-02
  satA5=     0.00464 grad=  2.2724e-01
  filtSat=     1.07813 grad=  1.6645e-02
epoch=580 loss=1.443754
  shape=     0.70375 grad= -1.3939e-02
  pw=     0.48051 grad=  3.4168e+01
  fBase=   293.21252 grad= -1.5575e-02
  fAmt=   902.22406 grad= -6.8400e-02
  fDecay=     0.15848 grad= -1.6442e-02
  res=     0.85106 grad= -3.8451e-03
  attackTime=     0.00868 grad=  5.1854e-03
  decayTime=     0.22186 grad= -3.5736e-03
  sustain=     0.07495 grad= -1.1217e-02
  releaseTime=     0.02540 grad= -9.4849e-04
  drive=     2.44974 grad= -6.5200e-03
  outGain=     0.45546 grad= -1.8647e-02
  vco2Level=     0.61480 grad=  9.1807e-02
  vco2Detune=     0.32000 grad=  1.6729e-02
  satGain=     2.46958 grad= -1.8510e-02
  satBias=    -0.11620 grad= -3.1395e-02
  satA2=     0.21363 grad=  6.8914e-02
  satA3=    -0.05764 grad= -1.1538e-01
  satA5=     0.00482 grad= -3.8879e-01
  filtSat=     1.07837 grad= -2.6765e-02
epoch=590 loss=1.443054
  shape=     0.70372 grad=  1.5378e-02
  pw=     0.48045 grad= -1.1732e+01
  fBase=   292.17944 grad=  2.6341e-02
  fAmt=   902.55231 grad=  3.1385e-02
  fDecay=     0.15868 grad=  6.0430e-03
  res=     0.85177 grad=  1.3025e-03
  attackTime=     0.00867 grad= -1.4187e-04
  decayTime=     0.22235 grad= -1.2265e-03
  sustain=     0.07512 grad= -5.6036e-03
  releaseTime=     0.02540 grad= -6.3075e-05
  drive=     2.44647 grad=  7.2010e-03
  outGain=     0.45587 grad= -7.7753e-03
  vco2Level=     0.61442 grad= -3.3630e-02
  vco2Detune=     0.32002 grad=  2.5239e-03
  satGain=     2.47171 grad=  6.4192e-03
  satBias=    -0.11655 grad=  1.9773e-02
  satA2=     0.21409 grad= -5.0893e-02
  satA3=    -0.05776 grad=  6.1306e-02
  satA5=     0.00519 grad=  1.4965e-01
  filtSat=     1.07989 grad=  1.0916e-02
epoch=600 loss=1.443042
  shape=     0.70367 grad=  2.1594e-02
  pw=     0.48045 grad= -1.5126e+01
  fBase=   291.20248 grad=  2.9362e-02
  fAmt=   902.44720 grad=  3.8076e-02
  fDecay=     0.15892 grad=  7.9288e-03
  res=     0.85237 grad=  1.7578e-03
  attackTime=     0.00865 grad= -6.0943e-04
  decayTime=     0.22283 grad= -4.2001e-04
  sustain=     0.07529 grad= -2.9442e-03
  releaseTime=     0.02541 grad=  5.5821e-04
  drive=     2.44349 grad=  8.8141e-03
  outGain=     0.45627 grad= -6.2207e-03
  vco2Level=     0.61416 grad= -4.2877e-02
  vco2Detune=     0.32003 grad=  2.1351e-02
  satGain=     2.47328 grad=  9.2168e-03
  satBias=    -0.11686 grad=  2.2329e-02
  satA2=     0.21448 grad= -5.5188e-02
  satA3=    -0.05794 grad=  7.0951e-02
  satA5=     0.00542 grad=  1.7961e-01
  filtSat=     1.08099 grad=  1.2914e-02
epoch=610 loss=1.443299
  shape=     0.70361 grad= -3.1104e-03
  pw=     0.48051 grad=  2.8673e+01
  fBase=   290.26379 grad= -1.0732e-02
  fAmt=   901.96869 grad= -5.3808e-02
  fDecay=     0.15914 grad= -1.3969e-02
  res=     0.85280 grad= -3.1084e-03
  attackTime=     0.00864 grad=  4.4770e-03
  decayTime=     0.22325 grad= -2.7470e-03
  sustain=     0.07544 grad= -9.2616e-03
  releaseTime=     0.02540 grad= -2.9583e-04
  drive=     2.44055 grad= -4.3509e-03
  outGain=     0.45665 grad= -1.6540e-02
  vco2Level=     0.61400 grad=  7.2997e-02
  vco2Detune=     0.32002 grad= -1.5228e-02
  satGain=     2.47427 grad= -1.4748e-02
  satBias=    -0.11716 grad= -2.5774e-02
  satA2=     0.21485 grad=  5.9083e-02
  satA3=    -0.05816 grad= -9.3874e-02
  satA5=     0.00555 grad= -3.1806e-01
  filtSat=     1.08181 grad= -2.2115e-02
epoch=620 loss=1.442797
  shape=     0.70355 grad=  1.7203e-02
  pw=     0.48045 grad= -1.0152e+01
  fBase=   289.43619 grad=  2.2978e-02
  fAmt=   902.01605 grad=  2.5729e-02
  fDecay=     0.15945 grad=  4.6236e-03
  res=     0.85366 grad=  9.4756e-04
  attackTime=     0.00863 grad=  2.8883e-04
  decayTime=     0.22361 grad= -8.0055e-04
  sustain=     0.07559 grad= -4.6663e-03
  releaseTime=     0.02540 grad=  1.4388e-04
  drive=     2.43792 grad=  6.4170e-03
  outGain=     0.45702 grad= -7.9495e-03
  vco2Level=     0.61376 grad= -2.8634e-02
  vco2Detune=     0.32002 grad=  7.0651e-03
  satGain=     2.47552 grad=  6.0338e-03
  satBias=    -0.11735 grad=  1.5398e-02
  satA2=     0.21510 grad= -3.8708e-02
  satA3=    -0.05829 grad=  5.0155e-02
  satA5=     0.00575 grad=  1.2066e-01
  filtSat=     1.08327 grad=  8.5022e-03
epoch=630 loss=1.442791
  shape=     0.70349 grad=  2.2953e-02
  pw=     0.48045 grad= -1.2920e+01
  fBase=   288.65100 grad=  2.6207e-02
  fAmt=   901.92609 grad=  3.2532e-02
  fDecay=     0.15972 grad=  7.0241e-03
  res=     0.85460 grad=  1.2915e-03
  attackTime=     0.00862 grad= -3.4813e-04
  decayTime=     0.22395 grad= -4.2411e-04
  sustain=     0.07573 grad= -4.0477e-03
  releaseTime=     0.02540 grad=  7.5588e-06
  drive=     2.43548 grad=  7.9615e-03
  outGain=     0.45737 grad= -6.3115e-03
  vco2Level=     0.61360 grad= -3.7482e-02
  vco2Detune=     0.32003 grad=  9.4374e-03
  satGain=     2.47634 grad=  8.6245e-03
  satBias=    -0.11752 grad=  1.8375e-02
  satA2=     0.21531 grad= -4.4622e-02
  satA3=    -0.05842 grad=  6.1103e-02
  satA5=     0.00590 grad=  1.5462e-01
  filtSat=     1.08448 grad=  1.0698e-02
epoch=640 loss=1.442958
  shape=     0.70342 grad= -4.8001e-03
  pw=     0.48050 grad=  2.4237e+01
  fBase=   287.88757 grad= -8.0220e-03
  fAmt=   901.61487 grad= -4.6799e-02
  fDecay=     0.15987 grad= -1.1933e-02
  res=     0.85551 grad= -2.7689e-03
  attackTime=     0.00861 grad=  3.9139e-03
  decayTime=     0.22426 grad= -2.7771e-03
  sustain=     0.07586 grad= -9.5116e-03
  releaseTime=     0.02540 grad= -3.9471e-04
  drive=     2.43314 grad= -4.0505e-03
  outGain=     0.45771 grad= -1.6714e-02
  vco2Level=     0.61351 grad=  6.4078e-02
  vco2Detune=     0.32004 grad= -8.6868e-03
  satGain=     2.47674 grad= -1.3352e-02
  satBias=    -0.11769 grad= -2.2275e-02
  satA2=     0.21551 grad=  5.1225e-02
  satA3=    -0.05859 grad= -7.7993e-02
  satA5=     0.00599 grad= -2.6484e-01
  filtSat=     1.08534 grad= -1.8904e-02
epoch=650 loss=1.442608
  shape=     0.70336 grad=  1.8442e-02
  pw=     0.48046 grad= -8.9741e+00
  fBase=   287.21185 grad=  2.0855e-02
  fAmt=   901.75171 grad=  2.1755e-02
  fDecay=     0.16010 grad=  4.2341e-03
  res=     0.85679 grad=  6.6218e-04
  attackTime=     0.00860 grad=  2.1762e-04
  decayTime=     0.22461 grad= -1.4161e-03
  sustain=     0.07601 grad= -6.7557e-03
  releaseTime=     0.02541 grad=  1.8633e-04
  drive=     2.43128 grad=  5.1285e-03
  outGain=     0.45804 grad= -8.9114e-03
  vco2Level=     0.61334 grad= -2.4752e-02
  vco2Detune=     0.32004 grad= -5.9181e-05
  satGain=     2.47762 grad=  5.6181e-03
  satBias=    -0.11779 grad=  1.2331e-02
  satA2=     0.21565 grad= -3.0204e-02
  satA3=    -0.05870 grad=  4.1811e-02
  satA5=     0.00612 grad=  9.8801e-02
  filtSat=     1.08650 grad=  7.4011e-03
epoch=660 loss=1.442594
  shape=     0.70330 grad=  2.1382e-02
  pw=     0.48045 grad= -1.0974e+01
  fBase=   286.55948 grad=  2.3029e-02
  fAmt=   901.73883 grad=  2.6705e-02
  fDecay=     0.16026 grad=  5.6125e-03
  res=     0.85797 grad=  9.5988e-04
  attackTime=     0.00859 grad= -5.1249e-04
  decayTime=     0.22495 grad= -1.3653e-03
  sustain=     0.07615 grad= -7.0204e-03
  releaseTime=     0.02541 grad=  1.5597e-04
  drive=     2.42953 grad=  6.2003e-03
  outGain=     0.45836 grad= -7.9887e-03
  vco2Level=     0.61321 grad= -3.0789e-02
  vco2Detune=     0.32005 grad=  4.7380e-03
  satGain=     2.47819 grad=  7.1480e-03
  satBias=    -0.11789 grad=  1.4624e-02
  satA2=     0.21577 grad= -3.5384e-02
  satA3=    -0.05882 grad=  4.9880e-02
  satA5=     0.00621 grad=  1.2339e-01
  filtSat=     1.08742 grad=  8.8864e-03
epoch=670 loss=1.442704
  shape=     0.70324 grad=  3.2724e-03
  pw=     0.48050 grad=  1.9337e+01
  fBase=   285.92371 grad= -3.0170e-03
  fAmt=   901.58087 grad= -3.7812e-02
  fDecay=     0.16036 grad= -8.6783e-03
  res=     0.85899 grad= -2.3008e-03
  attackTime=     0.00858 grad=  3.0230e-03
  decayTime=     0.22529 grad= -1.8228e-03
  sustain=     0.07630 grad= -7.4662e-03
  releaseTime=     0.02541 grad= -8.8053e-05
  drive=     2.42780 grad= -2.0799e-03
  outGain=     0.45866 grad= -1.4435e-02
  vco2Level=     0.61311 grad=  5.2546e-02
  vco2Detune=     0.32005 grad= -7.8631e-03
  satGain=     2.47850 grad= -1.0398e-02
  satBias=    -0.11799 grad= -1.7768e-02
  satA2=     0.21589 grad=  4.1811e-02
  satA3=    -0.05897 grad= -5.9859e-02
  satA5=     0.00626 grad= -2.0948e-01
  filtSat=     1.08815 grad= -1.5684e-02
epoch=680 loss=1.442448
  shape=     0.70318 grad=  1.9213e-02
  pw=     0.48046 grad= -7.7203e+00
  fBase=   285.34308 grad=  1.9523e-02
  fAmt=   901.78442 grad=  1.7607e-02
  fDecay=     0.16048 grad=  3.5764e-03
  res=     0.86010 grad=  5.7567e-04
  attackTime=     0.00857 grad=  3.5476e-05
  decayTime=     0.22560 grad= -1.4587e-03
  sustain=     0.07643 grad= -6.9644e-03
  releaseTime=     0.02540 grad=  1.7130e-04
  drive=     2.42629 grad=  4.7145e-03
  outGain=     0.45895 grad= -9.2288e-03
  vco2Level=     0.61297 grad= -2.0528e-02
  vco2Detune=     0.32005 grad=  1.5166e-02
  satGain=     2.47907 grad=  4.3871e-03
  satBias=    -0.11805 grad=  1.0348e-02
  satA2=     0.21597 grad= -2.5816e-02
  satA3=    -0.05906 grad=  3.6382e-02
  satA5=     0.00636 grad=  8.2392e-02
  filtSat=     1.08919 grad=  5.7187e-03
epoch=690 loss=1.442438
  shape=     0.70311 grad=  2.2219e-02
  pw=     0.48046 grad= -9.2703e+00
  fBase=   284.78427 grad=  2.1345e-02
  fAmt=   901.90845 grad=  2.1692e-02
  fDecay=     0.16058 grad=  4.6902e-03
  res=     0.86095 grad=  9.1525e-04
  attackTime=     0.00857 grad= -2.0190e-04
  decayTime=     0.22590 grad= -1.1976e-03
  sustain=     0.07656 grad= -6.4800e-03
  releaseTime=     0.02540 grad=  2.1596e-04
  drive=     2.42485 grad=  5.7085e-03
  outGain=     0.45922 grad= -8.3033e-03
  vco2Level=     0.61286 grad= -2.6043e-02
  vco2Detune=     0.32006 grad=  1.1854e-02
  satGain=     2.47951 grad=  5.9763e-03
  satBias=    -0.11810 grad=  1.2050e-02
  satA2=     0.21604 grad= -2.9092e-02
  satA3=    -0.05916 grad=  4.3308e-02
  satA5=     0.00643 grad=  1.0482e-01
  filtSat=     1.09009 grad=  6.9318e-03
epoch=700 loss=1.442496
  shape=     0.70305 grad=  6.9288e-03
  pw=     0.48049 grad=  1.6129e+01
  fBase=   284.24704 grad= -6.0475e-04
  fAmt=   901.87488 grad= -3.1374e-02
  fDecay=     0.16066 grad= -7.6356e-03
  res=     0.86149 grad= -1.8082e-03
  attackTime=     0.00856 grad=  2.7349e-03
  decayTime=     0.22619 grad= -1.9074e-03
  sustain=     0.07668 grad= -8.0596e-03
  releaseTime=     0.02540 grad=  6.6477e-05
  drive=     2.42347 grad= -1.4011e-03
  outGain=     0.45948 grad= -1.3915e-02
  vco2Level=     0.61281 grad=  4.2118e-02
  vco2Detune=     0.32006 grad= -2.2280e-02
  satGain=     2.47978 grad= -8.9381e-03
  satBias=    -0.11817 grad= -1.4563e-02
  satA2=     0.21612 grad=  3.3912e-02
  satA3=    -0.05928 grad= -4.8299e-02
  satA5=     0.00646 grad= -1.7246e-01
  filtSat=     1.09076 grad= -1.3213e-02
epoch=710 loss=1.442323
  shape=     0.70300 grad=  1.9033e-02
  pw=     0.48046 grad= -6.8978e+00
  fBase=   283.76382 grad=  1.8075e-02
  fAmt=   902.05011 grad=  1.5810e-02
  fDecay=     0.16077 grad=  2.8648e-03
  res=     0.86201 grad=  6.5003e-04
  attackTime=     0.00856 grad=  2.6902e-04
  decayTime=     0.22648 grad= -1.6341e-03
  sustain=     0.07680 grad= -7.7171e-03
  releaseTime=     0.02540 grad=  3.1595e-04
  drive=     2.42228 grad=  4.1286e-03
  outGain=     0.45972 grad= -9.6133e-03
  vco2Level=     0.61273 grad= -1.8158e-02
  vco2Detune=     0.32008 grad= -3.1991e-03
  satGain=     2.48024 grad=  3.7542e-03
  satBias=    -0.11821 grad=  9.1871e-03
  satA2=     0.21617 grad= -2.3144e-02
  satA3=    -0.05936 grad=  3.2550e-02
  satA5=     0.00654 grad=  7.0353e-02
  filtSat=     1.09160 grad=  5.1008e-03
epoch=720 loss=1.442311
  shape=     0.70294 grad=  1.9305e-02
  pw=     0.48046 grad= -8.0095e+00
  fBase=   283.30673 grad=  1.9274e-02
  fAmt=   902.15430 grad=  1.7104e-02
  fDecay=     0.16085 grad=  4.0450e-03
  res=     0.86237 grad=  7.8323e-04
  attackTime=     0.00855 grad=  2.8055e-04
  decayTime=     0.22674 grad= -1.2912e-03
  sustain=     0.07691 grad= -6.9152e-03
  releaseTime=     0.02540 grad=  2.6564e-04
  drive=     2.42116 grad=  4.4645e-03
  outGain=     0.45995 grad= -9.1699e-03
  vco2Level=     0.61267 grad= -2.1133e-02
  vco2Detune=     0.32010 grad=  5.8375e-03
  satGain=     2.48063 grad=  4.5232e-03
  satBias=    -0.11825 grad=  9.9310e-03
  satA2=     0.21622 grad= -2.4367e-02
  satA3=    -0.05945 grad=  3.4985e-02
  satA5=     0.00659 grad=  7.8018e-02
  filtSat=     1.09230 grad=  5.7261e-03
epoch=730 loss=1.442331
  shape=     0.70289 grad=  5.9027e-03
  pw=     0.48049 grad=  1.2555e+01
  fBase=   282.86963 grad=  1.4128e-03
  fAmt=   902.18317 grad= -2.6566e-02
  fDecay=     0.16089 grad= -6.1146e-03
  res=     0.86258 grad= -1.3828e-03
  attackTime=     0.00854 grad=  2.5850e-03
  decayTime=     0.22698 grad= -1.3479e-03
  sustain=     0.07702 grad= -6.9137e-03
  releaseTime=     0.02539 grad=  9.0874e-05
  drive=     2.42008 grad= -6.3657e-04
  outGain=     0.46017 grad= -1.3064e-02
  vco2Level=     0.61262 grad=  3.5683e-02
  vco2Detune=     0.32013 grad= -3.9887e-03
  satGain=     2.48094 grad= -7.7213e-03
  satBias=    -0.11830 grad= -1.1972e-02
  satA2=     0.21628 grad=  2.8014e-02
  satA3=    -0.05955 grad= -3.8893e-02
  satA5=     0.00663 grad= -1.4625e-01
  filtSat=     1.09288 grad= -1.1420e-02
epoch=740 loss=1.442222
  shape=     0.70285 grad=  1.8459e-02
  pw=     0.48046 grad= -6.0611e+00
  fBase=   282.47375 grad=  1.6981e-02
  fAmt=   902.39423 grad=  1.2191e-02
  fDecay=     0.16095 grad=  2.6530e-03
  res=     0.86278 grad=  5.5532e-04
  attackTime=     0.00854 grad=  4.3502e-04
  decayTime=     0.22718 grad= -1.3428e-03
  sustain=     0.07711 grad= -7.3250e-03
  releaseTime=     0.02539 grad=  1.9430e-04
  drive=     2.41909 grad=  3.8057e-03
  outGain=     0.46037 grad= -9.6146e-03
  vco2Level=     0.61254 grad= -1.4796e-02
  vco2Detune=     0.32015 grad= -2.4355e-03
  satGain=     2.48143 grad=  3.0089e-03
  satBias=    -0.11832 grad=  7.2767e-03
  satA2=     0.21632 grad= -1.8157e-02
  satA3=    -0.05962 grad=  2.6640e-02
  satA5=     0.00669 grad=  5.3291e-02
  filtSat=     1.09364 grad=  3.6760e-03
epoch=750 loss=1.442207
  shape=     0.70281 grad=  1.6882e-02
  pw=     0.48046 grad= -6.7943e+00
  fBase=   282.09796 grad=  1.7119e-02
  fAmt=   902.48596 grad=  1.3411e-02
  fDecay=     0.16100 grad=  2.6590e-03
  res=     0.86285 grad=  6.4718e-04
  attackTime=     0.00853 grad=  3.6559e-04
  decayTime=     0.22739 grad= -1.5241e-03
  sustain=     0.07721 grad= -7.9478e-03
  releaseTime=     0.02539 grad=  2.9178e-05
  drive=     2.41819 grad=  3.6836e-03
  outGain=     0.46056 grad= -9.9323e-03
  vco2Level=     0.61250 grad= -1.6145e-02
  vco2Detune=     0.32016 grad= -1.4807e-02
  satGain=     2.48181 grad=  3.0130e-03
  satBias=    -0.11836 grad=  7.9490e-03
  satA2=     0.21636 grad= -2.0353e-02
  satA3=    -0.05970 grad=  2.9617e-02
  satA5=     0.00673 grad=  6.3024e-02
  filtSat=     1.09423 grad=  4.2344e-03
epoch=760 loss=1.442205
  shape=     0.70277 grad=  6.4680e-03
  pw=     0.48049 grad=  9.7539e+00
  fBase=   281.74628 grad=  3.2734e-03
  fAmt=   902.51874 grad= -2.0718e-02
  fDecay=     0.16104 grad= -5.0548e-03
  res=     0.86285 grad= -1.0116e-03
  attackTime=     0.00853 grad=  2.1376e-03
  decayTime=     0.22759 grad= -1.6602e-03
  sustain=     0.07730 grad= -7.8941e-03
  releaseTime=     0.02539 grad= -6.6384e-05
  drive=     2.41736 grad= -2.7215e-04
  outGain=     0.46075 grad= -1.3037e-02
  vco2Level=     0.61247 grad=  2.7252e-02
  vco2Detune=     0.32018 grad= -3.0280e-02
  satGain=     2.48217 grad= -6.3458e-03
  satBias=    -0.11839 grad= -9.1813e-03
  satA2=     0.21641 grad=  2.0989e-02
  satA3=    -0.05978 grad= -2.9559e-02
  satA5=     0.00676 grad= -1.1605e-01
  filtSat=     1.09472 grad= -9.0669e-03
epoch=770 loss=1.442133
  shape=     0.70273 grad=  1.3543e-02
  pw=     0.48047 grad= -5.6702e+00
  fBase=   281.43100 grad=  1.5259e-02
  fAmt=   902.64886 grad=  9.7045e-03
  fDecay=     0.16112 grad=  1.6104e-03
  res=     0.86292 grad=  4.8031e-04
  attackTime=     0.00853 grad=  5.8581e-04
  decayTime=     0.22777 grad= -8.9536e-04
  sustain=     0.07739 grad= -6.0254e-03
  releaseTime=     0.02539 grad=  9.4823e-05
  drive=     2.41659 grad=  3.7696e-03
  outGain=     0.46092 grad= -9.4429e-03
  vco2Level=     0.61242 grad= -1.0117e-02
  vco2Detune=     0.32023 grad= -2.9949e-02
  satGain=     2.48262 grad=  2.0082e-03
  satBias=    -0.11841 grad=  5.7542e-03
  satA2=     0.21644 grad= -1.4680e-02
  satA3=    -0.05984 grad=  2.2925e-02
  satA5=     0.00680 grad=  4.2756e-02
  filtSat=     1.09534 grad=  2.1147e-03
epoch=780 loss=1.442121
  shape=     0.70271 grad=  1.0684e-02
  pw=     0.48046 grad= -5.9509e+00
  fBase=   281.13232 grad=  1.4953e-02
  fAmt=   902.69324 grad=  1.0278e-02
  fDecay=     0.16118 grad=  1.3890e-03
  res=     0.86293 grad=  5.3708e-04
  attackTime=     0.00852 grad=  5.7818e-04
  decayTime=     0.22790 grad= -1.4232e-03
  sustain=     0.07746 grad= -7.6577e-03
  releaseTime=     0.02539 grad= -9.3948e-05
  drive=     2.41578 grad=  3.3223e-03
  outGain=     0.46107 grad= -9.8604e-03
  vco2Level=     0.61238 grad= -1.1441e-02
  vco2Detune=     0.32027 grad= -6.7199e-03
  satGain=     2.48298 grad=  1.7983e-03
  satBias=    -0.11843 grad=  5.9824e-03
  satA2=     0.21647 grad= -1.5741e-02
  satA3=    -0.05991 grad=  2.3632e-02
  satA5=     0.00683 grad=  4.6033e-02
  filtSat=     1.09594 grad=  2.5086e-03
epoch=790 loss=1.442109
  shape=     0.70268 grad=  7.9373e-03
  pw=     0.48048 grad=  7.6911e+00
  fBase=   280.85724 grad=  4.9051e-03
  fAmt=   902.69281 grad= -1.6275e-02
  fDecay=     0.16125 grad= -3.8841e-03
  res=     0.86292 grad= -8.4109e-04
  attackTime=     0.00852 grad=  2.0822e-03
  decayTime=     0.22804 grad= -1.1509e-03
  sustain=     0.07753 grad= -6.7072e-03
  releaseTime=     0.02539 grad=  1.0751e-04
  drive=     2.41508 grad=  4.6788e-04
  outGain=     0.46121 grad= -1.1779e-02
  vco2Level=     0.61235 grad=  2.1047e-02
  vco2Detune=     0.32028 grad=  1.1078e-02
  satGain=     2.48338 grad= -5.1427e-03
  satBias=    -0.11846 grad= -7.5909e-03
  satA2=     0.21650 grad=  1.7507e-02
  satA3=    -0.05998 grad= -2.1904e-02
  satA5=     0.00685 grad= -8.9884e-02
  filtSat=     1.09646 grad= -7.9045e-03
epoch=800 loss=1.442069
  shape=     0.70266 grad=  9.7822e-03
  pw=     0.48047 grad= -4.3957e+00
  fBase=   280.60223 grad=  1.3917e-02
  fAmt=   902.71820 grad=  7.2401e-03
  fDecay=     0.16131 grad=  1.0152e-03
  res=     0.86293 grad=  3.7167e-04
  attackTime=     0.00852 grad=  8.6840e-04
  decayTime=     0.22816 grad= -9.9560e-04
  sustain=     0.07760 grad= -6.5078e-03
  releaseTime=     0.02539 grad=  1.1247e-04
  drive=     2.41445 grad=  3.1857e-03
  outGain=     0.46135 grad= -9.7042e-03
  vco2Level=     0.61233 grad= -7.1616e-03
  vco2Detune=     0.32028 grad=  1.1754e-04
  satGain=     2.48371 grad=  1.0833e-03
  satBias=    -0.11847 grad=  4.3903e-03
  satA2=     0.21652 grad= -1.1600e-02
  satA3=    -0.06002 grad=  1.8190e-02
  satA5=     0.00688 grad=  2.8746e-02
  filtSat=     1.09698 grad=  1.1684e-03
epoch=810 loss=1.442061
  shape=     0.70264 grad=  1.0789e-02
  pw=     0.48047 grad= -5.3493e+00
  fBase=   280.36322 grad=  1.4742e-02
  fAmt=   902.73199 grad=  9.5644e-03
  fDecay=     0.16136 grad=  1.4666e-03
  res=     0.86293 grad=  4.8253e-04
  attackTime=     0.00851 grad=  7.2590e-04
  decayTime=     0.22827 grad= -1.0093e-03
  sustain=     0.07766 grad= -6.5965e-03
  releaseTime=     0.02539 grad=  1.1657e-04
  drive=     2.41385 grad=  3.4627e-03
  outGain=     0.46147 grad= -9.5148e-03
  vco2Level=     0.61231 grad= -1.0472e-02
  vco2Detune=     0.32028 grad= -1.2963e-03
  satGain=     2.48399 grad=  1.7586e-03
  satBias=    -0.11848 grad=  5.4965e-03
  satA2=     0.21654 grad= -1.4296e-02
  satA3=    -0.06007 grad=  2.2270e-02
  satA5=     0.00691 grad=  4.2061e-02
  filtSat=     1.09747 grad=  2.0544e-03
epoch=820 loss=1.442042
  shape=     0.70262 grad=  5.8586e-03
  pw=     0.48048 grad=  5.7271e+00
  fBase=   280.13831 grad=  5.6307e-03
  fAmt=   902.72083 grad= -1.3439e-02
  fDecay=     0.16141 grad= -3.4720e-03
  res=     0.86294 grad= -7.0198e-04
  attackTime=     0.00851 grad=  2.0115e-03
  decayTime=     0.22837 grad= -1.1332e-03
  sustain=     0.07771 grad= -6.7443e-03
  releaseTime=     0.02539 grad=  7.6471e-05
  drive=     2.41329 grad=  5.8293e-04
  outGain=     0.46159 grad= -1.1591e-02
  vco2Level=     0.61229 grad=  1.8086e-02
  vco2Detune=     0.32027 grad=  1.4285e-02
  satGain=     2.48425 grad= -4.5616e-03
  satBias=    -0.11850 grad= -6.0761e-03
  satA2=     0.21656 grad=  1.3710e-02
  satA3=    -0.06012 grad= -1.6010e-02
  satA5=     0.00693 grad= -7.2723e-02
  filtSat=     1.09789 grad= -6.6517e-03
epoch=830 loss=1.442022
  shape=     0.70260 grad=  1.0636e-02
  pw=     0.48047 grad= -4.0078e+00
  fBase=   279.93161 grad=  1.3279e-02
  fAmt=   902.76129 grad=  5.8267e-03
  fDecay=     0.16146 grad=  8.3792e-04
  res=     0.86299 grad=  2.8641e-04
  attackTime=     0.00851 grad=  9.6375e-04
  decayTime=     0.22847 grad= -1.1392e-03
  sustain=     0.07776 grad= -6.9462e-03
  releaseTime=     0.02539 grad=  9.3076e-05
  drive=     2.41281 grad=  2.6378e-03
  outGain=     0.46170 grad= -1.0069e-02
  vco2Level=     0.61227 grad= -7.2827e-03
  vco2Detune=     0.32027 grad= -6.2841e-03
  satGain=     2.48454 grad=  9.5822e-04
  satBias=    -0.11850 grad=  3.4329e-03
  satA2=     0.21657 grad= -8.7778e-03
  satA3=    -0.06016 grad=  1.4562e-02
  satA5=     0.00696 grad=  1.8816e-02
  filtSat=     1.09831 grad=  9.5081e-04
epoch=840 loss=1.442012
  shape=     0.70259 grad=  1.0022e-02
  pw=     0.48047 grad= -4.8029e+00
  fBase=   279.73413 grad=  1.3968e-02
  fAmt=   902.77899 grad=  7.4399e-03
  fDecay=     0.16150 grad=  1.2392e-03
  res=     0.86301 grad=  3.9399e-04
  attackTime=     0.00850 grad=  7.9964e-04
  decayTime=     0.22856 grad= -1.0845e-03
  sustain=     0.07781 grad= -6.8655e-03
  releaseTime=     0.02539 grad=  9.5450e-05
  drive=     2.41235 grad=  3.0264e-03
  outGain=     0.46181 grad= -9.7077e-03
  vco2Level=     0.61226 grad= -9.1509e-03
  vco2Detune=     0.32027 grad= -2.1467e-03
  satGain=     2.48478 grad=  1.3596e-03
  satBias=    -0.11851 grad=  4.4699e-03
  satA2=     0.21658 grad= -1.1483e-02
  satA3=    -0.06020 grad=  1.8452e-02
  satA5=     0.00698 grad=  3.0127e-02
  filtSat=     1.09868 grad=  1.5193e-03
epoch=850 loss=1.441997
  shape=     0.70257 grad=  5.7784e-03
  pw=     0.48048 grad=  4.1470e+00
  fBase=   279.54504 grad=  5.9397e-03
  fAmt=   902.77637 grad= -1.1704e-02
  fDecay=     0.16154 grad= -3.4473e-03
  res=     0.86301 grad= -5.5823e-04
  attackTime=     0.00850 grad=  1.7943e-03
  decayTime=     0.22864 grad= -1.1673e-03
  sustain=     0.07786 grad= -6.7697e-03
  releaseTime=     0.02539 grad=  6.1893e-05
  drive=     2.41189 grad=  8.8988e-04
  outGain=     0.46190 grad= -1.1175e-02
  vco2Level=     0.61225 grad=  1.6269e-02
  vco2Detune=     0.32026 grad=  1.1833e-02
  satGain=     2.48498 grad= -4.1221e-03
  satBias=    -0.11852 grad= -5.3028e-03
  satA2=     0.21660 grad=  1.1916e-02
  satA3=    -0.06024 grad= -1.1541e-02
  satA5=     0.00700 grad= -5.7871e-02
  filtSat=     1.09902 grad= -6.1281e-03
epoch=860 loss=1.441983
  shape=     0.70256 grad=  1.0199e-02
  pw=     0.48047 grad= -3.6036e+00
  fBase=   279.36902 grad=  1.2746e-02
  fAmt=   902.80701 grad=  4.7673e-03
  fDecay=     0.16159 grad=  6.3932e-04
  res=     0.86301 grad=  2.7697e-04
  attackTime=     0.00850 grad=  7.7470e-04
  decayTime=     0.22872 grad= -1.0693e-03
  sustain=     0.07791 grad= -6.8096e-03
  releaseTime=     0.02539 grad=  9.1279e-05
  drive=     2.41146 grad=  2.8760e-03
  outGain=     0.46200 grad= -9.5737e-03
  vco2Level=     0.61224 grad= -5.6038e-03
  vco2Detune=     0.32026 grad= -9.1442e-03
  satGain=     2.48522 grad=  8.7736e-04
  satBias=    -0.11853 grad=  2.8790e-03
  satA2=     0.21661 grad= -7.0829e-03
  satA3=    -0.06028 grad=  1.3530e-02
  satA5=     0.00703 grad=  1.5878e-02
  filtSat=     1.09938 grad=  3.4468e-04
epoch=870 loss=1.441974
  shape=     0.70255 grad=  9.5004e-03
  pw=     0.48047 grad= -4.3753e+00
  fBase=   279.19855 grad=  1.3329e-02
  fAmt=   902.81946 grad=  6.3952e-03
  fDecay=     0.16164 grad=  9.7820e-04
  res=     0.86298 grad=  3.5711e-04
  attackTime=     0.00850 grad=  6.9239e-04
  decayTime=     0.22881 grad= -1.1234e-03
  sustain=     0.07795 grad= -7.0332e-03
  releaseTime=     0.02539 grad=  9.1351e-05
  drive=     2.41103 grad=  3.0481e-03
  outGain=     0.46209 grad= -9.4769e-03
  vco2Level=     0.61223 grad= -7.2645e-03
  vco2Detune=     0.32026 grad= -6.0341e-03
  satGain=     2.48543 grad=  1.1537e-03
  satBias=    -0.11854 grad=  3.8432e-03
  satA2=     0.21662 grad= -9.7499e-03
  satA3=    -0.06032 grad=  1.6736e-02
  satA5=     0.00704 grad=  2.4971e-02
  filtSat=     1.09973 grad=  9.7995e-04
epoch=880 loss=1.441958
  shape=     0.70253 grad=  7.3141e-03
  pw=     0.48048 grad=  3.2675e+00
  fBase=   279.02954 grad=  7.3341e-03
  fAmt=   902.80701 grad= -9.0170e-03
  fDecay=     0.16167 grad= -2.4931e-03
  res=     0.86295 grad= -4.2122e-04
  attackTime=     0.00849 grad=  1.6563e-03
  decayTime=     0.22889 grad= -9.9484e-04
  sustain=     0.07799 grad= -6.3025e-03
  releaseTime=     0.02539 grad=  2.5312e-05
  drive=     2.41059 grad=  1.1433e-03
  outGain=     0.46218 grad= -1.0904e-02
  vco2Level=     0.61222 grad=  1.2257e-02
  vco2Detune=     0.32027 grad=  7.1954e-03
  satGain=     2.48560 grad= -3.1615e-03
  satBias=    -0.11855 grad= -4.0216e-03
  satA2=     0.21663 grad=  9.1570e-03
  satA3=    -0.06036 grad= -8.5915e-03
  satA5=     0.00706 grad= -4.9812e-02
  filtSat=     1.10004 grad= -4.9464e-03
epoch=890 loss=1.441947
  shape=     0.70252 grad=  8.6027e-03
  pw=     0.48047 grad= -3.1679e+00
  fBase=   278.86420 grad=  1.2049e-02
  fAmt=   902.82251 grad=  3.9020e-03
  fDecay=     0.16171 grad=  1.0835e-04
  res=     0.86292 grad=  2.3260e-04
  attackTime=     0.00849 grad=  8.8560e-04
  decayTime=     0.22896 grad= -1.2145e-03
  sustain=     0.07804 grad= -7.1116e-03
  releaseTime=     0.02539 grad=  6.1645e-05
  drive=     2.41018 grad=  2.5471e-03
  outGain=     0.46227 grad= -9.9049e-03
  vco2Level=     0.61220 grad= -3.8941e-03
  vco2Detune=     0.32027 grad= -1.0461e-02
  satGain=     2.48579 grad=  1.4446e-04
  satBias=    -0.11856 grad=  2.6007e-03
  satA2=     0.21664 grad= -7.3719e-03
  satA3=    -0.06040 grad=  1.3897e-02
  satA5=     0.00707 grad=  1.8120e-02
  filtSat=     1.10037 grad=  4.7723e-05
epoch=899 loss=1.441932
  shape=     0.70251 grad=  6.9811e-03
  pw=     0.48048 grad=  1.1790e+00
  fBase=   278.71716 grad=  8.3000e-03
  fAmt=   902.84149 grad= -6.1932e-03
  fDecay=     0.16174 grad= -1.8809e-03
  res=     0.86291 grad= -3.1456e-04
  attackTime=     0.00849 grad=  1.4994e-03
  decayTime=     0.22903 grad= -1.1597e-03
  sustain=     0.07807 grad= -6.7275e-03
  releaseTime=     0.02539 grad=  5.5539e-05
  drive=     2.40982 grad=  1.0977e-03
  outGain=     0.46235 grad= -1.0841e-02
  vco2Level=     0.61219 grad=  8.7965e-03
  vco2Detune=     0.32027 grad= -5.2593e-03
  satGain=     2.48598 grad= -2.2971e-03
  satBias=    -0.11856 grad= -2.5937e-03
  satA2=     0.21665 grad=  5.9947e-03
  satA3=    -0.06043 grad= -4.1886e-03
  satA5=     0.00708 grad= -3.7318e-02
  filtSat=     1.10067 grad= -3.4845e-03
