epoch=0 loss=4.318760
  shape=     0.28749 grad=  5.5094e-02
  pw=     0.63814 grad= -5.2006e+01
  fBase=   328.54330 grad=  2.2441e-01
  fAmt=     0.00944 grad=  3.6342e-04
  fDecay=     1.98805 grad=  2.7296e-06
  res=     0.88155 grad= -3.7151e-02
  attackTime=     0.01055 grad=  6.0954e-02
  decayTime=     0.13414 grad=  8.6433e-01
  sustain=     0.00100 grad=  7.8130e+00
  releaseTime=     0.06280 grad= -1.9851e-02
  drive=     7.97232 grad=  2.4038e-02
  outGain=     0.78268 grad=  1.1110e-02
  vco2Level=     0.77765 grad=  1.7081e-01
  vco2Detune=     0.75541 grad= -2.7277e+00
  satGain=     3.67174 grad= -1.8550e-01
  satBias=    -0.22234 grad= -7.4314e-01
  satA2=    -0.87929 grad=  9.9113e-02
  satA3=    -0.50757 grad=  1.0222e-01
  satA5=    -0.14521 grad= -1.3052e-01
  filtSat=     1.41624 grad=  4.9989e-02
epoch=10 loss=4.106725
  shape=     0.28231 grad=  9.2919e+00
  pw=     0.63983 grad= -2.1688e+01
  fBase=   318.10941 grad= -2.0454e-01
  fAmt=     0.03994 grad= -8.5293e-04
  fDecay=     1.85531 grad=  6.1306e-06
  res=     0.97424 grad= -3.4310e-02
  attackTime=     0.00955 grad=  5.3687e-02
  decayTime=     0.12165 grad=  5.2605e-01
  sustain=     0.00000 grad=  7.4497e+00
  releaseTime=     0.06925 grad= -1.1993e-02
  drive=     8.00000 grad= -9.0633e-02
  outGain=     0.79768 grad= -5.3500e-02
  vco2Level=     0.75587 grad= -1.6791e-01
  vco2Detune=     0.75571 grad=  4.0054e+00
  satGain=     4.01259 grad= -2.1516e+00
  satBias=    -0.22167 grad=  8.9404e-01
  satA2=    -0.87550 grad= -4.2941e-01
  satA3=    -0.51623 grad=  1.0102e+00
  satA5=    -0.15123 grad=  2.6316e+00
  filtSat=     1.34623 grad= -1.5945e-04
epoch=20 loss=4.005543
  shape=     0.27755 grad=  3.1440e-01
  pw=     0.64021 grad=  3.0848e+01
  fBase=   320.15891 grad=  1.8151e-01
  fAmt=     0.09161 grad=  4.7897e-04
  fDecay=     1.67220 grad=  1.0297e-05
  res=     1.07637 grad= -3.9194e-02
  attackTime=     0.00866 grad=  5.1613e-02
  decayTime=     0.11137 grad=  2.8497e-01
  sustain=     0.00000 grad=  6.0154e+00
  releaseTime=     0.07556 grad= -3.1451e-03
  drive=     8.00000 grad= -5.1303e-02
  outGain=     0.81712 grad=  3.3518e-02
  vco2Level=     0.73768 grad=  5.1873e-02
  vco2Detune=     0.75435 grad=  1.3784e+00
  satGain=     4.25334 grad=  4.1605e-02
  satBias=    -0.22228 grad= -2.2317e-01
  satA2=    -0.87224 grad=  1.4277e-02
  satA3=    -0.52232 grad=  8.3370e-02
  satA5=    -0.15630 grad= -1.7640e-01
  filtSat=     1.27195 grad=  1.0360e-01
epoch=30 loss=3.967541
  shape=     0.27327 grad= -1.3042e+00
  pw=     0.64008 grad=  2.3240e+01
  fBase=   311.76434 grad=  7.4199e-02
  fAmt=     0.09603 grad=  2.1782e-04
  fDecay=     1.50092 grad=  3.3515e-06
  res=     1.18458 grad= -3.8230e-02
  attackTime=     0.00787 grad=  5.0328e-02
  decayTime=     0.10439 grad= -6.0538e-02
  sustain=     0.00000 grad=  2.3912e+00
  releaseTime=     0.07865 grad=  1.2951e-02
  drive=     8.00000 grad= -6.0143e-02
  outGain=     0.81600 grad= -7.1867e-03
  vco2Level=     0.72698 grad=  3.9001e-01
  vco2Detune=     0.75490 grad=  1.0576e+00
  satGain=     4.38172 grad=  1.6192e-01
  satBias=    -0.22389 grad= -3.0836e-01
  satA2=    -0.86928 grad=  9.3621e-02
  satA3=    -0.52646 grad= -2.5003e-02
  satA5=    -0.15901 grad= -4.2337e-01
  filtSat=     1.18640 grad=  6.4794e-02
epoch=40 loss=3.949477
  shape=     0.27143 grad=  3.7972e+00
  pw=     0.64000 grad=  7.4583e+00
  fBase=   308.19977 grad=  2.1254e-01
  fAmt=     0.09826 grad=  7.3119e-04
  fDecay=     1.41960 grad=  2.1542e-06
  res=     1.30391 grad= -4.0611e-02
  attackTime=     0.00715 grad=  4.9168e-02
  decayTime=     0.10311 grad= -8.5745e-02
  sustain=     0.00000 grad=  1.7770e+00
  releaseTime=     0.07422 grad=  1.1879e-02
  drive=     8.00000 grad= -4.8203e-02
  outGain=     0.82384 grad=  3.9638e-03
  vco2Level=     0.71467 grad=  1.1651e-01
  vco2Detune=     0.75472 grad=  2.3816e-01
  satGain=     4.39809 grad=  5.0970e-01
  satBias=    -0.22501 grad=  1.5318e+00
  satA2=    -0.86833 grad= -4.2110e-01
  satA3=    -0.52819 grad=  1.5106e-01
  satA5=    -0.15871 grad=  1.5839e-01
  filtSat=     1.09247 grad=  9.8597e-02
epoch=50 loss=3.940020
  shape=     0.26965 grad=  4.6551e+00
  pw=     0.63972 grad= -1.9753e+00
  fBase=   302.82678 grad= -1.6051e-01
  fAmt=     0.08439 grad= -5.8973e-04
  fDecay=     1.37764 grad=  7.4488e-07
  res=     1.43228 grad= -2.4654e-02
  attackTime=     0.00651 grad=  5.3078e-02
  decayTime=     0.10430 grad= -4.2257e-03
  sustain=     0.00000 grad=  2.8677e+00
  releaseTime=     0.06814 grad=  8.5113e-03
  drive=     8.00000 grad= -4.0479e-02
  outGain=     0.83122 grad=  1.3983e-02
  vco2Level=     0.70499 grad= -2.5784e-01
  vco2Detune=     0.75408 grad=  2.4880e+00
  satGain=     4.37585 grad= -1.3259e+00
  satBias=    -0.22487 grad=  8.1692e-01
  satA2=    -0.86912 grad= -2.9367e-01
  satA3=    -0.52879 grad=  6.0781e-01
  satA5=    -0.15675 grad=  1.6614e+00
  filtSat=     1.00201 grad= -3.9800e-02
epoch=60 loss=3.925925
  shape=     0.26930 grad=  3.8174e+00
  pw=     0.63994 grad= -1.2295e+01
  fBase=   307.53357 grad=  1.3812e-01
  fAmt=     0.11045 grad=  4.2730e-04
  fDecay=     1.32207 grad=  6.0817e-06
  res=     1.55187 grad= -2.7745e-02
  attackTime=     0.00591 grad=  5.3122e-02
  decayTime=     0.10440 grad=  7.8660e-02
  sustain=     0.00000 grad=  3.7395e+00
  releaseTime=     0.06344 grad=  4.8993e-03
  drive=     8.00000 grad= -9.9940e-04
  outGain=     0.82374 grad=  5.8734e-02
  vco2Level=     0.71611 grad= -1.3204e-01
  vco2Detune=     0.75413 grad= -3.3040e+00
  satGain=     4.37927 grad= -1.0006e+00
  satBias=    -0.22478 grad=  6.3731e-01
  satA2=    -0.87046 grad= -3.0390e-01
  satA3=    -0.52800 grad=  6.4152e-01
  satA5=    -0.15538 grad=  1.2406e+00
  filtSat=     0.98283 grad=  4.1825e-02
epoch=70 loss=3.920022
  shape=     0.26890 grad=  1.0346e+01
  pw=     0.63985 grad=  2.8514e+00
  fBase=   302.15997 grad=  7.3643e-02
  fAmt=     0.10160 grad=  2.3591e-04
  fDecay=     1.23121 grad=  2.5362e-06
  res=     1.67808 grad= -2.9371e-02
  attackTime=     0.00535 grad=  5.2099e-02
  decayTime=     0.10337 grad= -5.8254e-02
  sustain=     0.00000 grad=  2.0576e+00
  releaseTime=     0.05987 grad=  7.2634e-03
  drive=     8.00000 grad= -4.8493e-02
  outGain=     0.80639 grad= -2.1187e-03
  vco2Level=     0.72014 grad=  4.4990e-02
  vco2Detune=     0.75390 grad= -1.4207e+00
  satGain=     4.40371 grad= -1.5622e+00
  satBias=    -0.22450 grad=  7.6073e-02
  satA2=    -0.87214 grad= -1.9879e-01
  satA3=    -0.52845 grad=  8.1269e-01
  satA5=    -0.15439 grad=  1.4591e+00
  filtSat=     0.96130 grad=  5.8115e-02
epoch=80 loss=3.916414
  shape=     0.26757 grad= -1.7678e+01
  pw=     0.63986 grad=  5.9922e-01
  fBase=   306.40839 grad=  2.2680e-01
  fAmt=     0.12750 grad=  7.0217e-04
  fDecay=     1.16713 grad=  1.3317e-05
  res=     1.80772 grad= -3.3454e-02
  attackTime=     0.00485 grad=  5.4251e-02
  decayTime=     0.10372 grad=  6.4480e-02
  sustain=     0.00000 grad=  3.0667e+00
  releaseTime=     0.05635 grad=  3.6312e-03
  drive=     8.00000 grad=  1.0313e-02
  outGain=     0.79850 grad=  6.4072e-02
  vco2Level=     0.72086 grad=  5.5543e-01
  vco2Detune=     0.75406 grad= -3.2958e+00
  satGain=     4.42061 grad=  2.4246e+00
  satBias=    -0.22297 grad= -1.6905e+00
  satA2=    -0.87583 grad=  6.8262e-01
  satA3=    -0.52855 grad= -1.1418e+00
  satA5=    -0.15305 grad= -3.4424e+00
  filtSat=     0.93476 grad=  7.9793e-02
epoch=90 loss=3.903390
  shape=     0.26482 grad= -1.2627e+01
  pw=     0.63973 grad= -3.9668e+00
  fBase=   307.78827 grad=  1.3878e-01
  fAmt=     0.14275 grad=  3.9427e-04
  fDecay=     1.09384 grad=  1.3413e-05
  res=     1.94628 grad= -2.7870e-02
  attackTime=     0.00440 grad=  5.5259e-02
  decayTime=     0.10378 grad=  2.6005e-02
  sustain=     0.00000 grad=  2.7995e+00
  releaseTime=     0.05337 grad=  4.2344e-03
  drive=     8.00000 grad= -1.6952e-02
  outGain=     0.78741 grad=  2.9047e-02
  vco2Level=     0.72529 grad=  6.0728e-01
  vco2Detune=     0.75398 grad= -1.2414e+00
  satGain=     4.35726 grad=  1.7819e+00
  satBias=    -0.22381 grad= -2.1800e+00
  satA2=    -0.87681 grad=  7.7631e-01
  satA3=    -0.52717 grad= -9.9288e-01
  satA5=    -0.15191 grad= -3.0441e+00
  filtSat=     0.91381 grad=  7.7509e-02
epoch=100 loss=3.893918
  shape=     0.26372 grad=  9.6490e+00
  pw=     0.64008 grad=  7.4682e+00
  fBase=   310.83838 grad=  2.9661e-01
  fAmt=     0.16474 grad=  1.0117e-03
  fDecay=     1.01882 grad=  1.2186e-05
  res=     2.09252 grad= -3.0900e-02
  attackTime=     0.00399 grad=  5.2696e-02
  decayTime=     0.10383 grad=  2.9423e-02
  sustain=     0.00000 grad=  2.7117e+00
  releaseTime=     0.05067 grad=  3.8753e-03
  drive=     8.00000 grad= -4.7237e-03
  outGain=     0.77779 grad=  3.8693e-02
  vco2Level=     0.72455 grad=  3.8131e-01
  vco2Detune=     0.75428 grad= -3.5249e+00
  satGain=     4.34095 grad= -1.0693e+00
  satBias=    -0.22400 grad=  3.0332e+00
  satA2=    -0.87664 grad= -1.0499e+00
  satA3=    -0.52655 grad=  1.1529e+00
  satA5=    -0.15148 grad=  2.5457e+00
  filtSat=     0.90062 grad=  1.0239e-01
epoch=110 loss=3.885291
  shape=     0.26388 grad=  1.8971e+01
  pw=     0.64019 grad=  1.0842e+01
  fBase=   307.72177 grad=  1.2772e-01
  fAmt=     0.16185 grad=  4.6418e-04
  fDecay=     0.94087 grad=  1.5089e-06
  res=     2.25067 grad= -2.4352e-02
  attackTime=     0.00363 grad=  5.3099e-02
  decayTime=     0.10371 grad= -2.9604e-02
  sustain=     0.00000 grad=  2.0229e+00
  releaseTime=     0.04836 grad=  4.0139e-03
  drive=     8.00000 grad= -4.4582e-02
  outGain=     0.76622 grad=  3.4807e-03
  vco2Level=     0.72090 grad= -2.4129e-01
  vco2Detune=     0.75434 grad=  2.5448e+00
  satGain=     4.34953 grad= -2.9443e+00
  satBias=    -0.22501 grad=  2.8446e+00
  satA2=    -0.87485 grad= -1.1440e+00
  satA3=    -0.52722 grad=  1.8529e+00
  satA5=    -0.15129 grad=  4.3797e+00
  filtSat=     0.88093 grad=  7.2237e-02
epoch=120 loss=3.879669
  shape=     0.26302 grad= -1.8205e+01
  pw=     0.63928 grad=  2.8094e+00
  fBase=   302.44193 grad=  1.3084e-01
  fAmt=     0.14803 grad=  3.8448e-04
  fDecay=     0.88061 grad=  1.2486e-05
  res=     2.41725 grad= -2.5410e-02
  attackTime=     0.00331 grad=  5.2992e-02
  decayTime=     0.10420 grad= -1.0102e-02
  sustain=     0.00000 grad=  2.1426e+00
  releaseTime=     0.04639 grad=  4.1314e-03
  drive=     8.00000 grad= -2.4058e-02
  outGain=     0.75920 grad=  2.5663e-02
  vco2Level=     0.72348 grad=  5.1502e-01
  vco2Detune=     0.75441 grad= -1.9431e+00
  satGain=     4.38788 grad=  3.0686e+00
  satBias=    -0.22739 grad= -2.8678e+00
  satA2=    -0.87186 grad=  1.1084e+00
  satA3=    -0.52881 grad= -1.6596e+00
  satA5=    -0.15183 grad= -4.7444e+00
  filtSat=     0.84105 grad=  8.8627e-02
epoch=130 loss=3.880286
  shape=     0.26250 grad=  1.8002e+01
  pw=     0.64024 grad= -2.1368e+00
  fBase=   288.26187 grad=  1.0015e-02
  fAmt=     0.09957 grad=  8.5391e-05
  fDecay=     0.80431 grad= -4.4625e-06
  res=     2.59314 grad= -1.9461e-02
  attackTime=     0.00303 grad=  4.8477e-02
  decayTime=     0.10493 grad= -5.5545e-02
  sustain=     0.00000 grad=  1.5502e+00
  releaseTime=     0.04438 grad=  4.9767e-03
  drive=     8.00000 grad= -4.2826e-02
  outGain=     0.75187 grad= -9.2678e-03
  vco2Level=     0.71875 grad= -6.6946e-01
  vco2Detune=     0.75391 grad= -4.9779e+00
  satGain=     4.42521 grad= -2.3869e+00
  satBias=    -0.22817 grad=  5.7833e+00
  satA2=    -0.87060 grad= -1.8640e+00
  satA3=    -0.53024 grad=  1.8705e+00
  satA5=    -0.15193 grad=  5.4354e+00
  filtSat=     0.76545 grad=  6.3756e-04
epoch=140 loss=3.870418
  shape=     0.26265 grad= -2.0474e+01
  pw=     0.64066 grad= -1.0009e+01
  fBase=   287.61493 grad= -6.9126e-02
  fAmt=     0.10494 grad= -3.9358e-04
  fDecay=     0.76051 grad=  9.9847e-06
  res=     2.75861 grad= -2.0960e-02
  attackTime=     0.00278 grad=  4.7825e-02
  decayTime=     0.10567 grad=  1.5243e-03
  sustain=     0.00000 grad=  2.1702e+00
  releaseTime=     0.04235 grad=  3.2911e-03
  drive=     8.00000 grad= -1.7850e-02
  outGain=     0.74644 grad=  9.1395e-03
  vco2Level=     0.73206 grad=  3.7308e-01
  vco2Detune=     0.75418 grad= -2.8488e+00
  satGain=     4.43585 grad=  2.9544e+00
  satBias=    -0.22830 grad= -1.6798e+00
  satA2=    -0.86925 grad=  8.5419e-01
  satA3=    -0.53072 grad= -1.6561e+00
  satA5=    -0.15167 grad= -3.9195e+00
  filtSat=     0.76242 grad= -4.9161e-02
epoch=150 loss=3.867279
  shape=     0.26282 grad=  1.2959e+01
  pw=     0.63892 grad= -1.5228e+00
  fBase=   289.11398 grad=  2.4718e-01
  fAmt=     0.12385 grad=  8.2616e-04
  fDecay=     0.70482 grad=  1.1920e-05
  res=     2.93035 grad= -3.8583e-02
  attackTime=     0.00257 grad=  4.5323e-02
  decayTime=     0.10610 grad= -4.2737e-02
  sustain=     0.00000 grad=  2.0892e+00
  releaseTime=     0.04066 grad=  2.0998e-03
  drive=     8.00000 grad= -1.4403e-01
  outGain=     0.74279 grad=  9.2655e-03
  vco2Level=     0.72848 grad= -1.1304e-01
  vco2Detune=     0.75410 grad=  3.8920e-01
  satGain=     4.43330 grad= -9.7354e-01
  satBias=    -0.22822 grad=  7.9623e+00
  satA2=    -0.86879 grad= -2.3290e+00
  satA3=    -0.53085 grad=  1.6594e+00
  satA5=    -0.15144 grad=  5.0009e+00
  filtSat=     0.77622 grad=  1.5614e-01
epoch=160 loss=3.859441
  shape=     0.26276 grad= -1.0806e+01
  pw=     0.63914 grad= -9.1394e+00
  fBase=   290.13040 grad= -3.1544e-03
  fAmt=     0.14315 grad= -1.7920e-04
  fDecay=     0.64374 grad=  1.6074e-05
  res=     3.11192 grad= -1.6916e-02
  attackTime=     0.00238 grad=  4.4937e-02
  decayTime=     0.10637 grad=  2.8967e-02
  sustain=     0.00000 grad=  2.3248e+00
  releaseTime=     0.03947 grad=  1.0469e-03
  drive=     8.00000 grad= -1.5643e-02
  outGain=     0.73806 grad=  2.4124e-02
  vco2Level=     0.72681 grad=  1.7303e-01
  vco2Detune=     0.75411 grad= -4.2025e+00
  satGain=     4.43761 grad=  1.5396e+00
  satBias=    -0.22833 grad= -2.2117e+00
  satA2=    -0.86855 grad=  8.1677e-01
  satA3=    -0.53105 grad= -1.0106e+00
  satA5=    -0.15150 grad= -2.7980e+00
  filtSat=     0.77458 grad=  9.4434e-04
epoch=170 loss=3.856601
  shape=     0.26286 grad=  1.8675e+01
  pw=     0.63942 grad=  8.8382e+00
  fBase=   290.14230 grad=  1.2989e-01
  fAmt=     0.16052 grad=  4.2465e-04
  fDecay=     0.57968 grad=  9.0091e-06
  res=     3.28193 grad= -1.6871e-02
  attackTime=     0.00221 grad=  4.1200e-02
  decayTime=     0.10613 grad= -8.7949e-03
  sustain=     0.00000 grad=  1.7991e+00
  releaseTime=     0.03871 grad=  1.1680e-03
  drive=     8.00000 grad= -2.8624e-02
  outGain=     0.73083 grad=  3.7130e-03
  vco2Level=     0.72935 grad= -2.5521e-02
  vco2Detune=     0.75440 grad=  4.1592e+00
  satGain=     4.43333 grad= -4.3079e+00
  satBias=    -0.22823 grad=  2.8945e+00
  satA2=    -0.86830 grad= -1.3215e+00
  satA3=    -0.53097 grad=  2.5286e+00
  satA5=    -0.15139 grad=  5.7089e+00
  filtSat=     0.77128 grad=  7.1264e-02
epoch=180 loss=3.850634
  shape=     0.26278 grad= -1.7111e+01
  pw=     0.63931 grad=  1.2203e+01
  fBase=   291.20166 grad= -1.3580e-01
  fAmt=     0.18316 grad= -6.8532e-04
  fDecay=     0.52049 grad=  1.3823e-05
  res=     3.45015 grad= -1.4301e-02
  attackTime=     0.00206 grad=  4.0394e-02
  decayTime=     0.10635 grad=  1.1434e-02
  sustain=     0.00000 grad=  2.0122e+00
  releaseTime=     0.03820 grad=  5.7439e-04
  drive=     8.00000 grad= -1.9639e-02
  outGain=     0.72657 grad=  1.6261e-02
  vco2Level=     0.72833 grad=  1.3400e-02
  vco2Detune=     0.75448 grad=  2.7340e+00
  satGain=     4.43743 grad=  2.2180e+00
  satBias=    -0.22833 grad= -2.0324e+00
  satA2=    -0.86774 grad=  8.8495e-01
  satA3=    -0.53108 grad= -1.3799e+00
  satA5=    -0.15147 grad= -3.3965e+00
  filtSat=     0.76699 grad= -7.0387e-02
epoch=190 loss=3.849143
  shape=     0.26286 grad=  1.3925e+01
  pw=     0.63907 grad= -1.4979e+01
  fBase=   291.74747 grad=  5.0324e-02
  fAmt=     0.20685 grad=  1.0951e-04
  fDecay=     0.45904 grad=  1.0367e-05
  res=     3.61484 grad= -1.5915e-02
  attackTime=     0.00193 grad=  3.8197e-02
  decayTime=     0.10629 grad= -1.6858e-02
  sustain=     0.00000 grad=  1.8072e+00
  releaseTime=     0.03789 grad=  8.6975e-04
  drive=     8.00000 grad= -3.5740e-02
  outGain=     0.72071 grad=  4.2345e-03
  vco2Level=     0.72726 grad=  9.6735e-02
  vco2Detune=     0.75427 grad= -8.8776e-01
  satGain=     4.43345 grad= -3.7399e+00
  satBias=    -0.22823 grad=  2.3957e+00
  satA2=    -0.86746 grad= -1.1017e+00
  satA3=    -0.53098 grad=  2.1691e+00
  satA5=    -0.15139 grad=  4.8539e+00
  filtSat=     0.76344 grad=  4.7304e-02
epoch=200 loss=3.843689
  shape=     0.26278 grad= -1.9222e+01
  pw=     0.63919 grad= -1.0077e+01
  fBase=   293.17941 grad= -7.8938e-02
  fAmt=     0.23612 grad= -5.2671e-04
  fDecay=     0.40437 grad=  2.5435e-05
  res=     3.77443 grad= -1.2621e-02
  attackTime=     0.00182 grad=  3.6536e-02
  decayTime=     0.10620 grad= -8.3978e-03
  sustain=     0.00000 grad=  1.7120e+00
  releaseTime=     0.03763 grad=  5.2660e-04
  drive=     8.00000 grad= -2.0443e-02
  outGain=     0.71471 grad=  8.7092e-03
  vco2Level=     0.72668 grad=  9.6734e-02
  vco2Detune=     0.75439 grad= -1.2712e+00
  satGain=     4.43729 grad=  2.2629e+00
  satBias=    -0.22832 grad= -2.2367e+00
  satA2=    -0.86706 grad=  9.2311e-01
  satA3=    -0.53108 grad= -1.3954e+00
  satA5=    -0.15147 grad= -3.5202e+00
  filtSat=     0.76410 grad= -2.6818e-02
epoch=210 loss=3.844125
  shape=     0.26286 grad=  1.5778e+01
  pw=     0.63941 grad=  1.8162e+01
  fBase=   294.29599 grad=  7.3919e-02
  fAmt=     0.26477 grad=  2.1204e-04
  fDecay=     0.35775 grad=  1.0297e-05
  res=     3.92973 grad= -1.2765e-02
  attackTime=     0.00172 grad=  3.3833e-02
  decayTime=     0.10633 grad=  1.6225e-02
  sustain=     0.00000 grad=  1.8437e+00
  releaseTime=     0.03739 grad=  5.0816e-04
  drive=     8.00000 grad= -3.6237e-03
  outGain=     0.70975 grad=  1.0914e-02
  vco2Level=     0.72626 grad= -5.6977e-02
  vco2Detune=     0.75453 grad=  7.0794e+00
  satGain=     4.43358 grad= -4.7225e+00
  satBias=    -0.22824 grad=  2.2527e+00
  satA2=    -0.86692 grad= -1.1813e+00
  satA3=    -0.53099 grad=  2.6322e+00
  satA5=    -0.15139 grad=  5.7436e+00
  filtSat=     0.76132 grad=  2.1263e-02
epoch=220 loss=3.838925
  shape=     0.26278 grad= -2.1957e+01
  pw=     0.63931 grad=  8.9714e+00
  fBase=   294.47119 grad= -1.6760e-01
  fAmt=     0.29064 grad= -9.0371e-04
  fDecay=     0.31606 grad=  2.1266e-05
  res=     4.08577 grad= -9.6982e-03
  attackTime=     0.00163 grad=  3.0954e-02
  decayTime=     0.10646 grad=  1.1061e-02
  sustain=     0.00000 grad=  1.8345e+00
  releaseTime=     0.03720 grad=  2.9581e-04
  drive=     8.00000 grad= -4.4548e-03
  outGain=     0.70443 grad=  1.2164e-02
  vco2Level=     0.72576 grad= -3.3414e-02
  vco2Detune=     0.75444 grad=  2.3959e+00
  satGain=     4.43716 grad=  2.1518e+00
  satBias=    -0.22832 grad= -3.2132e+00
  satA2=    -0.86666 grad=  1.2127e+00
  satA3=    -0.53108 grad= -1.5253e+00
  satA5=    -0.15147 grad= -3.9422e+00
  filtSat=     0.75791 grad= -8.9248e-02
epoch=230 loss=3.838739
  shape=     0.26285 grad=  1.6048e+01
  pw=     0.63910 grad= -1.7212e+01
  fBase=   295.39401 grad=  2.2087e-01
  fAmt=     0.32194 grad=  7.1850e-04
  fDecay=     0.28092 grad=  3.9780e-05
  res=     4.24122 grad= -1.4489e-02
  attackTime=     0.00155 grad=  3.4926e-02
  decayTime=     0.10661 grad= -8.3666e-03
  sustain=     0.00000 grad=  1.8445e+00
  releaseTime=     0.03705 grad=  2.5444e-04
  drive=     8.00000 grad= -2.2278e-02
  outGain=     0.69906 grad=  6.8957e-03
  vco2Level=     0.72597 grad=  5.2272e-02
  vco2Detune=     0.75427 grad= -2.0221e+00
  satGain=     4.43371 grad= -3.8414e+00
  satBias=    -0.22824 grad=  3.1467e+00
  satA2=    -0.86657 grad= -1.3744e+00
  satA3=    -0.53099 grad=  2.4071e+00
  satA5=    -0.15139 grad=  5.3840e+00
  filtSat=     0.75939 grad=  1.1626e-01
epoch=240 loss=3.834320
  shape=     0.26279 grad= -1.8872e+01
  pw=     0.63920 grad= -1.2119e+01
  fBase=   296.07120 grad= -2.1385e-02
  fAmt=     0.35347 grad= -4.1098e-04
  fDecay=     0.25132 grad=  5.0136e-05
  res=     4.39679 grad= -1.1238e-02
  attackTime=     0.00148 grad=  3.0234e-02
  decayTime=     0.10682 grad=  3.3107e-03
  sustain=     0.00000 grad=  1.8886e+00
  releaseTime=     0.03692 grad=  2.0870e-04
  drive=     8.00000 grad= -1.0452e-02
  outGain=     0.69406 grad=  1.5647e-02
  vco2Level=     0.72499 grad=  5.8120e-02
  vco2Detune=     0.75434 grad= -1.9123e+00
  satGain=     4.43703 grad=  2.4224e+00
  satBias=    -0.22832 grad= -2.1837e+00
  satA2=    -0.86633 grad=  9.0803e-01
  satA3=    -0.53107 grad= -1.4256e+00
  satA5=    -0.15146 grad= -3.6425e+00
  filtSat=     0.75779 grad= -3.8696e-03
epoch=250 loss=3.834127
  shape=     0.26285 grad=  1.6207e+01
  pw=     0.63939 grad=  2.0780e+01
  fBase=   295.89603 grad=  5.5082e-02
  fAmt=     0.38156 grad=  1.5584e-05
  fDecay=     0.22637 grad=  2.8313e-05
  res=     4.54834 grad= -1.2977e-02
  attackTime=     0.00142 grad=  2.9220e-02
  decayTime=     0.10692 grad= -6.3835e-03
  sustain=     0.00000 grad=  1.8168e+00
  releaseTime=     0.03681 grad=  3.7803e-04
  drive=     8.00000 grad= -1.8083e-02
  outGain=     0.68856 grad=  4.3023e-03
  vco2Level=     0.72492 grad= -3.5316e-01
  vco2Detune=     0.75450 grad=  6.3947e+00
  satGain=     4.43384 grad= -3.2844e+00
  satBias=    -0.22824 grad=  2.4995e+00
  satA2=    -0.86628 grad= -1.0696e+00
  satA3=    -0.53100 grad=  1.9583e+00
  satA5=    -0.15139 grad=  4.4345e+00
  filtSat=     0.75458 grad=  2.2261e-03
epoch=260 loss=3.830931
  shape=     0.26279 grad= -2.1242e+01
  pw=     0.63930 grad=  7.4869e+00
  fBase=   295.87134 grad= -1.3694e-01
  fAmt=     0.41447 grad= -9.0920e-04
  fDecay=     0.20280 grad=  3.6807e-05
  res=     4.69665 grad= -1.0250e-02
  attackTime=     0.00136 grad=  2.8793e-02
  decayTime=     0.10714 grad= -3.6571e-03
  sustain=     0.00000 grad=  1.8490e+00
  releaseTime=     0.03670 grad=  2.5437e-04
  drive=     8.00000 grad= -1.3086e-02
  outGain=     0.68449 grad=  7.4858e-03
  vco2Level=     0.72653 grad=  3.9667e-02
  vco2Detune=     0.75442 grad=  1.7084e+00
  satGain=     4.43690 grad=  2.5039e+00
  satBias=    -0.22831 grad= -2.2170e+00
  satA2=    -0.86619 grad=  9.5800e-01
  satA3=    -0.53107 grad= -1.5185e+00
  satA5=    -0.15146 grad= -3.7819e+00
  filtSat=     0.75397 grad= -6.7851e-02
epoch=270 loss=3.831085
  shape=     0.26285 grad=  1.1224e+01
  pw=     0.63912 grad= -1.7903e+01
  fBase=   296.57660 grad=  1.9089e-01
  fAmt=     0.45398 grad=  6.6467e-04
  fDecay=     0.18226 grad=  4.2551e-05
  res=     4.84050 grad= -1.1904e-02
  attackTime=     0.00131 grad=  2.6446e-02
  decayTime=     0.10736 grad= -2.2117e-03
  sustain=     0.00000 grad=  1.8991e+00
  releaseTime=     0.03660 grad=  1.1781e-04
  drive=     8.00000 grad= -1.1629e-02
  outGain=     0.68126 grad=  6.2313e-03
  vco2Level=     0.72528 grad=  1.0481e-01
  vco2Detune=     0.75428 grad= -1.8506e+00
  satGain=     4.43397 grad= -3.3492e+00
  satBias=    -0.22825 grad=  2.8513e+00
  satA2=    -0.86630 grad= -1.2327e+00
  satA3=    -0.53100 grad=  2.1275e+00
  satA5=    -0.15140 grad=  4.7376e+00
  filtSat=     0.75671 grad=  9.5419e-02
epoch=280 loss=3.828043
  shape=     0.26279 grad= -1.9613e+01
  pw=     0.63920 grad= -1.1891e+01
  fBase=   296.43622 grad= -4.3522e-02
  fAmt=     0.48708 grad= -6.1947e-04
  fDecay=     0.16634 grad=  7.0818e-05
  res=     4.97824 grad= -9.3418e-03
  attackTime=     0.00126 grad=  2.6099e-02
  decayTime=     0.10747 grad= -2.0497e-03
  sustain=     0.00000 grad=  1.8771e+00
  releaseTime=     0.03652 grad=  1.3306e-04
  drive=     8.00000 grad= -9.5947e-03
  outGain=     0.67788 grad=  8.1837e-03
  vco2Level=     0.72473 grad= -3.2581e-02
  vco2Detune=     0.75435 grad= -1.2698e+00
  satGain=     4.43677 grad=  2.2991e+00
  satBias=    -0.22831 grad= -2.1038e+00
  satA2=    -0.86598 grad=  8.7976e-01
  satA3=    -0.53107 grad= -1.3801e+00
  satA5=    -0.15146 grad= -3.4651e+00
  filtSat=     0.75647 grad= -1.8945e-02
epoch=290 loss=3.827434
  shape=     0.26285 grad=  1.1101e+00
  pw=     0.63937 grad=  1.6554e+01
  fBase=   296.37585 grad= -8.3097e-02
  fAmt=     0.52124 grad= -3.3509e-04
  fDecay=     0.15270 grad= -4.4143e-05
  res=     5.11008 grad= -9.8784e-03
  attackTime=     0.00122 grad=  2.4775e-02
  decayTime=     0.10759 grad= -8.2804e-03
  sustain=     0.00000 grad=  1.8409e+00
  releaseTime=     0.03645 grad=  2.6830e-04
  drive=     8.00000 grad= -1.3251e-02
  outGain=     0.67484 grad=  2.9933e-03
  vco2Level=     0.72492 grad=  5.2465e-02
  vco2Detune=     0.75448 grad=  5.6902e+00
  satGain=     4.43410 grad= -2.1005e+00
  satBias=    -0.22825 grad=  1.4565e+00
  satA2=    -0.86589 grad= -6.2920e-01
  satA3=    -0.53100 grad=  1.2391e+00
  satA5=    -0.15140 grad=  2.6771e+00
  filtSat=     0.75626 grad= -3.6298e-02
epoch=300 loss=3.825490
  shape=     0.26279 grad= -1.9041e+01
  pw=     0.63929 grad=  4.1771e+00
  fBase=   296.57462 grad= -8.2654e-02
  fAmt=     0.55678 grad= -7.9053e-04
  fDecay=     0.14120 grad=  6.2130e-05
  res=     5.23685 grad= -8.9791e-03
  attackTime=     0.00118 grad=  2.3696e-02
  decayTime=     0.10775 grad= -1.7761e-04
  sustain=     0.00000 grad=  1.9099e+00
  releaseTime=     0.03639 grad=  1.9738e-04
  drive=     8.00000 grad= -7.6377e-03
  outGain=     0.67225 grad=  6.6789e-03
  vco2Level=     0.72484 grad= -6.1610e-02
  vco2Detune=     0.75442 grad=  1.7367e+00
  satGain=     4.43664 grad=  2.1627e+00
  satBias=    -0.22831 grad= -1.8575e+00
  satA2=    -0.86587 grad=  8.0310e-01
  satA3=    -0.53106 grad= -1.2896e+00
  satA5=    -0.15145 grad= -3.2247e+00
  filtSat=     0.75698 grad= -4.4265e-02
epoch=310 loss=3.825108
  shape=     0.26320 grad=  1.6137e+01
  pw=     0.63914 grad= -1.6291e+01
  fBase=   296.38293 grad=  2.1242e-01
  fAmt=     0.58931 grad=  7.8952e-04
  fDecay=     0.13126 grad=  7.5722e-05
  res=     5.35933 grad= -1.1565e-02
  attackTime=     0.00115 grad=  2.2281e-02
  decayTime=     0.10790 grad= -8.0480e-03
  sustain=     0.00000 grad=  1.9044e+00
  releaseTime=     0.03633 grad=  2.0498e-04
  drive=     8.00000 grad= -1.2435e-02
  outGain=     0.66992 grad=  1.7386e-03
  vco2Level=     0.72473 grad= -7.5302e-02
  vco2Detune=     0.75430 grad= -1.9391e+00
  satGain=     4.44000 grad= -7.9913e-01
  satBias=    -0.22868 grad=  2.7640e+00
  satA2=    -0.86568 grad= -9.0927e-01
  satA3=    -0.53124 grad=  8.6681e-01
  satA5=    -0.15159 grad=  2.2228e+00
  filtSat=     0.75659 grad=  8.3100e-02
epoch=320 loss=3.827628
  shape=     0.26415 grad= -5.7685e+00
  pw=     0.63921 grad= -1.1995e+01
  fBase=   296.76376 grad= -1.2439e-01
  fAmt=     0.61520 grad= -6.7497e-04
  fDecay=     0.12529 grad= -1.4498e-05
  res=     5.47925 grad= -7.8848e-03
  attackTime=     0.00112 grad=  2.1902e-02
  decayTime=     0.10826 grad= -2.8082e-02
  sustain=     0.00000 grad=  1.9020e+00
  releaseTime=     0.03624 grad= -1.6573e-04
  drive=     8.00000 grad= -3.0356e-02
  outGain=     0.66936 grad= -1.6636e-02
  vco2Level=     0.72838 grad= -1.9350e-01
  vco2Detune=     0.75421 grad= -2.0968e+00
  satGain=     4.42105 grad=  3.3285e-01
  satBias=    -0.22960 grad= -1.0211e+00
  satA2=    -0.86533 grad=  4.0350e-01
  satA3=    -0.53109 grad= -4.4023e-01
  satA5=    -0.15138 grad= -8.8054e-01
  filtSat=     0.76321 grad= -7.0719e-02
epoch=330 loss=3.823079
  shape=     0.26455 grad= -2.5188e+01
  pw=     0.63932 grad=  2.0796e-01
  fBase=   301.31265 grad= -3.4053e-02
  fAmt=     0.66330 grad= -7.1188e-04
  fDecay=     0.12422 grad=  9.5792e-05
  res=     5.58866 grad= -9.0837e-03
  attackTime=     0.00109 grad=  2.2211e-02
  decayTime=     0.10855 grad=  3.7449e-02
  sustain=     0.00000 grad=  2.4456e+00
  releaseTime=     0.03617 grad= -4.0973e-04
  drive=     8.00000 grad= -6.7979e-03
  outGain=     0.67171 grad=  1.3227e-02
  vco2Level=     0.73183 grad=  5.1839e-01
  vco2Detune=     0.75424 grad= -4.1971e+00
  satGain=     4.41376 grad=  3.8123e+00
  satBias=    -0.23005 grad= -3.2853e+00
  satA2=    -0.86499 grad=  1.3918e+00
  satA3=    -0.53105 grad= -2.2804e+00
  satA5=    -0.15123 grad= -5.5938e+00
  filtSat=     0.78370 grad= -3.4558e-02
epoch=340 loss=3.818887
  shape=     0.26450 grad= -6.4639e+00
  pw=     0.63928 grad=  5.7990e+00
  fBase=   303.33334 grad= -1.8371e-02
  fAmt=     0.70105 grad= -2.5153e-04
  fDecay=     0.12165 grad=  1.0435e-05
  res=     5.69793 grad= -9.9385e-03
  attackTime=     0.00107 grad=  2.1026e-02
  decayTime=     0.10809 grad=  1.0402e-02
  sustain=     0.00000 grad=  2.2176e+00
  releaseTime=     0.03621 grad= -6.1575e-04
  drive=     8.00000 grad= -1.8750e-02
  outGain=     0.67075 grad=  9.7120e-03
  vco2Level=     0.72576 grad=  1.3388e-01
  vco2Detune=     0.75432 grad= -1.9808e+00
  satGain=     4.41068 grad=  8.5898e-01
  satBias=    -0.23022 grad= -1.1702e+00
  satA2=    -0.86507 grad=  4.4605e-01
  satA3=    -0.53106 grad= -5.2130e-01
  satA5=    -0.15132 grad= -1.6425e+00
  filtSat=     0.80060 grad= -1.8545e-02
epoch=350 loss=3.817719
  shape=     0.26454 grad= -4.2242e+00
  pw=     0.63924 grad=  3.7505e+00
  fBase=   302.24469 grad= -6.9974e-02
  fAmt=     0.70747 grad= -2.5249e-04
  fDecay=     0.12049 grad= -5.0669e-05
  res=     5.81142 grad= -9.2673e-03
  attackTime=     0.00104 grad=  2.0765e-02
  decayTime=     0.10790 grad= -3.1875e-02
  sustain=     0.00000 grad=  1.7807e+00
  releaseTime=     0.03633 grad= -5.7329e-04
  drive=     8.00000 grad= -3.9032e-02
  outGain=     0.66934 grad= -1.1079e-02
  vco2Level=     0.72455 grad= -8.9456e-02
  vco2Detune=     0.75443 grad=  2.5700e-01
  satGain=     4.40972 grad= -1.8268e-01
  satBias=    -0.23027 grad= -3.5225e-02
  satA2=    -0.86484 grad=  2.7181e-02
  satA3=    -0.53124 grad=  7.3920e-02
  satA5=    -0.15129 grad=  2.3087e-02
  filtSat=     0.80476 grad= -2.4260e-02
epoch=360 loss=3.817346
  shape=     0.26486 grad= -6.3681e+00
  pw=     0.63929 grad=  8.7887e+00
  fBase=   302.32800 grad= -6.3257e-02
  fAmt=     0.71105 grad= -4.9451e-04
  fDecay=     0.12193 grad=  1.1552e-05
  res=     5.92022 grad= -8.8451e-03
  attackTime=     0.00102 grad=  1.9901e-02
  decayTime=     0.10826 grad=  6.0844e-03
  sustain=     0.00000 grad=  2.2128e+00
  releaseTime=     0.03647 grad= -2.7548e-04
  drive=     8.00000 grad= -2.1105e-02
  outGain=     0.67022 grad=  4.4613e-03
  vco2Level=     0.72573 grad=  6.0549e-02
  vco2Detune=     0.75439 grad= -5.0887e-01
  satGain=     4.41491 grad=  2.3361e+00
  satBias=    -0.23080 grad= -9.1967e-02
  satA2=    -0.86442 grad=  3.1492e-01
  satA3=    -0.53157 grad= -1.1003e+00
  satA5=    -0.15135 grad= -2.4833e+00
  filtSat=     0.80648 grad= -2.8054e-02
epoch=370 loss=3.815621
  shape=     0.26504 grad=  5.1698e+00
  pw=     0.63919 grad= -8.8730e+00
  fBase=   302.51462 grad=  1.5479e-02
  fAmt=     0.71944 grad= -2.0105e-05
  fDecay=     0.12239 grad= -5.7738e-06
  res=     6.00000 grad= -8.2290e-03
  attackTime=     0.00100 grad=  1.8697e-02
  decayTime=     0.10835 grad=  4.9890e-03
  sustain=     0.00000 grad=  2.2001e+00
  releaseTime=     0.03658 grad= -5.3246e-04
  drive=     8.00000 grad= -2.0612e-02
  outGain=     0.67009 grad=  3.5752e-03
  vco2Level=     0.72541 grad=  4.6142e-02
  vco2Detune=     0.75444 grad= -3.8251e-01
  satGain=     4.41035 grad= -2.1093e+00
  satBias=    -0.23179 grad=  1.2764e+00
  satA2=    -0.86349 grad= -6.0274e-01
  satA3=    -0.53176 grad=  1.2437e+00
  satA5=    -0.15134 grad=  2.6419e+00
  filtSat=     0.80638 grad=  2.1102e-02
epoch=380 loss=3.814981
  shape=     0.26506 grad= -1.2982e+01
  pw=     0.63923 grad= -5.1207e+00
  fBase=   304.21085 grad= -6.6990e-03
  fAmt=     0.74227 grad= -3.4549e-04
  fDecay=     0.12250 grad=  5.1625e-05
  res=     6.00000 grad= -7.5538e-03
  attackTime=     0.00100 grad=  1.8099e-02
  decayTime=     0.10822 grad=  1.7048e-02
  sustain=     0.00000 grad=  2.2595e+00
  releaseTime=     0.03671 grad= -6.9079e-04
  drive=     8.00000 grad= -9.4482e-03
  outGain=     0.66887 grad=  1.3083e-02
  vco2Level=     0.72345 grad=  1.2064e-01
  vco2Detune=     0.75442 grad= -5.1617e-01
  satGain=     4.41151 grad=  1.2772e+00
  satBias=    -0.23222 grad= -1.7713e+00
  satA2=    -0.86305 grad=  6.5048e-01
  satA3=    -0.53208 grad= -8.0449e-01
  satA5=    -0.15138 grad= -2.3097e+00
  filtSat=     0.80806 grad=  5.8352e-03
epoch=390 loss=3.814619
  shape=     0.26511 grad=  5.7354e+00
  pw=     0.63928 grad=  3.5522e+00
  fBase=   304.44534 grad=  1.4804e-02
  fAmt=     0.75907 grad=  5.6727e-05
  fDecay=     0.12088 grad= -2.2826e-05
  res=     6.00000 grad= -8.2610e-03
  attackTime=     0.00100 grad=  1.8376e-02
  decayTime=     0.10798 grad= -3.9183e-03
  sustain=     0.00000 grad=  2.0703e+00
  releaseTime=     0.03685 grad= -2.9188e-04
  drive=     8.00000 grad= -2.1364e-02
  outGain=     0.66650 grad=  3.8460e-03
  vco2Level=     0.72133 grad= -1.1308e-01
  vco2Detune=     0.75437 grad=  1.6389e-01
  satGain=     4.41053 grad= -1.3296e+00
  satBias=    -0.23210 grad=  1.1993e+00
  satA2=    -0.86317 grad= -4.8631e-01
  satA3=    -0.53227 grad=  8.4935e-01
  satA5=    -0.15135 grad=  1.8368e+00
  filtSat=     0.80488 grad=  1.2183e-02
epoch=400 loss=3.814797
  shape=     0.26508 grad= -1.1724e+01
  pw=     0.63922 grad= -5.3157e+00
  fBase=   304.75879 grad= -1.9102e-02
  fAmt=     0.77198 grad= -3.1967e-04
  fDecay=     0.12031 grad=  3.5255e-05
  res=     6.00000 grad= -7.6535e-03
  attackTime=     0.00100 grad=  1.7996e-02
  decayTime=     0.10794 grad= -3.2584e-03
  sustain=     0.00000 grad=  2.0627e+00
  releaseTime=     0.03696 grad= -2.0700e-04
  drive=     8.00000 grad= -1.6023e-02
  outGain=     0.66482 grad=  5.1637e-03
  vco2Level=     0.72235 grad=  1.0629e-02
  vco2Detune=     0.75442 grad= -1.7077e-01
  satGain=     4.41210 grad=  1.8254e+00
  satBias=    -0.23219 grad= -1.1314e+00
  satA2=    -0.86319 grad=  5.4129e-01
  satA3=    -0.53229 grad= -1.0051e+00
  satA5=    -0.15138 grad= -2.4816e+00
  filtSat=     0.80273 grad= -1.6132e-03
epoch=410 loss=3.814561
  shape=     0.26511 grad=  5.9592e+00
  pw=     0.63928 grad=  5.0010e+00
  fBase=   304.71518 grad=  1.4576e-02
  fAmt=     0.78199 grad=  3.8119e-05
  fDecay=     0.11930 grad= -1.7681e-05
  res=     6.00000 grad= -8.4258e-03
  attackTime=     0.00100 grad=  1.8379e-02
  decayTime=     0.10801 grad= -2.8900e-03
  sustain=     0.00000 grad=  2.0916e+00
  releaseTime=     0.03702 grad= -1.5508e-04
  drive=     8.00000 grad= -1.9580e-02
  outGain=     0.66369 grad=  3.0716e-03
  vco2Level=     0.72304 grad= -2.3538e-02
  vco2Detune=     0.75442 grad=  7.3367e-01
  satGain=     4.41086 grad= -1.3770e+00
  satBias=    -0.23213 grad=  1.0182e+00
  satA2=    -0.86333 grad= -4.4219e-01
  satA3=    -0.53210 grad=  8.5446e-01
  satA5=    -0.15135 grad=  1.7737e+00
  filtSat=     0.79965 grad=  9.5311e-03
epoch=420 loss=3.814511
  shape=     0.26509 grad= -9.1143e+00
  pw=     0.63924 grad= -3.1968e-01
  fBase=   305.01450 grad= -2.3782e-02
  fAmt=     0.79273 grad= -3.1148e-04
  fDecay=     0.11895 grad=  2.2663e-05
  res=     6.00000 grad= -7.9246e-03
  attackTime=     0.00100 grad=  1.7997e-02
  decayTime=     0.10806 grad=  3.2174e-03
  sustain=     0.00000 grad=  2.1424e+00
  releaseTime=     0.03707 grad= -2.7421e-04
  drive=     8.00000 grad= -1.4535e-02
  outGain=     0.66272 grad=  5.9826e-03
  vco2Level=     0.72306 grad=  3.6661e-02
  vco2Detune=     0.75442 grad= -1.4002e-02
  satGain=     4.41208 grad=  1.3526e+00
  satBias=    -0.23220 grad= -8.2571e-01
  satA2=    -0.86335 grad=  4.0119e-01
  satA3=    -0.53217 grad= -7.3083e-01
  satA5=    -0.15138 grad= -1.8739e+00
  filtSat=     0.79859 grad= -9.1425e-03
epoch=430 loss=3.814383
  shape=     0.26511 grad=  4.2147e+00
  pw=     0.63926 grad=  1.8147e+00
  fBase=   305.10004 grad=  1.8859e-02
  fAmt=     0.80202 grad=  3.6454e-05
  fDecay=     0.11838 grad= -8.6938e-06
  res=     6.00000 grad= -8.2776e-03
  attackTime=     0.00100 grad=  1.8016e-02
  decayTime=     0.10806 grad= -2.3237e-03
  sustain=     0.00000 grad=  2.1079e+00
  releaseTime=     0.03712 grad= -8.7688e-05
  drive=     8.00000 grad= -1.8099e-02
  outGain=     0.66166 grad=  2.9227e-03
  vco2Level=     0.72270 grad= -3.3047e-02
  vco2Detune=     0.75443 grad=  6.7201e-01
  satGain=     4.41098 grad= -1.0018e+00
  satBias=    -0.23219 grad=  7.8874e-01
  satA2=    -0.86340 grad= -3.3357e-01
  satA3=    -0.53217 grad=  6.3598e-01
  satA5=    -0.15136 grad=  1.2971e+00
  filtSat=     0.79775 grad=  9.1804e-03
epoch=440 loss=3.814412
  shape=     0.26509 grad= -7.4324e+00
  pw=     0.63924 grad= -9.0803e-01
  fBase=   305.20770 grad= -3.3140e-02
  fAmt=     0.81057 grad= -3.2975e-04
  fDecay=     0.11795 grad=  1.0333e-05
  res=     6.00000 grad= -7.8141e-03
  attackTime=     0.00100 grad=  1.8042e-02
  decayTime=     0.10807 grad= -1.3566e-04
  sustain=     0.00000 grad=  2.1230e+00
  releaseTime=     0.03716 grad= -1.7604e-04
  drive=     8.00000 grad= -1.6324e-02
  outGain=     0.66082 grad=  3.5083e-03
  vco2Level=     0.72271 grad=  7.6766e-03
  vco2Detune=     0.75441 grad= -5.2022e-03
  satGain=     4.41179 grad=  9.8132e-01
  satBias=    -0.23224 grad= -6.9197e-01
  satA2=    -0.86343 grad=  3.2493e-01
  satA3=    -0.53220 grad= -5.4371e-01
  satA5=    -0.15138 grad= -1.4372e+00
  filtSat=     0.79715 grad= -1.2638e-02
epoch=450 loss=3.814339
  shape=     0.26511 grad=  3.0838e+00
  pw=     0.63926 grad=  2.2909e+00
  fBase=   305.36960 grad=  1.8394e-02
  fAmt=     0.81880 grad=  1.5184e-05
  fDecay=     0.11763 grad= -3.4348e-06
  res=     6.00000 grad= -8.3097e-03
  attackTime=     0.00100 grad=  1.7978e-02
  decayTime=     0.10810 grad= -5.6371e-04
  sustain=     0.00000 grad=  2.1439e+00
  releaseTime=     0.03718 grad=  3.4529e-05
  drive=     8.00000 grad= -1.7933e-02
  outGain=     0.66014 grad=  2.9697e-03
  vco2Level=     0.72270 grad= -1.3007e-02
  vco2Detune=     0.75442 grad=  4.4394e-01
  satGain=     4.41083 grad= -8.0529e-01
  satBias=    -0.23224 grad=  5.7552e-01
  satA2=    -0.86346 grad= -2.5108e-01
  satA3=    -0.53227 grad=  5.1401e-01
  satA5=    -0.15136 grad=  9.8730e-01
  filtSat=     0.79687 grad=  8.9192e-03
epoch=460 loss=3.814328
  shape=     0.26509 grad= -5.2916e+00
  pw=     0.63924 grad= -1.4717e+00
  fBase=   305.39215 grad= -1.8422e-02
  fAmt=     0.82566 grad= -2.4173e-04
  fDecay=     0.11725 grad=  9.4338e-06
  res=     6.00000 grad= -7.9323e-03
  attackTime=     0.00100 grad=  1.7777e-02
  decayTime=     0.10811 grad=  6.5114e-05
  sustain=     0.00000 grad=  2.1470e+00
  releaseTime=     0.03718 grad=  1.3774e-05
  drive=     8.00000 grad= -1.6858e-02
  outGain=     0.65955 grad=  3.0457e-03
  vco2Level=     0.72263 grad= -2.3059e-03
  vco2Detune=     0.75441 grad= -5.8751e-02
  satGain=     4.41133 grad=  6.2351e-01
  satBias=    -0.23224 grad= -3.9697e-01
  satA2=    -0.86347 grad=  1.9738e-01
  satA3=    -0.53237 grad= -3.2695e-01
  satA5=    -0.15136 grad= -9.2519e-01
  filtSat=     0.79635 grad= -6.6107e-03
epoch=470 loss=3.814288
  shape=     0.26511 grad=  1.5234e+00
  pw=     0.63926 grad=  1.7278e+00
  fBase=   305.44998 grad=  9.2864e-03
  fAmt=     0.83207 grad= -3.3380e-05
  fDecay=     0.11697 grad= -3.3624e-06
  res=     6.00000 grad= -8.2542e-03
  attackTime=     0.00100 grad=  1.7938e-02
  decayTime=     0.10812 grad= -2.1033e-03
  sustain=     0.00000 grad=  2.1315e+00
  releaseTime=     0.03718 grad=  5.5137e-05
  drive=     8.00000 grad= -1.8283e-02
  outGain=     0.65906 grad=  2.0026e-03
  vco2Level=     0.72267 grad= -9.6357e-03
  vco2Detune=     0.75441 grad=  1.6317e-01
  satGain=     4.41095 grad= -5.3394e-01
  satBias=    -0.23227 grad=  3.9316e-01
  satA2=    -0.86348 grad= -1.6581e-01
  satA3=    -0.53244 grad=  3.5321e-01
  satA5=    -0.15128 grad=  6.2443e-01
  filtSat=     0.79611 grad=  4.8028e-03
epoch=480 loss=3.814276
  shape=     0.26509 grad= -4.2174e+00
  pw=     0.63924 grad= -1.1836e+00
  fBase=   305.49557 grad= -9.1466e-03
  fAmt=     0.83783 grad= -1.9363e-04
  fDecay=     0.11674 grad=  1.1099e-05
  res=     6.00000 grad= -8.0314e-03
  attackTime=     0.00100 grad=  1.7901e-02
  decayTime=     0.10814 grad=  2.6401e-04
  sustain=     0.00000 grad=  2.1512e+00
  releaseTime=     0.03718 grad= -2.2386e-05
  drive=     8.00000 grad= -1.7376e-02
  outGain=     0.65867 grad=  2.4271e-03
  vco2Level=     0.72271 grad=  2.6153e-03
  vco2Detune=     0.75440 grad= -1.9724e-01
  satGain=     4.41160 grad=  4.4040e-01
  satBias=    -0.23232 grad= -2.7634e-01
  satA2=    -0.86348 grad=  1.4002e-01
  satA3=    -0.53252 grad= -2.1841e-01
  satA5=    -0.15119 grad= -6.8149e-01
  filtSat=     0.79589 grad= -2.3444e-03
epoch=490 loss=3.814225
  shape=     0.26512 grad=  8.6316e-01
  pw=     0.63926 grad=  1.5203e+00
  fBase=   305.50809 grad=  9.8582e-03
  fAmt=     0.84294 grad= -4.0176e-05
  fDecay=     0.11651 grad= -4.6899e-08
  res=     6.00000 grad= -8.2840e-03
  attackTime=     0.00100 grad=  1.7802e-02
  decayTime=     0.10815 grad= -7.5300e-04
  sustain=     0.00000 grad=  2.1595e+00
  releaseTime=     0.03718 grad=  1.1021e-04
  drive=     8.00000 grad= -1.8050e-02
  outGain=     0.65833 grad=  2.1888e-03
  vco2Level=     0.72273 grad= -5.9390e-03
  vco2Detune=     0.75441 grad=  1.0451e-01
  satGain=     4.41186 grad= -2.5364e-01
  satBias=    -0.23237 grad=  3.0453e-01
  satA2=    -0.86348 grad= -1.0825e-01
  satA3=    -0.53259 grad=  2.0475e-01
  satA5=    -0.15108 grad=  3.0568e-01
  filtSat=     0.79565 grad=  3.7756e-03
epoch=500 loss=3.814199
  shape=     0.26513 grad= -1.4171e+00
  pw=     0.63924 grad= -1.2587e+00
  fBase=   305.45392 grad= -8.9611e-03
  fAmt=     0.84692 grad= -1.6291e-04
  fDecay=     0.11634 grad=  2.0514e-06
  res=     6.00000 grad= -8.0367e-03
  attackTime=     0.00100 grad=  1.7806e-02
  decayTime=     0.10815 grad= -9.5547e-04
  sustain=     0.00000 grad=  2.1511e+00
  releaseTime=     0.03717 grad= -3.7533e-05
  drive=     8.00000 grad= -1.8135e-02
  outGain=     0.65803 grad=  2.1164e-03
  vco2Level=     0.72276 grad= -2.3407e-03
  vco2Detune=     0.75441 grad= -1.3248e-01
  satGain=     4.41247 grad=  2.3478e-01
  satBias=    -0.23246 grad= -2.0890e-01
  satA2=    -0.86346 grad=  9.9113e-02
  satA3=    -0.53266 grad= -1.1479e-01
  satA5=    -0.15101 grad= -4.4293e-01
  filtSat=     0.79537 grad= -3.4953e-03
epoch=510 loss=3.814189
  shape=     0.26514 grad=  1.9621e+00
  pw=     0.63925 grad=  1.1770e+00
  fBase=   305.43979 grad=  4.6625e-03
  fAmt=     0.85054 grad= -5.4075e-05
  fDecay=     0.11629 grad= -5.5172e-06
  res=     6.00000 grad= -8.2430e-03
  attackTime=     0.00100 grad=  1.7797e-02
  decayTime=     0.10817 grad= -1.8879e-03
  sustain=     0.00000 grad=  2.1514e+00
  releaseTime=     0.03718 grad=  7.3757e-05
  drive=     8.00000 grad= -1.8915e-02
  outGain=     0.65779 grad=  1.3029e-03
  vco2Level=     0.72281 grad= -6.8807e-03
  vco2Detune=     0.75441 grad=  1.5038e-01
  satGain=     4.41266 grad= -2.6346e-01
  satBias=    -0.23250 grad=  2.2218e-01
  satA2=    -0.86347 grad= -8.3742e-02
  satA3=    -0.53272 grad=  1.9284e-01
  satA5=    -0.15091 grad=  2.7217e-01
  filtSat=     0.79533 grad=  1.5648e-03
epoch=520 loss=3.814172
  shape=     0.26512 grad= -1.3925e+00
  pw=     0.63924 grad= -1.0972e+00
  fBase=   305.44589 grad= -8.8987e-03
  fAmt=     0.85380 grad= -1.6209e-04
  fDecay=     0.11631 grad=  1.8044e-06
  res=     6.00000 grad= -8.0557e-03
  attackTime=     0.00100 grad=  1.7800e-02
  decayTime=     0.10818 grad= -1.3189e-03
  sustain=     0.00000 grad=  2.1485e+00
  releaseTime=     0.03717 grad= -1.2371e-06
  drive=     8.00000 grad= -1.8510e-02
  outGain=     0.65761 grad=  1.5840e-03
  vco2Level=     0.72285 grad=  2.3450e-04
  vco2Detune=     0.75441 grad= -1.1404e-01
  satGain=     4.41293 grad=  1.8360e-01
  satBias=    -0.23253 grad= -1.8115e-01
  satA2=    -0.86347 grad=  8.5162e-02
  satA3=    -0.53276 grad= -8.5671e-02
  satA5=    -0.15083 grad= -3.7919e-01
  filtSat=     0.79537 grad= -2.8802e-03
epoch=530 loss=3.814160
  shape=     0.26513 grad=  8.8286e-01
  pw=     0.63925 grad=  3.1334e-01
  fBase=   305.47183 grad=  7.3092e-03
  fAmt=     0.85695 grad= -5.5245e-05
  fDecay=     0.11633 grad= -1.2968e-07
  res=     6.00000 grad= -8.2383e-03
  attackTime=     0.00100 grad=  1.7793e-02
  decayTime=     0.10819 grad= -1.3249e-03
  sustain=     0.00000 grad=  2.1571e+00
  releaseTime=     0.03717 grad=  7.6176e-05
  drive=     8.00000 grad= -1.8650e-02
  outGain=     0.65746 grad=  1.5948e-03
  vco2Level=     0.72288 grad= -5.4499e-03
  vco2Detune=     0.75441 grad=  2.2634e-02
  satGain=     4.41312 grad= -1.5358e-01
  satBias=    -0.23254 grad=  1.9746e-01
  satA2=    -0.86348 grad= -6.5149e-02
  satA3=    -0.53280 grad=  1.3762e-01
  satA5=    -0.15074 grad=  1.5429e-01
  filtSat=     0.79541 grad=  3.2448e-03
epoch=540 loss=3.814150
  shape=     0.26513 grad= -8.4147e-01
  pw=     0.63925 grad=  1.2054e-01
  fBase=   305.45157 grad= -9.5723e-03
  fAmt=     0.85952 grad= -1.5528e-04
  fDecay=     0.11631 grad= -1.6188e-06
  res=     6.00000 grad= -8.0974e-03
  attackTime=     0.00100 grad=  1.7807e-02
  decayTime=     0.10820 grad= -1.3288e-03
  sustain=     0.00000 grad=  2.1561e+00
  releaseTime=     0.03717 grad=  7.5088e-05
  drive=     8.00000 grad= -1.9007e-02
  outGain=     0.65732 grad=  1.0921e-03
  vco2Level=     0.72289 grad=  4.1965e-03
  vco2Detune=     0.75441 grad=  2.6937e-02
  satGain=     4.41338 grad=  1.1768e-01
  satBias=    -0.23259 grad= -1.2620e-01
  satA2=    -0.86347 grad=  6.2240e-02
  satA3=    -0.53284 grad= -4.6008e-02
  satA5=    -0.15069 grad= -2.8759e-01
  filtSat=     0.79531 grad= -3.2553e-03
epoch=550 loss=3.814142
  shape=     0.26513 grad=  8.0499e-01
  pw=     0.63925 grad= -4.4518e-01
  fBase=   305.46643 grad=  6.4730e-03
  fAmt=     0.86208 grad= -6.2407e-05
  fDecay=     0.11632 grad=  9.5870e-08
  res=     6.00000 grad= -8.2145e-03
  attackTime=     0.00100 grad=  1.7777e-02
  decayTime=     0.10821 grad= -1.2142e-03
  sustain=     0.00000 grad=  2.1588e+00
  releaseTime=     0.03716 grad=  5.7792e-05
  drive=     8.00000 grad= -1.8861e-02
  outGain=     0.65721 grad=  1.6511e-03
  vco2Level=     0.72290 grad= -2.2956e-03
  vco2Detune=     0.75441 grad= -6.0591e-02
  satGain=     4.41357 grad= -1.1094e-01
  satBias=    -0.23261 grad=  1.3378e-01
  satA2=    -0.86347 grad= -4.1622e-02
  satA3=    -0.53288 grad=  1.0653e-01
  satA5=    -0.15062 grad=  7.9949e-02
  filtSat=     0.79529 grad=  3.2303e-03
epoch=560 loss=3.814134
  shape=     0.26513 grad= -4.8227e-01
  pw=     0.63925 grad=  1.6788e-01
  fBase=   305.47620 grad= -2.7397e-03
  fAmt=     0.86441 grad= -1.1988e-04
  fDecay=     0.11634 grad=  1.3092e-07
  res=     6.00000 grad= -8.1476e-03
  attackTime=     0.00100 grad=  1.7870e-02
  decayTime=     0.10822 grad= -8.1379e-04
  sustain=     0.00000 grad=  2.1583e+00
  releaseTime=     0.03716 grad=  6.0508e-05
  drive=     8.00000 grad= -1.8674e-02
  outGain=     0.65712 grad=  1.2274e-03
  vco2Level=     0.72290 grad=  7.9439e-04
  vco2Detune=     0.75441 grad=  7.5699e-03
  satGain=     4.41374 grad=  5.8145e-02
  satBias=    -0.23263 grad= -1.1202e-02
  satA2=    -0.86348 grad=  2.0975e-02
  satA3=    -0.53291 grad=  1.5699e-03
  satA5=    -0.15056 grad= -1.6584e-01
  filtSat=     0.79527 grad= -8.4304e-04
epoch=570 loss=3.814125
  shape=     0.26513 grad= -2.3380e-01
  pw=     0.63925 grad= -1.9335e-01
  fBase=   305.47546 grad= -2.6806e-03
  fAmt=     0.86652 grad= -1.1652e-04
  fDecay=     0.11635 grad= -9.9596e-07
  res=     6.00000 grad= -8.1491e-03
  attackTime=     0.00100 grad=  1.7871e-02
  decayTime=     0.10823 grad= -9.5048e-04
  sustain=     0.00000 grad=  2.1578e+00
  releaseTime=     0.03716 grad=  5.8938e-05
  drive=     8.00000 grad= -1.9071e-02
  outGain=     0.65703 grad=  1.0921e-03
  vco2Level=     0.72290 grad= -4.0356e-04
  vco2Detune=     0.75441 grad= -1.4826e-02
  satGain=     4.41391 grad=  3.0589e-02
  satBias=    -0.23266 grad= -1.0952e-03
  satA2=    -0.86347 grad=  1.5165e-02
  satA3=    -0.53294 grad=  1.5698e-02
  satA5=    -0.15051 grad= -1.3292e-01
  filtSat=     0.79523 grad= -3.5820e-04
epoch=580 loss=3.814114
  shape=     0.26513 grad= -1.0407e-01
  pw=     0.63925 grad=  3.0744e-02
  fBase=   305.48172 grad= -1.3688e-03
  fAmt=     0.86854 grad= -1.0821e-04
  fDecay=     0.11636 grad= -8.2813e-07
  res=     6.00000 grad= -8.1526e-03
  attackTime=     0.00100 grad=  1.7874e-02
  decayTime=     0.10823 grad= -9.0098e-04
  sustain=     0.00000 grad=  2.1588e+00
  releaseTime=     0.03715 grad=  4.7572e-05
  drive=     8.00000 grad= -1.8941e-02
  outGain=     0.65695 grad=  9.8481e-04
  vco2Level=     0.72290 grad=  1.2193e-04
  vco2Detune=     0.75441 grad= -9.6006e-03
  satGain=     4.41405 grad=  1.6325e-03
  satBias=    -0.23268 grad=  1.3299e-02
  satA2=    -0.86348 grad=  7.3585e-03
  satA3=    -0.53297 grad=  3.2241e-02
  satA5=    -0.15046 grad= -9.6699e-02
  filtSat=     0.79521 grad= -6.3401e-07
epoch=590 loss=3.814113
  shape=     0.26513 grad= -9.9250e-02
  pw=     0.63925 grad= -4.3091e-02
  fBase=   305.48801 grad= -6.1679e-04
  fAmt=     0.87050 grad= -1.0486e-04
  fDecay=     0.11638 grad= -4.3592e-07
  res=     6.00000 grad= -8.1578e-03
  attackTime=     0.00100 grad=  1.7872e-02
  decayTime=     0.10824 grad= -7.4083e-04
  sustain=     0.00000 grad=  2.1597e+00
  releaseTime=     0.03715 grad=  5.4160e-05
  drive=     8.00000 grad= -1.8813e-02
  outGain=     0.65688 grad=  1.1025e-03
  vco2Level=     0.72290 grad=  8.5451e-04
  vco2Detune=     0.75441 grad=  9.4520e-03
  satGain=     4.41421 grad=  1.2085e-02
  satBias=    -0.23271 grad=  1.8286e-02
  satA2=    -0.86348 grad=  7.0467e-03
  satA3=    -0.53299 grad=  2.8038e-02
  satA5=    -0.15041 grad= -1.0397e-01
  filtSat=     0.79518 grad=  8.0220e-05
epoch=599 loss=3.814103
  shape=     0.26513 grad= -3.6781e-02
  pw=     0.63925 grad=  9.1948e-02
  fBase=   305.48975 grad= -6.9172e-04
  fAmt=     0.87221 grad= -1.0393e-04
  fDecay=     0.11639 grad= -8.6069e-07
  res=     6.00000 grad= -8.1563e-03
  attackTime=     0.00100 grad=  1.7873e-02
  decayTime=     0.10824 grad= -8.5878e-04
  sustain=     0.00000 grad=  2.1589e+00
  releaseTime=     0.03715 grad=  5.5111e-05
  drive=     8.00000 grad= -1.8936e-02
  outGain=     0.65682 grad=  9.7661e-04
  vco2Level=     0.72290 grad=  5.4241e-04
  vco2Detune=     0.75441 grad= -2.9184e-03
  satGain=     4.41433 grad= -5.2509e-03
  satBias=    -0.23273 grad=  2.3169e-02
  satA2=    -0.86348 grad=  3.7067e-03
  satA3=    -0.53302 grad=  3.6903e-02
  satA5=    -0.15037 grad= -8.4244e-02
  filtSat=     0.79516 grad=  2.0346e-04
