epoch=0 loss=4.107233
  shape=     0.35571 grad=  2.3951e+00
  pw=     0.59108 grad= -5.4547e+00
  fBase=    33.47201 grad=  7.7071e-02
  fAmt=   970.83972 grad=  3.6151e-01
  fDecay=     0.21049 grad=  5.2735e-01
  res=     3.27871 grad= -2.8897e-02
  attackTime=     0.00828 grad=  3.8188e-02
  decayTime=     0.24226 grad=  1.8462e-01
  sustain=     0.06711 grad=  6.7448e-01
  releaseTime=     0.99541 grad=  1.6701e-02
  drive=     3.69951 grad=  5.4653e-02
  outGain=     1.47135 grad=  1.0589e-01
  vco2Level=     0.46273 grad= -9.0453e-01
  vco2Detune=     1.87773 grad= -2.3320e+00
  satGain=     1.81366 grad=  1.6186e-01
  satBias=     0.11481 grad= -2.7819e-02
  satA2=    -0.05083 grad=  1.7498e-02
  satA3=     0.31461 grad=  5.3938e-02
  satA5=    -0.14115 grad=  3.6362e-02
  filtSat=     1.10109 grad=  8.3097e-02
epoch=10 loss=4.014633
  shape=     0.35301 grad=  2.9404e-01
  pw=     0.59093 grad=  1.8068e+01
  fBase=    30.80687 grad=  1.5499e-02
  fAmt=   966.95490 grad= -1.7518e-01
  fDecay=     0.19509 grad=  2.2145e-02
  res=     3.61775 grad= -2.0345e-02
  attackTime=     0.00749 grad=  4.2816e-02
  decayTime=     0.22552 grad=  1.2761e-03
  sustain=     0.03951 grad=  2.6562e-01
  releaseTime=     0.90027 grad=  3.8672e-02
  drive=     3.90898 grad= -1.6195e-01
  outGain=     1.48082 grad= -9.6035e-02
  vco2Level=     0.48144 grad= -4.0485e-02
  vco2Detune=     1.87866 grad= -8.0138e-01
  satGain=     1.82665 grad= -1.1185e-01
  satBias=     0.11187 grad=  1.6565e-02
  satA2=    -0.05919 grad=  3.3051e-02
  satA3=     0.30516 grad=  3.7996e-02
  satA5=    -0.15071 grad=  2.9260e-02
  filtSat=     1.01169 grad=  4.7791e-02
epoch=20 loss=3.959635
  shape=     0.34778 grad=  6.5223e-01
  pw=     0.59025 grad= -2.6455e+01
  fBase=    30.00000 grad=  2.5694e-02
  fAmt=  1021.61133 grad=  3.0961e-01
  fDecay=     0.18621 grad=  1.1351e-01
  res=     3.98351 grad= -1.8709e-02
  attackTime=     0.00678 grad=  3.4562e-02
  decayTime=     0.21549 grad=  3.6946e-02
  sustain=     0.01296 grad=  3.3148e-01
  releaseTime=     0.81884 grad=  1.5193e-02
  drive=     4.27390 grad= -4.1927e-02
  outGain=     1.50942 grad=  3.5544e-02
  vco2Level=     0.50379 grad= -4.3824e-01
  vco2Detune=     1.87512 grad= -4.4028e+00
  satGain=     1.93527 grad=  5.2946e-02
  satBias=     0.10797 grad= -3.1232e-02
  satA2=    -0.06741 grad=  9.8813e-03
  satA3=     0.29538 grad=  4.4144e-02
  satA5=    -0.16073 grad=  3.8410e-02
  filtSat=     0.91687 grad=  9.9013e-02
epoch=30 loss=3.943904
  shape=     0.34495 grad= -2.0606e-01
  pw=     0.59000 grad=  1.1297e+01
  fBase=    30.00000 grad= -4.5445e-03
  fAmt=  1005.06708 grad= -2.9716e-01
  fDecay=     0.17995 grad= -1.1818e-01
  res=     4.31458 grad= -6.3036e-03
  attackTime=     0.00619 grad=  2.6565e-02
  decayTime=     0.21002 grad= -2.6704e-02
  sustain=     0.00000 grad=  1.6495e-01
  releaseTime=     0.75992 grad=  9.8565e-03
  drive=     4.58829 grad= -4.5420e-02
  outGain=     1.51562 grad=  2.3440e-02
  vco2Level=     0.52067 grad=  3.3637e-01
  vco2Detune=     1.87464 grad=  7.7794e-01
  satGain=     1.97591 grad= -1.1506e-01
  satBias=     0.10845 grad=  6.1575e-02
  satA2=    -0.07491 grad=  1.0760e-01
  satA3=     0.28569 grad=  7.4860e-02
  satA5=    -0.17078 grad=  4.2305e-02
  filtSat=     0.82308 grad= -8.3566e-02
epoch=40 loss=3.940603
  shape=     0.34266 grad= -3.8969e-01
  pw=     0.58987 grad=  3.8818e+01
  fBase=    30.00000 grad= -7.5613e-03
  fAmt=  1001.40240 grad= -3.2276e-01
  fDecay=     0.17941 grad= -1.5543e-01
  res=     4.61905 grad=  1.7538e-03
  attackTime=     0.00571 grad=  2.5259e-02
  decayTime=     0.20968 grad=  1.8145e-02
  sustain=     0.00000 grad=  2.6847e-01
  releaseTime=     0.72755 grad= -2.4442e-03
  drive=     4.77630 grad=  2.4408e-02
  outGain=     1.49956 grad=  8.6927e-02
  vco2Level=     0.52874 grad=  2.6611e-01
  vco2Detune=     1.87606 grad=  5.0362e+00
  satGain=     2.03664 grad= -9.0521e-02
  satBias=     0.10691 grad=  3.5759e-02
  satA2=    -0.08325 grad=  8.7929e-02
  satA3=     0.27466 grad=  7.3213e-02
  satA5=    -0.18140 grad=  4.4986e-02
  filtSat=     0.80825 grad= -1.3778e-01
epoch=50 loss=3.939805
  shape=     0.34117 grad=  4.0406e+00
  pw=     0.58960 grad= -1.0246e+02
  fBase=    30.00000 grad=  2.1944e-02
  fAmt=  1005.07428 grad=  4.2946e-01
  fDecay=     0.18060 grad=  6.0614e-02
  res=     4.87204 grad= -1.7183e-02
  attackTime=     0.00528 grad=  2.4360e-02
  decayTime=     0.20555 grad= -3.0687e-03
  sustain=     0.00000 grad=  2.1778e-01
  releaseTime=     0.71957 grad= -2.4324e-03
  drive=     4.77707 grad=  1.6432e-02
  outGain=     1.46273 grad=  6.9245e-02
  vco2Level=     0.53350 grad= -4.5486e-01
  vco2Detune=     1.87637 grad= -8.7327e+00
  satGain=     2.09272 grad=  5.3033e-02
  satBias=     0.10496 grad= -5.4199e-02
  satA2=    -0.09279 grad=  2.2075e-03
  satA3=     0.26309 grad=  5.7349e-02
  satA5=    -0.19237 grad=  4.2665e-02
  filtSat=     0.84967 grad=  3.9738e-02
epoch=60 loss=3.925225
  shape=     0.33945 grad= -1.9005e+00
  pw=     0.58978 grad=  3.9345e+01
  fBase=    30.00000 grad= -7.3122e-04
  fAmt=   986.33228 grad= -1.3087e-01
  fDecay=     0.18224 grad= -4.7864e-02
  res=     5.14674 grad= -4.8457e-03
  attackTime=     0.00489 grad=  2.6548e-02
  decayTime=     0.20717 grad= -1.4981e-02
  sustain=     0.00000 grad=  1.9571e-01
  releaseTime=     0.71534 grad=  5.4519e-03
  drive=     4.77322 grad= -2.0572e-02
  outGain=     1.42717 grad=  4.2730e-02
  vco2Level=     0.53917 grad=  3.5635e-01
  vco2Detune=     1.87702 grad=  2.9174e+00
  satGain=     2.14226 grad= -6.5998e-02
  satBias=     0.10446 grad=  1.7415e-02
  satA2=    -0.10172 grad=  7.4516e-02
  satA3=     0.25231 grad=  5.5066e-02
  satA5=    -0.20298 grad=  3.7717e-02
  filtSat=     0.87932 grad= -3.7753e-02
epoch=70 loss=3.917212
  shape=     0.34022 grad= -2.1725e+00
  pw=     0.58979 grad=  3.8677e+01
  fBase=    30.00000 grad=  4.5576e-03
  fAmt=   970.68774 grad= -1.4598e-01
  fDecay=     0.18312 grad= -3.9618e-02
  res=     5.43015 grad= -5.3574e-03
  attackTime=     0.00451 grad=  2.6972e-02
  decayTime=     0.21025 grad= -5.2005e-03
  sustain=     0.00000 grad=  2.2497e-01
  releaseTime=     0.70397 grad=  7.0041e-03
  drive=     4.82188 grad= -2.2642e-02
  outGain=     1.39556 grad=  4.2612e-02
  vco2Level=     0.53649 grad=  3.5115e-01
  vco2Detune=     1.87715 grad=  3.3225e+00
  satGain=     2.20944 grad= -8.1283e-02
  satBias=     0.10661 grad=  3.8135e-03
  satA2=    -0.10937 grad=  6.8721e-02
  satA3=     0.24190 grad=  6.3789e-02
  satA5=    -0.21380 grad=  4.6523e-02
  filtSat=     0.89738 grad= -4.6576e-02
epoch=80 loss=3.913623
  shape=     0.34103 grad=  3.0456e+00
  pw=     0.58958 grad= -1.0167e+02
  fBase=    30.00000 grad=  3.0171e-02
  fAmt=   955.70294 grad=  4.3550e-01
  fDecay=     0.18372 grad=  1.3599e-01
  res=     5.75630 grad= -1.7550e-02
  attackTime=     0.00415 grad=  2.6772e-02
  decayTime=     0.21226 grad=  1.3722e-02
  sustain=     0.00000 grad=  2.7077e-01
  releaseTime=     0.68498 grad=  4.2818e-03
  drive=     4.91717 grad= -3.4639e-03
  outGain=     1.36705 grad=  5.5598e-02
  vco2Level=     0.53319 grad= -5.5546e-01
  vco2Detune=     1.87676 grad= -7.1867e+00
  satGain=     2.30167 grad=  7.8630e-02
  satBias=     0.11167 grad= -1.0089e-01
  satA2=    -0.11602 grad= -3.2608e-02
  satA3=     0.23116 grad=  6.5760e-02
  satA5=    -0.22535 grad=  5.7292e-02
  filtSat=     0.91024 grad=  9.6985e-02
epoch=90 loss=3.899112
  shape=     0.34025 grad= -4.1206e+00
  pw=     0.58977 grad=  4.3160e+01
  fBase=    30.00000 grad=  2.0931e-03
  fAmt=   935.80792 grad= -2.0993e-01
  fDecay=     0.18312 grad= -8.6615e-02
  res=     6.00000 grad= -6.4040e-03
  attackTime=     0.00382 grad=  2.6925e-02
  decayTime=     0.21106 grad= -9.5803e-03
  sustain=     0.00000 grad=  2.1722e-01
  releaseTime=     0.66387 grad=  7.2106e-03
  drive=     5.01215 grad= -2.2946e-02
  outGain=     1.33849 grad=  3.5663e-02
  vco2Level=     0.53475 grad=  3.3110e-01
  vco2Detune=     1.87714 grad=  2.9310e+00
  satGain=     2.40711 grad= -1.2292e-01
  satBias=     0.11935 grad= -2.1505e-02
  satA2=    -0.12202 grad=  7.3792e-02
  satA3=     0.21987 grad=  8.5059e-02
  satA5=    -0.23774 grad=  7.0889e-02
  filtSat=     0.92142 grad= -6.8940e-02
epoch=100 loss=3.890651
  shape=     0.34103 grad=  1.0258e+00
  pw=     0.58978 grad=  5.3158e+01
  fBase=    30.00000 grad= -4.2783e-03
  fAmt=   917.51105 grad= -2.1023e-01
  fDecay=     0.18310 grad= -1.3112e-01
  res=     6.00000 grad= -4.0943e-03
  attackTime=     0.00351 grad=  2.5271e-02
  decayTime=     0.21162 grad= -1.0288e-02
  sustain=     0.00000 grad=  2.1099e-01
  releaseTime=     0.64208 grad=  5.6459e-03
  drive=     5.12009 grad= -1.5975e-02
  outGain=     1.31306 grad=  3.4434e-02
  vco2Level=     0.53740 grad=  3.4330e-01
  vco2Detune=     1.87718 grad=  4.7446e+00
  satGain=     2.52402 grad= -1.4715e-01
  satBias=     0.12841 grad= -2.2887e-02
  satA2=    -0.12716 grad=  7.9743e-02
  satA3=     0.20898 grad=  8.5665e-02
  satA5=    -0.24999 grad=  7.2893e-02
  filtSat=     0.92860 grad= -9.3568e-02
epoch=110 loss=3.883027
  shape=     0.34111 grad=  7.3807e-01
  pw=     0.58958 grad= -6.3815e+01
  fBase=    30.00000 grad=  2.7695e-02
  fAmt=   902.17584 grad=  3.9717e-01
  fDecay=     0.18506 grad=  8.1535e-02
  res=     6.00000 grad= -1.3988e-02
  attackTime=     0.00321 grad=  2.8537e-02
  decayTime=     0.21217 grad=  1.6621e-02
  sustain=     0.00000 grad=  2.7904e-01
  releaseTime=     0.62281 grad=  1.6236e-03
  drive=     5.20640 grad=  1.0144e-02
  outGain=     1.28889 grad=  4.9860e-02
  vco2Level=     0.53918 grad= -3.5600e-01
  vco2Detune=     1.87631 grad= -5.0970e+00
  satGain=     2.63841 grad=  6.9444e-02
  satBias=     0.13815 grad= -9.4138e-02
  satA2=    -0.13182 grad= -3.1456e-02
  satA3=     0.19876 grad=  4.7314e-02
  satA5=    -0.26166 grad=  4.5572e-02
  filtSat=     0.93343 grad=  7.6103e-02
epoch=120 loss=3.873947
  shape=     0.34095 grad=  9.6779e-01
  pw=     0.58976 grad=  4.3972e+01
  fBase=    30.00000 grad=  9.0469e-03
  fAmt=   881.43555 grad=  1.5088e-02
  fDecay=     0.18667 grad= -3.4342e-02
  res=     6.00000 grad= -5.7563e-03
  attackTime=     0.00293 grad=  2.8508e-02
  decayTime=     0.21094 grad= -3.8070e-03
  sustain=     0.00000 grad=  2.3761e-01
  releaseTime=     0.60537 grad=  6.7801e-03
  drive=     5.26461 grad= -1.6213e-02
  outGain=     1.26586 grad=  2.8187e-02
  vco2Level=     0.53899 grad=  3.1891e-01
  vco2Detune=     1.87623 grad=  2.5730e+00
  satGain=     2.73632 grad= -3.9028e-02
  satBias=     0.14725 grad=  6.5247e-03
  satA2=    -0.13584 grad=  4.0477e-02
  satA3=     0.19004 grad=  2.7434e-02
  satA5=    -0.27130 grad=  5.9243e-04
  filtSat=     0.93783 grad= -2.7872e-02
epoch=130 loss=3.869051
  shape=     0.34125 grad=  1.6368e+00
  pw=     0.58978 grad=  5.8773e+01
  fBase=    30.00000 grad=  7.7042e-03
  fAmt=   860.09424 grad= -5.0958e-02
  fDecay=     0.19083 grad= -6.9266e-02
  res=     6.00000 grad= -5.0571e-03
  attackTime=     0.00269 grad=  2.8374e-02
  decayTime=     0.20992 grad=  1.8810e-02
  sustain=     0.00000 grad=  3.2669e-01
  releaseTime=     0.58323 grad=  7.7245e-03
  drive=     5.36072 grad= -9.7194e-03
  outGain=     1.24659 grad=  3.6828e-02
  vco2Level=     0.53403 grad=  3.8438e-02
  vco2Detune=     1.87612 grad=  3.1616e+00
  satGain=     2.80153 grad=  4.4701e-02
  satBias=     0.15260 grad=  1.2814e-01
  satA2=    -0.13842 grad= -9.1559e-03
  satA3=     0.18414 grad= -4.5877e-02
  satA5=    -0.27573 grad= -1.3661e-01
  filtSat=     0.94390 grad= -6.4698e-02
epoch=140 loss=3.859586
  shape=     0.34119 grad=  1.5934e+00
  pw=     0.58947 grad= -6.7710e+01
  fBase=    30.00000 grad=  2.0072e-02
  fAmt=   842.93927 grad=  2.2300e-01
  fDecay=     0.19774 grad=  2.6334e-02
  res=     6.00000 grad= -1.6219e-02
  attackTime=     0.00248 grad=  2.8095e-02
  decayTime=     0.20228 grad=  1.6653e-02
  sustain=     0.00000 grad=  3.5105e-01
  releaseTime=     0.55618 grad=  1.1342e-02
  drive=     5.46682 grad= -2.3386e-02
  outGain=     1.22674 grad=  2.1497e-02
  vco2Level=     0.53325 grad= -4.7808e-01
  vco2Detune=     1.87728 grad= -1.8717e+00
  satGain=     2.78758 grad=  3.7069e-02
  satBias=     0.15181 grad= -6.8708e-02
  satA2=    -0.13966 grad= -2.1503e-02
  satA3=     0.18151 grad=  2.9826e-02
  satA5=    -0.27230 grad=  2.4347e-02
  filtSat=     0.95943 grad=  6.5366e-02
epoch=150 loss=3.868874
  shape=     0.34102 grad= -1.9235e+00
  pw=     0.58978 grad=  8.6775e+01
  fBase=    30.00000 grad= -1.2014e-02
  fAmt=   824.96802 grad= -3.7055e-01
  fDecay=     0.20371 grad= -1.4585e-01
  res=     6.00000 grad= -3.7505e-03
  attackTime=     0.00228 grad=  2.8476e-02
  decayTime=     0.19237 grad= -1.5447e-02
  sustain=     0.00000 grad=  3.1046e-01
  releaseTime=     0.52383 grad=  1.5344e-02
  drive=     5.62118 grad= -4.6574e-02
  outGain=     1.20989 grad=  5.7903e-03
  vco2Level=     0.53990 grad=  8.7026e-01
  vco2Detune=     1.87796 grad=  2.1301e+00
  satGain=     2.79573 grad= -1.0824e-01
  satBias=     0.15314 grad=  1.5393e-01
  satA2=    -0.14056 grad=  9.7662e-02
  satA3=     0.17837 grad= -1.2129e-02
  satA5=    -0.27024 grad= -1.1617e-01
  filtSat=     0.96976 grad= -1.5016e-01
epoch=160 loss=3.849191
  shape=     0.34159 grad= -7.3021e-02
  pw=     0.58972 grad=  4.4543e+01
  fBase=    30.00000 grad=  2.8507e-03
  fAmt=   820.67523 grad= -1.1228e-01
  fDecay=     0.20835 grad= -2.9391e-02
  res=     6.00000 grad= -8.4935e-03
  attackTime=     0.00210 grad=  2.8583e-02
  decayTime=     0.18573 grad= -7.3868e-03
  sustain=     0.00000 grad=  3.6345e-01
  releaseTime=     0.49118 grad=  1.0874e-02
  drive=     5.81433 grad= -2.6037e-02
  outGain=     1.19466 grad=  2.5801e-02
  vco2Level=     0.53536 grad=  3.0035e-01
  vco2Detune=     1.87616 grad=  3.9718e+00
  satGain=     2.78421 grad= -4.0188e-02
  satBias=     0.14984 grad=  1.8085e-02
  satA2=    -0.14150 grad=  4.5110e-02
  satA3=     0.17736 grad=  1.9918e-02
  satA5=    -0.26366 grad= -1.5154e-02
  filtSat=     0.99361 grad= -2.8286e-02
epoch=170 loss=3.848545
  shape=     0.34118 grad=  3.6440e+00
  pw=     0.58950 grad= -8.2832e+01
  fBase=    30.00000 grad=  2.4214e-02
  fAmt=   815.26074 grad=  4.0836e-01
  fDecay=     0.21082 grad=  4.1239e-02
  res=     6.00000 grad= -1.5927e-02
  attackTime=     0.00194 grad=  2.7133e-02
  decayTime=     0.18276 grad=  4.2931e-03
  sustain=     0.00000 grad=  4.0445e-01
  releaseTime=     0.46369 grad=  5.2320e-03
  drive=     5.98485 grad= -1.6193e-03
  outGain=     1.17795 grad=  3.7158e-02
  vco2Level=     0.52947 grad= -8.4479e-01
  vco2Detune=     1.87434 grad= -3.8324e+00
  satGain=     2.77604 grad=  3.6395e-02
  satBias=     0.14916 grad= -1.3376e-01
  satA2=    -0.14215 grad= -7.3285e-02
  satA3=     0.17536 grad=  5.7848e-02
  satA5=    -0.26014 grad=  7.5534e-02
  filtSat=     1.00324 grad=  6.5742e-02
epoch=180 loss=3.837189
  shape=     0.34119 grad= -2.3478e-01
  pw=     0.58963 grad= -1.3843e+01
  fBase=    30.00000 grad=  2.0697e-02
  fAmt=   801.70312 grad=  2.5290e-01
  fDecay=     0.21260 grad=  6.1159e-02
  res=     6.00000 grad= -1.3853e-02
  attackTime=     0.00180 grad=  2.8319e-02
  decayTime=     0.18243 grad=  9.1218e-03
  sustain=     0.00000 grad=  4.2922e-01
  releaseTime=     0.44217 grad=  5.2586e-03
  drive=     6.10280 grad=  1.1757e-03
  outGain=     1.15986 grad=  4.3614e-02
  vco2Level=     0.52822 grad= -1.5738e-01
  vco2Detune=     1.87396 grad= -1.5794e+00
  satGain=     2.82061 grad=  1.2299e-01
  satBias=     0.15278 grad= -1.3066e-02
  satA2=    -0.14290 grad= -6.3044e-02
  satA3=     0.17069 grad= -3.1931e-03
  satA5=    -0.26195 grad= -4.9987e-02
  filtSat=     1.00966 grad=  5.8947e-02
epoch=190 loss=3.831905
  shape=     0.34086 grad= -1.7836e+00
  pw=     0.58956 grad= -2.5148e+01
  fBase=    30.00000 grad=  1.4239e-02
  fAmt=   789.39893 grad=  1.2178e-01
  fDecay=     0.21448 grad=  6.8073e-03
  res=     6.00000 grad= -1.1777e-02
  attackTime=     0.00167 grad=  2.7771e-02
  decayTime=     0.18323 grad=  1.8406e-02
  sustain=     0.00000 grad=  4.6882e-01
  releaseTime=     0.42157 grad=  8.3997e-03
  drive=     6.21456 grad= -4.9922e-03
  outGain=     1.14206 grad=  3.8520e-02
  vco2Level=     0.52717 grad= -7.4826e-01
  vco2Detune=     1.87398 grad= -1.7652e+00
  satGain=     2.81684 grad=  5.9209e-02
  satBias=     0.15394 grad= -1.6042e-02
  satA2=    -0.14253 grad= -6.8286e-02
  satA3=     0.16771 grad= -8.3730e-03
  satA5=    -0.26061 grad= -3.2521e-02
  filtSat=     1.02061 grad=  2.0482e-02
epoch=200 loss=3.827473
  shape=     0.34001 grad= -1.4223e+00
  pw=     0.58957 grad=  1.0577e+01
  fBase=    30.00000 grad=  3.8532e-03
  fAmt=   779.10913 grad= -9.9968e-03
  fDecay=     0.21711 grad= -3.8755e-02
  res=     6.00000 grad= -1.1567e-02
  attackTime=     0.00155 grad=  2.7087e-02
  decayTime=     0.18047 grad= -3.5398e-03
  sustain=     0.00000 grad=  4.1149e-01
  releaseTime=     0.40053 grad=  1.0886e-02
  drive=     6.31416 grad= -1.7939e-02
  outGain=     1.12384 grad=  2.3212e-02
  vco2Level=     0.52797 grad=  1.3076e-01
  vco2Detune=     1.87374 grad= -8.7209e-01
  satGain=     2.81607 grad= -1.5746e-02
  satBias=     0.15491 grad= -1.9036e-02
  satA2=    -0.14150 grad=  1.7369e-03
  satA3=     0.16466 grad=  3.4033e-02
  satA5=    -0.25865 grad= -4.9717e-03
  filtSat=     1.04004 grad= -1.6214e-02
epoch=210 loss=3.823309
  shape=     0.33989 grad= -2.0128e+00
  pw=     0.58956 grad=  3.2544e+01
  fBase=    30.00000 grad= -2.8770e-03
  fAmt=   766.04956 grad= -1.7887e-01
  fDecay=     0.22006 grad= -7.0541e-02
  res=     6.00000 grad= -9.8176e-03
  attackTime=     0.00145 grad=  2.5611e-02
  decayTime=     0.17938 grad=  5.9755e-03
  sustain=     0.00000 grad=  4.5364e-01
  releaseTime=     0.37797 grad=  1.1014e-02
  drive=     6.45321 grad= -1.4035e-02
  outGain=     1.10905 grad=  2.9830e-02
  vco2Level=     0.52780 grad=  3.7576e-01
  vco2Detune=     1.87425 grad=  2.4297e+00
  satGain=     2.83377 grad=  4.6036e-02
  satBias=     0.15778 grad=  1.2303e-01
  satA2=    -0.14007 grad= -1.4753e-02
  satA3=     0.16028 grad= -2.9871e-02
  satA5=    -0.25877 grad= -1.5345e-01
  filtSat=     1.05072 grad= -6.8372e-02
epoch=220 loss=3.818633
  shape=     0.33995 grad= -2.3826e+00
  pw=     0.58953 grad=  1.7220e+01
  fBase=    30.00000 grad=  3.6105e-03
  fAmt=   759.80713 grad= -4.8342e-02
  fDecay=     0.22260 grad= -1.9675e-02
  res=     6.00000 grad= -1.1573e-02
  attackTime=     0.00136 grad=  2.4740e-02
  decayTime=     0.17669 grad= -3.4086e-03
  sustain=     0.00000 grad=  4.3399e-01
  releaseTime=     0.35672 grad=  1.0459e-02
  drive=     6.57407 grad= -1.2699e-02
  outGain=     1.09405 grad=  2.6492e-02
  vco2Level=     0.52526 grad=  9.3339e-02
  vco2Detune=     1.87450 grad=  1.9638e+00
  satGain=     2.82619 grad=  1.2867e-03
  satBias=     0.15849 grad= -2.4637e-03
  satA2=    -0.13855 grad= -1.0781e-02
  satA3=     0.15683 grad=  2.8033e-02
  satA5=    -0.25656 grad= -2.2880e-02
  filtSat=     1.07177 grad= -1.8823e-02
epoch=230 loss=3.814516
  shape=     0.34026 grad=  3.1582e+00
  pw=     0.58953 grad=  5.0583e+00
  fBase=    30.00000 grad=  1.0240e-02
  fAmt=   752.55865 grad=  3.0979e-02
  fDecay=     0.22346 grad=  5.9552e-03
  res=     6.00000 grad= -1.0640e-02
  attackTime=     0.00127 grad=  2.5503e-02
  decayTime=     0.17665 grad=  5.6508e-03
  sustain=     0.00000 grad=  4.7908e-01
  releaseTime=     0.33558 grad=  9.5477e-03
  drive=     6.71823 grad= -4.3857e-03
  outGain=     1.08061 grad=  3.6447e-02
  vco2Level=     0.52435 grad=  4.0710e-02
  vco2Detune=     1.87376 grad=  2.9926e-01
  satGain=     2.82208 grad=  1.1386e-02
  satBias=     0.15989 grad=  1.4924e-03
  satA2=    -0.13622 grad= -3.1014e-02
  satA3=     0.15308 grad=  2.1092e-02
  satA5=    -0.25509 grad= -3.2992e-02
  filtSat=     1.08683 grad= -2.6074e-02
epoch=240 loss=3.811306
  shape=     0.34015 grad= -2.2395e+00
  pw=     0.58951 grad=  9.0613e+00
  fBase=    30.00000 grad=  1.2049e-03
  fAmt=   746.49445 grad= -1.0694e-01
  fDecay=     0.22350 grad= -3.5992e-02
  res=     6.00000 grad= -1.1473e-02
  attackTime=     0.00120 grad=  2.4014e-02
  decayTime=     0.17631 grad= -5.3375e-03
  sustain=     0.00000 grad=  4.3768e-01
  releaseTime=     0.31658 grad=  1.0356e-02
  drive=     6.82681 grad= -7.0863e-03
  outGain=     1.06595 grad=  3.2933e-02
  vco2Level=     0.52462 grad=  9.9116e-02
  vco2Detune=     1.87392 grad=  1.3958e+00
  satGain=     2.82051 grad= -7.9277e-03
  satBias=     0.16153 grad=  1.5615e-03
  satA2=    -0.13333 grad= -9.1007e-03
  satA3=     0.14924 grad=  2.9003e-02
  satA5=    -0.25388 grad= -2.5398e-02
  filtSat=     1.10448 grad= -3.2824e-02
epoch=250 loss=3.808337
  shape=     0.34028 grad= -1.2382e+00
  pw=     0.58950 grad=  2.2175e+00
  fBase=    30.00000 grad= -2.8258e-04
  fAmt=   744.81720 grad= -4.1344e-02
  fDecay=     0.22349 grad= -4.2211e-02
  res=     6.00000 grad= -1.1383e-02
  attackTime=     0.00113 grad=  2.1963e-02
  decayTime=     0.17689 grad= -8.7563e-03
  sustain=     0.00000 grad=  4.0270e-01
  releaseTime=     0.30033 grad=  9.6174e-03
  drive=     6.88397 grad= -3.4528e-03
  outGain=     1.05053 grad=  3.3910e-02
  vco2Level=     0.52549 grad=  7.7612e-02
  vco2Detune=     1.87371 grad=  8.7035e-01
  satGain=     2.81061 grad= -1.8438e-02
  satBias=     0.16342 grad= -3.0494e-02
  satA2=    -0.13068 grad= -4.5087e-03
  satA3=     0.14523 grad=  4.4287e-02
  satA5=    -0.25300 grad=  8.1477e-03
  filtSat=     1.12029 grad= -2.2475e-02
epoch=260 loss=3.808869
  shape=     0.34023 grad= -1.9369e+00
  pw=     0.58959 grad=  4.2584e+01
  fBase=    30.00000 grad= -1.5006e-02
  fAmt=   739.66235 grad= -3.6297e-01
  fDecay=     0.22350 grad= -1.2815e-01
  res=     6.00000 grad= -8.7046e-03
  attackTime=     0.00107 grad=  2.1675e-02
  decayTime=     0.17837 grad= -2.0136e-02
  sustain=     0.00000 grad=  3.6713e-01
  releaseTime=     0.28608 grad=  1.5229e-02
  drive=     6.90216 grad= -2.2053e-02
  outGain=     1.03508 grad=  1.9804e-02
  vco2Level=     0.52490 grad=  4.2322e-01
  vco2Detune=     1.87382 grad=  3.6194e+00
  satGain=     2.79534 grad= -7.4395e-02
  satBias=     0.16529 grad=  7.3974e-02
  satA2=    -0.12806 grad=  3.5533e-02
  satA3=     0.14137 grad=  1.4344e-02
  satA5=    -0.25217 grad= -7.7664e-02
  filtSat=     1.13618 grad= -1.0382e-01
epoch=270 loss=3.803834
  shape=     0.34042 grad= -1.7788e+00
  pw=     0.58945 grad= -2.8508e+01
  fBase=    30.00000 grad=  8.0981e-03
  fAmt=   737.59778 grad=  3.6730e-02
  fDecay=     0.22428 grad=  6.3968e-03
  res=     6.00000 grad= -1.2112e-02
  attackTime=     0.00102 grad=  1.9476e-02
  decayTime=     0.18031 grad= -1.3447e-03
  sustain=     0.00000 grad=  4.0429e-01
  releaseTime=     0.27147 grad=  1.1848e-02
  drive=     6.93581 grad= -4.5090e-03
  outGain=     1.02105 grad=  3.2500e-02
  vco2Level=     0.52512 grad= -1.2231e-01
  vco2Detune=     1.87381 grad= -1.3218e-01
  satGain=     2.78352 grad= -1.6248e-02
  satBias=     0.16606 grad= -5.5217e-02
  satA2=    -0.12540 grad= -1.7190e-02
  satA3=     0.13825 grad=  5.1903e-02
  satA5=    -0.25037 grad=  3.1304e-02
  filtSat=     1.15739 grad= -5.2395e-03
epoch=280 loss=3.802584
  shape=     0.34062 grad=  3.8100e+00
  pw=     0.58943 grad= -4.2329e+01
  fBase=    30.00000 grad=  1.4058e-02
  fAmt=   734.50256 grad=  1.4042e-01
  fDecay=     0.22374 grad=  3.7320e-02
  res=     6.00000 grad= -1.2413e-02
  attackTime=     0.00100 grad=  1.9170e-02
  decayTime=     0.18094 grad= -8.1829e-03
  sustain=     0.00000 grad=  3.7330e-01
  releaseTime=     0.25707 grad=  1.2900e-02
  drive=     6.96747 grad= -6.6115e-03
  outGain=     1.00764 grad=  2.6087e-02
  vco2Level=     0.52620 grad= -2.1109e-01
  vco2Detune=     1.87333 grad= -2.4467e+00
  satGain=     2.78690 grad=  3.3892e-02
  satBias=     0.16794 grad= -3.6804e-02
  satA2=    -0.12280 grad= -5.0613e-02
  satA3=     0.13447 grad=  2.5968e-02
  satA5=    -0.24997 grad= -4.4960e-04
  filtSat=     1.17379 grad=  1.7614e-02
epoch=290 loss=3.800945
  shape=     0.34044 grad= -1.9052e+00
  pw=     0.58955 grad=  2.8578e+01
  fBase=    30.00000 grad= -3.6567e-03
  fAmt=   733.02014 grad= -1.8848e-01
  fDecay=     0.22340 grad= -5.1071e-02
  res=     6.00000 grad= -9.2043e-03
  attackTime=     0.00100 grad=  1.9239e-02
  decayTime=     0.18235 grad= -3.0071e-05
  sustain=     0.00000 grad=  3.8703e-01
  releaseTime=     0.24269 grad=  1.2633e-02
  drive=     7.01784 grad= -1.3545e-03
  outGain=     0.99571 grad=  3.5311e-02
  vco2Level=     0.52641 grad=  3.1787e-01
  vco2Detune=     1.87388 grad=  2.7291e+00
  satGain=     2.77952 grad= -5.9139e-02
  satBias=     0.16928 grad= -9.6564e-03
  satA2=    -0.12006 grad=  1.6769e-02
  satA3=     0.13137 grad=  4.4031e-02
  satA5=    -0.24901 grad= -6.5762e-04
  filtSat=     1.18770 grad= -5.8626e-02
epoch=300 loss=3.799288
  shape=     0.34051 grad= -9.8838e-01
  pw=     0.58944 grad= -3.3738e+01
  fBase=    30.00000 grad=  1.1166e-02
  fAmt=   732.39740 grad=  1.0302e-01
  fDecay=     0.22268 grad=  3.0876e-02
  res=     6.00000 grad= -1.2619e-02
  attackTime=     0.00100 grad=  1.9427e-02
  decayTime=     0.18315 grad= -3.1432e-03
  sustain=     0.00000 grad=  3.6069e-01
  releaseTime=     0.22974 grad=  1.2194e-02
  drive=     7.03544 grad=  2.8406e-03
  outGain=     0.98383 grad=  3.0803e-02
  vco2Level=     0.52596 grad= -1.6632e-01
  vco2Detune=     1.87330 grad= -2.5025e+00
  satGain=     2.77508 grad=  5.2426e-02
  satBias=     0.17128 grad= -3.9728e-02
  satA2=    -0.11774 grad= -4.2351e-02
  satA3=     0.12800 grad=  2.3135e-02
  satA5=    -0.24891 grad=  7.0702e-04
  filtSat=     1.19805 grad=  2.7191e-02
epoch=310 loss=3.798085
  shape=     0.34068 grad=  1.8912e+00
  pw=     0.58944 grad= -4.0103e+01
  fBase=    30.00000 grad=  1.9867e-02
  fAmt=   731.58167 grad=  1.7262e-01
  fDecay=     0.22259 grad=  7.8014e-02
  res=     6.00000 grad= -1.1211e-02
  attackTime=     0.00100 grad=  1.9492e-02
  decayTime=     0.18470 grad=  1.0310e-02
  sustain=     0.00000 grad=  3.8251e-01
  releaseTime=     0.21757 grad=  9.9429e-03
  drive=     7.04527 grad=  1.5901e-02
  outGain=     0.97300 grad=  4.0649e-02
  vco2Level=     0.52634 grad= -3.2607e-01
  vco2Detune=     1.87363 grad= -6.1166e-01
  satGain=     2.77235 grad=  1.1796e-01
  satBias=     0.17334 grad=  1.1254e-02
  satA2=    -0.11545 grad= -9.2653e-02
  satA3=     0.12486 grad= -2.0862e-02
  satA5=    -0.24895 grad= -6.0922e-02
  filtSat=     1.20748 grad=  3.1348e-02
epoch=320 loss=3.796176
  shape=     0.34057 grad= -1.7260e+00
  pw=     0.58954 grad=  2.2615e+01
  fBase=    30.00000 grad= -1.3038e-03
  fAmt=   730.87183 grad= -1.4129e-01
  fDecay=     0.22223 grad= -3.8258e-02
  res=     6.00000 grad= -9.7851e-03
  attackTime=     0.00100 grad=  1.9709e-02
  decayTime=     0.18508 grad= -8.4999e-03
  sustain=     0.00000 grad=  3.2913e-01
  releaseTime=     0.20662 grad=  1.6220e-02
  drive=     7.02436 grad= -8.1159e-03
  outGain=     0.96237 grad=  2.5849e-02
  vco2Level=     0.52725 grad=  3.2167e-01
  vco2Detune=     1.87349 grad=  1.2389e+00
  satGain=     2.76051 grad= -3.3999e-02
  satBias=     0.17496 grad= -8.9284e-03
  satA2=    -0.11269 grad=  1.7506e-03
  satA3=     0.12250 grad=  3.3963e-02
  satA5=    -0.24858 grad= -8.7824e-03
  filtSat=     1.21754 grad= -3.6386e-02
epoch=330 loss=3.794498
  shape=     0.34075 grad= -1.7546e+00
  pw=     0.58945 grad= -3.0282e+01
  fBase=    30.00000 grad=  1.6321e-02
  fAmt=   727.99799 grad=  1.5245e-01
  fDecay=     0.22154 grad=  5.1201e-02
  res=     6.00000 grad= -1.1379e-02
  attackTime=     0.00100 grad=  1.9995e-02
  decayTime=     0.18701 grad= -2.3414e-05
  sustain=     0.00000 grad=  3.3787e-01
  releaseTime=     0.19567 grad=  1.4994e-02
  drive=     7.03767 grad=  1.0039e-03
  outGain=     0.95325 grad=  2.9995e-02
  vco2Level=     0.52556 grad= -1.4985e-01
  vco2Detune=     1.87355 grad= -4.4586e-01
  satGain=     2.76906 grad=  6.9396e-02
  satBias=     0.17692 grad=  3.0767e-04
  satA2=    -0.11088 grad= -5.1638e-02
  satA3=     0.11956 grad=  6.8718e-04
  satA5=    -0.24880 grad= -3.8841e-02
  filtSat=     1.22819 grad=  1.9460e-02
epoch=340 loss=3.793436
  shape=     0.34099 grad=  4.8098e+00
  pw=     0.58944 grad= -3.7767e+01
  fBase=    30.00000 grad=  1.6331e-02
  fAmt=   723.24188 grad=  1.5518e-01
  fDecay=     0.22133 grad=  3.8549e-02
  res=     6.00000 grad= -1.1147e-02
  attackTime=     0.00100 grad=  2.0800e-02
  decayTime=     0.18877 grad=  6.4971e-03
  sustain=     0.00000 grad=  3.4866e-01
  releaseTime=     0.18511 grad=  1.5544e-02
  drive=     7.07088 grad=  2.3507e-03
  outGain=     0.94502 grad=  3.2366e-02
  vco2Level=     0.52425 grad= -1.5973e-01
  vco2Detune=     1.87311 grad= -1.9822e+00
  satGain=     2.76851 grad=  3.7274e-02
  satBias=     0.17790 grad= -1.1499e-02
  satA2=    -0.10932 grad= -3.7942e-02
  satA3=     0.11738 grad=  1.0876e-02
  satA5=    -0.24799 grad= -2.1564e-02
  filtSat=     1.23971 grad=  3.8611e-03
epoch=350 loss=3.790930
  shape=     0.34093 grad=  5.8757e-01
  pw=     0.58953 grad=  1.3209e+01
  fBase=    30.00000 grad= -4.6736e-03
  fAmt=   720.20270 grad= -1.7386e-01
  fDecay=     0.22146 grad= -7.8284e-02
  res=     6.00000 grad= -9.9671e-03
  attackTime=     0.00100 grad=  2.1081e-02
  decayTime=     0.18846 grad= -3.5231e-03
  sustain=     0.00000 grad=  3.1969e-01
  releaseTime=     0.17546 grad=  1.9537e-02
  drive=     7.09517 grad= -1.6607e-02
  outGain=     0.93690 grad=  2.4512e-02
  vco2Level=     0.52376 grad=  4.5461e-02
  vco2Detune=     1.87346 grad=  2.1407e+00
  satGain=     2.76335 grad=  1.9677e-01
  satBias=     0.17855 grad=  2.9081e-01
  satA2=    -0.10801 grad= -1.2274e-01
  satA3=     0.11559 grad= -1.5617e-01
  satA5=    -0.24690 grad= -3.6833e-01
  filtSat=     1.25103 grad= -6.0445e-02
epoch=360 loss=3.789510
  shape=     0.34094 grad= -1.0537e+00
  pw=     0.58959 grad=  2.1453e+01
  fBase=    30.00000 grad=  1.0198e-02
  fAmt=   721.84631 grad=  9.8990e-04
  fDecay=     0.22255 grad=  3.3269e-02
  res=     6.00000 grad= -9.6448e-03
  attackTime=     0.00100 grad=  2.0905e-02
  decayTime=     0.18782 grad=  1.2063e-02
  sustain=     0.00000 grad=  3.5734e-01
  releaseTime=     0.16657 grad=  1.5121e-02
  drive=     7.13003 grad=  8.4650e-03
  outGain=     0.92942 grad=  3.8992e-02
  vco2Level=     0.52339 grad=  3.1202e-01
  vco2Detune=     1.87312 grad=  6.9385e-02
  satGain=     2.75214 grad=  2.8983e-02
  satBias=     0.17843 grad= -5.4728e-03
  satA2=    -0.10654 grad= -2.4245e-02
  satA3=     0.11444 grad=  1.8695e-02
  satA5=    -0.24510 grad= -2.4528e-02
  filtSat=     1.26406 grad= -8.9954e-03
epoch=370 loss=3.788205
  shape=     0.34095 grad=  1.1548e+00
  pw=     0.58948 grad= -3.3180e+01
  fBase=    30.00000 grad=  9.5959e-03
  fAmt=   719.90082 grad=  8.1926e-02
  fDecay=     0.22150 grad=  2.3732e-03
  res=     6.00000 grad= -1.1742e-02
  attackTime=     0.00100 grad=  2.1608e-02
  decayTime=     0.18705 grad= -1.2806e-02
  sustain=     0.00000 grad=  2.8018e-01
  releaseTime=     0.15878 grad=  1.9058e-02
  drive=     7.14157 grad= -8.9345e-03
  outGain=     0.92215 grad=  1.8177e-02
  vco2Level=     0.52067 grad= -1.3669e-01
  vco2Detune=     1.87350 grad= -3.3192e-01
  satGain=     2.74233 grad=  1.3557e-02
  satBias=     0.17938 grad= -2.9292e-02
  satA2=    -0.10507 grad= -3.5522e-02
  satA3=     0.11273 grad=  1.9588e-02
  satA5=    -0.24453 grad=  2.5172e-03
  filtSat=     1.27036 grad=  9.0928e-03
epoch=380 loss=3.785946
  shape=     0.34102 grad=  2.4593e+00
  pw=     0.58960 grad=  1.2789e+01
  fBase=    30.00000 grad= -6.0907e-04
  fAmt=   718.27838 grad= -7.5397e-02
  fDecay=     0.22143 grad= -6.4080e-02
  res=     6.00000 grad= -9.6025e-03
  attackTime=     0.00100 grad=  2.1571e-02
  decayTime=     0.18800 grad= -8.2436e-03
  sustain=     0.00000 grad=  2.8773e-01
  releaseTime=     0.15161 grad=  1.9077e-02
  drive=     7.16412 grad= -7.1666e-03
  outGain=     0.91601 grad=  2.0939e-02
  vco2Level=     0.51787 grad=  1.2446e-01
  vco2Detune=     1.87296 grad=  4.9884e-01
  satGain=     2.73517 grad= -6.1253e-02
  satBias=     0.18018 grad= -2.5371e-02
  satA2=    -0.10353 grad=  1.9080e-03
  satA3=     0.11131 grad=  3.6177e-02
  satA5=    -0.24395 grad=  1.2142e-02
  filtSat=     1.27614 grad= -4.2837e-02
epoch=390 loss=3.784820
  shape=     0.34098 grad= -1.9582e+00
  pw=     0.58960 grad=  9.1813e+00
  fBase=    30.00000 grad=  1.3478e-02
  fAmt=   717.09442 grad=  4.5375e-02
  fDecay=     0.22265 grad=  5.2265e-02
  res=     6.00000 grad= -1.0656e-02
  attackTime=     0.00100 grad=  2.1526e-02
  decayTime=     0.18894 grad=  1.9732e-02
  sustain=     0.00000 grad=  3.6634e-01
  releaseTime=     0.14514 grad=  1.5632e-02
  drive=     7.19017 grad=  1.1174e-02
  outGain=     0.91053 grad=  4.2522e-02
  vco2Level=     0.51786 grad=  1.3625e-01
  vco2Detune=     1.87298 grad= -5.0115e-01
  satGain=     2.74354 grad=  5.6910e-02
  satBias=     0.18127 grad= -9.6005e-03
  satA2=    -0.10223 grad= -3.8657e-02
  satA3=     0.10977 grad=  1.1937e-02
  satA5=    -0.24386 grad= -2.5234e-02
  filtSat=     1.28409 grad=  9.9766e-03
epoch=400 loss=3.784209
  shape=     0.34096 grad= -3.1128e+00
  pw=     0.58958 grad=  1.5554e+01
  fBase=    30.00000 grad= -1.0390e-02
  fAmt=   714.39746 grad= -2.3850e-01
  fDecay=     0.22205 grad= -1.0956e-01
  res=     6.00000 grad= -9.9321e-03
  attackTime=     0.00100 grad=  2.2225e-02
  decayTime=     0.18752 grad= -1.6034e-02
  sustain=     0.00000 grad=  2.6206e-01
  releaseTime=     0.13961 grad=  2.1051e-02
  drive=     7.18658 grad= -1.8792e-02
  outGain=     0.90448 grad=  1.1928e-02
  vco2Level=     0.51763 grad=  2.3387e-01
  vco2Detune=     1.87334 grad=  2.4231e+00
  satGain=     2.73162 grad= -9.4310e-02
  satBias=     0.18214 grad= -2.7719e-02
  satA2=    -0.10063 grad=  2.3445e-02
  satA3=     0.10857 grad=  4.5510e-02
  satA5=    -0.24344 grad=  2.0923e-02
  filtSat=     1.28781 grad= -5.2584e-02
epoch=410 loss=3.783095
  shape=     0.34110 grad=  3.4530e+00
  pw=     0.58956 grad= -1.6875e+01
  fBase=    30.00000 grad=  2.3117e-02
  fAmt=   715.61121 grad=  2.2088e-01
  fDecay=     0.22303 grad=  1.0061e-01
  res=     6.00000 grad= -1.1279e-02
  attackTime=     0.00100 grad=  2.1964e-02
  decayTime=     0.18792 grad=  1.4170e-02
  sustain=     0.00000 grad=  3.4665e-01
  releaseTime=     0.13443 grad=  1.6563e-02
  drive=     7.22164 grad=  8.6633e-03
  outGain=     0.89996 grad=  3.6898e-02
  vco2Level=     0.51767 grad= -1.6150e-01
  vco2Detune=     1.87286 grad= -2.3292e+00
  satGain=     2.73673 grad=  9.3819e-02
  satBias=     0.18301 grad= -7.1608e-03
  satA2=    -0.09945 grad= -7.1017e-02
  satA3=     0.10733 grad= -5.2282e-03
  satA5=    -0.24326 grad= -3.4044e-02
  filtSat=     1.29360 grad=  3.4617e-02
epoch=420 loss=3.782315
  shape=     0.34103 grad= -7.0461e-01
  pw=     0.58959 grad=  1.6864e+01
  fBase=    30.00000 grad= -8.4752e-03
  fAmt=   714.10382 grad= -2.0688e-01
  fDecay=     0.22224 grad= -9.9939e-02
  res=     6.00000 grad= -9.4643e-03
  attackTime=     0.00100 grad=  2.2191e-02
  decayTime=     0.18732 grad= -9.6491e-03
  sustain=     0.00000 grad=  2.7222e-01
  releaseTime=     0.12997 grad=  1.9866e-02
  drive=     7.23486 grad= -1.1706e-02
  outGain=     0.89525 grad=  1.8535e-02
  vco2Level=     0.51741 grad=  2.2500e-01
  vco2Detune=     1.87339 grad=  2.5486e+00
  satGain=     2.72406 grad= -1.0688e-01
  satBias=     0.18378 grad= -4.1026e-02
  satA2=    -0.09801 grad=  2.8074e-02
  satA3=     0.10637 grad=  5.4396e-02
  satA5=    -0.24291 grad=  3.6483e-02
  filtSat=     1.29454 grad= -5.8774e-02
epoch=430 loss=3.781365
  shape=     0.34112 grad=  4.6651e+00
  pw=     0.58960 grad= -3.8707e+00
  fBase=    30.00000 grad=  2.0808e-02
  fAmt=   715.58118 grad=  2.0526e-01
  fDecay=     0.22284 grad=  8.3312e-02
  res=     6.00000 grad= -1.0630e-02
  attackTime=     0.00100 grad=  2.1979e-02
  decayTime=     0.18748 grad=  9.9609e-03
  sustain=     0.00000 grad=  3.2663e-01
  releaseTime=     0.12596 grad=  1.7001e-02
  drive=     7.25832 grad=  7.6858e-03
  outGain=     0.89119 grad=  3.5433e-02
  vco2Level=     0.51679 grad= -1.0649e-01
  vco2Detune=     1.87276 grad= -2.1426e+00
  satGain=     2.73059 grad=  7.6898e-02
  satBias=     0.18476 grad= -2.9330e-03
  satA2=    -0.09711 grad= -6.4180e-02
  satA3=     0.10514 grad= -5.1312e-03
  satA5=    -0.24301 grad= -3.4836e-02
  filtSat=     1.29905 grad=  2.2826e-02
epoch=440 loss=3.780389
  shape=     0.34103 grad= -7.3007e-01
  pw=     0.58961 grad=  1.4740e+01
  fBase=    30.00000 grad= -4.3929e-03
  fAmt=   714.19147 grad= -1.4448e-01
  fDecay=     0.22219 grad= -7.2406e-02
  res=     6.00000 grad= -9.7766e-03
  attackTime=     0.00100 grad=  2.2486e-02
  decayTime=     0.18710 grad= -1.0064e-02
  sustain=     0.00000 grad=  2.6667e-01
  releaseTime=     0.12249 grad=  1.9931e-02
  drive=     7.26518 grad= -1.2182e-02
  outGain=     0.88705 grad=  1.8020e-02
  vco2Level=     0.51583 grad=  1.7239e-01
  vco2Detune=     1.87324 grad=  1.8995e+00
  satGain=     2.72123 grad= -6.8211e-02
  satBias=     0.18542 grad= -3.1711e-02
  satA2=    -0.09591 grad=  6.1836e-03
  satA3=     0.10432 grad=  3.9735e-02
  satA5=    -0.24272 grad=  2.0179e-02
  filtSat=     1.30047 grad= -3.8460e-02
epoch=450 loss=3.779483
  shape=     0.34104 grad=  3.5305e-01
  pw=     0.58959 grad= -6.9902e+00
  fBase=    30.00000 grad=  1.2276e-02
  fAmt=   714.66870 grad=  7.6881e-02
  fDecay=     0.22264 grad=  3.6962e-02
  res=     6.00000 grad= -1.1115e-02
  attackTime=     0.00100 grad=  2.2306e-02
  decayTime=     0.18754 grad=  6.7683e-03
  sustain=     0.00000 grad=  3.1221e-01
  releaseTime=     0.11935 grad=  1.7616e-02
  drive=     7.28848 grad=  2.2547e-03
  outGain=     0.88376 grad=  3.0969e-02
  vco2Level=     0.51578 grad= -1.2056e-01
  vco2Detune=     1.87292 grad= -1.2199e+00
  satGain=     2.72185 grad=  4.2462e-02
  satBias=     0.18612 grad= -1.6058e-02
  satA2=    -0.09491 grad= -4.5520e-02
  satA3=     0.10349 grad=  7.2982e-03
  satA5=    -0.24264 grad= -1.4312e-02
  filtSat=     1.30319 grad=  1.3425e-02
epoch=460 loss=3.778996
  shape=     0.34103 grad= -1.2777e+00
  pw=     0.58961 grad=  1.4559e+01
  fBase=    30.00000 grad=  8.8106e-04
  fAmt=   714.35620 grad= -8.9466e-02
  fDecay=     0.22254 grad= -3.1895e-02
  res=     6.00000 grad= -1.0162e-02
  attackTime=     0.00100 grad=  2.2640e-02
  decayTime=     0.18721 grad= -9.7266e-04
  sustain=     0.00000 grad=  2.9126e-01
  releaseTime=     0.11664 grad=  1.8797e-02
  drive=     7.29776 grad= -5.9355e-03
  outGain=     0.88040 grad=  2.4555e-02
  vco2Level=     0.51600 grad=  1.6689e-01
  vco2Detune=     1.87310 grad=  7.9625e-01
  satGain=     2.71767 grad= -3.4586e-02
  satBias=     0.18677 grad= -3.0243e-02
  satA2=    -0.09389 grad= -5.1773e-03
  satA3=     0.10279 grad=  3.3261e-02
  satA5=    -0.24253 grad=  1.2971e-02
  filtSat=     1.30471 grad= -2.2259e-02
epoch=470 loss=3.778280
  shape=     0.34103 grad= -6.5957e-01
  pw=     0.58959 grad=  1.9348e-01
  fBase=    30.00000 grad=  7.6735e-03
  fAmt=   714.74280 grad=  1.5393e-02
  fDecay=     0.22262 grad=  9.9611e-03
  res=     6.00000 grad= -1.0751e-02
  attackTime=     0.00100 grad=  2.2587e-02
  decayTime=     0.18697 grad=  5.3134e-04
  sustain=     0.00000 grad=  2.9172e-01
  releaseTime=     0.11425 grad=  1.8347e-02
  drive=     7.30919 grad= -3.4092e-03
  outGain=     0.87739 grad=  2.5609e-02
  vco2Level=     0.51572 grad= -4.0027e-02
  vco2Detune=     1.87313 grad=  1.2627e-01
  satGain=     2.71755 grad=  2.1512e-02
  satBias=     0.18742 grad= -1.4021e-02
  satA2=    -0.09308 grad= -3.6826e-02
  satA3=     0.10206 grad=  9.9866e-03
  satA5=    -0.24251 grad= -1.2045e-02
  filtSat=     1.30682 grad=  3.9352e-03
epoch=480 loss=3.777791
  shape=     0.34105 grad=  6.0053e-01
  pw=     0.58959 grad=  9.4949e-02
  fBase=    30.00000 grad=  6.3395e-03
  fAmt=   714.48792 grad=  1.9794e-03
  fDecay=     0.22252 grad= -2.7510e-03
  res=     6.00000 grad= -1.0747e-02
  attackTime=     0.00100 grad=  2.2593e-02
  decayTime=     0.18692 grad= -7.9007e-04
  sustain=     0.00000 grad=  2.8848e-01
  releaseTime=     0.11214 grad=  1.8621e-02
  drive=     7.32336 grad= -4.7399e-03
  outGain=     0.87477 grad=  2.4420e-02
  vco2Level=     0.51587 grad= -1.6620e-02
  vco2Detune=     1.87297 grad= -4.3460e-01
  satGain=     2.71339 grad= -5.8618e-03
  satBias=     0.18794 grad= -2.8676e-02
  satA2=    -0.09221 grad= -2.2854e-02
  satA3=     0.10152 grad=  2.3314e-02
  satA5=    -0.24240 grad=  6.4659e-03
  filtSat=     1.30752 grad= -5.4175e-03
epoch=490 loss=3.777346
  shape=     0.34104 grad= -4.6143e-02
  pw=     0.58959 grad=  1.0672e+00
  fBase=    30.00000 grad=  6.2367e-03
  fAmt=   714.57935 grad= -4.7054e-03
  fDecay=     0.22260 grad= -1.0178e-03
  res=     6.00000 grad= -1.0675e-02
  attackTime=     0.00100 grad=  2.2573e-02
  decayTime=     0.18697 grad=  1.4160e-03
  sustain=     0.00000 grad=  2.9364e-01
  releaseTime=     0.11027 grad=  1.8333e-02
  drive=     7.33890 grad= -2.9513e-03
  outGain=     0.87248 grad=  2.6493e-02
  vco2Level=     0.51606 grad=  8.7818e-03
  vco2Detune=     1.87310 grad=  2.2276e-01
  satGain=     2.71289 grad=  6.2201e-04
  satBias=     0.18850 grad= -2.3398e-02
  satA2=    -0.09151 grad= -2.3714e-02
  satA3=     0.10094 grad=  2.0235e-02
  satA5=    -0.24241 grad=  3.5399e-04
  filtSat=     1.30855 grad= -5.1616e-03
epoch=500 loss=3.776974
  shape=     0.34103 grad= -9.0136e-01
  pw=     0.58959 grad=  3.9667e-02
  fBase=    30.00000 grad=  7.1964e-03
  fAmt=   714.62402 grad=  3.7995e-03
  fDecay=     0.22261 grad=  8.3534e-03
  res=     6.00000 grad= -1.0851e-02
  attackTime=     0.00100 grad=  2.2558e-02
  decayTime=     0.18687 grad=  2.1333e-03
  sustain=     0.00000 grad=  2.9457e-01
  releaseTime=     0.10865 grad=  1.8205e-02
  drive=     7.34991 grad= -2.3170e-03
  outGain=     0.87033 grad=  2.6859e-02
  vco2Level=     0.51613 grad=  9.3142e-03
  vco2Detune=     1.87300 grad= -3.7841e-01
  satGain=     2.71188 grad=  1.2441e-02
  satBias=     0.18900 grad= -2.0420e-02
  satA2=    -0.09089 grad= -2.7393e-02
  satA3=     0.10042 grad=  1.6512e-02
  satA5=    -0.24241 grad= -4.4547e-03
  filtSat=     1.30953 grad=  5.8856e-04
epoch=510 loss=3.776624
  shape=     0.34105 grad=  2.3059e-01
  pw=     0.58959 grad=  2.9729e-01
  fBase=    30.00000 grad=  5.5078e-03
  fAmt=   714.55200 grad= -1.0586e-02
  fDecay=     0.22255 grad= -6.7438e-03
  res=     6.00000 grad= -1.0669e-02
  attackTime=     0.00100 grad=  2.2535e-02
  decayTime=     0.18673 grad= -6.6112e-04
  sustain=     0.00000 grad=  2.8648e-01
  releaseTime=     0.10723 grad=  1.8516e-02
  drive=     7.35922 grad= -4.9460e-03
  outGain=     0.86837 grad=  2.5015e-02
  vco2Level=     0.51613 grad=  3.8423e-03
  vco2Detune=     1.87310 grad=  2.0316e-01
  satGain=     2.71014 grad= -3.4057e-03
  satBias=     0.18943 grad= -2.1762e-02
  satA2=    -0.09033 grad= -2.1987e-02
  satA3=     0.09997 grad=  1.9587e-02
  satA5=    -0.24238 grad= -6.5065e-04
  filtSat=     1.31030 grad= -6.9565e-03
epoch=520 loss=3.776326
  shape=     0.34105 grad=  3.6626e-01
  pw=     0.58959 grad= -3.0768e+00
  fBase=    30.00000 grad=  8.0326e-03
  fAmt=   714.65131 grad=  2.3583e-02
  fDecay=     0.22257 grad=  1.0473e-02
  res=     6.00000 grad= -1.0941e-02
  attackTime=     0.00100 grad=  2.2568e-02
  decayTime=     0.18670 grad= -9.9791e-06
  sustain=     0.00000 grad=  2.8707e-01
  releaseTime=     0.10598 grad=  1.8348e-02
  drive=     7.36988 grad= -4.6047e-03
  outGain=     0.86665 grad=  2.5894e-02
  vco2Level=     0.51612 grad= -3.3615e-02
  vco2Detune=     1.87302 grad= -3.8383e-01
  satGain=     2.70941 grad=  1.4184e-02
  satBias=     0.18982 grad= -1.7421e-02
  satA2=    -0.08985 grad= -2.9593e-02
  satA3=     0.09956 grad=  1.3308e-02
  satA5=    -0.24235 grad= -7.6808e-03
  filtSat=     1.31116 grad=  2.0798e-03
epoch=530 loss=3.776058
  shape=     0.34104 grad= -4.4068e-01
  pw=     0.58959 grad=  2.2373e+00
  fBase=    30.00000 grad=  5.2632e-03
  fAmt=   714.63287 grad= -1.8945e-02
  fDecay=     0.22253 grad= -5.8480e-03
  res=     6.00000 grad= -1.0704e-02
  attackTime=     0.00100 grad=  2.2666e-02
  decayTime=     0.18668 grad= -2.9035e-04
  sustain=     0.00000 grad=  2.8620e-01
  releaseTime=     0.10488 grad=  1.8370e-02
  drive=     7.37995 grad= -4.8568e-03
  outGain=     0.86509 grad=  2.5753e-02
  vco2Level=     0.51613 grad=  2.5297e-02
  vco2Detune=     1.87310 grad=  2.7711e-01
  satGain=     2.70813 grad= -2.6818e-03
  satBias=     0.19015 grad= -2.1584e-02
  satA2=    -0.08941 grad= -2.0152e-02
  satA3=     0.09921 grad=  1.9717e-02
  satA5=    -0.24231 grad= -7.1893e-04
  filtSat=     1.31176 grad= -6.3561e-03
epoch=540 loss=3.775811
  shape=     0.34104 grad=  6.4494e-02
  pw=     0.58958 grad= -4.1082e+00
  fBase=    30.00000 grad=  7.1636e-03
  fAmt=   714.63391 grad=  1.1677e-02
  fDecay=     0.22252 grad=  4.5950e-03
  res=     6.00000 grad= -1.1022e-02
  attackTime=     0.00100 grad=  2.2669e-02
  decayTime=     0.18669 grad= -6.8382e-04
  sustain=     0.00000 grad=  2.8495e-01
  releaseTime=     0.10391 grad=  1.8410e-02
  drive=     7.39025 grad= -5.4070e-03
  outGain=     0.86369 grad=  2.5785e-02
  vco2Level=     0.51618 grad= -3.5173e-02
  vco2Detune=     1.87306 grad= -2.4280e-01
  satGain=     2.70691 grad=  9.3599e-03
  satBias=     0.19045 grad= -1.9561e-02
  satA2=    -0.08901 grad= -2.6399e-02
  satA3=     0.09890 grad=  1.5019e-02
  satA5=    -0.24227 grad= -4.5052e-03
  filtSat=     1.31224 grad=  1.0323e-03
epoch=550 loss=3.775584
  shape=     0.34105 grad= -7.0766e-02
  pw=     0.58959 grad=  1.7338e+00
  fBase=    30.00000 grad=  5.7395e-03
  fAmt=   714.64758 grad= -1.2320e-02
  fDecay=     0.22251 grad= -3.3695e-03
  res=     6.00000 grad= -1.0764e-02
  attackTime=     0.00100 grad=  2.2783e-02
  decayTime=     0.18671 grad=  8.7770e-04
  sustain=     0.00000 grad=  2.8887e-01
  releaseTime=     0.10304 grad=  1.8189e-02
  drive=     7.40034 grad= -4.6887e-03
  outGain=     0.86242 grad=  2.6925e-02
  vco2Level=     0.51624 grad=  1.4528e-02
  vco2Detune=     1.87308 grad=  1.8660e-01
  satGain=     2.70603 grad= -3.1507e-03
  satBias=     0.19072 grad= -2.2125e-02
  satA2=    -0.08866 grad= -1.9442e-02
  satA3=     0.09861 grad=  1.9990e-02
  satA5=    -0.24224 grad= -9.8883e-05
  filtSat=     1.31267 grad= -6.4335e-03
epoch=560 loss=3.775391
  shape=     0.34105 grad=  2.5632e-01
  pw=     0.58958 grad= -3.6839e+00
  fBase=    30.00000 grad=  7.1539e-03
  fAmt=   714.68884 grad=  1.0311e-02
  fDecay=     0.22251 grad=  4.5751e-03
  res=     6.00000 grad= -1.0900e-02
  attackTime=     0.00100 grad=  2.2787e-02
  decayTime=     0.18669 grad=  1.3853e-03
  sustain=     0.00000 grad=  2.8997e-01
  releaseTime=     0.10228 grad=  1.8118e-02
  drive=     7.40922 grad= -3.7212e-03
  outGain=     0.86123 grad=  2.6865e-02
  vco2Level=     0.51627 grad= -1.8918e-02
  vco2Detune=     1.87307 grad= -1.7252e-01
  satGain=     2.70543 grad=  6.9118e-03
  satBias=     0.19098 grad= -2.0557e-02
  satA2=    -0.08835 grad= -2.4285e-02
  satA3=     0.09835 grad=  1.6170e-02
  satA5=    -0.24221 grad= -3.0965e-03
  filtSat=     1.31313 grad= -1.2340e-03
epoch=570 loss=3.775209
  shape=     0.34105 grad= -9.6771e-02
  pw=     0.58959 grad=  1.1210e+00
  fBase=    30.00000 grad=  6.0679e-03
  fAmt=   714.70697 grad= -7.9815e-03
  fDecay=     0.22249 grad= -1.2909e-03
  res=     6.00000 grad= -1.0756e-02
  attackTime=     0.00100 grad=  2.2770e-02
  decayTime=     0.18662 grad=  1.3976e-03
  sustain=     0.00000 grad=  2.9069e-01
  releaseTime=     0.10158 grad=  1.8161e-02
  drive=     7.41670 grad= -3.8084e-03
  outGain=     0.86013 grad=  2.7163e-02
  vco2Level=     0.51628 grad=  1.8480e-02
  vco2Detune=     1.87307 grad=  1.4413e-01
  satGain=     2.70473 grad= -9.1078e-04
  satBias=     0.19121 grad= -2.1726e-02
  satA2=    -0.08807 grad= -2.0233e-02
  satA3=     0.09810 grad=  1.9016e-02
  satA5=    -0.24219 grad= -7.0697e-04
  filtSat=     1.31356 grad= -5.6769e-03
epoch=580 loss=3.775035
  shape=     0.34105 grad=  9.4344e-02
  pw=     0.58958 grad= -1.7179e+00
  fBase=    30.00000 grad=  6.7775e-03
  fAmt=   714.73700 grad=  4.0152e-03
  fDecay=     0.22248 grad=  2.6512e-03
  res=     6.00000 grad= -1.0858e-02
  attackTime=     0.00100 grad=  2.2768e-02
  decayTime=     0.18654 grad=  9.5560e-04
  sustain=     0.00000 grad=  2.8876e-01
  releaseTime=     0.10094 grad=  1.8170e-02
  drive=     7.42324 grad= -4.1356e-03
  outGain=     0.85908 grad=  2.6554e-02
  vco2Level=     0.51627 grad= -5.3233e-03
  vco2Detune=     1.87307 grad= -9.7292e-02
  satGain=     2.70414 grad=  5.2456e-03
  satBias=     0.19143 grad= -1.9549e-02
  satA2=    -0.08781 grad= -2.3811e-02
  satA3=     0.09787 grad=  1.5974e-02
  satA5=    -0.24217 grad= -3.8213e-03
  filtSat=     1.31402 grad= -2.4961e-03
epoch=590 loss=3.774882
  shape=     0.34105 grad= -9.6829e-02
  pw=     0.58959 grad=  2.9751e+00
  fBase=    30.00000 grad=  6.1136e-03
  fAmt=   714.77521 grad= -7.4788e-03
  fDecay=     0.22246 grad= -8.7265e-04
  res=     6.00000 grad= -1.0677e-02
  attackTime=     0.00100 grad=  2.2753e-02
  decayTime=     0.18647 grad=  1.1179e-03
  sustain=     0.00000 grad=  2.8955e-01
  releaseTime=     0.10034 grad=  1.8144e-02
  drive=     7.42942 grad= -3.6735e-03
  outGain=     0.85809 grad=  2.6979e-02
  vco2Level=     0.51624 grad=  1.9171e-02
  vco2Detune=     1.87306 grad=  1.4230e-01
  satGain=     2.70362 grad=  2.3448e-05
  satBias=     0.19164 grad= -2.0778e-02
  satA2=    -0.08755 grad= -2.0790e-02
  satA3=     0.09765 grad=  1.8002e-02
  satA5=    -0.24214 grad= -1.6281e-03
  filtSat=     1.31450 grad= -5.4769e-03
epoch=599 loss=3.774743
  shape=     0.34105 grad= -5.8890e-02
  pw=     0.58959 grad=  2.9940e+00
  fBase=    30.00000 grad=  5.9769e-03
  fAmt=   714.79022 grad= -8.5685e-03
  fDecay=     0.22245 grad= -2.0802e-03
  res=     6.00000 grad= -1.0670e-02
  attackTime=     0.00100 grad=  2.2746e-02
  decayTime=     0.18641 grad=  7.7274e-04
  sustain=     0.00000 grad=  2.8834e-01
  releaseTime=     0.09981 grad=  1.8161e-02
  drive=     7.43485 grad= -3.8960e-03
  outGain=     0.85721 grad=  2.6749e-02
  vco2Level=     0.51622 grad=  1.6378e-02
  vco2Detune=     1.87306 grad=  1.3213e-01
  satGain=     2.70298 grad= -7.2281e-04
  satBias=     0.19182 grad= -2.0543e-02
  satA2=    -0.08732 grad= -2.0730e-02
  satA3=     0.09747 grad=  1.7862e-02
  satA5=    -0.24211 grad= -1.7388e-03
  filtSat=     1.31490 grad= -5.8905e-03
