epoch=0 loss=4.312526
  shape=     0.31335 grad= -2.0431e+00
  pw=     0.60685 grad= -2.3008e+01
  fBase=   580.86047 grad=  1.0136e+00
  fAmt=     0.01413 grad=  1.4299e-03
  fDecay=     1.77033 grad=  4.2585e-06
  res=     0.88731 grad= -8.2414e-02
  attackTime=     0.01296 grad=  7.4773e-02
  decayTime=     0.11134 grad=  1.3370e+00
  sustain=     0.00618 grad=  1.5114e+01
  releaseTime=     0.06326 grad= -3.6650e-02
  drive=     7.97232 grad=  3.2625e-01
  outGain=     0.70972 grad=  4.4985e-01
  vco2Level=     0.66018 grad= -2.2001e-01
  vco2Detune=     0.80063 grad=  1.1164e-02
  satGain=     2.79069 grad=  3.0624e-01
  satBias=    -0.18801 grad=  1.8900e-01
  satA2=    -0.60814 grad= -3.0295e-01
  satA3=    -0.52141 grad=  2.3827e-01
  satA5=    -0.10224 grad=  1.0082e-01
  filtSat=     0.98247 grad=  5.0819e-02
epoch=10 loss=4.070426
  shape=     0.32304 grad=  2.8845e+00
  pw=     0.60272 grad= -7.6322e+00
  fBase=   544.12555 grad=  9.4062e-02
  fAmt=     0.00000 grad=  4.3964e-05
  fDecay=     1.68617 grad=  0.0000e+00
  res=     0.97953 grad= -1.0036e-01
  attackTime=     0.01172 grad=  6.9796e-02
  decayTime=     0.10107 grad=  3.3777e-01
  sustain=     0.00000 grad=  8.2044e+00
  releaseTime=     0.06963 grad= -1.0959e-02
  drive=     7.53144 grad= -1.7042e-01
  outGain=     0.69346 grad= -1.0229e-01
  vco2Level=     0.64272 grad= -5.1256e-01
  vco2Detune=     0.79753 grad= -9.6202e-01
  satGain=     2.96118 grad=  2.6348e-01
  satBias=    -0.18153 grad=  5.2433e-01
  satA2=    -0.61220 grad= -1.4833e-01
  satA3=    -0.53096 grad= -6.0181e-02
  satA5=    -0.11159 grad= -1.3357e-01
  filtSat=     0.98820 grad=  1.2587e-01
epoch=20 loss=4.010030
  shape=     0.32696 grad=  1.7678e+00
  pw=     0.60076 grad= -1.9619e+01
  fBase=   531.53534 grad= -4.3124e-02
  fAmt=     0.01087 grad= -1.5368e-04
  fDecay=     1.66274 grad=  6.8008e-07
  res=     1.08708 grad= -8.4091e-02
  attackTime=     0.01063 grad=  6.5738e-02
  decayTime=     0.09485 grad= -3.1331e-02
  sustain=     0.00000 grad=  4.0391e+00
  releaseTime=     0.07415 grad=  1.8039e-03
  drive=     8.00000 grad= -2.7960e-01
  outGain=     0.69754 grad= -1.8832e-01
  vco2Level=     0.64488 grad= -1.7565e-01
  vco2Detune=     0.79703 grad= -1.6247e+00
  satGain=     3.07890 grad=  5.8367e-01
  satBias=    -0.17898 grad=  9.9333e-01
  satA2=    -0.61509 grad= -2.0978e-01
  satA3=    -0.53480 grad= -2.5321e-01
  satA5=    -0.11373 grad= -3.0817e-01
  filtSat=     0.90890 grad=  1.6000e-01
epoch=30 loss=3.961920
  shape=     0.32736 grad= -3.3456e+00
  pw=     0.60173 grad=  4.0144e+01
  fBase=   552.18982 grad= -9.2682e-02
  fAmt=     0.07646 grad= -2.6698e-04
  fDecay=     1.55886 grad=  5.3827e-06
  res=     1.20721 grad= -7.5457e-02
  attackTime=     0.00969 grad=  5.9574e-02
  decayTime=     0.09260 grad=  7.7511e-02
  sustain=     0.00000 grad=  5.0753e+00
  releaseTime=     0.07568 grad= -1.6879e-03
  drive=     8.00000 grad= -1.9200e-01
  outGain=     0.71272 grad= -9.8451e-02
  vco2Level=     0.66137 grad= -1.7609e-01
  vco2Detune=     0.79901 grad=  1.1812e+00
  satGain=     3.10256 grad= -2.8069e-02
  satBias=    -0.18103 grad=  9.2799e-02
  satA2=    -0.61538 grad=  3.7624e-02
  satA3=    -0.53410 grad= -5.3467e-02
  satA5=    -0.10971 grad= -8.0270e-02
  filtSat=     0.81767 grad=  9.5325e-02
epoch=40 loss=3.935193
  shape=     0.32870 grad=  3.4763e+00
  pw=     0.60009 grad=  2.4363e+01
  fBase=   566.99048 grad= -5.0897e-02
  fAmt=     0.13309 grad= -2.3025e-04
  fDecay=     1.36982 grad=  1.3171e-05
  res=     1.32501 grad= -7.3997e-02
  attackTime=     0.00888 grad=  5.1775e-02
  decayTime=     0.09044 grad=  1.7094e-01
  sustain=     0.00000 grad=  6.5621e+00
  releaseTime=     0.07710 grad= -4.8534e-03
  drive=     8.00000 grad= -1.2264e-01
  outGain=     0.72596 grad= -1.8708e-02
  vco2Level=     0.66599 grad= -7.8283e-02
  vco2Detune=     0.79852 grad=  9.0579e-01
  satGain=     3.12884 grad= -5.4693e-02
  satBias=    -0.18234 grad=  1.8826e-01
  satA2=    -0.61648 grad= -1.1157e-02
  satA3=    -0.53291 grad=  2.5475e-02
  satA5=    -0.10564 grad= -7.1081e-02
  filtSat=     0.73037 grad=  3.2662e-02
epoch=50 loss=3.922156
  shape=     0.32651 grad=  1.7462e-01
  pw=     0.59797 grad=  5.2928e+01
  fBase=   566.73828 grad= -3.4751e-01
  fAmt=     0.16628 grad= -8.0035e-04
  fDecay=     1.18315 grad=  9.9724e-06
  res=     1.44969 grad= -5.1895e-02
  attackTime=     0.00818 grad=  4.6829e-02
  decayTime=     0.08762 grad= -1.8506e-04
  sustain=     0.00000 grad=  3.0285e+00
  releaseTime=     0.07919 grad=  1.1718e-03
  drive=     8.00000 grad= -1.4909e-01
  outGain=     0.73393 grad= -5.3938e-02
  vco2Level=     0.66908 grad=  3.5761e-01
  vco2Detune=     0.79742 grad=  1.6247e+00
  satGain=     3.16076 grad= -6.9717e-02
  satBias=    -0.18404 grad= -3.5128e-03
  satA2=    -0.61655 grad=  1.3778e-01
  satA3=    -0.53357 grad= -1.3064e-01
  satA5=    -0.10238 grad= -1.4817e-01
  filtSat=     0.64888 grad= -5.4137e-02
epoch=60 loss=3.901235
  shape=     0.32590 grad=  3.2631e+00
  pw=     0.59762 grad= -1.0214e+00
  fBase=   569.77637 grad=  1.9704e-01
  fAmt=     0.20936 grad=  2.7983e-04
  fDecay=     1.02527 grad=  2.0349e-05
  res=     1.58100 grad= -5.2462e-02
  attackTime=     0.00757 grad=  3.8932e-02
  decayTime=     0.08625 grad=  7.5157e-03
  sustain=     0.00000 grad=  2.5282e+00
  releaseTime=     0.07997 grad=  5.8944e-04
  drive=     8.00000 grad= -8.5892e-02
  outGain=     0.74121 grad= -1.4137e-02
  vco2Level=     0.67201 grad=  2.4927e-01
  vco2Detune=     0.79722 grad=  6.8308e-02
  satGain=     3.20577 grad= -2.3578e-01
  satBias=    -0.18551 grad= -2.2702e-01
  satA2=    -0.61697 grad=  6.0799e-02
  satA3=    -0.53461 grad=  1.1406e-01
  satA5=    -0.09889 grad=  2.6867e-02
  filtSat=     0.57499 grad=  1.0838e-01
epoch=70 loss=3.888976
  shape=     0.32531 grad=  1.1660e+01
  pw=     0.59729 grad=  4.1724e+00
  fBase=   558.13757 grad= -3.7171e-01
  fAmt=     0.21815 grad= -8.9340e-04
  fDecay=     0.88278 grad=  1.0780e-05
  res=     1.71054 grad= -3.9024e-02
  attackTime=     0.00705 grad=  3.6169e-02
  decayTime=     0.08564 grad= -5.9302e-02
  sustain=     0.00000 grad=  2.2628e+00
  releaseTime=     0.07986 grad=  4.4266e-03
  drive=     8.00000 grad= -1.0332e-01
  outGain=     0.74576 grad= -3.4546e-02
  vco2Level=     0.67227 grad=  1.6656e-01
  vco2Detune=     0.79688 grad=  1.5447e+00
  satGain=     3.22701 grad=  3.0797e-01
  satBias=    -0.18671 grad=  6.0258e-01
  satA2=    -0.61627 grad= -3.8921e-02
  satA3=    -0.53593 grad= -2.0466e-01
  satA5=    -0.09505 grad= -3.6744e-01
  filtSat=     0.51301 grad= -1.6426e-01
epoch=80 loss=3.876714
  shape=     0.32248 grad= -2.7395e+00
  pw=     0.59708 grad= -1.3931e+00
  fBase=   557.85315 grad=  2.5481e-01
  fAmt=     0.25422 grad=  3.8822e-04
  fDecay=     0.76560 grad=  2.9931e-05
  res=     1.83245 grad= -5.1911e-02
  attackTime=     0.00661 grad=  3.4454e-02
  decayTime=     0.08573 grad=  1.3214e-02
  sustain=     0.00000 grad=  3.4237e+00
  releaseTime=     0.07857 grad=  1.3416e-03
  drive=     8.00000 grad= -5.9787e-02
  outGain=     0.74955 grad=  4.3183e-04
  vco2Level=     0.67076 grad=  1.7539e-02
  vco2Detune=     0.79609 grad= -2.5243e-01
  satGain=     3.21773 grad=  6.2269e-02
  satBias=    -0.18879 grad=  1.0323e-01
  satA2=    -0.61549 grad= -3.7909e-02
  satA3=    -0.53583 grad= -2.0350e-03
  satA5=    -0.08895 grad= -4.9778e-02
  filtSat=     0.49614 grad=  1.1961e-01
epoch=90 loss=3.861351
  shape=     0.32299 grad=  4.5838e+00
  pw=     0.59637 grad= -5.6424e+01
  fBase=   533.72461 grad= -1.0010e-01
  fAmt=     0.22895 grad= -3.7608e-04
  fDecay=     0.66344 grad=  1.9409e-05
  res=     1.95362 grad= -5.3430e-02
  attackTime=     0.00620 grad=  3.9088e-02
  decayTime=     0.08610 grad= -8.3939e-02
  sustain=     0.00000 grad=  3.2083e+00
  releaseTime=     0.07681 grad=  5.7228e-03
  drive=     8.00000 grad= -1.3223e-01
  outGain=     0.75307 grad= -6.2960e-02
  vco2Level=     0.66555 grad=  8.7171e-01
  vco2Detune=     0.79623 grad= -2.1164e+00
  satGain=     3.26380 grad= -2.7169e+00
  satBias=    -0.18884 grad= -3.6168e+00
  satA2=    -0.61674 grad=  1.0529e+00
  satA3=    -0.53799 grad=  9.8463e-01
  satA5=    -0.08660 grad=  8.2937e-01
  filtSat=     0.44855 grad=  2.1048e-01
epoch=100 loss=3.858885
  shape=     0.32133 grad=  1.3480e+01
  pw=     0.59819 grad= -1.9586e+01
  fBase=   518.18799 grad= -4.7937e-01
  fAmt=     0.21854 grad= -1.1128e-03
  fDecay=     0.59667 grad= -9.5235e-06
  res=     2.07857 grad= -3.4587e-02
  attackTime=     0.00580 grad=  3.7917e-02
  decayTime=     0.08726 grad=  1.0915e-02
  sustain=     0.00000 grad=  6.8028e+00
  releaseTime=     0.07385 grad=  3.4278e-03
  drive=     8.00000 grad= -1.1069e-01
  outGain=     0.76090 grad= -4.6961e-02
  vco2Level=     0.65527 grad=  7.4001e-01
  vco2Detune=     0.79573 grad=  1.7480e+00
  satGain=     3.26076 grad= -8.6016e-01
  satBias=    -0.18962 grad= -1.1796e+00
  satA2=    -0.61679 grad=  4.8553e-01
  satA3=    -0.53728 grad=  1.5846e-01
  satA5=    -0.08340 grad=  3.3736e-02
  filtSat=     0.39072 grad= -1.1464e-01
epoch=110 loss=3.851722
  shape=     0.32047 grad= -3.7606e-01
  pw=     0.60029 grad= -2.3190e+01
  fBase=   532.86108 grad=  8.9595e-01
  fAmt=     0.28407 grad=  1.8506e-03
  fDecay=     0.55434 grad=  5.1485e-05
  res=     2.20776 grad= -3.6242e-02
  attackTime=     0.00542 grad=  3.7063e-02
  decayTime=     0.08639 grad=  1.7670e-01
  sustain=     0.00000 grad=  8.2639e+00
  releaseTime=     0.07207 grad= -2.2355e-03
  drive=     8.00000 grad= -2.3566e-03
  outGain=     0.76615 grad=  4.0930e-02
  vco2Level=     0.64667 grad= -6.6642e-01
  vco2Detune=     0.79504 grad= -3.7354e+00
  satGain=     3.33807 grad=  6.2641e+00
  satBias=    -0.18777 grad=  8.4630e+00
  satA2=    -0.62034 grad= -2.3961e+00
  satA3=    -0.53924 grad= -2.2861e+00
  satA5=    -0.08394 grad= -2.2312e+00
  filtSat=     0.38824 grad= -6.0797e-02
epoch=120 loss=3.856294
  shape=     0.32094 grad= -1.3735e+01
  pw=     0.60121 grad= -2.4703e+01
  fBase=   542.30981 grad=  6.2682e-01
  fAmt=     0.33249 grad=  1.1174e-03
  fDecay=     0.52879 grad=  8.5349e-05
  res=     2.33576 grad= -5.6292e-02
  attackTime=     0.00507 grad=  3.9194e-02
  decayTime=     0.08419 grad= -1.9165e-02
  sustain=     0.00000 grad=  2.0172e+00
  releaseTime=     0.07142 grad=  2.7232e-03
  drive=     8.00000 grad= -4.0278e-02
  outGain=     0.76595 grad=  7.7602e-04
  vco2Level=     0.64374 grad= -6.2959e-01
  vco2Detune=     0.79567 grad= -1.6993e+00
  satGain=     3.37024 grad= -1.3244e+00
  satBias=    -0.18710 grad= -1.6405e+00
  satA2=    -0.62310 grad=  3.3318e-01
  satA3=    -0.54121 grad=  6.6640e-01
  satA5=    -0.08519 grad=  5.3202e-01
  filtSat=     0.41822 grad=  3.1802e-01
epoch=130 loss=3.831935
  shape=     0.32339 grad= -2.5164e+01
  pw=     0.60131 grad=  2.9692e+01
  fBase=   516.54620 grad= -4.4496e-01
  fAmt=     0.28473 grad= -1.0753e-03
  fDecay=     0.47693 grad= -1.3408e-05
  res=     2.48470 grad= -4.2413e-02
  attackTime=     0.00475 grad=  3.4806e-02
  decayTime=     0.08485 grad= -9.9271e-02
  sustain=     0.00000 grad=  3.3708e+00
  releaseTime=     0.06899 grad=  6.6056e-03
  drive=     8.00000 grad= -1.0785e-01
  outGain=     0.76933 grad= -5.5584e-02
  vco2Level=     0.65972 grad= -2.0256e-01
  vco2Detune=     0.79502 grad=  2.8910e+00
  satGain=     3.41825 grad= -3.7879e+00
  satBias=    -0.18615 grad= -5.0681e+00
  satA2=    -0.62406 grad=  1.4862e+00
  satA3=    -0.54334 grad=  1.2963e+00
  satA5=    -0.08670 grad=  1.1382e+00
  filtSat=     0.37203 grad= -1.5426e-02
epoch=140 loss=3.822483
  shape=     0.32522 grad=  2.5039e+01
  pw=     0.60115 grad= -5.7064e+01
  fBase=   504.77246 grad=  1.7153e-01
  fAmt=     0.27036 grad=  2.6470e-04
  fDecay=     0.44733 grad=  2.0133e-05
  res=     2.62011 grad= -3.1812e-02
  attackTime=     0.00445 grad=  3.5899e-02
  decayTime=     0.08622 grad=  3.7088e-02
  sustain=     0.00000 grad=  7.1795e+00
  releaseTime=     0.06553 grad=  3.5572e-03
  drive=     8.00000 grad= -8.3090e-02
  outGain=     0.77595 grad= -2.5157e-02
  vco2Level=     0.66535 grad=  6.2126e-01
  vco2Detune=     0.79125 grad= -2.8565e+00
  satGain=     3.42411 grad= -9.0692e-02
  satBias=    -0.18616 grad= -2.1935e-01
  satA2=    -0.62527 grad=  1.1245e-01
  satA3=    -0.54473 grad= -3.0076e-03
  satA5=    -0.08755 grad= -1.4524e-01
  filtSat=     0.34116 grad=  1.4481e-01
epoch=150 loss=3.834772
  shape=     0.32322 grad= -2.6239e+01
  pw=     0.60119 grad=  1.8860e+01
  fBase=   493.46021 grad= -7.8154e-01
  fAmt=     0.25757 grad= -2.0521e-03
  fDecay=     0.42272 grad= -2.4282e-06
  res=     2.72792 grad= -4.9769e-02
  attackTime=     0.00417 grad=  3.3942e-02
  decayTime=     0.08655 grad= -7.4420e-02
  sustain=     0.00000 grad=  5.0073e+00
  releaseTime=     0.06244 grad=  4.8527e-03
  drive=     8.00000 grad= -1.4272e-01
  outGain=     0.78362 grad= -7.9555e-02
  vco2Level=     0.65441 grad=  5.9371e-01
  vco2Detune=     0.79034 grad=  1.7141e+00
  satGain=     3.35177 grad= -7.8488e+00
  satBias=    -0.18801 grad= -1.0497e+01
  satA2=    -0.62425 grad=  2.9810e+00
  satA3=    -0.54269 grad=  2.8178e+00
  satA5=    -0.08484 grad=  2.6163e+00
  filtSat=     0.35058 grad=  2.1278e-01
epoch=160 loss=3.806714
  shape=     0.32318 grad= -3.7450e+01
  pw=     0.60075 grad= -2.2424e+01
  fBase=   483.11487 grad=  2.7851e-01
  fAmt=     0.25435 grad=  2.7157e-04
  fDecay=     0.38976 grad=  6.3654e-05
  res=     2.86459 grad= -7.2277e-02
  attackTime=     0.00392 grad=  3.3067e-02
  decayTime=     0.08732 grad= -6.3641e-03
  sustain=     0.00000 grad=  6.8139e+00
  releaseTime=     0.05955 grad=  3.0074e-03
  drive=     8.00000 grad= -1.3208e-01
  outGain=     0.79571 grad= -6.2992e-02
  vco2Level=     0.65188 grad= -5.7534e-01
  vco2Detune=     0.78979 grad= -2.5496e+00
  satGain=     3.38241 grad= -6.6873e-01
  satBias=    -0.18707 grad= -6.8147e-01
  satA2=    -0.62499 grad=  7.9961e-02
  satA3=    -0.54314 grad=  4.0539e-01
  satA5=    -0.08487 grad=  2.9541e-01
  filtSat=     0.32262 grad=  5.6244e-01
epoch=170 loss=3.797179
  shape=     0.32364 grad= -2.1663e+00
  pw=     0.60043 grad= -4.7515e+01
  fBase=   470.76019 grad= -1.9357e-01
  fAmt=     0.24447 grad= -6.6753e-04
  fDecay=     0.36231 grad=  9.0723e-06
  res=     3.01055 grad= -4.0411e-02
  attackTime=     0.00369 grad=  3.2602e-02
  decayTime=     0.08764 grad= -1.0545e-02
  sustain=     0.00000 grad=  7.4880e+00
  releaseTime=     0.05710 grad=  3.6390e-03
  drive=     8.00000 grad= -1.4485e-01
  outGain=     0.80942 grad= -7.3146e-02
  vco2Level=     0.65432 grad=  6.5049e-01
  vco2Detune=     0.78998 grad= -2.4658e+00
  satGain=     3.39520 grad= -3.9005e+00
  satBias=    -0.18659 grad= -5.2194e+00
  satA2=    -0.62425 grad=  1.5112e+00
  satA3=    -0.54224 grad=  1.3949e+00
  satA5=    -0.08356 grad=  1.2000e+00
  filtSat=     0.30630 grad=  2.4636e-01
epoch=180 loss=3.811960
  shape=     0.32439 grad=  6.9128e+00
  pw=     0.60085 grad=  6.7341e+01
  fBase=   475.18985 grad= -9.8519e-01
  fAmt=     0.27823 grad= -2.6768e-03
  fDecay=     0.35576 grad= -2.2261e-05
  res=     3.13866 grad= -2.1305e-02
  attackTime=     0.00348 grad=  2.9984e-02
  decayTime=     0.08780 grad=  1.2099e-01
  sustain=     0.00000 grad=  8.9423e+00
  releaseTime=     0.05486 grad=  1.3409e-03
  drive=     8.00000 grad= -6.4660e-02
  outGain=     0.82486 grad= -7.6631e-05
  vco2Level=     0.64502 grad=  2.2507e-01
  vco2Detune=     0.79026 grad=  2.4848e+00
  satGain=     3.44759 grad= -9.8973e+00
  satBias=    -0.18500 grad= -1.3283e+01
  satA2=    -0.62624 grad=  3.8254e+00
  satA3=    -0.54298 grad=  3.5325e+00
  satA5=    -0.08390 grad=  3.1961e+00
  filtSat=     0.32218 grad= -2.2048e-01
epoch=190 loss=3.816232
  shape=     0.32470 grad= -2.3623e+01
  pw=     0.60078 grad= -1.2345e+01
  fBase=   480.33316 grad= -8.0822e-03
  fAmt=     0.31898 grad= -5.9371e-04
  fDecay=     0.33542 grad=  8.9218e-05
  res=     3.28745 grad= -5.9592e-02
  attackTime=     0.00329 grad=  2.7130e-02
  decayTime=     0.08539 grad=  4.4147e-02
  sustain=     0.00000 grad=  6.1923e+00
  releaseTime=     0.05367 grad=  1.6170e-03
  drive=     8.00000 grad= -9.0097e-02
  outGain=     0.83163 grad= -1.8293e-02
  vco2Level=     0.64602 grad= -7.4043e-02
  vco2Detune=     0.79114 grad= -8.0466e-01
  satGain=     3.60259 grad= -2.9214e+00
  satBias=    -0.18076 grad= -4.0227e+00
  satA2=    -0.63152 grad=  1.0032e+00
  satA3=    -0.54749 grad=  1.1993e+00
  satA5=    -0.08817 grad=  9.7735e-01
  filtSat=     0.30974 grad=  6.0453e-01
epoch=200 loss=3.809757
  shape=     0.32663 grad= -2.2013e+01
  pw=     0.60067 grad=  3.4795e+01
  fBase=   474.44156 grad= -1.8811e-02
  fAmt=     0.32750 grad= -1.7873e-04
  fDecay=     0.30454 grad=  1.0233e-05
  res=     3.44909 grad= -3.2661e-02
  attackTime=     0.00312 grad=  2.5686e-02
  decayTime=     0.08384 grad= -9.2361e-02
  sustain=     0.00000 grad=  3.2371e+00
  releaseTime=     0.05241 grad=  4.8487e-03
  drive=     8.00000 grad= -1.1793e-01
  outGain=     0.83770 grad= -5.1922e-02
  vco2Level=     0.64844 grad=  2.6738e-01
  vco2Detune=     0.79093 grad=  1.7770e+00
  satGain=     3.63664 grad=  6.4153e+00
  satBias=    -0.17993 grad=  8.5837e+00
  satA2=    -0.63300 grad= -2.2222e+00
  satA3=    -0.54864 grad= -2.5256e+00
  satA5=    -0.08907 grad= -2.3755e+00
  filtSat=     0.27670 grad= -1.2822e-01
epoch=210 loss=3.809345
  shape=     0.32776 grad= -2.5703e+00
  pw=     0.60064 grad= -3.9140e+01
  fBase=   478.97049 grad= -9.0834e-02
  fAmt=     0.36303 grad= -9.3557e-04
  fDecay=     0.28921 grad=  1.1685e-04
  res=     3.59480 grad= -4.8276e-02
  attackTime=     0.00298 grad=  2.5553e-02
  decayTime=     0.08434 grad=  1.1845e-01
  sustain=     0.00000 grad=  5.7377e+00
  releaseTime=     0.05044 grad=  1.5659e-03
  drive=     8.00000 grad=  3.2311e-03
  outGain=     0.84710 grad=  3.8578e-02
  vco2Level=     0.63912 grad= -6.4253e-02
  vco2Detune=     0.79019 grad= -2.0018e+00
  satGain=     3.61415 grad= -7.3145e+00
  satBias=    -0.18058 grad= -1.0026e+01
  satA2=    -0.63345 grad=  2.6239e+00
  satA3=    -0.54860 grad=  2.8364e+00
  satA5=    -0.08875 grad=  2.4556e+00
  filtSat=     0.26307 grad=  5.2726e-01
epoch=220 loss=3.785463
  shape=     0.32725 grad= -6.2334e+00
  pw=     0.60066 grad= -3.4814e+01
  fBase=   473.33771 grad= -1.2499e-01
  fAmt=     0.36874 grad= -4.8483e-04
  fDecay=     0.27313 grad=  1.0669e-05
  res=     3.70555 grad= -2.5512e-02
  attackTime=     0.00284 grad=  2.3712e-02
  decayTime=     0.08347 grad= -1.4532e-01
  sustain=     0.00000 grad=  1.1832e-01
  releaseTime=     0.04886 grad=  3.2429e-03
  drive=     8.00000 grad= -1.0479e-01
  outGain=     0.84864 grad= -5.8571e-02
  vco2Level=     0.63206 grad=  2.4080e-01
  vco2Detune=     0.79042 grad= -1.9717e+00
  satGain=     3.57098 grad= -5.4041e+00
  satBias=    -0.18172 grad= -7.3990e+00
  satA2=    -0.63396 grad=  2.0535e+00
  satA3=    -0.54823 grad=  1.9604e+00
  satA5=    -0.08815 grad=  1.6491e+00
  filtSat=     0.29031 grad=  2.6869e-01
epoch=230 loss=3.789963
  shape=     0.32579 grad= -2.1011e+01
  pw=     0.60056 grad= -2.6615e+01
  fBase=   465.18561 grad= -1.8724e-01
  fAmt=     0.36040 grad= -8.2852e-04
  fDecay=     0.26273 grad=  3.6417e-05
  res=     3.81329 grad= -3.8702e-02
  attackTime=     0.00273 grad=  2.3238e-02
  decayTime=     0.08511 grad= -6.2952e-02
  sustain=     0.00000 grad=  2.9703e+00
  releaseTime=     0.04734 grad=  1.4893e-03
  drive=     8.00000 grad= -1.1837e-01
  outGain=     0.85538 grad= -5.2609e-02
  vco2Level=     0.62756 grad= -4.2045e-02
  vco2Detune=     0.79075 grad= -2.4230e-01
  satGain=     3.57043 grad= -3.8235e+00
  satBias=    -0.18167 grad= -5.2004e+00
  satA2=    -0.63495 grad=  1.4131e+00
  satA3=    -0.54846 grad=  1.4190e+00
  satA5=    -0.08824 grad=  1.1810e+00
  filtSat=     0.30324 grad=  3.6346e-01
epoch=240 loss=3.768966
  shape=     0.32630 grad=  1.5215e+01
  pw=     0.60050 grad=  1.9358e+01
  fBase=   454.44971 grad= -1.0049e+00
  fAmt=     0.34052 grad= -2.8544e-03
  fDecay=     0.25159 grad= -6.5514e-05
  res=     3.94145 grad= -2.0032e-02
  attackTime=     0.00262 grad=  2.3260e-02
  decayTime=     0.08675 grad= -2.2504e-02
  sustain=     0.00000 grad=  4.3238e+00
  releaseTime=     0.04630 grad=  1.0839e-03
  drive=     8.00000 grad= -1.1227e-01
  outGain=     0.86514 grad= -5.0581e-02
  vco2Level=     0.62890 grad=  5.8753e-01
  vco2Detune=     0.78995 grad=  2.1795e+00
  satGain=     3.50412 grad= -7.5503e+00
  satBias=    -0.18346 grad= -1.0372e+01
  satA2=    -0.63340 grad=  2.9733e+00
  satA3=    -0.54641 grad=  2.6286e+00
  satA5=    -0.08601 grad=  2.3080e+00
  filtSat=     0.30800 grad=  4.7301e-02
epoch=250 loss=3.777969
  shape=     0.32607 grad= -7.5255e+01
  pw=     0.60063 grad=  4.9371e+01
  fBase=   455.02344 grad= -1.9033e-01
  fAmt=     0.35742 grad= -9.5596e-04
  fDecay=     0.24870 grad=  4.1340e-05
  res=     4.06199 grad= -4.0241e-02
  attackTime=     0.00252 grad=  2.2097e-02
  decayTime=     0.08750 grad=  7.4465e-02
  sustain=     0.00000 grad=  6.0289e+00
  releaseTime=     0.04567 grad= -4.6949e-04
  drive=     8.00000 grad= -7.4994e-02
  outGain=     0.87562 grad= -1.2937e-02
  vco2Level=     0.62650 grad= -8.9647e-01
  vco2Detune=     0.78952 grad=  1.8481e+00
  satGain=     3.46743 grad= -7.3479e-01
  satBias=    -0.18457 grad= -8.0795e-01
  satA2=    -0.63294 grad=  1.9950e-01
  satA3=    -0.54567 grad=  2.8445e-01
  satA5=    -0.08496 grad=  2.8813e-01
  filtSat=     0.31530 grad=  7.5925e-02
epoch=260 loss=3.770131
  shape=     0.32641 grad=  3.5930e+00
  pw=     0.60038 grad= -9.6509e+01
  fBase=   454.79959 grad=  6.4331e-01
  fAmt=     0.36767 grad=  1.0508e-03
  fDecay=     0.24165 grad=  1.5364e-04
  res=     4.19523 grad= -3.8776e-02
  attackTime=     0.00243 grad=  2.2000e-02
  decayTime=     0.08663 grad=  8.6823e-03
  sustain=     0.00000 grad=  4.4145e+00
  releaseTime=     0.04554 grad=  3.9704e-05
  drive=     8.00000 grad= -1.0210e-01
  outGain=     0.88251 grad= -3.3775e-02
  vco2Level=     0.63022 grad=  3.8594e-02
  vco2Detune=     0.78922 grad= -5.6648e+00
  satGain=     3.46802 grad= -3.4077e+00
  satBias=    -0.18461 grad= -4.4648e+00
  satA2=    -0.63293 grad=  1.1037e+00
  satA3=    -0.54543 grad=  1.4550e+00
  satA5=    -0.08456 grad=  1.2063e+00
  filtSat=     0.31803 grad=  6.6800e-01
epoch=270 loss=3.759844
  shape=     0.32664 grad=  4.7837e+00
  pw=     0.60040 grad= -3.4884e+01
  fBase=   449.38956 grad=  5.0577e-01
  fAmt=     0.35844 grad=  1.1694e-03
  fDecay=     0.23561 grad=  5.0193e-05
  res=     4.32301 grad= -2.6679e-02
  attackTime=     0.00234 grad=  2.1140e-02
  decayTime=     0.08647 grad= -6.3343e-02
  sustain=     0.00000 grad=  3.3711e+00
  releaseTime=     0.04545 grad=  9.3139e-04
  drive=     8.00000 grad= -1.3423e-01
  outGain=     0.89100 grad= -6.2308e-02
  vco2Level=     0.63220 grad= -5.2212e-02
  vco2Detune=     0.78969 grad= -1.2819e+00
  satGain=     3.48148 grad=  4.2216e+00
  satBias=    -0.18424 grad=  5.8249e+00
  satA2=    -0.63356 grad= -1.5484e+00
  satA3=    -0.54535 grad= -1.6077e+00
  satA5=    -0.08430 grad= -1.5776e+00
  filtSat=     0.32030 grad=  5.0591e-02
epoch=280 loss=3.762262
  shape=     0.32663 grad= -4.6999e+00
  pw=     0.60055 grad=  5.4220e+01
  fBase=   447.14560 grad= -5.3248e-01
  fAmt=     0.35738 grad= -1.2294e-03
  fDecay=     0.23435 grad= -1.1656e-04
  res=     4.44860 grad= -1.5331e-02
  attackTime=     0.00227 grad=  2.0341e-02
  decayTime=     0.08718 grad=  3.7618e-02
  sustain=     0.00000 grad=  5.5161e+00
  releaseTime=     0.04526 grad=  3.8569e-04
  drive=     8.00000 grad= -9.8110e-02
  outGain=     0.90188 grad= -2.9435e-02
  vco2Level=     0.63170 grad=  5.0208e-02
  vco2Detune=     0.78998 grad=  4.3338e+00
  satGain=     3.48367 grad=  3.7474e+00
  satBias=    -0.18410 grad=  5.0389e+00
  satA2=    -0.63353 grad= -1.1807e+00
  satA3=    -0.54484 grad= -1.6486e+00
  satA5=    -0.08345 grad= -1.5874e+00
  filtSat=     0.32021 grad= -4.8852e-01
epoch=290 loss=3.755678
  shape=     0.32676 grad=  1.7510e+01
  pw=     0.60046 grad=  4.9584e+00
  fBase=   449.00595 grad= -2.6577e-01
  fAmt=     0.37116 grad= -7.5024e-04
  fDecay=     0.23474 grad= -5.6489e-05
  res=     4.56940 grad= -1.0180e-02
  attackTime=     0.00220 grad=  1.9492e-02
  decayTime=     0.08674 grad=  4.1729e-02
  sustain=     0.00000 grad=  5.1241e+00
  releaseTime=     0.04512 grad= -9.4832e-05
  drive=     8.00000 grad= -8.1433e-02
  outGain=     0.90974 grad= -1.7718e-02
  vco2Level=     0.62824 grad=  3.4364e-01
  vco2Detune=     0.78995 grad=  1.5564e+00
  satGain=     3.48072 grad= -3.2766e+00
  satBias=    -0.18408 grad= -4.3800e+00
  satA2=    -0.63329 grad=  1.3544e+00
  satA3=    -0.54410 grad=  1.0552e+00
  satA5=    -0.08232 grad=  8.8439e-01
  filtSat=     0.31955 grad= -2.8683e-01
epoch=300 loss=3.761899
  shape=     0.32685 grad=  3.2278e+01
  pw=     0.60030 grad= -7.5018e+01
  fBase=   448.15634 grad=  2.3246e-01
  fAmt=     0.37478 grad=  3.6994e-04
  fDecay=     0.23320 grad=  3.6889e-05
  res=     4.68720 grad= -2.0270e-02
  attackTime=     0.00213 grad=  1.8832e-02
  decayTime=     0.08608 grad= -2.3610e-02
  sustain=     0.00000 grad=  3.6994e+00
  releaseTime=     0.04508 grad=  2.4943e-04
  drive=     8.00000 grad= -1.0420e-01
  outGain=     0.91587 grad= -3.7713e-02
  vco2Level=     0.62832 grad=  5.6660e-01
  vco2Detune=     0.78982 grad= -3.5119e+00
  satGain=     3.48180 grad= -3.3289e+00
  satBias=    -0.18403 grad= -4.4720e+00
  satA2=    -0.63346 grad=  1.2499e+00
  satA3=    -0.54376 grad=  1.2669e+00
  satA5=    -0.08164 grad=  9.9850e-01
  filtSat=     0.32043 grad=  2.9286e-01
epoch=310 loss=3.755165
  shape=     0.32682 grad=  2.0565e+01
  pw=     0.60037 grad= -4.3728e+01
  fBase=   447.31537 grad= -1.9919e-02
  fAmt=     0.37849 grad= -2.5791e-04
  fDecay=     0.23379 grad=  1.9929e-06
  res=     4.80001 grad= -1.5051e-02
  attackTime=     0.00207 grad=  1.9214e-02
  decayTime=     0.08625 grad=  7.3574e-03
  sustain=     0.00000 grad=  4.1314e+00
  releaseTime=     0.04500 grad= -1.6934e-04
  drive=     8.00000 grad= -9.4486e-02
  outGain=     0.92318 grad= -2.6226e-02
  vco2Level=     0.62851 grad=  4.9503e-01
  vco2Detune=     0.78981 grad= -1.5103e+00
  satGain=     3.48399 grad= -3.8821e+00
  satBias=    -0.18388 grad= -5.2277e+00
  satA2=    -0.63324 grad=  1.5208e+00
  satA3=    -0.54316 grad=  1.3918e+00
  satA5=    -0.08066 grad=  1.1457e+00
  filtSat=     0.32421 grad=  5.6342e-02
epoch=320 loss=3.754411
  shape=     0.32670 grad=  8.4119e+00
  pw=     0.60051 grad=  5.1655e+01
  fBase=   446.90155 grad= -1.6286e-01
  fAmt=     0.38583 grad= -2.3348e-04
  fDecay=     0.23315 grad= -9.6522e-05
  res=     4.91127 grad= -1.2300e-02
  attackTime=     0.00202 grad=  1.8742e-02
  decayTime=     0.08618 grad=  2.3210e-02
  sustain=     0.00000 grad=  4.4364e+00
  releaseTime=     0.04502 grad= -3.3815e-04
  drive=     8.00000 grad= -8.4191e-02
  outGain=     0.92923 grad= -1.8729e-02
  vco2Level=     0.62765 grad= -1.3937e-01
  vco2Detune=     0.78990 grad=  3.8018e+00
  satGain=     3.48857 grad=  5.1505e+00
  satBias=    -0.18370 grad=  7.0219e+00
  satA2=    -0.63338 grad= -1.7519e+00
  satA3=    -0.54287 grad= -2.1648e+00
  satA5=    -0.08004 grad= -2.0772e+00
  filtSat=     0.32001 grad= -5.6349e-01
epoch=330 loss=3.749065
  shape=     0.32663 grad= -1.2714e+01
  pw=     0.60045 grad= -1.1906e+00
  fBase=   447.77505 grad= -3.7525e-01
  fAmt=     0.39625 grad= -1.2263e-03
  fDecay=     0.23342 grad= -2.7497e-05
  res=     5.01477 grad= -1.8604e-02
  attackTime=     0.00197 grad=  1.8247e-02
  decayTime=     0.08582 grad=  5.5634e-03
  sustain=     0.00000 grad=  3.8965e+00
  releaseTime=     0.04508 grad= -2.5716e-04
  drive=     8.00000 grad= -8.4281e-02
  outGain=     0.93379 grad= -2.0774e-02
  vco2Level=     0.62738 grad=  2.3749e-02
  vco2Detune=     0.78980 grad=  8.1213e-01
  satGain=     3.48605 grad= -2.9248e+00
  satBias=    -0.18370 grad= -3.9314e+00
  satA2=    -0.63327 grad=  1.1662e+00
  satA3=    -0.54243 grad=  1.0153e+00
  satA5=    -0.07924 grad=  8.5415e-01
  filtSat=     0.32311 grad= -2.3680e-02
epoch=340 loss=3.748804
  shape=     0.32676 grad=  5.9038e+00
  pw=     0.60064 grad=  2.9550e+01
  fBase=   449.13849 grad= -4.8251e-01
  fAmt=     0.40883 grad= -1.5053e-03
  fDecay=     0.23380 grad= -5.0558e-05
  res=     5.11079 grad= -1.3962e-02
  attackTime=     0.00193 grad=  1.8168e-02
  decayTime=     0.08555 grad= -1.0021e-02
  sustain=     0.00000 grad=  3.3681e+00
  releaseTime=     0.04517 grad= -4.1449e-04
  drive=     8.00000 grad= -8.8074e-02
  outGain=     0.93784 grad= -2.5408e-02
  vco2Level=     0.62912 grad=  1.4499e-01
  vco2Detune=     0.78916 grad=  9.4604e-01
  satGain=     3.48520 grad= -4.0333e+00
  satBias=    -0.18368 grad= -5.4232e+00
  satA2=    -0.63352 grad=  1.6203e+00
  satA3=    -0.54228 grad=  1.3831e+00
  satA5=    -0.07874 grad=  1.2053e+00
  filtSat=     0.33247 grad= -1.2891e-01
epoch=350 loss=3.746056
  shape=     0.32663 grad= -1.4566e+01
  pw=     0.60059 grad=  3.7103e+00
  fBase=   448.90125 grad= -1.0116e-02
  fAmt=     0.41995 grad= -4.4415e-04
  fDecay=     0.23127 grad=  5.1447e-05
  res=     5.20881 grad= -2.4107e-02
  attackTime=     0.00188 grad=  1.8407e-02
  decayTime=     0.08552 grad=  3.9272e-03
  sustain=     0.00000 grad=  3.6775e+00
  releaseTime=     0.04529 grad= -1.9471e-04
  drive=     8.00000 grad= -8.6263e-02
  outGain=     0.94206 grad= -2.0920e-02
  vco2Level=     0.63199 grad= -1.8090e-02
  vco2Detune=     0.78908 grad= -4.4351e-01
  satGain=     3.48934 grad=  1.1319e+00
  satBias=    -0.18354 grad=  1.5194e+00
  satA2=    -0.63351 grad= -4.0665e-01
  satA3=    -0.54202 grad= -4.4231e-01
  satA5=    -0.07821 grad= -4.8537e-01
  filtSat=     0.33412 grad=  1.5060e-01
epoch=360 loss=3.745713
  shape=     0.32666 grad= -4.0822e+00
  pw=     0.60060 grad=  2.9025e+01
  fBase=   449.50208 grad= -3.4421e-01
  fAmt=     0.43593 grad= -1.1465e-03
  fDecay=     0.22767 grad= -3.4730e-05
  res=     5.30300 grad= -1.2770e-02
  attackTime=     0.00185 grad=  1.7915e-02
  decayTime=     0.08540 grad=  2.1783e-02
  sustain=     0.00000 grad=  3.8583e+00
  releaseTime=     0.04539 grad= -3.5592e-04
  drive=     8.00000 grad= -6.9683e-02
  outGain=     0.94564 grad= -1.0191e-02
  vco2Level=     0.63188 grad=  2.0348e-01
  vco2Detune=     0.78951 grad=  2.0684e+00
  satGain=     3.48789 grad= -2.2732e+00
  satBias=    -0.18358 grad= -3.1084e+00
  satA2=    -0.63358 grad=  9.7517e-01
  satA3=    -0.54181 grad=  7.1526e-01
  satA5=    -0.07768 grad=  6.0427e-01
  filtSat=     0.32992 grad= -1.5829e-01
epoch=370 loss=3.744545
  shape=     0.32661 grad= -1.4255e+01
  pw=     0.60050 grad= -5.2296e+00
  fBase=   448.16980 grad=  4.0945e-02
  fAmt=     0.44448 grad= -1.6092e-04
  fDecay=     0.22361 grad=  3.0309e-05
  res=     5.38730 grad= -2.1517e-02
  attackTime=     0.00181 grad=  1.7728e-02
  decayTime=     0.08512 grad= -1.3279e-02
  sustain=     0.00000 grad=  3.1765e+00
  releaseTime=     0.04546 grad=  8.4572e-05
  drive=     8.00000 grad= -8.3123e-02
  outGain=     0.94817 grad= -2.1514e-02
  vco2Level=     0.63082 grad= -1.3800e-01
  vco2Detune=     0.78945 grad=  1.2472e-01
  satGain=     3.49148 grad=  2.1395e+00
  satBias=    -0.18352 grad=  2.9080e+00
  satA2=    -0.63377 grad= -7.7182e-01
  satA3=    -0.54163 grad= -8.4705e-01
  satA5=    -0.07715 grad= -8.7384e-01
  filtSat=     0.32835 grad=  3.8264e-02
epoch=380 loss=3.743059
  shape=     0.32671 grad=  2.7788e+00
  pw=     0.60059 grad=  7.0595e+00
  fBase=   448.80173 grad= -7.4780e-02
  fAmt=     0.45703 grad= -5.3618e-04
  fDecay=     0.22196 grad=  1.9697e-05
  res=     5.46387 grad= -1.7225e-02
  attackTime=     0.00178 grad=  1.7861e-02
  decayTime=     0.08515 grad= -2.5527e-04
  sustain=     0.00000 grad=  3.1934e+00
  releaseTime=     0.04548 grad= -3.7256e-04
  drive=     8.00000 grad= -7.4710e-02
  outGain=     0.95110 grad= -1.5467e-02
  vco2Level=     0.62964 grad= -3.3564e-02
  vco2Detune=     0.78902 grad= -3.0626e-01
  satGain=     3.49084 grad= -1.0909e+00
  satBias=    -0.18356 grad= -1.4372e+00
  satA2=    -0.63376 grad=  4.5841e-01
  satA3=    -0.54114 grad=  3.5362e-01
  satA5=    -0.07630 grad=  2.3685e-01
  filtSat=     0.33188 grad= -2.0605e-02
epoch=390 loss=3.743109
  shape=     0.32663 grad= -1.1989e+01
  pw=     0.60054 grad=  1.2554e+01
  fBase=   448.57260 grad=  1.0121e-01
  fAmt=     0.46846 grad=  2.0787e-05
  fDecay=     0.21879 grad=  3.2354e-05
  res=     5.54068 grad= -1.9761e-02
  attackTime=     0.00175 grad=  1.7438e-02
  decayTime=     0.08515 grad=  9.3422e-03
  sustain=     0.00000 grad=  3.6094e+00
  releaseTime=     0.04553 grad= -1.8197e-04
  drive=     8.00000 grad= -7.2833e-02
  outGain=     0.95361 grad= -1.0621e-02
  vco2Level=     0.63024 grad= -1.9987e-01
  vco2Detune=     0.78962 grad=  1.2020e+00
  satGain=     3.49317 grad=  2.8246e+00
  satBias=    -0.18352 grad=  3.8484e+00
  satA2=    -0.63405 grad= -1.0271e+00
  satA3=    -0.54113 grad= -1.1242e+00
  satA5=    -0.07590 grad= -1.1135e+00
  filtSat=     0.33072 grad= -4.4689e-02
epoch=400 loss=3.742527
  shape=     0.32666 grad=  9.1436e-01
  pw=     0.60045 grad= -2.3684e+01
  fBase=   447.99951 grad=  1.8334e-01
  fAmt=     0.47828 grad=  2.0740e-04
  fDecay=     0.21546 grad=  5.4672e-05
  res=     5.61369 grad= -1.8104e-02
  attackTime=     0.00172 grad=  1.6995e-02
  decayTime=     0.08503 grad=  4.4437e-03
  sustain=     0.00000 grad=  3.3896e+00
  releaseTime=     0.04557 grad=  1.2737e-04
  drive=     8.00000 grad= -6.9062e-02
  outGain=     0.95544 grad= -1.0398e-02
  vco2Level=     0.63036 grad=  1.2305e-02
  vco2Detune=     0.78965 grad= -5.2717e-01
  satGain=     3.49346 grad=  1.2082e+00
  satBias=    -0.18353 grad=  1.6409e+00
  satA2=    -0.63414 grad= -4.2513e-01
  satA3=    -0.54099 grad= -4.8371e-01
  satA5=    -0.07541 grad= -5.6135e-01
  filtSat=     0.32727 grad=  4.2396e-02
epoch=410 loss=3.741404
  shape=     0.32664 grad= -9.6692e+00
  pw=     0.60052 grad= -1.5024e+01
  fBase=   448.71143 grad=  1.1371e-01
  fAmt=     0.49016 grad= -1.3255e-04
  fDecay=     0.21402 grad=  7.6797e-05
  res=     5.67658 grad= -2.0043e-02
  attackTime=     0.00169 grad=  1.6971e-02
  decayTime=     0.08492 grad=  5.5812e-03
  sustain=     0.00000 grad=  3.2070e+00
  releaseTime=     0.04559 grad= -5.7267e-05
  drive=     8.00000 grad= -6.5711e-02
  outGain=     0.95693 grad= -8.5343e-03
  vco2Level=     0.62964 grad= -1.7548e-01
  vco2Detune=     0.78916 grad= -1.1499e+00
  satGain=     3.49276 grad= -3.9027e-01
  satBias=    -0.18350 grad= -4.7326e-01
  satA2=    -0.63430 grad=  1.3770e-01
  satA3=    -0.54075 grad=  1.5699e-01
  satA5=    -0.07483 grad=  5.1863e-02
  filtSat=     0.32955 grad=  1.0602e-01
epoch=420 loss=3.740855
  shape=     0.32668 grad= -3.9485e+00
  pw=     0.60053 grad= -2.0369e+01
  fBase=   448.28949 grad=  6.8726e-02
  fAmt=     0.49815 grad= -2.9342e-04
  fDecay=     0.21197 grad=  7.9104e-05
  res=     5.73614 grad= -2.0365e-02
  attackTime=     0.00167 grad=  1.7041e-02
  decayTime=     0.08486 grad= -4.3197e-03
  sustain=     0.00000 grad=  2.9682e+00
  releaseTime=     0.04561 grad= -9.7359e-05
  drive=     8.00000 grad= -7.1202e-02
  outGain=     0.95829 grad= -1.2870e-02
  vco2Level=     0.63015 grad= -7.9021e-02
  vco2Detune=     0.78910 grad= -1.5514e+00
  satGain=     3.49390 grad= -3.5677e-01
  satBias=    -0.18352 grad= -4.6630e-01
  satA2=    -0.63446 grad=  1.2979e-01
  satA3=    -0.54057 grad=  1.5288e-01
  satA5=    -0.07434 grad=  3.5104e-02
  filtSat=     0.33248 grad=  1.7466e-01
epoch=430 loss=3.740846
  shape=     0.32670 grad=  1.3930e+00
  pw=     0.60059 grad=  3.0163e+01
  fBase=   447.81326 grad= -3.1418e-01
  fAmt=     0.50683 grad= -1.0357e-03
  fDecay=     0.20925 grad= -5.9786e-05
  res=     5.79493 grad= -1.2621e-02
  attackTime=     0.00165 grad=  1.7051e-02
  decayTime=     0.08490 grad= -5.6760e-04
  sustain=     0.00000 grad=  3.2498e+00
  releaseTime=     0.04563 grad= -4.8487e-05
  drive=     8.00000 grad= -6.9991e-02
  outGain=     0.95979 grad= -1.1043e-02
  vco2Level=     0.63055 grad=  9.7358e-02
  vco2Detune=     0.78940 grad=  2.0020e+00
  satGain=     3.49484 grad= -1.7344e-01
  satBias=    -0.18354 grad= -2.5903e-01
  satA2=    -0.63458 grad=  1.8737e-01
  satA3=    -0.54046 grad= -7.7077e-02
  satA5=    -0.07391 grad= -1.5006e-01
  filtSat=     0.33041 grad= -1.9578e-01
epoch=440 loss=3.739439
  shape=     0.32668 grad= -3.9007e-01
  pw=     0.60055 grad=  5.5184e+00
  fBase=   448.60361 grad=  8.6703e-03
  fAmt=     0.51889 grad= -2.8873e-04
  fDecay=     0.20766 grad=  2.7552e-05
  res=     5.84723 grad= -1.5271e-02
  attackTime=     0.00163 grad=  1.7058e-02
  decayTime=     0.08487 grad=  1.4536e-02
  sustain=     0.00000 grad=  3.4234e+00
  releaseTime=     0.04564 grad= -2.0119e-04
  drive=     8.00000 grad= -6.1116e-02
  outGain=     0.96096 grad= -4.3008e-03
  vco2Level=     0.63033 grad= -1.1662e-02
  vco2Detune=     0.78940 grad=  4.6039e-01
  satGain=     3.49492 grad=  1.6533e-02
  satBias=    -0.18353 grad=  3.3913e-02
  satA2=    -0.63473 grad=  4.7050e-02
  satA3=    -0.54030 grad= -6.9745e-02
  satA5=    -0.07347 grad= -1.5041e-01
  filtSat=     0.33058 grad= -5.5296e-02
epoch=450 loss=3.739659
  shape=     0.32668 grad=  1.1186e+00
  pw=     0.60049 grad= -2.6069e+01
  fBase=   448.28436 grad=  1.5098e-01
  fAmt=     0.52660 grad= -2.3940e-05
  fDecay=     0.20552 grad=  8.6716e-05
  res=     5.89504 grad= -1.8284e-02
  attackTime=     0.00161 grad=  1.7101e-02
  decayTime=     0.08476 grad=  1.0170e-04
  sustain=     0.00000 grad=  2.9280e+00
  releaseTime=     0.04566 grad= -9.2604e-05
  drive=     8.00000 grad= -6.5677e-02
  outGain=     0.96168 grad= -8.2354e-03
  vco2Level=     0.63038 grad= -1.4982e-02
  vco2Detune=     0.78937 grad= -1.4045e+00
  satGain=     3.49557 grad= -1.9882e-01
  satBias=    -0.18353 grad= -2.6175e-01
  satA2=    -0.63486 grad=  8.0059e-02
  satA3=    -0.54018 grad=  8.3981e-02
  satA5=    -0.07308 grad= -3.5202e-02
  filtSat=     0.33099 grad=  1.3945e-01
epoch=460 loss=3.739000
  shape=     0.32664 grad= -1.1142e+01
  pw=     0.60052 grad= -9.4140e+00
  fBase=   448.16403 grad= -2.9504e-02
  fAmt=     0.53442 grad= -5.1911e-04
  fDecay=     0.20363 grad=  5.4054e-05
  res=     5.93926 grad= -1.8430e-02
  attackTime=     0.00160 grad=  1.7123e-02
  decayTime=     0.08473 grad= -2.7327e-04
  sustain=     0.00000 grad=  2.9055e+00
  releaseTime=     0.04568 grad= -2.0444e-04
  drive=     8.00000 grad= -6.4490e-02
  outGain=     0.96248 grad= -8.1254e-03
  vco2Level=     0.63037 grad= -7.1911e-02
  vco2Detune=     0.78936 grad= -4.7835e-01
  satGain=     3.49609 grad= -1.2279e-01
  satBias=    -0.18351 grad= -1.7752e-01
  satA2=    -0.63498 grad=  6.6921e-02
  satA3=    -0.54006 grad=  3.4422e-02
  satA5=    -0.07272 grad= -6.5273e-02
  filtSat=     0.33084 grad=  1.0567e-01
epoch=470 loss=3.738683
  shape=     0.32671 grad=  6.2758e+00
  pw=     0.60057 grad=  1.6313e+01
  fBase=   448.19928 grad= -8.4597e-02
  fAmt=     0.54239 grad= -4.4486e-04
  fDecay=     0.20188 grad= -1.7408e-05
  res=     5.98030 grad= -1.2693e-02
  attackTime=     0.00158 grad=  1.6882e-02
  decayTime=     0.08472 grad= -1.2485e-04
  sustain=     0.00000 grad=  3.1236e+00
  releaseTime=     0.04569 grad=  3.2002e-05
  drive=     8.00000 grad= -6.4232e-02
  outGain=     0.96321 grad= -7.1473e-03
  vco2Level=     0.63044 grad=  6.2082e-02
  vco2Detune=     0.78940 grad=  1.1878e+00
  satGain=     3.49636 grad=  7.1828e-02
  satBias=    -0.18350 grad=  1.0636e-01
  satA2=    -0.63509 grad=  6.1281e-02
  satA3=    -0.53996 grad= -1.3518e-01
  satA5=    -0.07240 grad= -2.1230e-01
  filtSat=     0.33020 grad= -1.5749e-01
epoch=480 loss=3.738097
  shape=     0.32670 grad=  3.0005e+00
  pw=     0.60054 grad=  3.1745e+00
  fBase=   448.11935 grad= -4.2950e-02
  fAmt=     0.54911 grad= -4.2844e-04
  fDecay=     0.20038 grad=  1.5065e-05
  res=     6.00000 grad= -1.4383e-02
  attackTime=     0.00157 grad=  1.7018e-02
  decayTime=     0.08470 grad=  2.0441e-03
  sustain=     0.00000 grad=  3.0884e+00
  releaseTime=     0.04570 grad=  3.5518e-05
  drive=     8.00000 grad= -6.2708e-02
  outGain=     0.96378 grad= -6.3704e-03
  vco2Level=     0.63040 grad=  3.6643e-02
  vco2Detune=     0.78938 grad=  3.7773e-01
  satGain=     3.49665 grad= -1.7058e-01
  satBias=    -0.18350 grad= -2.3263e-01
  satA2=    -0.63520 grad=  1.2744e-01
  satA3=    -0.53986 grad= -3.9192e-03
  satA5=    -0.07209 grad= -1.0007e-01
  filtSat=     0.33060 grad= -5.2399e-02
epoch=490 loss=3.738246
  shape=     0.32670 grad=  3.4631e+00
  pw=     0.60051 grad= -2.0215e+01
  fBase=   448.10461 grad=  1.0639e-01
  fAmt=     0.55557 grad= -1.2586e-04
  fDecay=     0.19904 grad=  7.3017e-05
  res=     6.00000 grad= -1.6760e-02
  attackTime=     0.00156 grad=  1.6898e-02
  decayTime=     0.08469 grad=  1.5722e-03
  sustain=     0.00000 grad=  2.9147e+00
  releaseTime=     0.04570 grad= -1.8260e-04
  drive=     8.00000 grad= -6.2326e-02
  outGain=     0.96429 grad= -6.0850e-03
  vco2Level=     0.63033 grad=  2.1584e-03
  vco2Detune=     0.78936 grad= -1.0796e+00
  satGain=     3.49697 grad= -2.7784e-01
  satBias=    -0.18349 grad= -3.6884e-01
  satA2=    -0.63529 grad=  1.2389e-01
  satA3=    -0.53976 grad=  9.6562e-02
  satA5=    -0.07181 grad= -2.2432e-02
  filtSat=     0.33089 grad=  8.6645e-02
epoch=500 loss=3.737797
  shape=     0.32667 grad= -3.6803e+00
  pw=     0.60052 grad= -7.4734e+00
  fBase=   448.09180 grad=  1.7467e-02
  fAmt=     0.56167 grad= -3.4879e-04
  fDecay=     0.19773 grad=  5.0204e-05
  res=     6.00000 grad= -1.6797e-02
  attackTime=     0.00155 grad=  1.6962e-02
  decayTime=     0.08468 grad=  2.0461e-03
  sustain=     0.00000 grad=  2.9117e+00
  releaseTime=     0.04572 grad= -2.5592e-04
  drive=     8.00000 grad= -6.1807e-02
  outGain=     0.96473 grad= -5.7698e-03
  vco2Level=     0.63034 grad= -2.8265e-02
  vco2Detune=     0.78939 grad= -2.6376e-01
  satGain=     3.49734 grad=  1.8739e-02
  satBias=    -0.18347 grad=  2.0611e-02
  satA2=    -0.63538 grad=  2.3784e-02
  satA3=    -0.53969 grad= -3.4083e-02
  satA5=    -0.07156 grad= -1.3153e-01
  filtSat=     0.33060 grad=  5.2754e-02
epoch=510 loss=3.737670
  shape=     0.32669 grad=  5.4416e-01
  pw=     0.60055 grad=  9.6043e+00
  fBase=   448.07086 grad= -1.0534e-01
  fAmt=     0.56724 grad= -5.9604e-04
  fDecay=     0.19654 grad= -6.0559e-07
  res=     6.00000 grad= -1.4008e-02
  attackTime=     0.00154 grad=  1.6949e-02
  decayTime=     0.08466 grad=  1.5061e-03
  sustain=     0.00000 grad=  3.0800e+00
  releaseTime=     0.04573 grad= -4.8051e-05
  drive=     8.00000 grad= -6.1892e-02
  outGain=     0.96510 grad= -5.6853e-03
  vco2Level=     0.63038 grad=  3.3857e-02
  vco2Detune=     0.78941 grad=  7.8529e-01
  satGain=     3.49735 grad= -3.4247e-01
  satBias=    -0.18347 grad= -4.6739e-01
  satA2=    -0.63545 grad=  2.0045e-01
  satA3=    -0.53961 grad=  5.0382e-02
  satA5=    -0.07133 grad= -4.2457e-02
  filtSat=     0.33035 grad= -7.6247e-02
epoch=520 loss=3.737439
  shape=     0.32669 grad=  2.3096e-01
  pw=     0.60054 grad=  1.3799e+00
  fBase=   448.03497 grad= -4.8496e-02
  fAmt=     0.57220 grad= -4.8431e-04
  fDecay=     0.19550 grad=  2.2506e-05
  res=     6.00000 grad= -1.5000e-02
  attackTime=     0.00153 grad=  1.6934e-02
  decayTime=     0.08465 grad=  2.4210e-03
  sustain=     0.00000 grad=  3.0433e+00
  releaseTime=     0.04574 grad=  1.4452e-05
  drive=     8.00000 grad= -6.1003e-02
  outGain=     0.96541 grad= -5.1890e-03
  vco2Level=     0.63041 grad=  2.2479e-02
  vco2Detune=     0.78939 grad=  2.1816e-01
  satGain=     3.49764 grad= -2.9825e-01
  satBias=    -0.18346 grad= -4.0956e-01
  satA2=    -0.63552 grad=  1.6708e-01
  satA3=    -0.53955 grad=  5.7319e-02
  satA5=    -0.07112 grad= -4.2402e-02
  filtSat=     0.33039 grad= -1.8586e-02
epoch=530 loss=3.737465
  shape=     0.32668 grad= -1.0725e+00
  pw=     0.60051 grad= -1.2075e+01
  fBase=   448.02429 grad=  6.8131e-02
  fAmt=     0.57679 grad= -2.1767e-04
  fDecay=     0.19457 grad=  6.2671e-05
  res=     6.00000 grad= -1.6903e-02
  attackTime=     0.00152 grad=  1.6992e-02
  decayTime=     0.08464 grad=  1.6002e-03
  sustain=     0.00000 grad=  2.8984e+00
  releaseTime=     0.04575 grad= -1.3319e-04
  drive=     8.00000 grad= -6.0929e-02
  outGain=     0.96570 grad= -5.3081e-03
  vco2Level=     0.63042 grad= -2.7491e-02
  vco2Detune=     0.78938 grad= -6.0070e-01
  satGain=     3.49803 grad=  1.3565e-01
  satBias=    -0.18345 grad=  1.8491e-01
  satA2=    -0.63559 grad= -2.7295e-02
  satA3=    -0.53949 grad= -7.0384e-02
  satA5=    -0.07094 grad= -1.7101e-01
  filtSat=     0.33042 grad=  6.3063e-02
epoch=540 loss=3.737231
  shape=     0.32668 grad= -2.6557e-01
  pw=     0.60053 grad= -6.0169e+00
  fBase=   448.01233 grad=  1.3638e-02
  fAmt=     0.58099 grad= -3.4635e-04
  fDecay=     0.19373 grad=  4.4426e-05
  res=     6.00000 grad= -1.5924e-02
  attackTime=     0.00151 grad=  1.6984e-02
  decayTime=     0.08463 grad=  2.5517e-03
  sustain=     0.00000 grad=  2.9570e+00
  releaseTime=     0.04576 grad= -9.4117e-05
  drive=     8.00000 grad= -6.0173e-02
  outGain=     0.96596 grad= -4.9309e-03
  vco2Level=     0.63044 grad=  2.1971e-04
  vco2Detune=     0.78939 grad= -1.9350e-01
  satGain=     3.49811 grad= -1.0728e-01
  satBias=    -0.18344 grad= -1.4882e-01
  satA2=    -0.63564 grad=  7.9024e-02
  satA3=    -0.53944 grad=  4.8798e-03
  satA5=    -0.07077 grad= -9.6645e-02
  filtSat=     0.33036 grad=  2.5214e-02
epoch=550 loss=3.737139
  shape=     0.32669 grad=  5.6704e-01
  pw=     0.60055 grad=  5.3532e+00
  fBase=   447.99588 grad= -4.4222e-02
  fAmt=     0.58484 grad= -4.5113e-04
  fDecay=     0.19294 grad=  1.7052e-05
  res=     6.00000 grad= -1.4773e-02
  attackTime=     0.00151 grad=  1.6951e-02
  decayTime=     0.08462 grad=  1.3686e-03
  sustain=     0.00000 grad=  2.9997e+00
  releaseTime=     0.04576 grad=  1.3687e-05
  drive=     8.00000 grad= -6.0583e-02
  outGain=     0.96618 grad= -4.6071e-03
  vco2Level=     0.63045 grad=  5.6998e-03
  vco2Detune=     0.78940 grad=  4.7582e-01
  satGain=     3.49829 grad=  2.5677e-02
  satBias=    -0.18343 grad=  3.3533e-02
  satA2=    -0.63569 grad=  4.7877e-02
  satA3=    -0.53939 grad= -7.4253e-02
  satA5=    -0.07061 grad= -1.6145e-01
  filtSat=     0.33027 grad= -4.5904e-02
epoch=560 loss=3.737012
  shape=     0.32668 grad= -1.1538e+00
  pw=     0.60054 grad=  2.5244e+00
  fBase=   448.01831 grad= -2.5092e-02
  fAmt=     0.58850 grad= -4.3516e-04
  fDecay=     0.19227 grad=  3.0081e-05
  res=     6.00000 grad= -1.5437e-02
  attackTime=     0.00150 grad=  1.6921e-02
  decayTime=     0.08461 grad=  1.9821e-03
  sustain=     0.00000 grad=  2.9193e+00
  releaseTime=     0.04577 grad= -1.1591e-04
  drive=     8.00000 grad= -5.9926e-02
  outGain=     0.96637 grad= -4.5651e-03
  vco2Level=     0.63047 grad= -9.1545e-03
  vco2Detune=     0.78936 grad=  2.2782e-01
  satGain=     3.49840 grad= -4.0518e-02
  satBias=    -0.18343 grad= -5.4682e-02
  satA2=    -0.63574 grad=  6.2287e-02
  satA3=    -0.53934 grad= -3.5264e-02
  satA5=    -0.07047 grad= -1.2535e-01
  filtSat=     0.33036 grad= -1.3127e-02
epoch=570 loss=3.736924
  shape=     0.32669 grad=  6.7633e-02
  pw=     0.60055 grad=  1.4565e+00
  fBase=   448.03604 grad=  3.4011e-03
  fAmt=     0.59193 grad= -3.5862e-04
  fDecay=     0.19164 grad=  3.6332e-05
  res=     6.00000 grad= -1.5538e-02
  attackTime=     0.00150 grad=  1.6919e-02
  decayTime=     0.08460 grad=  1.7501e-03
  sustain=     0.00000 grad=  2.9475e+00
  releaseTime=     0.04577 grad= -5.7830e-05
  drive=     8.00000 grad= -6.0023e-02
  outGain=     0.96653 grad= -4.5546e-03
  vco2Level=     0.63051 grad= -2.0030e-02
  vco2Detune=     0.78934 grad=  2.9947e-02
  satGain=     3.49857 grad=  7.8892e-02
  satBias=    -0.18342 grad=  1.1423e-01
  satA2=    -0.63578 grad=  1.3018e-02
  satA3=    -0.53930 grad= -7.7514e-02
  satA5=    -0.07034 grad= -1.6703e-01
  filtSat=     0.33052 grad= -1.3197e-02
epoch=580 loss=3.736847
  shape=     0.32669 grad=  7.2675e-02
  pw=     0.60055 grad=  1.4663e+00
  fBase=   448.02728 grad= -1.4751e-03
  fAmt=     0.59512 grad= -3.7611e-04
  fDecay=     0.19102 grad=  3.6000e-05
  res=     6.00000 grad= -1.5532e-02
  attackTime=     0.00149 grad=  1.6910e-02
  decayTime=     0.08459 grad=  1.6787e-03
  sustain=     0.00000 grad=  2.9561e+00
  releaseTime=     0.04578 grad= -6.2715e-05
  drive=     8.00000 grad= -6.0102e-02
  outGain=     0.96668 grad= -4.6256e-03
  vco2Level=     0.63056 grad= -9.2079e-03
  vco2Detune=     0.78934 grad=  7.1483e-02
  satGain=     3.49870 grad=  5.5438e-02
  satBias=    -0.18342 grad=  7.8106e-02
  satA2=    -0.63582 grad=  2.2758e-02
  satA3=    -0.53926 grad= -6.8572e-02
  satA5=    -0.07022 grad= -1.5805e-01
  filtSat=     0.33062 grad= -8.0473e-03
epoch=590 loss=3.736770
  shape=     0.32669 grad= -9.9114e-02
  pw=     0.60054 grad= -1.0054e+00
  fBase=   448.01276 grad= -3.7735e-04
  fAmt=     0.59821 grad= -3.8380e-04
  fDecay=     0.19042 grad=  3.9167e-05
  res=     6.00000 grad= -1.5631e-02
  attackTime=     0.00149 grad=  1.6795e-02
  decayTime=     0.08458 grad=  1.5781e-03
  sustain=     0.00000 grad=  2.8977e+00
  releaseTime=     0.04578 grad= -1.4007e-04
  drive=     8.00000 grad= -5.9547e-02
  outGain=     0.96683 grad= -4.3952e-03
  vco2Level=     0.63059 grad=  5.2610e-03
  vco2Detune=     0.78935 grad= -7.7621e-02
  satGain=     3.49882 grad= -8.3877e-02
  satBias=    -0.18342 grad= -1.1441e-01
  satA2=    -0.63586 grad=  7.3206e-02
  satA3=    -0.53923 grad= -1.0061e-02
  satA5=    -0.07010 grad= -1.0522e-01
  filtSat=     0.33066 grad=  8.6238e-03
epoch=599 loss=3.736701
  shape=     0.32669 grad= -2.5947e-01
  pw=     0.60054 grad=  5.4492e-01
  fBase=   448.00613 grad= -2.1034e-03
  fAmt=     0.60099 grad= -3.8597e-04
  fDecay=     0.18988 grad=  3.7916e-05
  res=     6.00000 grad= -1.5634e-02
  attackTime=     0.00148 grad=  1.6836e-02
  decayTime=     0.08458 grad=  9.7855e-04
  sustain=     0.00000 grad=  2.8982e+00
  releaseTime=     0.04579 grad= -1.3356e-04
  drive=     8.00000 grad= -6.0107e-02
  outGain=     0.96697 grad= -4.8551e-03
  vco2Level=     0.63060 grad= -2.9479e-03
  vco2Detune=     0.78935 grad=  5.4436e-02
  satGain=     3.49896 grad=  5.5203e-03
  satBias=    -0.18341 grad=  8.6434e-03
  satA2=    -0.63590 grad=  4.0143e-02
  satA3=    -0.53920 grad= -4.6934e-02
  satA5=    -0.07000 grad= -1.3722e-01
  filtSat=     0.33065 grad=  1.6293e-03
