epoch=0 loss=4.249685
  shape=     0.29909 grad= -1.0191e+00
  pw=     0.64175 grad=  6.1448e+01
  fBase=    45.74569 grad=  2.1497e-01
  fAmt=  1560.68530 grad=  5.7865e-01
  fDecay=     0.12230 grad=  1.0567e+00
  res=     2.73227 grad= -2.2975e-02
  attackTime=     0.00497 grad=  3.1514e-02
  decayTime=     0.10167 grad=  8.1861e-03
  sustain=     0.90419 grad=  3.9890e-01
  releaseTime=     0.07492 grad= -1.4468e-02
  drive=     0.88568 grad=  3.9869e-01
  outGain=     1.99264 grad=  4.9902e-01
  vco2Level=     0.54884 grad= -1.3056e-01
  vco2Detune=     0.91992 grad=  1.3158e+00
  satGain=     2.71935 grad=  7.1687e-01
  satBias=     0.12556 grad= -7.2500e-02
  satA2=     0.93863 grad=  3.7699e-01
  satA3=    -0.16874 grad=  1.9744e-01
  satA5=     0.07750 grad=  3.5270e-01
  filtSat=     1.84665 grad= -4.7372e-02
epoch=10 loss=4.098575
  shape=     0.30895 grad=  6.8886e-02
  pw=     0.63977 grad= -2.5335e+01
  fBase=    41.85505 grad=  4.8669e-04
  fAmt=  1444.73267 grad= -1.8780e-01
  fDecay=     0.11290 grad= -3.0074e-01
  res=     3.01899 grad= -2.1053e-02
  attackTime=     0.00449 grad=  3.6144e-02
  decayTime=     0.09445 grad= -4.5898e-03
  sustain=     0.87993 grad= -1.1046e-01
  releaseTime=     0.07471 grad=  4.1156e-02
  drive=     0.82129 grad= -1.6138e-01
  outGain=     1.94538 grad= -1.3834e-01
  vco2Level=     0.57090 grad= -6.1310e-02
  vco2Detune=     0.92001 grad=  3.8024e-01
  satGain=     2.48600 grad=  4.6251e-02
  satBias=     0.13552 grad= -4.5430e-01
  satA2=     0.92923 grad=  1.0687e-01
  satA3=    -0.17770 grad=  6.9315e-03
  satA5=     0.06827 grad=  7.1962e-02
  filtSat=     1.92550 grad=  1.5358e-02
epoch=20 loss=4.089478
  shape=     0.31628 grad= -2.0194e-01
  pw=     0.64016 grad=  1.5551e+01
  fBase=    40.35568 grad=  2.5700e-02
  fAmt=  1478.22485 grad= -1.0595e-01
  fDecay=     0.11462 grad= -1.2344e-01
  res=     3.33082 grad= -1.9640e-02
  attackTime=     0.00406 grad=  3.4808e-02
  decayTime=     0.09883 grad= -2.6740e-03
  sustain=     0.88343 grad= -4.4298e-02
  releaseTime=     0.06754 grad=  3.2480e-02
  drive=     0.84831 grad= -9.4599e-02
  outGain=     1.95310 grad= -6.2648e-02
  vco2Level=     0.59498 grad= -1.2374e-01
  vco2Detune=     0.91930 grad= -2.0557e-01
  satGain=     2.38372 grad=  5.8751e-02
  satBias=     0.14606 grad= -3.0195e-01
  satA2=     0.92240 grad=  8.9691e-02
  satA3=    -0.18177 grad=  5.6095e-02
  satA5=     0.06235 grad=  1.2109e-01
  filtSat=     1.90314 grad=  8.7781e-03
epoch=30 loss=4.044451
  shape=     0.32068 grad=  3.7622e-02
  pw=     0.63812 grad= -3.6959e+01
  fBase=    38.78765 grad=  6.1296e-02
  fAmt=  1527.51831 grad=  7.3611e-02
  fDecay=     0.11699 grad=  1.8371e-01
  res=     3.66805 grad= -1.9029e-02
  attackTime=     0.00366 grad=  4.0248e-02
  decayTime=     0.10414 grad=  8.9046e-04
  sustain=     0.88911 grad=  6.6088e-02
  releaseTime=     0.06125 grad=  2.2876e-02
  drive=     0.88733 grad=  2.6246e-02
  outGain=     1.96675 grad=  7.0547e-02
  vco2Level=     0.62350 grad= -8.1162e-02
  vco2Detune=     0.92107 grad= -1.3464e+00
  satGain=     2.30790 grad=  1.3442e-01
  satBias=     0.15516 grad= -1.4625e-01
  satA2=     0.91624 grad=  1.0659e-01
  satA3=    -0.18754 grad=  9.8549e-02
  satA5=     0.05585 grad=  1.4532e-01
  filtSat=     1.86512 grad= -4.1169e-03
epoch=40 loss=4.018836
  shape=     0.32225 grad= -1.1167e+00
  pw=     0.63821 grad=  6.9614e+00
  fBase=    36.41400 grad=  2.8169e-02
  fAmt=  1524.51843 grad= -3.3777e-02
  fDecay=     0.11515 grad= -3.9531e-02
  res=     4.02398 grad= -1.7910e-02
  attackTime=     0.00340 grad=  3.9681e-02
  decayTime=     0.10628 grad= -1.2783e-03
  sustain=     0.88521 grad= -1.5988e-02
  releaseTime=     0.05605 grad=  2.9403e-02
  drive=     0.90235 grad= -6.1395e-02
  outGain=     1.96231 grad= -2.8278e-02
  vco2Level=     0.65010 grad= -6.5239e-02
  vco2Detune=     0.92788 grad= -1.5773e-02
  satGain=     2.21724 grad=  2.7423e-02
  satBias=     0.16166 grad= -1.8534e-01
  satA2=     0.91024 grad=  5.7278e-02
  satA3=    -0.19582 grad=  5.2928e-02
  satA5=     0.04837 grad=  7.4729e-02
  filtSat=     1.85065 grad=  7.0195e-03
epoch=50 loss=4.016624
  shape=     0.32611 grad= -8.5000e-01
  pw=     0.63791 grad= -7.7694e+01
  fBase=    34.62961 grad=  2.4938e-02
  fAmt=  1531.13403 grad=  1.6227e-02
  fDecay=     0.11517 grad= -8.2253e-03
  res=     4.39949 grad= -1.6544e-02
  attackTime=     0.00328 grad=  4.1273e-02
  decayTime=     0.11009 grad= -8.9759e-04
  sustain=     0.88619 grad= -9.5823e-03
  releaseTime=     0.05105 grad=  2.8852e-02
  drive=     0.93269 grad= -4.7287e-02
  outGain=     1.96660 grad= -1.1199e-02
  vco2Level=     0.67699 grad= -6.7438e-02
  vco2Detune=     0.92958 grad=  5.5307e-02
  satGain=     2.16655 grad=  3.6859e-02
  satBias=     0.16761 grad= -1.2566e-01
  satA2=     0.90563 grad=  5.4062e-02
  satA3=    -0.20315 grad=  7.6684e-02
  satA5=     0.04208 grad=  1.3888e-01
  filtSat=     1.81023 grad=  1.2100e-02
epoch=60 loss=3.988889
  shape=     0.32743 grad= -3.1609e-01
  pw=     0.63822 grad=  1.6537e+01
  fBase=    33.09232 grad=  2.4609e-02
  fAmt=  1524.44348 grad=  8.4838e-03
  fDecay=     0.11542 grad= -4.1642e-03
  res=     4.80274 grad= -1.5735e-02
  attackTime=     0.00309 grad=  4.0477e-02
  decayTime=     0.11326 grad= -3.3252e-04
  sustain=     0.88794 grad=  1.0312e-03
  releaseTime=     0.04643 grad=  2.8808e-02
  drive=     0.96915 grad= -3.6622e-02
  outGain=     1.97158 grad=  3.0455e-03
  vco2Level=     0.70500 grad= -3.1103e-02
  vco2Detune=     0.92733 grad= -6.1322e-02
  satGain=     2.12146 grad=  2.4865e-02
  satBias=     0.17375 grad= -1.5706e-01
  satA2=     0.90090 grad=  5.4889e-02
  satA3=    -0.21110 grad=  6.2066e-02
  satA5=     0.03535 grad=  7.6324e-02
  filtSat=     1.75802 grad=  9.1111e-05
epoch=70 loss=3.988879
  shape=     0.32801 grad= -4.4594e-01
  pw=     0.63791 grad= -7.4733e+01
  fBase=    31.65004 grad=  1.8675e-02
  fAmt=  1515.60095 grad=  3.7158e-02
  fDecay=     0.11542 grad=  6.3776e-03
  res=     5.22742 grad= -1.3954e-02
  attackTime=     0.00290 grad=  3.7997e-02
  decayTime=     0.11531 grad= -6.9858e-05
  sustain=     0.88835 grad=  3.2255e-03
  releaseTime=     0.04224 grad=  2.9253e-02
  drive=     1.00350 grad= -2.7830e-02
  outGain=     1.97215 grad=  1.1497e-02
  vco2Level=     0.71947 grad=  4.4403e-02
  vco2Detune=     0.92773 grad=  2.1937e-01
  satGain=     2.08464 grad=  2.4697e-02
  satBias=     0.17994 grad= -1.3032e-01
  satA2=     0.89617 grad=  5.4832e-02
  satA3=    -0.21946 grad=  8.2758e-02
  satA5=     0.02877 grad=  1.3213e-01
  filtSat=     1.73467 grad=  6.0761e-04
epoch=80 loss=3.969161
  shape=     0.32789 grad= -9.7365e-02
  pw=     0.63805 grad= -4.1554e+01
  fBase=    30.31877 grad=  1.9071e-02
  fAmt=  1499.10669 grad=  9.6983e-03
  fDecay=     0.11521 grad= -1.4123e-02
  res=     5.65829 grad= -1.4292e-02
  attackTime=     0.00271 grad=  3.7675e-02
  decayTime=     0.11669 grad= -3.4888e-04
  sustain=     0.88859 grad= -9.2502e-03
  releaseTime=     0.03842 grad=  2.9926e-02
  drive=     1.03629 grad= -4.1647e-02
  outGain=     1.96998 grad= -2.9280e-03
  vco2Level=     0.71646 grad=  4.4829e-04
  vco2Detune=     0.92639 grad=  6.4634e-02
  satGain=     2.05830 grad=  1.8207e-02
  satBias=     0.18581 grad= -1.5504e-01
  satA2=     0.89169 grad=  5.5387e-02
  satA3=    -0.22808 grad=  7.1775e-02
  satA5=     0.02189 grad=  1.0110e-01
  filtSat=     1.72871 grad=  3.2058e-03
epoch=90 loss=3.957272
  shape=     0.32900 grad=  8.8427e-01
  pw=     0.63819 grad=  1.2440e+01
  fBase=    30.00000 grad=  2.0925e-02
  fAmt=  1483.81970 grad=  2.7595e-02
  fDecay=     0.11528 grad=  1.3328e-02
  res=     6.00000 grad= -1.2423e-02
  attackTime=     0.00253 grad=  3.5403e-02
  decayTime=     0.11813 grad= -6.5233e-05
  sustain=     0.89005 grad=  2.3722e-03
  releaseTime=     0.03492 grad=  3.0484e-02
  drive=     1.07299 grad= -2.4940e-02
  outGain=     1.96802 grad=  1.6687e-02
  vco2Level=     0.71250 grad=  5.8850e-03
  vco2Detune=     0.92672 grad=  4.5317e-02
  satGain=     2.04193 grad=  3.5571e-03
  satBias=     0.19148 grad= -1.2523e-01
  satA2=     0.88747 grad=  4.2038e-02
  satA3=    -0.23644 grad=  6.1806e-02
  satA5=     0.01521 grad=  7.4881e-02
  filtSat=     1.71666 grad= -4.7267e-03
epoch=100 loss=3.952972
  shape=     0.32885 grad= -9.3725e-01
  pw=     0.63831 grad=  6.1379e+01
  fBase=    30.00000 grad=  2.1275e-02
  fAmt=  1459.36035 grad= -1.7501e-03
  fDecay=     0.11488 grad=  3.7775e-03
  res=     6.00000 grad= -1.3056e-02
  attackTime=     0.00236 grad=  3.3826e-02
  decayTime=     0.11929 grad= -5.6377e-04
  sustain=     0.89077 grad= -7.7434e-03
  releaseTime=     0.03173 grad=  3.0544e-02
  drive=     1.10693 grad= -4.1278e-02
  outGain=     1.96263 grad=  4.4430e-03
  vco2Level=     0.71009 grad=  1.6426e-02
  vco2Detune=     0.92749 grad= -4.2121e-01
  satGain=     2.03291 grad= -4.0479e-03
  satBias=     0.19670 grad= -1.1500e-01
  satA2=     0.88348 grad=  3.5707e-02
  satA3=    -0.24484 grad=  5.5258e-02
  satA5=     0.00829 grad=  6.1538e-02
  filtSat=     1.71459 grad=  4.7128e-03
epoch=110 loss=3.941251
  shape=     0.33062 grad=  1.5224e+00
  pw=     0.63826 grad=  3.7621e+01
  fBase=    30.00000 grad=  2.3465e-02
  fAmt=  1437.14465 grad=  4.0480e-02
  fDecay=     0.11439 grad= -5.1415e-03
  res=     6.00000 grad= -1.2485e-02
  attackTime=     0.00222 grad=  3.1725e-02
  decayTime=     0.12124 grad= -6.1464e-04
  sustain=     0.89233 grad= -9.5138e-03
  releaseTime=     0.02883 grad=  3.1104e-02
  drive=     1.14465 grad= -3.9243e-02
  outGain=     1.95718 grad=  4.4141e-03
  vco2Level=     0.71398 grad= -1.6473e-02
  vco2Detune=     0.92914 grad=  2.3298e-01
  satGain=     2.03364 grad= -2.6285e-03
  satBias=     0.20154 grad= -1.2206e-01
  satA2=     0.87983 grad=  3.8242e-02
  satA3=    -0.25300 grad=  5.5148e-02
  satA5=     0.00143 grad=  6.5412e-02
  filtSat=     1.69734 grad=  3.4748e-03
epoch=120 loss=3.929879
  shape=     0.33080 grad=  8.4389e-03
  pw=     0.63820 grad=  1.9169e+01
  fBase=    30.00000 grad=  2.2502e-02
  fAmt=  1398.19031 grad=  3.9371e-02
  fDecay=     0.11441 grad= -9.3979e-03
  res=     6.00000 grad= -1.2125e-02
  attackTime=     0.00208 grad=  3.1255e-02
  decayTime=     0.12397 grad= -7.9176e-04
  sustain=     0.89489 grad= -9.5423e-03
  releaseTime=     0.02626 grad=  2.9159e-02
  drive=     1.18777 grad= -3.9700e-02
  outGain=     1.95295 grad=  1.9685e-03
  vco2Level=     0.71992 grad=  2.6946e-02
  vco2Detune=     0.92775 grad=  3.0810e-01
  satGain=     2.03373 grad= -6.8973e-03
  satBias=     0.20666 grad= -1.1324e-01
  satA2=     0.87591 grad=  3.5500e-02
  satA3=    -0.26104 grad=  5.4816e-02
  satA5=    -0.00535 grad=  6.6367e-02
  filtSat=     1.66276 grad=  5.0156e-03
epoch=130 loss=3.921084
  shape=     0.33120 grad= -3.7818e-01
  pw=     0.63818 grad=  2.1249e+01
  fBase=    30.00000 grad=  2.3421e-02
  fAmt=  1357.02869 grad= -1.0433e-02
  fDecay=     0.11453 grad=  1.1033e-03
  res=     6.00000 grad= -1.2694e-02
  attackTime=     0.00196 grad=  3.1844e-02
  decayTime=     0.12782 grad= -8.2536e-04
  sustain=     0.89807 grad= -4.8471e-03
  releaseTime=     0.02402 grad=  2.6700e-02
  drive=     1.23706 grad= -3.9162e-02
  outGain=     1.95028 grad=  5.6177e-03
  vco2Level=     0.71953 grad=  5.9463e-02
  vco2Detune=     0.92661 grad= -1.6427e-01
  satGain=     2.03998 grad= -1.7359e-02
  satBias=     0.21188 grad= -1.3844e-01
  satA2=     0.87201 grad=  3.7201e-02
  satA3=    -0.26896 grad=  5.8801e-02
  satA5=    -0.01208 grad=  7.2509e-02
  filtSat=     1.61613 grad= -2.9979e-03
epoch=140 loss=3.912619
  shape=     0.33177 grad= -3.7886e-01
  pw=     0.63812 grad=  1.4414e+00
  fBase=    30.00000 grad=  2.4681e-02
  fAmt=  1339.09680 grad=  6.8949e-04
  fDecay=     0.11420 grad=  1.4062e-02
  res=     6.00000 grad= -1.2652e-02
  attackTime=     0.00184 grad=  3.2131e-02
  decayTime=     0.13203 grad= -4.5493e-04
  sustain=     0.89989 grad=  5.9243e-03
  releaseTime=     0.02214 grad=  2.1638e-02
  drive=     1.28751 grad= -2.6376e-02
  outGain=     1.94516 grad=  2.3016e-02
  vco2Level=     0.70852 grad= -1.3759e-02
  vco2Detune=     0.92709 grad= -1.2415e-01
  satGain=     2.05459 grad= -1.3757e-02
  satBias=     0.21767 grad= -1.3196e-01
  satA2=     0.86783 grad=  4.5199e-02
  satA3=    -0.27728 grad=  7.4435e-02
  satA5=    -0.01926 grad=  1.0117e-01
  filtSat=     1.60136 grad= -3.9066e-03
epoch=150 loss=3.905421
  shape=     0.33281 grad= -5.3644e-01
  pw=     0.63817 grad=  2.2684e+01
  fBase=    30.00000 grad=  2.2354e-02
  fAmt=  1331.27722 grad= -4.8091e-02
  fDecay=     0.11329 grad= -4.9864e-03
  res=     6.00000 grad= -1.2696e-02
  attackTime=     0.00173 grad=  3.1672e-02
  decayTime=     0.13571 grad= -7.3137e-04
  sustain=     0.89955 grad= -1.2222e-03
  releaseTime=     0.02066 grad=  1.5784e-02
  drive=     1.33403 grad= -3.7876e-02
  outGain=     1.93455 grad=  1.8550e-02
  vco2Level=     0.70353 grad=  8.8748e-02
  vco2Detune=     0.92892 grad=  8.0883e-01
  satGain=     2.07286 grad= -2.2442e-02
  satBias=     0.22380 grad= -1.7704e-01
  satA2=     0.86317 grad=  5.2503e-02
  satA3=    -0.28631 grad=  8.0682e-02
  satA5=    -0.02726 grad=  1.0829e-01
  filtSat=     1.60938 grad= -7.1489e-03
epoch=160 loss=3.900281
  shape=     0.33268 grad=  1.0698e+00
  pw=     0.63795 grad= -4.3409e+01
  fBase=    30.00000 grad=  2.3333e-02
  fAmt=  1328.55591 grad=  5.2954e-02
  fDecay=     0.11244 grad=  1.5309e-02
  res=     6.00000 grad= -1.2977e-02
  attackTime=     0.00163 grad=  3.3962e-02
  decayTime=     0.13956 grad= -4.0375e-04
  sustain=     0.89913 grad=  3.8322e-03
  releaseTime=     0.01956 grad=  9.7827e-03
  drive=     1.38425 grad= -2.8867e-02
  outGain=     1.92150 grad=  3.1168e-02
  vco2Level=     0.70182 grad= -3.1825e-02
  vco2Detune=     0.92914 grad=  2.5715e-01
  satGain=     2.09768 grad= -1.7241e-02
  satBias=     0.23042 grad= -1.5286e-01
  satA2=     0.85796 grad=  6.7732e-02
  satA3=    -0.29603 grad=  1.1024e-01
  satA5=    -0.03622 grad=  1.7796e-01
  filtSat=     1.61554 grad=  5.7821e-03
epoch=170 loss=3.888159
  shape=     0.33345 grad=  4.9233e-01
  pw=     0.63817 grad=  1.2164e+01
  fBase=    30.00000 grad=  2.4560e-02
  fAmt=  1330.92090 grad=  9.7176e-03
  fDecay=     0.11156 grad=  5.7259e-02
  res=     6.00000 grad= -1.3645e-02
  attackTime=     0.00153 grad=  3.3542e-02
  decayTime=     0.14273 grad= -2.4449e-04
  sustain=     0.89767 grad=  6.9298e-03
  releaseTime=     0.01882 grad=  5.1132e-03
  drive=     1.43576 grad= -3.1880e-02
  outGain=     1.90321 grad=  4.1965e-02
  vco2Level=     0.70647 grad= -8.3376e-03
  vco2Detune=     0.92785 grad= -4.2120e-01
  satGain=     2.12992 grad= -2.1147e-02
  satBias=     0.23768 grad= -1.7060e-01
  satA2=     0.85189 grad=  7.2051e-02
  satA3=    -0.30677 grad=  1.1295e-01
  satA5=    -0.04644 grad=  1.6735e-01
  filtSat=     1.62089 grad=  5.6739e-03
epoch=180 loss=3.877893
  shape=     0.33291 grad=  3.3172e-01
  pw=     0.63812 grad= -8.3339e+00
  fBase=    30.00000 grad=  2.4801e-02
  fAmt=  1334.82678 grad=  7.6972e-02
  fDecay=     0.11043 grad=  6.2888e-02
  res=     6.00000 grad= -1.4054e-02
  attackTime=     0.00144 grad=  3.3520e-02
  decayTime=     0.14545 grad= -1.2195e-04
  sustain=     0.89599 grad=  8.6047e-03
  releaseTime=     0.01838 grad=  2.4943e-03
  drive=     1.49169 grad= -2.8901e-02
  outGain=     1.88113 grad=  4.9356e-02
  vco2Level=     0.70620 grad= -1.1120e-01
  vco2Detune=     0.92789 grad= -9.8616e-01
  satGain=     2.17325 grad= -2.3885e-02
  satBias=     0.24539 grad= -1.4984e-01
  satA2=     0.84513 grad=  8.0820e-02
  satA3=    -0.31815 grad=  1.2931e-01
  satA5=    -0.05755 grad=  2.0840e-01
  filtSat=     1.60885 grad=  1.8768e-02
epoch=190 loss=3.865680
  shape=     0.33309 grad= -1.1464e-01
  pw=     0.63820 grad=  2.1769e+01
  fBase=    30.00000 grad=  2.0998e-02
  fAmt=  1326.29004 grad=  1.2056e-02
  fDecay=     0.10966 grad=  2.8836e-02
  res=     6.00000 grad= -1.3453e-02
  attackTime=     0.00135 grad=  3.2294e-02
  decayTime=     0.14763 grad= -2.2485e-04
  sustain=     0.89369 grad=  9.0322e-03
  releaseTime=     0.01813 grad=  2.5851e-03
  drive=     1.55029 grad= -3.4433e-02
  outGain=     1.85500 grad=  5.2006e-02
  vco2Level=     0.70976 grad= -4.2335e-02
  vco2Detune=     0.92738 grad= -3.4437e-01
  satGain=     2.23597 grad= -6.3821e-02
  satBias=     0.25337 grad= -1.9721e-01
  satA2=     0.83778 grad=  8.1266e-02
  satA3=    -0.33004 grad=  1.3985e-01
  satA5=    -0.06963 grad=  2.3196e-01
  filtSat=     1.57575 grad=  6.0175e-03
epoch=200 loss=3.850052
  shape=     0.33293 grad= -1.4051e+00
  pw=     0.63807 grad= -1.8348e+01
  fBase=    30.00000 grad=  2.5605e-02
  fAmt=  1311.01245 grad=  6.9618e-02
  fDecay=     0.10874 grad=  1.5817e-02
  res=     6.00000 grad= -1.3943e-02
  attackTime=     0.00127 grad=  3.2209e-02
  decayTime=     0.14999 grad= -3.2086e-04
  sustain=     0.89123 grad=  8.4032e-03
  releaseTime=     0.01795 grad=  3.1031e-03
  drive=     1.61366 grad= -3.1091e-02
  outGain=     1.82703 grad=  5.3350e-02
  vco2Level=     0.70324 grad= -4.7361e-02
  vco2Detune=     0.92740 grad=  5.6562e-02
  satGain=     2.33197 grad= -7.6124e-02
  satBias=     0.26149 grad= -1.8707e-01
  satA2=     0.83011 grad=  9.2127e-02
  satA3=    -0.34222 grad=  1.5699e-01
  satA5=    -0.08243 grad=  2.7936e-01
  filtSat=     1.52082 grad=  1.9155e-02
epoch=210 loss=3.828452
  shape=     0.33310 grad= -9.9951e-03
  pw=     0.63808 grad=  2.3982e-01
  fBase=    30.00000 grad=  2.9081e-02
  fAmt=  1287.09619 grad= -6.7404e-03
  fDecay=     0.10765 grad=  5.3877e-02
  res=     6.00000 grad= -1.3959e-02
  attackTime=     0.00120 grad=  3.2155e-02
  decayTime=     0.15319 grad= -1.1377e-03
  sustain=     0.88892 grad= -2.3241e-03
  releaseTime=     0.01777 grad=  4.0789e-03
  drive=     1.68175 grad= -5.1438e-02
  outGain=     1.79919 grad=  3.5490e-02
  vco2Level=     0.70135 grad=  3.3581e-02
  vco2Detune=     0.92882 grad= -1.1557e+00
  satGain=     2.46630 grad= -1.0946e-01
  satBias=     0.26968 grad= -2.1437e-01
  satA2=     0.82204 grad=  8.9518e-02
  satA3=    -0.35455 grad=  1.5899e-01
  satA5=    -0.09581 grad=  2.8874e-01
  filtSat=     1.42833 grad=  2.3778e-02
epoch=220 loss=3.807927
  shape=     0.33326 grad= -2.6069e+00
  pw=     0.63815 grad=  4.9906e+01
  fBase=    30.00000 grad=  2.0629e-02
  fAmt=  1282.88110 grad= -1.2617e-01
  fDecay=     0.10645 grad= -6.1065e-02
  res=     6.00000 grad= -1.0911e-02
  attackTime=     0.00113 grad=  2.9732e-02
  decayTime=     0.15948 grad= -1.3261e-03
  sustain=     0.88839 grad=  6.4485e-04
  releaseTime=     0.01756 grad=  6.2991e-03
  drive=     1.76446 grad= -5.2549e-02
  outGain=     1.77469 grad=  4.2782e-02
  vco2Level=     0.68387 grad=  4.2788e-01
  vco2Detune=     0.93121 grad=  1.5943e+00
  satGain=     2.64937 grad= -8.4161e-02
  satBias=     0.27830 grad= -2.6382e-01
  satA2=     0.81394 grad=  5.9907e-02
  satA3=    -0.36652 grad=  9.8968e-02
  satA5=    -0.10883 grad=  1.2421e-01
  filtSat=     1.33084 grad= -2.0421e-02
epoch=230 loss=3.799634
  shape=     0.33547 grad=  1.3057e+00
  pw=     0.63798 grad= -2.7615e+00
  fBase=    30.00000 grad=  1.7134e-02
  fAmt=  1255.51697 grad= -7.6352e-02
  fDecay=     0.10591 grad= -1.0449e-01
  res=     6.00000 grad= -1.1060e-02
  attackTime=     0.00107 grad=  2.6774e-02
  decayTime=     0.16785 grad= -1.7904e-03
  sustain=     0.88806 grad= -7.8960e-03
  releaseTime=     0.01727 grad=  6.7065e-03
  drive=     1.85096 grad= -5.4558e-02
  outGain=     1.74917 grad=  3.8191e-02
  vco2Level=     0.67927 grad=  7.0486e-02
  vco2Detune=     0.93044 grad= -1.0802e-02
  satGain=     2.72874 grad=  1.2315e-01
  satBias=     0.28470 grad= -5.8139e-02
  satA2=     0.80810 grad= -2.7097e-02
  satA3=    -0.37433 grad= -5.5193e-02
  satA5=    -0.11476 grad= -3.3566e-01
  filtSat=     1.23389 grad= -1.0010e-02
epoch=240 loss=3.795074
  shape=     0.33611 grad=  3.4864e+00
  pw=     0.63801 grad= -2.8442e+01
  fBase=    30.00000 grad=  5.6324e-02
  fAmt=  1273.21362 grad=  2.3619e-01
  fDecay=     0.10745 grad=  1.8305e-01
  res=     6.00000 grad= -1.1020e-02
  attackTime=     0.00102 grad=  2.3778e-02
  decayTime=     0.17678 grad=  9.8631e-04
  sustain=     0.88689 grad=  4.5843e-02
  releaseTime=     0.01695 grad=  4.4526e-03
  drive=     1.93015 grad=  3.5965e-02
  outGain=     1.72081 grad=  1.3096e-01
  vco2Level=     0.67254 grad= -1.2085e-01
  vco2Detune=     0.92994 grad= -1.6500e+00
  satGain=     2.65071 grad=  2.1088e-02
  satBias=     0.28863 grad= -5.5021e-02
  satA2=     0.80622 grad=  7.2900e-02
  satA3=    -0.37639 grad=  1.0867e-01
  satA5=    -0.11073 grad=  8.3010e-02
  filtSat=     1.22309 grad=  2.3735e-02
epoch=250 loss=3.788783
  shape=     0.33594 grad=  9.6311e-01
  pw=     0.63808 grad= -2.4122e+00
  fBase=    30.00000 grad=  2.6703e-02
  fAmt=  1280.07227 grad=  4.8247e-02
  fDecay=     0.10636 grad= -2.0983e-02
  res=     6.00000 grad= -1.1108e-02
  attackTime=     0.00100 grad=  2.3416e-02
  decayTime=     0.17913 grad= -1.1515e-03
  sustain=     0.87830 grad=  2.8084e-03
  releaseTime=     0.01669 grad= -2.0374e-03
  drive=     1.94961 grad= -2.5346e-02
  outGain=     1.67821 grad=  6.6364e-02
  vco2Level=     0.67896 grad=  2.0436e-01
  vco2Detune=     0.93086 grad=  2.1127e-01
  satGain=     2.63610 grad= -1.7092e-02
  satBias=     0.29311 grad= -1.2059e-01
  satA2=     0.80280 grad=  3.7432e-02
  satA3=    -0.38097 grad=  6.7261e-02
  satA5=    -0.10995 grad=  1.5726e-02
  filtSat=     1.26362 grad=  8.0993e-04
epoch=260 loss=3.786559
  shape=     0.33587 grad=  3.7944e-01
  pw=     0.63811 grad=  2.8894e+01
  fBase=    30.00000 grad=  1.9412e-02
  fAmt=  1268.83435 grad= -7.8485e-02
  fDecay=     0.10679 grad= -8.5855e-02
  res=     6.00000 grad= -1.0918e-02
  attackTime=     0.00100 grad=  2.3574e-02
  decayTime=     0.18543 grad= -1.6902e-03
  sustain=     0.87405 grad= -4.7081e-03
  releaseTime=     0.01665 grad= -2.6618e-03
  drive=     1.98875 grad= -4.2346e-02
  outGain=     1.64407 grad=  4.6798e-02
  vco2Level=     0.67779 grad=  7.2698e-02
  vco2Detune=     0.93138 grad=  1.1886e+00
  satGain=     2.63622 grad= -1.2845e-02
  satBias=     0.29684 grad= -1.3356e-01
  satA2=     0.80016 grad=  9.7203e-03
  satA3=    -0.38488 grad=  3.0810e-02
  satA5=    -0.10914 grad= -7.7767e-02
  filtSat=     1.27709 grad= -2.2053e-02
epoch=270 loss=3.783258
  shape=     0.33573 grad= -1.0988e+00
  pw=     0.63803 grad= -1.0448e+01
  fBase=    30.00000 grad=  3.7280e-02
  fAmt=  1256.23853 grad=  4.9448e-02
  fDecay=     0.10784 grad=  4.4389e-02
  res=     6.00000 grad= -1.1377e-02
  attackTime=     0.00100 grad=  2.2892e-02
  decayTime=     0.19456 grad= -7.7153e-04
  sustain=     0.87238 grad=  1.2754e-02
  releaseTime=     0.01672 grad= -9.3138e-04
  drive=     2.04556 grad= -1.7457e-02
  outGain=     1.61684 grad=  7.1076e-02
  vco2Level=     0.67862 grad=  9.3746e-02
  vco2Detune=     0.93095 grad= -5.9771e-01
  satGain=     2.63138 grad=  8.6576e-03
  satBias=     0.29981 grad= -5.3003e-02
  satA2=     0.79840 grad=  2.1332e-02
  satA3=    -0.38781 grad=  4.5414e-02
  satA5=    -0.10752 grad= -3.5941e-02
  filtSat=     1.27218 grad=  1.0182e-02
epoch=280 loss=3.781347
  shape=     0.33630 grad= -5.0537e-01
  pw=     0.63809 grad=  1.4121e+01
  fBase=    30.00000 grad=  3.3807e-02
  fAmt=  1255.06104 grad= -1.5182e-02
  fDecay=     0.10795 grad= -1.7829e-02
  res=     6.00000 grad= -1.0035e-02
  attackTime=     0.00100 grad=  2.3788e-02
  decayTime=     0.20242 grad= -8.0102e-04
  sustain=     0.86914 grad=  1.2454e-02
  releaseTime=     0.01676 grad=  3.2841e-04
  drive=     2.09437 grad= -1.7766e-02
  outGain=     1.58979 grad=  7.2512e-02
  vco2Level=     0.67645 grad= -2.7761e-03
  vco2Detune=     0.93122 grad=  4.5885e-01
  satGain=     2.63152 grad=  1.4726e-03
  satBias=     0.30252 grad= -7.4427e-02
  satA2=     0.79682 grad=  1.2602e-02
  satA3=    -0.39068 grad=  3.6294e-02
  satA5=    -0.10595 grad= -6.6035e-02
  filtSat=     1.27475 grad= -1.0159e-02
epoch=290 loss=3.779240
  shape=     0.33658 grad=  2.6313e+00
  pw=     0.63803 grad= -2.2127e+01
  fBase=    30.00000 grad=  3.9282e-02
  fAmt=  1248.28748 grad=  1.1225e-01
  fDecay=     0.10810 grad=  5.7562e-02
  res=     6.00000 grad= -1.2264e-02
  attackTime=     0.00100 grad=  2.3998e-02
  decayTime=     0.21035 grad= -1.0647e-03
  sustain=     0.86560 grad=  9.2145e-03
  releaseTime=     0.01677 grad=  4.1428e-04
  drive=     2.13883 grad= -1.9984e-02
  outGain=     1.56322 grad=  6.8742e-02
  vco2Level=     0.67657 grad= -1.3837e-01
  vco2Detune=     0.93103 grad= -1.1205e+00
  satGain=     2.62685 grad=  2.1800e-02
  satBias=     0.30541 grad= -4.0354e-02
  satA2=     0.79481 grad=  2.8126e-02
  satA3=    -0.39384 grad=  5.0290e-02
  satA5=    -0.10460 grad= -3.4108e-02
  filtSat=     1.27620 grad=  2.5423e-02
epoch=300 loss=3.776726
  shape=     0.33647 grad= -1.3703e+00
  pw=     0.63809 grad=  1.6206e+01
  fBase=    30.00000 grad=  3.1020e-02
  fAmt=  1244.41907 grad= -8.8975e-02
  fDecay=     0.10824 grad= -4.5369e-02
  res=     6.00000 grad= -1.1542e-02
  attackTime=     0.00100 grad=  2.3598e-02
  decayTime=     0.21963 grad= -1.2084e-03
  sustain=     0.86269 grad=  8.3828e-03
  releaseTime=     0.01676 grad=  1.0558e-03
  drive=     2.18944 grad= -2.9250e-02
  outGain=     1.53899 grad=  6.5446e-02
  vco2Level=     0.67671 grad= -1.7198e-02
  vco2Detune=     0.93121 grad=  3.6619e-01
  satGain=     2.61917 grad= -1.2809e-02
  satBias=     0.30833 grad= -1.0758e-01
  satA2=     0.79283 grad=  1.2250e-02
  satA3=    -0.39687 grad=  3.9321e-02
  satA5=    -0.10308 grad= -6.9531e-02
  filtSat=     1.27560 grad= -1.8733e-02
epoch=310 loss=3.774727
  shape=     0.33653 grad=  9.3552e-01
  pw=     0.63803 grad= -1.8690e+01
  fBase=    30.00000 grad=  3.9599e-02
  fAmt=  1245.19006 grad=  8.5957e-02
  fDecay=     0.10826 grad=  4.2845e-02
  res=     6.00000 grad= -1.2216e-02
  attackTime=     0.00100 grad=  2.3303e-02
  decayTime=     0.22828 grad= -9.2799e-04
  sustain=     0.85938 grad=  1.1069e-02
  releaseTime=     0.01672 grad=  2.4130e-04
  drive=     2.23696 grad= -1.8147e-02
  outGain=     1.51556 grad=  7.4250e-02
  vco2Level=     0.67680 grad= -4.3680e-02
  vco2Detune=     0.93130 grad= -5.3223e-01
  satGain=     2.61624 grad=  1.9010e-02
  satBias=     0.31079 grad= -3.2884e-02
  satA2=     0.79127 grad=  2.1475e-02
  satA3=    -0.39958 grad=  4.3534e-02
  satA5=    -0.10142 grad= -4.7628e-02
  filtSat=     1.27755 grad=  1.9887e-02
epoch=320 loss=3.772640
  shape=     0.33650 grad= -1.3346e+00
  pw=     0.63808 grad=  1.0947e+01
  fBase=    30.00000 grad=  3.2098e-02
  fAmt=  1242.54504 grad= -6.7260e-02
  fDecay=     0.10821 grad= -3.9547e-02
  res=     6.00000 grad= -1.1412e-02
  attackTime=     0.00100 grad=  2.3224e-02
  decayTime=     0.23655 grad= -1.1858e-03
  sustain=     0.85603 grad=  8.0371e-03
  releaseTime=     0.01670 grad=  1.4590e-04
  drive=     2.28108 grad= -2.5592e-02
  outGain=     1.49317 grad=  6.6347e-02
  vco2Level=     0.67729 grad=  4.2051e-02
  vco2Detune=     0.93122 grad=  3.3493e-01
  satGain=     2.61340 grad= -2.1440e-02
  satBias=     0.31278 grad= -8.9850e-02
  satA2=     0.79003 grad=  1.0601e-02
  satA3=    -0.40197 grad=  4.1426e-02
  satA5=    -0.09966 grad= -5.2493e-02
  filtSat=     1.27691 grad= -1.5621e-02
epoch=330 loss=3.771108
  shape=     0.33660 grad=  2.0133e+00
  pw=     0.63803 grad= -1.8175e+01
  fBase=    30.00000 grad=  4.0115e-02
  fAmt=  1240.77393 grad=  9.1951e-02
  fDecay=     0.10835 grad=  4.7131e-02
  res=     6.00000 grad= -1.1901e-02
  attackTime=     0.00100 grad=  2.2667e-02
  decayTime=     0.24501 grad= -8.9797e-04
  sustain=     0.85301 grad=  1.0810e-02
  releaseTime=     0.01670 grad=  3.2537e-04
  drive=     2.32410 grad= -1.4867e-02
  outGain=     1.47247 grad=  7.4326e-02
  vco2Level=     0.67701 grad= -6.5949e-02
  vco2Detune=     0.93125 grad= -6.8238e-01
  satGain=     2.61679 grad=  1.9088e-02
  satBias=     0.31453 grad= -1.5733e-02
  satA2=     0.78903 grad=  1.5219e-02
  satA3=    -0.40419 grad=  3.6454e-02
  satA5=    -0.09801 grad= -5.7429e-02
  filtSat=     1.27692 grad=  1.8756e-02
epoch=340 loss=3.769328
  shape=     0.33657 grad= -2.2746e-01
  pw=     0.63808 grad=  1.1559e+01
  fBase=    30.00000 grad=  3.3022e-02
  fAmt=  1237.55872 grad= -6.1003e-02
  fDecay=     0.10836 grad= -3.1927e-02
  res=     6.00000 grad= -1.1092e-02
  attackTime=     0.00100 grad=  2.2695e-02
  decayTime=     0.25295 grad= -1.0864e-03
  sustain=     0.84996 grad=  8.7800e-03
  releaseTime=     0.01668 grad=  3.7864e-04
  drive=     2.36194 grad= -2.1547e-02
  outGain=     1.45289 grad=  6.7123e-02
  vco2Level=     0.67728 grad=  6.6444e-03
  vco2Detune=     0.93127 grad=  5.3357e-01
  satGain=     2.61801 grad= -1.5731e-02
  satBias=     0.31595 grad= -7.3967e-02
  satA2=     0.78823 grad=  6.0962e-03
  satA3=    -0.40615 grad=  3.4422e-02
  satA5=    -0.09626 grad= -6.7490e-02
  filtSat=     1.27663 grad= -1.5969e-02
epoch=350 loss=3.767971
  shape=     0.33653 grad= -2.9894e-01
  pw=     0.63804 grad= -1.4300e+01
  fBase=    30.00000 grad=  3.8439e-02
  fAmt=  1236.89026 grad=  5.4981e-02
  fDecay=     0.10845 grad=  2.2969e-02
  res=     6.00000 grad= -1.1575e-02
  attackTime=     0.00100 grad=  2.2428e-02
  decayTime=     0.26055 grad= -8.5963e-04
  sustain=     0.84702 grad=  1.0669e-02
  releaseTime=     0.01668 grad= -2.5651e-04
  drive=     2.39652 grad= -1.3651e-02
  outGain=     1.43476 grad=  7.2520e-02
  vco2Level=     0.67727 grad= -2.1342e-02
  vco2Detune=     0.93128 grad= -5.6632e-01
  satGain=     2.61957 grad=  1.1384e-02
  satBias=     0.31718 grad= -1.6034e-02
  satA2=     0.78759 grad=  1.3083e-02
  satA3=    -0.40791 grad=  3.5928e-02
  satA5=    -0.09448 grad= -5.2895e-02
  filtSat=     1.27831 grad=  1.4838e-02
epoch=360 loss=3.766558
  shape=     0.33655 grad= -8.6525e-01
  pw=     0.63808 grad=  8.5846e+00
  fBase=    30.00000 grad=  3.3285e-02
  fAmt=  1235.41077 grad= -5.7464e-02
  fDecay=     0.10847 grad= -3.1613e-02
  res=     6.00000 grad= -1.1167e-02
  attackTime=     0.00100 grad=  2.2261e-02
  decayTime=     0.26763 grad= -1.0234e-03
  sustain=     0.84412 grad=  8.9672e-03
  releaseTime=     0.01668 grad= -1.2878e-05
  drive=     2.42746 grad= -1.9900e-02
  outGain=     1.41782 grad=  6.8277e-02
  vco2Level=     0.67740 grad=  2.4399e-02
  vco2Detune=     0.93135 grad=  4.8147e-01
  satGain=     2.62255 grad= -1.7568e-02
  satBias=     0.31823 grad= -6.6207e-02
  satA2=     0.78700 grad=  7.0432e-03
  satA3=    -0.40959 grad=  3.6201e-02
  satA5=    -0.09288 grad= -5.8343e-02
  filtSat=     1.27812 grad= -1.2755e-02
epoch=370 loss=3.765414
  shape=     0.33658 grad=  6.9150e-01
  pw=     0.63804 grad= -1.3276e+01
  fBase=    30.00000 grad=  3.8404e-02
  fAmt=  1234.64697 grad=  5.3419e-02
  fDecay=     0.10855 grad=  2.1884e-02
  res=     6.00000 grad= -1.1642e-02
  attackTime=     0.00100 grad=  2.2400e-02
  decayTime=     0.27453 grad= -9.1472e-04
  sustain=     0.84142 grad=  9.7787e-03
  releaseTime=     0.01668 grad=  1.3200e-04
  drive=     2.45710 grad= -1.4689e-02
  outGain=     1.40216 grad=  7.1508e-02
  vco2Level=     0.67739 grad= -2.0679e-02
  vco2Detune=     0.93133 grad= -4.3396e-01
  satGain=     2.62634 grad=  1.0694e-02
  satBias=     0.31918 grad= -1.1625e-02
  satA2=     0.78648 grad=  9.5616e-03
  satA3=    -0.41116 grad=  3.1611e-02
  satA5=    -0.09136 grad= -6.1218e-02
  filtSat=     1.27726 grad=  1.3915e-02
epoch=380 loss=3.764148
  shape=     0.33656 grad= -7.3875e-01
  pw=     0.63808 grad=  6.3830e+00
  fBase=    30.00000 grad=  3.4585e-02
  fAmt=  1233.74634 grad= -4.8187e-02
  fDecay=     0.10861 grad= -2.1916e-02
  res=     6.00000 grad= -1.1213e-02
  attackTime=     0.00100 grad=  2.2160e-02
  decayTime=     0.28110 grad= -9.0996e-04
  sustain=     0.83885 grad=  9.7695e-03
  releaseTime=     0.01668 grad=  5.5764e-05
  drive=     2.48484 grad= -1.7921e-02
  outGain=     1.38759 grad=  6.9511e-02
  vco2Level=     0.67742 grad=  9.2339e-03
  vco2Detune=     0.93138 grad=  3.8403e-01
  satGain=     2.63014 grad= -1.8648e-02
  satBias=     0.31998 grad= -5.8347e-02
  satA2=     0.78603 grad=  6.8168e-03
  satA3=    -0.41261 grad=  3.6641e-02
  satA5=    -0.08989 grad= -5.4406e-02
  filtSat=     1.27519 grad= -1.1044e-02
epoch=390 loss=3.763185
  shape=     0.33660 grad=  1.0383e+00
  pw=     0.63804 grad= -1.3702e+01
  fBase=    30.00000 grad=  3.8744e-02
  fAmt=  1233.55090 grad=  5.2625e-02
  fDecay=     0.10862 grad=  2.3842e-02
  res=     6.00000 grad= -1.1604e-02
  attackTime=     0.00100 grad=  2.2276e-02
  decayTime=     0.28721 grad= -8.8182e-04
  sustain=     0.83638 grad=  9.6612e-03
  releaseTime=     0.01667 grad=  6.0474e-05
  drive=     2.51085 grad= -1.4723e-02
  outGain=     1.37409 grad=  7.1094e-02
  vco2Level=     0.67742 grad= -1.2636e-02
  vco2Detune=     0.93138 grad= -3.5583e-01
  satGain=     2.63574 grad=  9.7439e-03
  satBias=     0.32073 grad= -9.4095e-03
  satA2=     0.78561 grad=  7.1962e-03
  satA3=    -0.41400 grad=  2.8964e-02
  satA5=    -0.08855 grad= -6.7800e-02
  filtSat=     1.27393 grad=  1.2371e-02
epoch=400 loss=3.762036
  shape=     0.33657 grad= -8.9101e-01
  pw=     0.63807 grad=  4.7147e+00
  fBase=    30.00000 grad=  3.4696e-02
  fAmt=  1232.61768 grad= -4.1379e-02
  fDecay=     0.10863 grad= -2.4301e-02
  res=     6.00000 grad= -1.1235e-02
  attackTime=     0.00100 grad=  2.2009e-02
  decayTime=     0.29302 grad= -9.4143e-04
  sustain=     0.83407 grad=  9.1171e-03
  releaseTime=     0.01667 grad=  2.6763e-04
  drive=     2.53538 grad= -1.7780e-02
  outGain=     1.36165 grad=  6.9206e-02
  vco2Level=     0.67754 grad=  2.2104e-02
  vco2Detune=     0.93140 grad=  3.5222e-01
  satGain=     2.64200 grad= -1.9691e-02
  satBias=     0.32141 grad= -5.4190e-02
  satA2=     0.78523 grad=  6.3227e-03
  satA3=    -0.41530 grad=  3.6593e-02
  satA5=    -0.08729 grad= -5.3474e-02
  filtSat=     1.27231 grad= -9.8797e-03
epoch=410 loss=3.761235
  shape=     0.33661 grad=  5.2311e-01
  pw=     0.63804 grad= -1.3803e+01
  fBase=    30.00000 grad=  3.8604e-02
  fAmt=  1231.53101 grad=  4.3266e-02
  fDecay=     0.10867 grad=  1.8017e-02
  res=     6.00000 grad= -1.1428e-02
  attackTime=     0.00100 grad=  2.1857e-02
  decayTime=     0.29857 grad= -8.7740e-04
  sustain=     0.83195 grad=  9.3517e-03
  releaseTime=     0.01667 grad=  2.2751e-04
  drive=     2.55840 grad= -1.4090e-02
  outGain=     1.35025 grad=  7.0487e-02
  vco2Level=     0.67755 grad= -7.5505e-03
  vco2Detune=     0.93137 grad= -3.0920e-01
  satGain=     2.65051 grad= -8.8311e-04
  satBias=     0.32205 grad= -1.8545e-02
  satA2=     0.78486 grad=  9.6207e-03
  satA3=    -0.41658 grad=  3.5866e-02
  satA5=    -0.08619 grad= -5.1850e-02
  filtSat=     1.27135 grad=  9.1904e-03
epoch=420 loss=3.760213
  shape=     0.33661 grad= -5.4419e-01
  pw=     0.63807 grad=  1.7750e+00
  fBase=    30.00000 grad=  3.5152e-02
  fAmt=  1229.68823 grad= -3.0275e-02
  fDecay=     0.10869 grad= -2.1263e-02
  res=     6.00000 grad= -1.1074e-02
  attackTime=     0.00100 grad=  2.1762e-02
  decayTime=     0.30387 grad= -9.8422e-04
  sustain=     0.83001 grad=  8.3541e-03
  releaseTime=     0.01666 grad=  2.6257e-04
  drive=     2.57966 grad= -1.7016e-02
  outGain=     1.33988 grad=  6.7123e-02
  vco2Level=     0.67762 grad=  3.3056e-03
  vco2Detune=     0.93137 grad=  3.2216e-01
  satGain=     2.65835 grad= -1.5398e-02
  satBias=     0.32262 grad= -4.4311e-02
  satA2=     0.78454 grad=  3.7557e-03
  satA3=    -0.41775 grad=  3.2366e-02
  satA5=    -0.08510 grad= -6.4255e-02
  filtSat=     1.27064 grad= -8.2302e-03
epoch=430 loss=3.759426
  shape=     0.33660 grad= -5.7598e-01
  pw=     0.63808 grad= -1.7179e+00
  fBase=    30.00000 grad=  3.8753e-02
  fAmt=  1229.92993 grad=  4.1748e-03
  fDecay=     0.10876 grad=  1.2627e-02
  res=     6.00000 grad= -1.1129e-02
  attackTime=     0.00100 grad=  2.1529e-02
  decayTime=     0.30888 grad= -7.4042e-04
  sustain=     0.82823 grad=  1.0417e-02
  releaseTime=     0.01665 grad=  1.7838e-04
  drive=     2.59952 grad= -1.2528e-02
  outGain=     1.33053 grad=  7.1038e-02
  vco2Level=     0.67797 grad=  3.0273e-02
  vco2Detune=     0.93130 grad= -2.0984e-01
  satGain=     2.66537 grad= -3.2343e-03
  satBias=     0.32314 grad= -2.3926e-02
  satA2=     0.78434 grad=  4.3030e-03
  satA3=    -0.41874 grad=  2.9836e-02
  satA5=    -0.08394 grad= -7.1444e-02
  filtSat=     1.27307 grad= -6.3653e-04
epoch=440 loss=3.758853
  shape=     0.33669 grad=  1.5672e+00
  pw=     0.63808 grad= -8.5715e+00
  fBase=    30.00000 grad=  4.1889e-02
  fAmt=  1231.28015 grad=  8.0389e-02
  fDecay=     0.10872 grad=  5.2889e-02
  res=     6.00000 grad= -1.1302e-02
  attackTime=     0.00100 grad=  2.1674e-02
  decayTime=     0.31321 grad= -6.9878e-04
  sustain=     0.82648 grad=  1.0442e-02
  releaseTime=     0.01665 grad= -5.7726e-05
  drive=     2.61667 grad= -1.0417e-02
  outGain=     1.32192 grad=  7.1913e-02
  vco2Level=     0.67755 grad= -9.9802e-02
  vco2Detune=     0.93128 grad= -8.8317e-01
  satGain=     2.67101 grad=  1.3683e-02
  satBias=     0.32361 grad=  1.0911e-02
  satA2=     0.78422 grad= -5.6780e-04
  satA3=    -0.41959 grad=  1.9558e-02
  satA5=    -0.08271 grad= -9.3487e-02
  filtSat=     1.27830 grad=  1.0608e-02
epoch=450 loss=3.758244
  shape=     0.33666 grad= -6.2295e-01
  pw=     0.63812 grad=  1.5512e+01
  fBase=    30.00000 grad=  3.2209e-02
  fAmt=  1229.77380 grad= -6.3821e-02
  fDecay=     0.10854 grad= -4.0056e-02
  res=     6.00000 grad= -1.0758e-02
  attackTime=     0.00100 grad=  2.1477e-02
  decayTime=     0.31715 grad= -1.1140e-03
  sustain=     0.82486 grad=  6.4919e-03
  releaseTime=     0.01665 grad= -2.9604e-04
  drive=     2.63220 grad= -2.0893e-02
  outGain=     1.31408 grad=  6.2933e-02
  vco2Level=     0.67797 grad=  1.7729e-02
  vco2Detune=     0.93148 grad=  7.7069e-01
  satGain=     2.67311 grad= -2.4167e-02
  satBias=     0.32394 grad= -6.0325e-02
  satA2=     0.78419 grad= -3.8874e-03
  satA3=    -0.42026 grad=  2.4205e-02
  satA5=    -0.08141 grad= -8.6394e-02
  filtSat=     1.28160 grad= -2.1503e-02
epoch=460 loss=3.757389
  shape=     0.33671 grad= -6.2209e-01
  pw=     0.63808 grad= -5.3552e+00
  fBase=    30.00000 grad=  3.5645e-02
  fAmt=  1227.63708 grad=  2.6790e-02
  fDecay=     0.10848 grad= -1.1786e-03
  res=     6.00000 grad= -1.0820e-02
  attackTime=     0.00100 grad=  2.1410e-02
  decayTime=     0.32138 grad= -1.2156e-03
  sustain=     0.82358 grad=  5.5449e-03
  releaseTime=     0.01665 grad= -2.1190e-05
  drive=     2.64907 grad= -2.1400e-02
  outGain=     1.30728 grad=  6.0179e-02
  vco2Level=     0.67862 grad=  8.3507e-02
  vco2Detune=     0.93140 grad=  1.1850e-01
  satGain=     2.67811 grad= -1.3071e-02
  satBias=     0.32429 grad= -3.4239e-02
  satA2=     0.78420 grad=  9.6495e-04
  satA3=    -0.42086 grad=  2.6745e-02
  satA5=    -0.08024 grad= -6.9125e-02
  filtSat=     1.28605 grad= -2.4984e-03
epoch=470 loss=3.756694
  shape=     0.33677 grad= -1.3303e-01
  pw=     0.63809 grad= -3.4306e+00
  fBase=    30.00000 grad=  3.8604e-02
  fAmt=  1224.83057 grad=  5.1445e-02
  fDecay=     0.10849 grad=  2.5683e-02
  res=     6.00000 grad= -1.1167e-02
  attackTime=     0.00100 grad=  2.1327e-02
  decayTime=     0.32592 grad= -1.1533e-03
  sustain=     0.82263 grad=  6.0727e-03
  releaseTime=     0.01665 grad= -1.8049e-04
  drive=     2.66795 grad= -2.2284e-02
  outGain=     1.30148 grad=  5.9881e-02
  vco2Level=     0.67828 grad= -8.1631e-02
  vco2Detune=     0.93126 grad= -7.2856e-01
  satGain=     2.68676 grad= -3.3228e-03
  satBias=     0.32469 grad= -1.0773e-02
  satA2=     0.78425 grad= -4.8799e-03
  satA3=    -0.42141 grad=  1.7859e-02
  satA5=    -0.07920 grad= -9.2079e-02
  filtSat=     1.29262 grad=  3.9992e-03
epoch=480 loss=3.755991
  shape=     0.33681 grad= -2.4303e-01
  pw=     0.63810 grad= -3.3127e+00
  fBase=    30.00000 grad=  3.8486e-02
  fAmt=  1222.19958 grad=  4.2561e-02
  fDecay=     0.10844 grad=  2.0621e-02
  res=     6.00000 grad= -1.1065e-02
  attackTime=     0.00100 grad=  2.1162e-02
  decayTime=     0.33028 grad= -1.1346e-03
  sustain=     0.82182 grad=  6.1535e-03
  releaseTime=     0.01665 grad= -2.0769e-04
  drive=     2.68728 grad= -2.2816e-02
  outGain=     1.29642 grad=  5.9985e-02
  vco2Level=     0.67875 grad=  1.7649e-02
  vco2Detune=     0.93138 grad= -4.3455e-02
  satGain=     2.69550 grad= -2.4786e-03
  satBias=     0.32507 grad= -2.0823e-02
  satA2=     0.78436 grad= -3.1112e-03
  satA3=    -0.42186 grad=  1.8612e-02
  satA5=    -0.07817 grad= -9.5458e-02
  filtSat=     1.29964 grad=  1.4329e-03
epoch=490 loss=3.755401
  shape=     0.33687 grad=  1.0450e+00
  pw=     0.63809 grad= -2.9005e+00
  fBase=    30.00000 grad=  3.6587e-02
  fAmt=  1218.59216 grad=  1.8377e-02
  fDecay=     0.10835 grad= -4.3001e-04
  res=     6.00000 grad= -1.1062e-02
  attackTime=     0.00100 grad=  2.1227e-02
  decayTime=     0.33432 grad= -1.2391e-03
  sustain=     0.82111 grad=  5.1845e-03
  releaseTime=     0.01665 grad= -2.4307e-04
  drive=     2.70599 grad= -2.6349e-02
  outGain=     1.29193 grad=  5.6393e-02
  vco2Level=     0.67868 grad= -1.8865e-02
  vco2Detune=     0.93136 grad= -6.1816e-02
  satGain=     2.70111 grad= -8.2956e-03
  satBias=     0.32538 grad= -3.0234e-02
  satA2=     0.78446 grad= -3.9800e-03
  satA3=    -0.42223 grad=  1.8972e-02
  satA5=    -0.07717 grad= -9.5183e-02
  filtSat=     1.30372 grad= -1.5554e-03
epoch=500 loss=3.755013
  shape=     0.33685 grad= -2.7463e-01
  pw=     0.63812 grad=  1.1156e+01
  fBase=    30.00000 grad=  3.6907e-02
  fAmt=  1217.74329 grad= -3.5401e-02
  fDecay=     0.10837 grad= -1.1535e-02
  res=     6.00000 grad= -1.0873e-02
  attackTime=     0.00100 grad=  2.1254e-02
  decayTime=     0.33803 grad= -1.0200e-03
  sustain=     0.82047 grad=  7.2020e-03
  releaseTime=     0.01666 grad=  6.4626e-04
  drive=     2.72399 grad= -2.3372e-02
  outGain=     1.28799 grad=  6.0263e-02
  vco2Level=     0.67903 grad=  3.5869e-02
  vco2Detune=     0.93136 grad=  3.3472e-01
  satGain=     2.70658 grad= -1.8626e-02
  satBias=     0.32569 grad= -5.3883e-02
  satA2=     0.78456 grad= -3.1773e-03
  satA3=    -0.42256 grad=  2.2953e-02
  satA5=    -0.07625 grad= -9.4931e-02
  filtSat=     1.30772 grad= -1.5190e-02
epoch=510 loss=3.754479
  shape=     0.33686 grad=  2.3230e-01
  pw=     0.63810 grad= -2.6122e+00
  fBase=    30.00000 grad=  3.9785e-02
  fAmt=  1217.15479 grad=  2.6393e-02
  fDecay=     0.10832 grad=  1.7718e-02
  res=     6.00000 grad= -1.1097e-02
  attackTime=     0.00100 grad=  2.1130e-02
  decayTime=     0.34103 grad= -8.6567e-04
  sustain=     0.81979 grad=  8.2151e-03
  releaseTime=     0.01665 grad=  2.7027e-04
  drive=     2.73909 grad= -1.9101e-02
  outGain=     1.28434 grad=  6.2934e-02
  vco2Level=     0.67886 grad= -2.4783e-02
  vco2Detune=     0.93137 grad= -1.4420e-01
  satGain=     2.71048 grad= -1.1966e-03
  satBias=     0.32596 grad= -2.4266e-02
  satA2=     0.78461 grad=  1.5077e-03
  satA3=    -0.42289 grad=  2.3676e-02
  satA5=    -0.07541 grad= -8.9238e-02
  filtSat=     1.31103 grad=  1.4601e-03
epoch=520 loss=3.754112
  shape=     0.33687 grad=  2.5468e-01
  pw=     0.63810 grad= -3.1875e+00
  fBase=    30.00000 grad=  3.9537e-02
  fAmt=  1216.28967 grad=  2.3986e-02
  fDecay=     0.10825 grad=  1.5053e-02
  res=     6.00000 grad= -1.1057e-02
  attackTime=     0.00100 grad=  2.1161e-02
  decayTime=     0.34350 grad= -8.8212e-04
  sustain=     0.81910 grad=  8.0034e-03
  releaseTime=     0.01665 grad=  6.7913e-04
  drive=     2.75170 grad= -1.9283e-02
  outGain=     1.28099 grad=  6.2177e-02
  vco2Level=     0.67908 grad=  7.1612e-03
  vco2Detune=     0.93136 grad= -1.3227e-01
  satGain=     2.71330 grad= -3.0948e-03
  satBias=     0.32620 grad= -2.7864e-02
  satA2=     0.78462 grad=  3.4009e-03
  satA3=    -0.42321 grad=  2.6226e-02
  satA5=    -0.07469 grad= -8.1805e-02
  filtSat=     1.31327 grad=  1.6665e-03
epoch=530 loss=3.753828
  shape=     0.33687 grad= -3.9768e-01
  pw=     0.63812 grad=  7.0979e+00
  fBase=    30.00000 grad=  3.7163e-02
  fAmt=  1215.59265 grad= -2.3694e-02
  fDecay=     0.10819 grad= -1.1749e-02
  res=     6.00000 grad= -1.0959e-02
  attackTime=     0.00100 grad=  2.1015e-02
  decayTime=     0.34567 grad= -9.3934e-04
  sustain=     0.81847 grad=  7.5052e-03
  releaseTime=     0.01665 grad=  2.6634e-04
  drive=     2.76281 grad= -2.0797e-02
  outGain=     1.27799 grad=  6.1606e-02
  vco2Level=     0.67906 grad= -2.6886e-03
  vco2Detune=     0.93136 grad=  1.7594e-01
  satGain=     2.71584 grad= -1.3572e-02
  satBias=     0.32642 grad= -4.4831e-02
  satA2=     0.78460 grad=  7.2052e-04
  satA3=    -0.42352 grad=  2.6063e-02
  satA5=    -0.07406 grad= -8.6067e-02
  filtSat=     1.31489 grad= -8.6723e-03
epoch=540 loss=3.753511
  shape=     0.33688 grad=  1.0861e-01
  pw=     0.63811 grad= -2.5055e+00
  fBase=    30.00000 grad=  3.8953e-02
  fAmt=  1215.09680 grad=  1.7581e-02
  fDecay=     0.10816 grad=  7.7591e-03
  res=     6.00000 grad= -1.0982e-02
  attackTime=     0.00100 grad=  2.0969e-02
  decayTime=     0.34760 grad= -8.5981e-04
  sustain=     0.81790 grad=  7.9926e-03
  releaseTime=     0.01664 grad=  2.5572e-04
  drive=     2.77267 grad= -1.8274e-02
  outGain=     1.27528 grad=  6.2650e-02
  vco2Level=     0.67913 grad= -6.1534e-04
  vco2Detune=     0.93136 grad= -7.5246e-02
  satGain=     2.71823 grad= -3.9437e-03
  satBias=     0.32663 grad= -2.7887e-02
  satA2=     0.78457 grad=  3.5774e-03
  satA3=    -0.42382 grad=  2.6717e-02
  satA5=    -0.07352 grad= -8.1102e-02
  filtSat=     1.31611 grad=  9.1670e-04
epoch=550 loss=3.753270
  shape=     0.33689 grad=  1.6140e-01
  pw=     0.63810 grad= -3.5880e+00
  fBase=    30.00000 grad=  3.9362e-02
  fAmt=  1214.55127 grad=  2.0756e-02
  fDecay=     0.10813 grad=  1.0236e-02
  res=     6.00000 grad= -1.1004e-02
  attackTime=     0.00100 grad=  2.0977e-02
  decayTime=     0.34931 grad= -8.2974e-04
  sustain=     0.81736 grad=  8.2173e-03
  releaseTime=     0.01664 grad=  3.8077e-04
  drive=     2.78133 grad= -1.7831e-02
  outGain=     1.27283 grad=  6.3051e-02
  vco2Level=     0.67915 grad= -1.1307e-02
  vco2Detune=     0.93135 grad= -1.1721e-01
  satGain=     2.72037 grad= -3.8034e-03
  satBias=     0.32681 grad= -2.6704e-02
  satA2=     0.78453 grad=  4.7787e-03
  satA3=    -0.42410 grad=  2.8285e-02
  satA5=    -0.07304 grad= -7.7108e-02
  filtSat=     1.31704 grad=  2.2864e-03
epoch=560 loss=3.753046
  shape=     0.33689 grad= -2.4176e-01
  pw=     0.63812 grad=  4.4164e+00
  fBase=    30.00000 grad=  3.7369e-02
  fAmt=  1214.00195 grad= -1.7941e-02
  fDecay=     0.10811 grad= -9.9726e-03
  res=     6.00000 grad= -1.0901e-02
  attackTime=     0.00100 grad=  2.0985e-02
  decayTime=     0.35084 grad= -8.6990e-04
  sustain=     0.81687 grad=  7.8476e-03
  releaseTime=     0.01664 grad=  3.8329e-04
  drive=     2.78911 grad= -1.9625e-02
  outGain=     1.27060 grad=  6.2219e-02
  vco2Level=     0.67921 grad=  6.9578e-03
  vco2Detune=     0.93136 grad=  1.6905e-01
  satGain=     2.72239 grad= -1.4338e-02
  satBias=     0.32697 grad= -4.3894e-02
  satA2=     0.78449 grad=  3.3475e-03
  satA3=    -0.42436 grad=  2.9569e-02
  satA5=    -0.07261 grad= -7.6287e-02
  filtSat=     1.31769 grad= -6.6444e-03
epoch=570 loss=3.752832
  shape=     0.33690 grad=  8.3225e-02
  pw=     0.63811 grad= -3.1631e+00
  fBase=    30.00000 grad=  3.9262e-02
  fAmt=  1213.62305 grad=  1.3231e-02
  fDecay=     0.10809 grad=  6.3454e-03
  res=     6.00000 grad= -1.0926e-02
  attackTime=     0.00100 grad=  2.0941e-02
  decayTime=     0.35224 grad= -7.9238e-04
  sustain=     0.81640 grad=  8.4347e-03
  releaseTime=     0.01664 grad=  5.6947e-04
  drive=     2.79627 grad= -1.7365e-02
  outGain=     1.26855 grad=  6.3347e-02
  vco2Level=     0.67921 grad= -3.7045e-03
  vco2Detune=     0.93136 grad= -7.1209e-02
  satGain=     2.72455 grad= -6.6020e-03
  satBias=     0.32713 grad= -3.1142e-02
  satA2=     0.78444 grad=  6.2896e-03
  satA3=    -0.42462 grad=  3.0886e-02
  satA5=    -0.07224 grad= -7.0707e-02
  filtSat=     1.31827 grad=  1.0890e-03
epoch=580 loss=3.752638
  shape=     0.33690 grad=  1.5958e-01
  pw=     0.63811 grad= -2.2140e+00
  fBase=    30.00000 grad=  3.9135e-02
  fAmt=  1213.33472 grad=  1.0683e-02
  fDecay=     0.10808 grad=  5.2237e-03
  res=     6.00000 grad= -1.0935e-02
  attackTime=     0.00100 grad=  2.0934e-02
  decayTime=     0.35352 grad= -7.6638e-04
  sustain=     0.81596 grad=  8.5777e-03
  releaseTime=     0.01663 grad=  5.6742e-04
  drive=     2.80290 grad= -1.7226e-02
  outGain=     1.26663 grad=  6.3646e-02
  vco2Level=     0.67922 grad= -3.0261e-03
  vco2Detune=     0.93136 grad= -8.8402e-02
  satGain=     2.72660 grad= -6.3275e-03
  satBias=     0.32728 grad= -3.0775e-02
  satA2=     0.78439 grad=  5.4130e-03
  satA3=    -0.42487 grad=  2.9716e-02
  satA5=    -0.07189 grad= -7.4620e-02
  filtSat=     1.31878 grad=  2.8201e-04
epoch=590 loss=3.752462
  shape=     0.33690 grad= -1.8387e-01
  pw=     0.63812 grad=  4.9576e+00
  fBase=    30.00000 grad=  3.7994e-02
  fAmt=  1213.24146 grad= -1.5515e-02
  fDecay=     0.10808 grad= -6.1222e-03
  res=     6.00000 grad= -1.0874e-02
  attackTime=     0.00100 grad=  2.0755e-02
  decayTime=     0.35472 grad= -7.6879e-04
  sustain=     0.81552 grad=  8.4970e-03
  releaseTime=     0.01663 grad=  5.7482e-04
  drive=     2.80918 grad= -1.7817e-02
  outGain=     1.26478 grad=  6.4197e-02
  vco2Level=     0.67925 grad=  2.6001e-03
  vco2Detune=     0.93136 grad=  9.8504e-02
  satGain=     2.72856 grad= -9.8576e-03
  satBias=     0.32742 grad= -3.9836e-02
  satA2=     0.78434 grad=  3.1365e-03
  satA3=    -0.42511 grad=  2.7767e-02
  satA5=    -0.07155 grad= -8.4214e-02
  filtSat=     1.31946 grad= -6.0998e-03
epoch=599 loss=3.752300
  shape=     0.33691 grad=  2.0075e-01
  pw=     0.63811 grad= -3.9335e+00
  fBase=    30.00000 grad=  3.9838e-02
  fAmt=  1213.17432 grad=  2.1237e-02
  fDecay=     0.10807 grad=  1.1411e-02
  res=     6.00000 grad= -1.0922e-02
  attackTime=     0.00100 grad=  2.0762e-02
  decayTime=     0.35574 grad= -6.9704e-04
  sustain=     0.81512 grad=  9.0124e-03
  releaseTime=     0.01663 grad=  5.6529e-04
  drive=     2.81458 grad= -1.5412e-02
  outGain=     1.26315 grad=  6.5049e-02
  vco2Level=     0.67926 grad= -2.6730e-03
  vco2Detune=     0.93137 grad= -1.2225e-01
  satGain=     2.73022 grad= -3.1598e-03
  satBias=     0.32755 grad= -2.7018e-02
  satA2=     0.78429 grad=  7.2889e-03
  satA3=    -0.42532 grad=  3.0981e-02
  satA5=    -0.07125 grad= -7.1900e-02
  filtSat=     1.32009 grad=  2.6833e-03
